Archive member included to satisfy reference by file (symbol)

c:/program files (x86)/gnu tools arm embedded/6 2017-q1-update/bin/../lib/gcc/arm-none-eabi/6.3.1/../../../../arm-none-eabi/lib/thumb/v7e-m/fpv4-sp/hard\libm.a(lib_a-sf_cos.o)
                              ..\obj\encoder.o (cosf)
c:/program files (x86)/gnu tools arm embedded/6 2017-q1-update/bin/../lib/gcc/arm-none-eabi/6.3.1/../../../../arm-none-eabi/lib/thumb/v7e-m/fpv4-sp/hard\libm.a(lib_a-sf_sin.o)
                              ..\obj\encoder.o (sinf)
c:/program files (x86)/gnu tools arm embedded/6 2017-q1-update/bin/../lib/gcc/arm-none-eabi/6.3.1/../../../../arm-none-eabi/lib/thumb/v7e-m/fpv4-sp/hard\libm.a(lib_a-ef_rem_pio2.o)
                              c:/program files (x86)/gnu tools arm embedded/6 2017-q1-update/bin/../lib/gcc/arm-none-eabi/6.3.1/../../../../arm-none-eabi/lib/thumb/v7e-m/fpv4-sp/hard\libm.a(lib_a-sf_cos.o) (__ieee754_rem_pio2f)
c:/program files (x86)/gnu tools arm embedded/6 2017-q1-update/bin/../lib/gcc/arm-none-eabi/6.3.1/../../../../arm-none-eabi/lib/thumb/v7e-m/fpv4-sp/hard\libm.a(lib_a-kf_cos.o)
                              c:/program files (x86)/gnu tools arm embedded/6 2017-q1-update/bin/../lib/gcc/arm-none-eabi/6.3.1/../../../../arm-none-eabi/lib/thumb/v7e-m/fpv4-sp/hard\libm.a(lib_a-sf_cos.o) (__kernel_cosf)
c:/program files (x86)/gnu tools arm embedded/6 2017-q1-update/bin/../lib/gcc/arm-none-eabi/6.3.1/../../../../arm-none-eabi/lib/thumb/v7e-m/fpv4-sp/hard\libm.a(lib_a-kf_rem_pio2.o)
                              c:/program files (x86)/gnu tools arm embedded/6 2017-q1-update/bin/../lib/gcc/arm-none-eabi/6.3.1/../../../../arm-none-eabi/lib/thumb/v7e-m/fpv4-sp/hard\libm.a(lib_a-ef_rem_pio2.o) (__kernel_rem_pio2f)
c:/program files (x86)/gnu tools arm embedded/6 2017-q1-update/bin/../lib/gcc/arm-none-eabi/6.3.1/../../../../arm-none-eabi/lib/thumb/v7e-m/fpv4-sp/hard\libm.a(lib_a-kf_sin.o)
                              c:/program files (x86)/gnu tools arm embedded/6 2017-q1-update/bin/../lib/gcc/arm-none-eabi/6.3.1/../../../../arm-none-eabi/lib/thumb/v7e-m/fpv4-sp/hard\libm.a(lib_a-sf_cos.o) (__kernel_sinf)
c:/program files (x86)/gnu tools arm embedded/6 2017-q1-update/bin/../lib/gcc/arm-none-eabi/6.3.1/../../../../arm-none-eabi/lib/thumb/v7e-m/fpv4-sp/hard\libm.a(lib_a-sf_fabs.o)
                              c:/program files (x86)/gnu tools arm embedded/6 2017-q1-update/bin/../lib/gcc/arm-none-eabi/6.3.1/../../../../arm-none-eabi/lib/thumb/v7e-m/fpv4-sp/hard\libm.a(lib_a-ef_rem_pio2.o) (fabsf)
c:/program files (x86)/gnu tools arm embedded/6 2017-q1-update/bin/../lib/gcc/arm-none-eabi/6.3.1/../../../../arm-none-eabi/lib/thumb/v7e-m/fpv4-sp/hard\libm.a(lib_a-sf_floor.o)
                              c:/program files (x86)/gnu tools arm embedded/6 2017-q1-update/bin/../lib/gcc/arm-none-eabi/6.3.1/../../../../arm-none-eabi/lib/thumb/v7e-m/fpv4-sp/hard\libm.a(lib_a-kf_rem_pio2.o) (floorf)
c:/program files (x86)/gnu tools arm embedded/6 2017-q1-update/bin/../lib/gcc/arm-none-eabi/6.3.1/../../../../arm-none-eabi/lib/thumb/v7e-m/fpv4-sp/hard\libm.a(lib_a-sf_scalbn.o)
                              c:/program files (x86)/gnu tools arm embedded/6 2017-q1-update/bin/../lib/gcc/arm-none-eabi/6.3.1/../../../../arm-none-eabi/lib/thumb/v7e-m/fpv4-sp/hard\libm.a(lib_a-kf_rem_pio2.o) (scalbnf)
c:/program files (x86)/gnu tools arm embedded/6 2017-q1-update/bin/../lib/gcc/arm-none-eabi/6.3.1/../../../../arm-none-eabi/lib/thumb/v7e-m/fpv4-sp/hard\libm.a(lib_a-sf_copysign.o)
                              c:/program files (x86)/gnu tools arm embedded/6 2017-q1-update/bin/../lib/gcc/arm-none-eabi/6.3.1/../../../../arm-none-eabi/lib/thumb/v7e-m/fpv4-sp/hard\libm.a(lib_a-sf_scalbn.o) (copysignf)
c:/program files (x86)/gnu tools arm embedded/6 2017-q1-update/bin/../lib/gcc/arm-none-eabi/6.3.1/../../../../arm-none-eabi/lib/thumb/v7e-m/fpv4-sp/hard\libc.a(lib_a-exit.o)
                              c:/program files (x86)/gnu tools arm embedded/6 2017-q1-update/bin/../lib/gcc/arm-none-eabi/6.3.1/../../../../arm-none-eabi/lib/thumb/v7e-m/fpv4-sp/hard/crt0.o (exit)
c:/program files (x86)/gnu tools arm embedded/6 2017-q1-update/bin/../lib/gcc/arm-none-eabi/6.3.1/../../../../arm-none-eabi/lib/thumb/v7e-m/fpv4-sp/hard\libc.a(lib_a-impure.o)
                              c:/program files (x86)/gnu tools arm embedded/6 2017-q1-update/bin/../lib/gcc/arm-none-eabi/6.3.1/../../../../arm-none-eabi/lib/thumb/v7e-m/fpv4-sp/hard\libc.a(lib_a-exit.o) (_global_impure_ptr)
c:/program files (x86)/gnu tools arm embedded/6 2017-q1-update/bin/../lib/gcc/arm-none-eabi/6.3.1/../../../../arm-none-eabi/lib/thumb/v7e-m/fpv4-sp/hard\libc.a(lib_a-init.o)
                              c:/program files (x86)/gnu tools arm embedded/6 2017-q1-update/bin/../lib/gcc/arm-none-eabi/6.3.1/../../../../arm-none-eabi/lib/thumb/v7e-m/fpv4-sp/hard/crt0.o (__libc_init_array)
[...]
Memory Configuration

Name             Origin             Length             Attributes
rom              0x08000000         0x00100000         xr
ram              0x20000000         0x00020000         xrw
ram1             0x10000000         0x00010000         xrw
*default*        0x00000000         0xffffffff

Linker script and memory map

LOAD c:/program files (x86)/gnu tools arm embedded/6 2017-q1-update/bin/../lib/gcc/arm-none-eabi/6.3.1/thumb/v7e-m/fpv4-sp/hard/crti.o
LOAD c:/program files (x86)/gnu tools arm embedded/6 2017-q1-update/bin/../lib/gcc/arm-none-eabi/6.3.1/thumb/v7e-m/fpv4-sp/hard/crtbegin.o
LOAD c:/program files (x86)/gnu tools arm embedded/6 2017-q1-update/bin/../lib/gcc/arm-none-eabi/6.3.1/../../../../arm-none-eabi/lib/thumb/v7e-m/fpv4-sp/hard/crt0.o
                0x20020000                _eram = 0x20020000

.text           0x08000000     0x4b30
 *(.isr_vector)
 .isr_vector    0x08000000      0x188 ..\obj\startup_stm32f4xx.o
                0x08000000                g_pfnVectors
 *(.text*)
 .text          0x08000188       0x6c c:/program files (x86)/gnu tools arm embedded/6 2017-q1-update/bin/../lib/gcc/arm-none-eabi/6.3.1/thumb/v7e-m/fpv4-sp/hard/crtbegin.o
 .text.SYSCFG_EXTILineConfig
                0x080001f4       0x2a ..\obj\stm32f4xx_syscfg.o
                0x080001f4                SYSCFG_EXTILineConfig
 *fill*         0x0800021e        0x2 
 .text.eMBInit  0x08000220       0xdc ..\obj\mb.o
                0x08000220                eMBInit
 .text.eMBEnable
                0x080002fc       0x24 ..\obj\mb.o
                0x080002fc                eMBEnable
 .text.eMBPoll  0x08000320       0xd4 ..\obj\mb.o
                0x08000320                eMBPoll
 .text.eMBFuncReadDiscreteInputs
                0x080003f4       0x6a ..\obj\mbfuncdisc.o
                0x080003f4                eMBFuncReadDiscreteInputs
 *fill*         0x0800045e        0x2 
 .text.xMBPortEventInit
                0x08000460       0x10 ..\obj\portevent.o
                0x08000460                xMBPortEventInit
 .text.xMBPortEventPost
                0x08000470       0x10 ..\obj\portevent.o
                0x08000470                xMBPortEventPost
 .text.xMBPortEventGet
                0x08000480       0x18 ..\obj\portevent.o
                0x08000480                xMBPortEventGet
 .text.eMBFuncReportSlaveID
                0x08000498       0x1c ..\obj\mbfuncother.o
                0x08000498                eMBFuncReportSlaveID
 .text.USART_DeInit
                0x080004b4       0xb0 ..\obj\stm32f4xx_usart.o
                0x080004b4                USART_DeInit
 .text.USART_Init
                0x08000564       0xb4 ..\obj\stm32f4xx_usart.o
                0x08000564                USART_Init
 .text.USART_ClockInit
                0x08000618       0x20 ..\obj\stm32f4xx_usart.o
                0x08000618                USART_ClockInit
 .text.USART_ClockStructInit
                0x08000638        0xc ..\obj\stm32f4xx_usart.o
                0x08000638                USART_ClockStructInit
 .text.USART_Cmd
                0x08000644       0x18 ..\obj\stm32f4xx_usart.o
                0x08000644                USART_Cmd
 .text.USART_SendData
                0x0800065c        0x8 ..\obj\stm32f4xx_usart.o
                0x0800065c                USART_SendData
 .text.USART_ReceiveData
                0x08000664        0x8 ..\obj\stm32f4xx_usart.o
                0x08000664                USART_ReceiveData
 .text.USART_ITConfig
                0x0800066c       0x32 ..\obj\stm32f4xx_usart.o
                0x0800066c                USART_ITConfig
 .text.USART_GetITStatus
                0x0800069e       0x40 ..\obj\stm32f4xx_usart.o
                0x0800069e                USART_GetITStatus
 .text.USART_ClearITPendingBit
                0x080006de        0xe ..\obj\stm32f4xx_usart.o
                0x080006de                USART_ClearITPendingBit
 .text.prveMBError2Exception
                0x080006ec       0x10 ..\obj\mbutils.o
                0x080006ec                prveMBError2Exception
 .text.DAC_Init
                0x080006fc       0x2c ..\obj\stm32f4xx_dac.o
                0x080006fc                DAC_Init
 .text.DAC_StructInit
                0x08000728        0xc ..\obj\stm32f4xx_dac.o
                0x08000728                DAC_StructInit
 .text.DAC_Cmd  0x08000734       0x20 ..\obj\stm32f4xx_dac.o
                0x08000734                DAC_Cmd
 .text.DAC_SetDualChannelData
                0x08000754       0x18 ..\obj\stm32f4xx_dac.o
                0x08000754                DAC_SetDualChannelData
 .text.Default_Handler
                0x0800076c        0x2 ..\obj\startup_stm32f4xx.o
                0x0800076c                RTC_Alarm_IRQHandler
                0x0800076c                HASH_RNG_IRQHandler
                0x0800076c                EXTI2_IRQHandler
                0x0800076c                TIM8_CC_IRQHandler
                0x0800076c                DebugMon_Handler
                0x0800076c                TIM1_CC_IRQHandler
                0x0800076c                DMA2_Stream5_IRQHandler
                0x0800076c                HardFault_Handler
                0x0800076c                DMA1_Stream5_IRQHandler
                0x0800076c                SysTick_Handler
                0x0800076c                PVD_IRQHandler
                0x0800076c                SDIO_IRQHandler
                0x0800076c                TAMP_STAMP_IRQHandler
                0x0800076c                PendSV_Handler
                0x0800076c                NMI_Handler
                0x0800076c                CAN2_RX1_IRQHandler
                0x0800076c                EXTI3_IRQHandler
                0x0800076c                TIM8_TRG_COM_TIM14_IRQHandler
                0x0800076c                TIM1_UP_TIM10_IRQHandler
                0x0800076c                TIM8_UP_TIM13_IRQHandler
                0x0800076c                I2C3_ER_IRQHandler
                0x0800076c                EXTI0_IRQHandler
                0x0800076c                I2C2_EV_IRQHandler
                0x0800076c                DMA1_Stream2_IRQHandler
                0x0800076c                CAN1_RX0_IRQHandler
                0x0800076c                FPU_IRQHandler
                0x0800076c                OTG_HS_WKUP_IRQHandler
                0x0800076c                UsageFault_Handler
                0x0800076c                CAN2_SCE_IRQHandler
                0x0800076c                DMA2_Stream2_IRQHandler
                0x0800076c                SPI1_IRQHandler
                0x0800076c                TIM6_DAC_IRQHandler
                0x0800076c                TIM1_BRK_TIM9_IRQHandler
                0x0800076c                DCMI_IRQHandler
                0x0800076c                CAN2_RX0_IRQHandler
                0x0800076c                DMA2_Stream3_IRQHandler
                0x0800076c                USART6_IRQHandler
                0x0800076c                CRYP_IRQHandler
                0x0800076c                CAN1_RX1_IRQHandler
                0x0800076c                UART5_IRQHandler
                0x0800076c                DMA2_Stream0_IRQHandler
                0x0800076c                I2C1_EV_IRQHandler
                0x0800076c                DMA1_Stream6_IRQHandler
                0x0800076c                UART4_IRQHandler
                0x0800076c                TIM3_IRQHandler
                0x0800076c                RCC_IRQHandler
                0x0800076c                TIM8_BRK_TIM12_IRQHandler
                0x0800076c                DMA1_Stream7_IRQHandler
                0x0800076c                TIM7_IRQHandler
                0x0800076c                CAN2_TX_IRQHandler
                0x0800076c                TIM5_IRQHandler
                0x0800076c                DMA2_Stream7_IRQHandler
                0x0800076c                I2C3_EV_IRQHandler
                0x0800076c                EXTI9_5_IRQHandler
                0x0800076c                RTC_WKUP_IRQHandler
                0x0800076c                ETH_WKUP_IRQHandler
                0x0800076c                SPI2_IRQHandler
                0x0800076c                OTG_HS_EP1_IN_IRQHandler
                0x0800076c                MemManage_Handler
                0x0800076c                DMA1_Stream0_IRQHandler
                0x0800076c                CAN1_TX_IRQHandler
                0x0800076c                SVC_Handler
                0x0800076c                EXTI4_IRQHandler
                0x0800076c                FSMC_IRQHandler
                0x0800076c                ETH_IRQHandler
                0x0800076c                OTG_HS_EP1_OUT_IRQHandler
                0x0800076c                WWDG_IRQHandler
                0x0800076c                TIM2_IRQHandler
                0x0800076c                OTG_FS_WKUP_IRQHandler
                0x0800076c                TIM1_TRG_COM_TIM11_IRQHandler
                0x0800076c                OTG_HS_IRQHandler
                0x0800076c                EXTI1_IRQHandler
                0x0800076c                USART2_IRQHandler
                0x0800076c                I2C2_ER_IRQHandler
                0x0800076c                DMA2_Stream1_IRQHandler
                0x0800076c                CAN1_SCE_IRQHandler
                0x0800076c                FLASH_IRQHandler
                0x0800076c                DMA2_Stream4_IRQHandler
                0x0800076c                BusFault_Handler
                0x0800076c                USART1_IRQHandler
                0x0800076c                OTG_FS_IRQHandler
                0x0800076c                SPI3_IRQHandler
                0x0800076c                DMA1_Stream4_IRQHandler
                0x0800076c                I2C1_ER_IRQHandler
                0x0800076c                DMA2_Stream6_IRQHandler
                0x0800076c                DMA1_Stream3_IRQHandler
 *fill*         0x0800076e        0x2 
 .text.Default_Reset_Handler
                0x08000770       0x50 ..\obj\startup_stm32f4xx.o
                0x08000770                Default_Reset_Handler
                0x08000770                Reset_Handler
 .text.eMBFuncWriteHoldingRegister
                0x080007c0       0x2e ..\obj\mbfuncholding.o
                0x080007c0                eMBFuncWriteHoldingRegister
 .text.eMBFuncWriteMultipleHoldingRegister
                0x080007ee       0x4a ..\obj\mbfuncholding.o
                0x080007ee                eMBFuncWriteMultipleHoldingRegister
 .text.eMBFuncReadHoldingRegister
                0x08000838       0x58 ..\obj\mbfuncholding.o
                0x08000838                eMBFuncReadHoldingRegister
 .text.eMBFuncReadWriteMultipleHoldingRegister
                0x08000890       0x9c ..\obj\mbfuncholding.o
                0x08000890                eMBFuncReadWriteMultipleHoldingRegister
 .text.boardInit
                0x0800092c      0x108 ..\obj\main.o
                0x0800092c                boardInit
 .text.startup.main
                0x08000a34      0x158 ..\obj\main.o
                0x08000a34                main
 .text.eMBRegHoldingCB
                0x08000b8c       0x70 ..\obj\main.o
                0x08000b8c                eMBRegHoldingCB
 .text.eMBRegCoilsCB
                0x08000bfc        0x4 ..\obj\main.o
                0x08000bfc                eMBRegCoilsCB
 .text.eMBRegDiscreteCB
                0x08000c00        0x4 ..\obj\main.o
                0x08000c00                eMBRegDiscreteCB
 .text.eMBRegInputCB
                0x08000c04        0x4 ..\obj\main.o
                0x08000c04                eMBRegInputCB
 .text.usMBCRC16
                0x08000c08       0x2c ..\obj\mbcrc.o
                0x08000c08                usMBCRC16
 .text.RCC_GetClocksFreq
                0x08000c34       0x88 ..\obj\stm32f4xx_rcc.o
                0x08000c34                RCC_GetClocksFreq
 .text.RCC_AHB1PeriphClockCmd
                0x08000cbc       0x18 ..\obj\stm32f4xx_rcc.o
                0x08000cbc                RCC_AHB1PeriphClockCmd
 .text.RCC_APB1PeriphClockCmd
                0x08000cd4       0x18 ..\obj\stm32f4xx_rcc.o
                0x08000cd4                RCC_APB1PeriphClockCmd
 .text.RCC_APB2PeriphClockCmd
                0x08000cec       0x18 ..\obj\stm32f4xx_rcc.o
                0x08000cec                RCC_APB2PeriphClockCmd
 .text.RCC_APB1PeriphResetCmd
                0x08000d04       0x18 ..\obj\stm32f4xx_rcc.o
                0x08000d04                RCC_APB1PeriphResetCmd
 .text.RCC_APB2PeriphResetCmd
                0x08000d1c       0x18 ..\obj\stm32f4xx_rcc.o
                0x08000d1c                RCC_APB2PeriphResetCmd
 .text.initDAC  0x08000d34       0x5c ..\obj\foc.o
                0x08000d34                initDAC
 .text.focInit  0x08000d90      0x140 ..\obj\foc.o
                0x08000d90                focInit
 .text.mcFocSetAngle
                0x08000ed0       0x2a ..\obj\foc.o
                0x08000ed0                mcFocSetAngle
 *fill*         0x08000efa        0x2 
 .text.mcClark  0x08000efc       0x28 ..\obj\foc.o
                0x08000efc                mcClark
 .text.mcPark   0x08000f24       0x2a ..\obj\foc.o
                0x08000f24                mcPark
 .text.mcInvPark
                0x08000f4e       0x2a ..\obj\foc.o
                0x08000f4e                mcInvPark
 .text.ADC_IRQHandler
                0x08000f78      0x3b0 ..\obj\foc.o
                0x08000f78                ADC_IRQHandler
 .text.ADC_Init
                0x08001328       0x4c ..\obj\stm32f4xx_adc.o
                0x08001328                ADC_Init
 .text.ADC_StructInit
                0x08001374       0x14 ..\obj\stm32f4xx_adc.o
                0x08001374                ADC_StructInit
 .text.ADC_CommonInit
                0x08001388       0x28 ..\obj\stm32f4xx_adc.o
                0x08001388                ADC_CommonInit
 .text.ADC_CommonStructInit
                0x080013b0        0xc ..\obj\stm32f4xx_adc.o
                0x080013b0                ADC_CommonStructInit
 .text.ADC_Cmd  0x080013bc       0x12 ..\obj\stm32f4xx_adc.o
                0x080013bc                ADC_Cmd
 .text.ADC_RegularChannelConfig
                0x080013ce       0x8c ..\obj\stm32f4xx_adc.o
                0x080013ce                ADC_RegularChannelConfig
 .text.ADC_SoftwareStartConv
                0x0800145a        0xa ..\obj\stm32f4xx_adc.o
                0x0800145a                ADC_SoftwareStartConv
 .text.ADC_DMACmd
                0x08001464       0x12 ..\obj\stm32f4xx_adc.o
                0x08001464                ADC_DMACmd
 .text.ADC_DMARequestAfterLastTransferCmd
                0x08001476       0x12 ..\obj\stm32f4xx_adc.o
                0x08001476                ADC_DMARequestAfterLastTransferCmd
 .text.ADC_InjectedChannelConfig
                0x08001488       0x58 ..\obj\stm32f4xx_adc.o
                0x08001488                ADC_InjectedChannelConfig
 .text.ADC_InjectedSequencerLengthConfig
                0x080014e0       0x10 ..\obj\stm32f4xx_adc.o
                0x080014e0                ADC_InjectedSequencerLengthConfig
 .text.ADC_ExternalTrigInjectedConvConfig
                0x080014f0        0xc ..\obj\stm32f4xx_adc.o
                0x080014f0                ADC_ExternalTrigInjectedConvConfig
 .text.ADC_ExternalTrigInjectedConvEdgeConfig
                0x080014fc        0xc ..\obj\stm32f4xx_adc.o
                0x080014fc                ADC_ExternalTrigInjectedConvEdgeConfig
 .text.ADC_AutoInjectedConvCmd
                0x08001508       0x12 ..\obj\stm32f4xx_adc.o
                0x08001508                ADC_AutoInjectedConvCmd
 .text.ADC_InjectedDiscModeCmd
                0x0800151a       0x12 ..\obj\stm32f4xx_adc.o
                0x0800151a                ADC_InjectedDiscModeCmd
 .text.ADC_GetInjectedConversionValue
                0x0800152c       0x1a ..\obj\stm32f4xx_adc.o
                0x0800152c                ADC_GetInjectedConversionValue
 .text.ADC_ITConfig
                0x08001546       0x18 ..\obj\stm32f4xx_adc.o
                0x08001546                ADC_ITConfig
 .text.ADC_ClearITPendingBit
                0x0800155e        0x8 ..\obj\stm32f4xx_adc.o
                0x0800155e                ADC_ClearITPendingBit
 .text.eMBFuncReadInputRegister
                0x08001566       0x58 ..\obj\mbfuncinput.o
                0x08001566                eMBFuncReadInputRegister
 *fill*         0x080015be        0x2 
 .text.encoderInitZ
                0x080015c0       0x80 ..\obj\encoder.o
                0x080015c0                encoderInitZ
 .text.initHall
                0x08001640       0x3c ..\obj\encoder.o
                0x08001640                initHall
 .text.encoderAddOffset
                0x0800167c       0x20 ..\obj\encoder.o
                0x0800167c                encoderAddOffset
 .text.readRawHallInput
                0x0800169c       0x2c ..\obj\encoder.o
                0x0800169c                readRawHallInput
 .text.readHallMap
                0x080016c8       0x14 ..\obj\encoder.o
                0x080016c8                readHallMap
 .text.readRawUVW
                0x080016dc       0x98 ..\obj\encoder.o
                0x080016dc                readRawUVW
 .text.read360uvw
                0x08001774       0x94 ..\obj\encoder.o
                0x08001774                read360uvw
 .text.read360uvwWithOffset
                0x08001808       0x28 ..\obj\encoder.o
                0x08001808                read360uvwWithOffset
 .text.EXTI15_10_IRQHandler
                0x08001830       0x1a ..\obj\encoder.o
                0x08001830                EXTI15_10_IRQHandler
 *fill*         0x0800184a        0x2 
 .text.createSinCosTable
                0x0800184c       0x5c ..\obj\encoder.o
                0x0800184c                createSinCosTable
 .text.initEncoder
                0x080018a8      0x150 ..\obj\encoder.o
                0x080018a8                initEncoder
 .text.fSinAngle
                0x080019f8       0x10 ..\obj\encoder.o
                0x080019f8                fSinAngle
 .text.fCosAngle
                0x08001a08       0x10 ..\obj\encoder.o
                0x08001a08                fCosAngle
 .text.GPIO_Init
                0x08001a18       0x9c ..\obj\stm32f4xx_gpio.o
                0x08001a18                GPIO_Init
 .text.GPIO_StructInit
                0x08001ab4       0x12 ..\obj\stm32f4xx_gpio.o
                0x08001ab4                GPIO_StructInit
 .text.GPIO_ReadInputData
                0x08001ac6        0x6 ..\obj\stm32f4xx_gpio.o
                0x08001ac6                GPIO_ReadInputData
 .text.GPIO_SetBits
                0x08001acc        0x4 ..\obj\stm32f4xx_gpio.o
                0x08001acc                GPIO_SetBits
 .text.GPIO_ResetBits
                0x08001ad0        0x4 ..\obj\stm32f4xx_gpio.o
                0x08001ad0                GPIO_ResetBits
 .text.GPIO_ToggleBits
                0x08001ad4        0x8 ..\obj\stm32f4xx_gpio.o
                0x08001ad4                GPIO_ToggleBits
 .text.GPIO_PinAFConfig
                0x08001adc       0x24 ..\obj\stm32f4xx_gpio.o
                0x08001adc                GPIO_PinAFConfig
 .text.xMBPortTimersInit
                0x08001b00       0x78 ..\obj\porttimer.o
                0x08001b00                xMBPortTimersInit
 .text.vMBPortTimersEnable
                0x08001b78       0x1c ..\obj\porttimer.o
                0x08001b78                vMBPortTimersEnable
 .text.vMBPortTimersDisable
                0x08001b94        0xc ..\obj\porttimer.o
                0x08001b94                vMBPortTimersDisable
 .text.TIM4_IRQHandler
                0x08001ba0       0x28 ..\obj\porttimer.o
                0x08001ba0                TIM4_IRQHandler
 .text.eMBRTUInit
                0x08001bc8       0x3c ..\obj\mbrtu.o
                0x08001bc8                eMBRTUInit
 .text.eMBRTUStart
                0x08001c04       0x1c ..\obj\mbrtu.o
                0x08001c04                eMBRTUStart
 .text.eMBRTUStop
                0x08001c20       0x14 ..\obj\mbrtu.o
                0x08001c20                eMBRTUStop
 .text.eMBRTUReceive
                0x08001c34       0x48 ..\obj\mbrtu.o
                0x08001c34                eMBRTUReceive
 .text.eMBRTUSend
                0x08001c7c       0x68 ..\obj\mbrtu.o
                0x08001c7c                eMBRTUSend
 .text.xMBRTUReceiveFSM
                0x08001ce4       0x68 ..\obj\mbrtu.o
                0x08001ce4                xMBRTUReceiveFSM
 .text.xMBRTUTransmitFSM
                0x08001d4c       0x58 ..\obj\mbrtu.o
                0x08001d4c                xMBRTUTransmitFSM
 .text.xMBRTUTimerT35Expired
                0x08001da4       0x2c ..\obj\mbrtu.o
                0x08001da4                xMBRTUTimerT35Expired
 .text.SystemInit
                0x08001dd0       0xf8 ..\obj\system_stm32f4xx.o
                0x08001dd0                SystemInit
 .text.SystemCoreClockUpdate
                0x08001ec8       0x70 ..\obj\system_stm32f4xx.o
                0x08001ec8                SystemCoreClockUpdate
 .text.DMA_Init
                0x08001f38       0x54 ..\obj\stm32f4xx_dma.o
                0x08001f38                DMA_Init
 .text.DMA_StructInit
                0x08001f8c       0x22 ..\obj\stm32f4xx_dma.o
                0x08001f8c                DMA_StructInit
 .text.DMA_Cmd  0x08001fae       0x12 ..\obj\stm32f4xx_dma.o
                0x08001fae                DMA_Cmd
 .text.vMBPortSerialEnable
                0x08001fc0       0x54 ..\obj\portserial.o
                0x08001fc0                vMBPortSerialEnable
 .text.xMBPortSerialInit
                0x08002014      0x128 ..\obj\portserial.o
                0x08002014                xMBPortSerialInit
 .text.USART3_IRQHandler
                0x0800213c       0x70 ..\obj\portserial.o
                0x0800213c                USART3_IRQHandler
 .text.xMBPortSerialPutByte
                0x080021ac       0x14 ..\obj\portserial.o
                0x080021ac                xMBPortSerialPutByte
 .text.xMBPortSerialGetByte
                0x080021c0       0x14 ..\obj\portserial.o
                0x080021c0                xMBPortSerialGetByte
 .text.eMBFuncReadCoils
                0x080021d4       0x6c ..\obj\mbfunccoils.o
                0x080021d4                eMBFuncReadCoils
 .text.eMBFuncWriteCoil
                0x08002240       0x4a ..\obj\mbfunccoils.o
                0x08002240                eMBFuncWriteCoil
 .text.eMBFuncWriteMultipleCoils
                0x0800228a       0x58 ..\obj\mbfunccoils.o
                0x0800228a                eMBFuncWriteMultipleCoils
 *fill*         0x080022e2        0x2 
 .text.EXTI_Init
                0x080022e4       0x74 ..\obj\stm32f4xx_exti.o
                0x080022e4                EXTI_Init
 .text.EXTI_GetITStatus
                0x08002358       0x1c ..\obj\stm32f4xx_exti.o
                0x08002358                EXTI_GetITStatus
 .text.EXTI_ClearITPendingBit
                0x08002374        0xc ..\obj\stm32f4xx_exti.o
                0x08002374                EXTI_ClearITPendingBit
 .text.NVIC_PriorityGroupConfig
                0x08002380       0x14 ..\obj\misc.o
                0x08002380                NVIC_PriorityGroupConfig
 .text.NVIC_Init
                0x08002394       0x68 ..\obj\misc.o
                0x08002394                NVIC_Init
 .text.svpwmInitGPIO
                0x080023fc       0x94 ..\obj\svpwm.o
                0x080023fc                svpwmInitGPIO
 .text.svpwmInitTIM
                0x08002490      0x134 ..\obj\svpwm.o
                0x08002490                svpwmInitTIM
 .text.RCC_Configuration_Adc1
                0x080025c4       0x20 ..\obj\svpwm.o
                0x080025c4                RCC_Configuration_Adc1
 .text.RCC_Configuration_Adc2
                0x080025e4       0x18 ..\obj\svpwm.o
                0x080025e4                RCC_Configuration_Adc2
 .text.GPIO_Configuration_Adc1
                0x080025fc       0x60 ..\obj\svpwm.o
                0x080025fc                GPIO_Configuration_Adc1
 .text.GPIO_Configuration_Adc2
                0x0800265c       0x3c ..\obj\svpwm.o
                0x0800265c                GPIO_Configuration_Adc2
 .text.DMAInit  0x08002698       0x74 ..\obj\svpwm.o
                0x08002698                DMAInit
 .text.svpwmInitADC
                0x0800270c      0x168 ..\obj\svpwm.o
                0x0800270c                svpwmInitADC
 .text.svpwmInit
                0x08002874        0xe ..\obj\svpwm.o
                0x08002874                svpwmInit
 .text.DMA1_Stream1_IRQHandler
                0x08002882        0x2 ..\obj\svpwm.o
                0x08002882                DMA1_Stream1_IRQHandler
 .text.mcFocSVPWM2
                0x08002884      0x12c ..\obj\svpwm.o
                0x08002884                mcFocSVPWM2
 .text.eMBASCIIInit
                0x080029b0       0x34 ..\obj\mbascii.o
                0x080029b0                eMBASCIIInit
 .text.eMBASCIIStart
                0x080029e4       0x20 ..\obj\mbascii.o
                0x080029e4                eMBASCIIStart
 .text.eMBASCIIStop
                0x08002a04       0x14 ..\obj\mbascii.o
                0x08002a04                eMBASCIIStop
 .text.eMBASCIIReceive
                0x08002a18       0x5c ..\obj\mbascii.o
                0x08002a18                eMBASCIIReceive
 .text.eMBASCIISend
                0x08002a74       0x6c ..\obj\mbascii.o
                0x08002a74                eMBASCIISend
 .text.xMBASCIIReceiveFSM
                0x08002ae0       0xf4 ..\obj\mbascii.o
                0x08002ae0                xMBASCIIReceiveFSM
 .text.xMBASCIITransmitFSM
                0x08002bd4       0xbc ..\obj\mbascii.o
                0x08002bd4                xMBASCIITransmitFSM
 .text.xMBASCIITimerT1SExpired
                0x08002c90       0x1c ..\obj\mbascii.o
                0x08002c90                xMBASCIITimerT1SExpired
 .text.pidInit  0x08002cac       0x18 ..\obj\pid.o
                0x08002cac                pidInit
 .text.pidSetOutLimit
                0x08002cc4        0xa ..\obj\pid.o
                0x08002cc4                pidSetOutLimit
 .text.pidSetIntegralLimit
                0x08002cce        0xe ..\obj\pid.o
                0x08002cce                pidSetIntegralLimit
 .text.pidSetInputRange
                0x08002cdc        0xe ..\obj\pid.o
                0x08002cdc                pidSetInputRange
 *fill*         0x08002cea        0x2 
 .text.pidTask  0x08002cec       0xcc ..\obj\pid.o
                0x08002cec                pidTask
 .text.TI1_Config
                0x08002db8       0x36 ..\obj\stm32f4xx_tim.o
 .text.TI2_Config
                0x08002dee       0x3c ..\obj\stm32f4xx_tim.o
 *fill*         0x08002e2a        0x2 
 .text.TIM_DeInit
                0x08002e2c      0x16c ..\obj\stm32f4xx_tim.o
                0x08002e2c                TIM_DeInit
 .text.TIM_TimeBaseInit
                0x08002f98       0x7c ..\obj\stm32f4xx_tim.o
                0x08002f98                TIM_TimeBaseInit
 .text.TIM_TimeBaseStructInit
                0x08003014       0x12 ..\obj\stm32f4xx_tim.o
                0x08003014                TIM_TimeBaseStructInit
 .text.TIM_SetCounter
                0x08003026        0x4 ..\obj\stm32f4xx_tim.o
                0x08003026                TIM_SetCounter
 .text.TIM_ARRPreloadConfig
                0x0800302a       0x18 ..\obj\stm32f4xx_tim.o
                0x0800302a                TIM_ARRPreloadConfig
 .text.TIM_Cmd  0x08003042       0x18 ..\obj\stm32f4xx_tim.o
                0x08003042                TIM_Cmd
 *fill*         0x0800305a        0x2 
 .text.TIM_OC1Init
                0x0800305c       0x70 ..\obj\stm32f4xx_tim.o
                0x0800305c                TIM_OC1Init
 .text.TIM_OC2Init
                0x080030cc       0x80 ..\obj\stm32f4xx_tim.o
                0x080030cc                TIM_OC2Init
 .text.TIM_OC3Init
                0x0800314c       0x7c ..\obj\stm32f4xx_tim.o
                0x0800314c                TIM_OC3Init
 .text.TIM_OC4Init
                0x080031c8       0x64 ..\obj\stm32f4xx_tim.o
                0x080031c8                TIM_OC4Init
 .text.TIM_OCStructInit
                0x0800322c       0x14 ..\obj\stm32f4xx_tim.o
                0x0800322c                TIM_OCStructInit
 .text.TIM_SetCompare1
                0x08003240        0x4 ..\obj\stm32f4xx_tim.o
                0x08003240                TIM_SetCompare1
 .text.TIM_SetCompare2
                0x08003244        0x4 ..\obj\stm32f4xx_tim.o
                0x08003244                TIM_SetCompare2
 .text.TIM_SetCompare3
                0x08003248        0x4 ..\obj\stm32f4xx_tim.o
                0x08003248                TIM_SetCompare3
 .text.TIM_OC1PreloadConfig
                0x0800324c       0x10 ..\obj\stm32f4xx_tim.o
                0x0800324c                TIM_OC1PreloadConfig
 .text.TIM_OC2PreloadConfig
                0x0800325c       0x14 ..\obj\stm32f4xx_tim.o
                0x0800325c                TIM_OC2PreloadConfig
 .text.TIM_OC3PreloadConfig
                0x08003270       0x10 ..\obj\stm32f4xx_tim.o
                0x08003270                TIM_OC3PreloadConfig
 .text.TIM_OC4PreloadConfig
                0x08003280       0x14 ..\obj\stm32f4xx_tim.o
                0x08003280                TIM_OC4PreloadConfig
 .text.TIM_ICStructInit
                0x08003294       0x10 ..\obj\stm32f4xx_tim.o
                0x08003294                TIM_ICStructInit
 .text.TIM_SetIC1Prescaler
                0x080032a4       0x16 ..\obj\stm32f4xx_tim.o
                0x080032a4                TIM_SetIC1Prescaler
 .text.TIM_SetIC2Prescaler
                0x080032ba       0x1a ..\obj\stm32f4xx_tim.o
                0x080032ba                TIM_SetIC2Prescaler
 .text.TIM_SetIC3Prescaler
                0x080032d4       0x16 ..\obj\stm32f4xx_tim.o
                0x080032d4                TIM_SetIC3Prescaler
 .text.TIM_SetIC4Prescaler
                0x080032ea       0x1a ..\obj\stm32f4xx_tim.o
                0x080032ea                TIM_SetIC4Prescaler
 .text.TIM_ICInit
                0x08003304       0xae ..\obj\stm32f4xx_tim.o
                0x08003304                TIM_ICInit
 .text.TIM_BDTRConfig
                0x080033b2       0x22 ..\obj\stm32f4xx_tim.o
                0x080033b2                TIM_BDTRConfig
 .text.TIM_GetITStatus
                0x080033d4       0x16 ..\obj\stm32f4xx_tim.o
                0x080033d4                TIM_GetITStatus
 .text.TIM_ClearITPendingBit
                0x080033ea        0x8 ..\obj\stm32f4xx_tim.o
                0x080033ea                TIM_ClearITPendingBit
 .text.TIM_DMACmd
                0x080033f2       0x12 ..\obj\stm32f4xx_tim.o
                0x080033f2                TIM_DMACmd
 .text.TIM_ITConfig
                0x08003404        0x4 ..\obj\stm32f4xx_tim.o
                0x08003404                TIM_ITConfig
 .text.TIM_SelectOutputTrigger
                0x08003408       0x16 ..\obj\stm32f4xx_tim.o
                0x08003408                TIM_SelectOutputTrigger
 .text.TIM_EncoderInterfaceConfig
                0x0800341e       0x3e ..\obj\stm32f4xx_tim.o
                0x0800341e                TIM_EncoderInterfaceConfig
 .text.cosf     0x0800345c       0x90 c:/program files (x86)/gnu tools arm embedded/6 2017-q1-update/bin/../lib/gcc/arm-none-eabi/6.3.1/../../../../arm-none-eabi/lib/thumb/v7e-m/fpv4-sp/hard\libm.a(lib_a-sf_cos.o)
                0x0800345c                cosf
 .text.sinf     0x080034ec       0x94 c:/program files (x86)/gnu tools arm embedded/6 2017-q1-update/bin/../lib/gcc/arm-none-eabi/6.3.1/../../../../arm-none-eabi/lib/thumb/v7e-m/fpv4-sp/hard\libm.a(lib_a-sf_sin.o)
                0x080034ec                sinf
 .text.__ieee754_rem_pio2f
                0x08003580      0x290 c:/program files (x86)/gnu tools arm embedded/6 2017-q1-update/bin/../lib/gcc/arm-none-eabi/6.3.1/../../../../arm-none-eabi/lib/thumb/v7e-m/fpv4-sp/hard\libm.a(lib_a-ef_rem_pio2.o)
                0x08003580                __ieee754_rem_pio2f
 .text.__kernel_cosf
                0x08003810      0x104 c:/program files (x86)/gnu tools arm embedded/6 2017-q1-update/bin/../lib/gcc/arm-none-eabi/6.3.1/../../../../arm-none-eabi/lib/thumb/v7e-m/fpv4-sp/hard\libm.a(lib_a-kf_cos.o)
                0x08003810                __kernel_cosf
 .text.__kernel_rem_pio2f
                0x08003914      0x690 c:/program files (x86)/gnu tools arm embedded/6 2017-q1-update/bin/../lib/gcc/arm-none-eabi/6.3.1/../../../../arm-none-eabi/lib/thumb/v7e-m/fpv4-sp/hard\libm.a(lib_a-kf_rem_pio2.o)
                0x08003914                __kernel_rem_pio2f
 .text.__kernel_sinf
                0x08003fa4       0x90 c:/program files (x86)/gnu tools arm embedded/6 2017-q1-update/bin/../lib/gcc/arm-none-eabi/6.3.1/../../../../arm-none-eabi/lib/thumb/v7e-m/fpv4-sp/hard\libm.a(lib_a-kf_sin.o)
                0x08003fa4                __kernel_sinf
 .text.fabsf    0x08004034       0x10 c:/program files (x86)/gnu tools arm embedded/6 2017-q1-update/bin/../lib/gcc/arm-none-eabi/6.3.1/../../../../arm-none-eabi/lib/thumb/v7e-m/fpv4-sp/hard\libm.a(lib_a-sf_fabs.o)
                0x08004034                fabsf
 .text.floorf   0x08004044       0x90 c:/program files (x86)/gnu tools arm embedded/6 2017-q1-update/bin/../lib/gcc/arm-none-eabi/6.3.1/../../../../arm-none-eabi/lib/thumb/v7e-m/fpv4-sp/hard\libm.a(lib_a-sf_floor.o)
                0x08004044                floorf
 .text.scalbnf  0x080040d4       0xd0 c:/program files (x86)/gnu tools arm embedded/6 2017-q1-update/bin/../lib/gcc/arm-none-eabi/6.3.1/../../../../arm-none-eabi/lib/thumb/v7e-m/fpv4-sp/hard\libm.a(lib_a-sf_scalbn.o)
                0x080040d4                scalbnf
 .text.copysignf
                0x080041a4       0x18 c:/program files (x86)/gnu tools arm embedded/6 2017-q1-update/bin/../lib/gcc/arm-none-eabi/6.3.1/../../../../arm-none-eabi/lib/thumb/v7e-m/fpv4-sp/hard\libm.a(lib_a-sf_copysign.o)
                0x080041a4                copysignf
 .text          0x080041bc      0x134 c:/program files (x86)/gnu tools arm embedded/6 2017-q1-update/bin/../lib/gcc/arm-none-eabi/6.3.1/../../../../arm-none-eabi/lib/thumb/v7e-m/fpv4-sp/hard\libc.a(lib_a-memcpy.o)
                0x080041bc                memcpy
 .text.memset   0x080042f0       0x9c c:/program files (x86)/gnu tools arm embedded/6 2017-q1-update/bin/../lib/gcc/arm-none-eabi/6.3.1/../../../../arm-none-eabi/lib/thumb/v7e-m/fpv4-sp/hard\libc.a(lib_a-memset.o)
                0x080042f0                memset
 .text.startup.register_fini
                0x0800438c       0x14 c:/program files (x86)/gnu tools arm embedded/6 2017-q1-update/bin/../lib/gcc/arm-none-eabi/6.3.1/../../../../arm-none-eabi/lib/thumb/v7e-m/fpv4-sp/hard\libc.a(lib_a-__call_atexit.o)
 .text.atexit   0x080043a0        0xc c:/program files (x86)/gnu tools arm embedded/6 2017-q1-update/bin/../lib/gcc/arm-none-eabi/6.3.1/../../../../arm-none-eabi/lib/thumb/v7e-m/fpv4-sp/hard\libc.a(lib_a-atexit.o)
                0x080043a0                atexit
 .text.__libc_fini_array
                0x080043ac       0x34 c:/program files (x86)/gnu tools arm embedded/6 2017-q1-update/bin/../lib/gcc/arm-none-eabi/6.3.1/../../../../arm-none-eabi/lib/thumb/v7e-m/fpv4-sp/hard\libc.a(lib_a-fini.o)
                0x080043ac                __libc_fini_array
 .text.__retarget_lock_acquire_recursive
                0x080043e0        0x4 c:/program files (x86)/gnu tools arm embedded/6 2017-q1-update/bin/../lib/gcc/arm-none-eabi/6.3.1/../../../../arm-none-eabi/lib/thumb/v7e-m/fpv4-sp/hard\libc.a(lib_a-lock.o)
                0x080043e0                __retarget_lock_acquire_recursive
 .text.__retarget_lock_release_recursive
                0x080043e4        0x4 c:/program files (x86)/gnu tools arm embedded/6 2017-q1-update/bin/../lib/gcc/arm-none-eabi/6.3.1/../../../../arm-none-eabi/lib/thumb/v7e-m/fpv4-sp/hard\libc.a(lib_a-lock.o)
                0x080043e4                __retarget_lock_release_recursive
 .text.__register_exitproc
                0x080043e8       0xc4 c:/program files (x86)/gnu tools arm embedded/6 2017-q1-update/bin/../lib/gcc/arm-none-eabi/6.3.1/../../../../arm-none-eabi/lib/thumb/v7e-m/fpv4-sp/hard\libc.a(lib_a-__atexit.o)
                0x080043e8                __register_exitproc
 *(.init)
 .init          0x080044ac        0x4 c:/program files (x86)/gnu tools arm embedded/6 2017-q1-update/bin/../lib/gcc/arm-none-eabi/6.3.1/thumb/v7e-m/fpv4-sp/hard/crti.o
                0x080044ac                _init
 .init          0x080044b0        0x8 c:/program files (x86)/gnu tools arm embedded/6 2017-q1-update/bin/../lib/gcc/arm-none-eabi/6.3.1/thumb/v7e-m/fpv4-sp/hard/crtn.o
 *(.fini)
 .fini          0x080044b8        0x4 c:/program files (x86)/gnu tools arm embedded/6 2017-q1-update/bin/../lib/gcc/arm-none-eabi/6.3.1/thumb/v7e-m/fpv4-sp/hard/crti.o
                0x080044b8                _fini
 .fini          0x080044bc        0x8 c:/program files (x86)/gnu tools arm embedded/6 2017-q1-update/bin/../lib/gcc/arm-none-eabi/6.3.1/thumb/v7e-m/fpv4-sp/hard/crtn.o
 *crtbegin.o(.ctors)
 *crtbegin?.o(.ctors)
 *(EXCLUDE_FILE(*crtend.o *crtend?.o) .ctors)
 *(SORT(.ctors.*))
 *(.ctors)
 *crtbegin.o(.dtors)
 *crtbegin?.o(.dtors)
 *(EXCLUDE_FILE(*crtend.o *crtend?.o) .dtors)
 *(SORT(.dtors.*))
 *(.dtors)
 *(.rodata*)
 .rodata        0x080044c4        0x8 ..\obj\mbutils.o
 .rodata        0x080044cc      0x200 ..\obj\mbcrc.o
 .rodata        0x080046cc       0x90 ..\obj\encoder.o
 .rodata.npio2_hw
                0x0800475c       0x80 c:/program files (x86)/gnu tools arm embedded/6 2017-q1-update/bin/../lib/gcc/arm-none-eabi/6.3.1/../../../../arm-none-eabi/lib/thumb/v7e-m/fpv4-sp/hard\libm.a(lib_a-ef_rem_pio2.o)
 .rodata.two_over_pi
                0x080047dc      0x318 c:/program files (x86)/gnu tools arm embedded/6 2017-q1-update/bin/../lib/gcc/arm-none-eabi/6.3.1/../../../../arm-none-eabi/lib/thumb/v7e-m/fpv4-sp/hard\libm.a(lib_a-ef_rem_pio2.o)
 .rodata.PIo2   0x08004af4       0x2c c:/program files (x86)/gnu tools arm embedded/6 2017-q1-update/bin/../lib/gcc/arm-none-eabi/6.3.1/../../../../arm-none-eabi/lib/thumb/v7e-m/fpv4-sp/hard\libm.a(lib_a-kf_rem_pio2.o)
 .rodata.init_jk
                0x08004b20        0xc c:/program files (x86)/gnu tools arm embedded/6 2017-q1-update/bin/../lib/gcc/arm-none-eabi/6.3.1/../../../../arm-none-eabi/lib/thumb/v7e-m/fpv4-sp/hard\libm.a(lib_a-kf_rem_pio2.o)
 .rodata._global_impure_ptr
                0x08004b2c        0x4 c:/program files (x86)/gnu tools arm embedded/6 2017-q1-update/bin/../lib/gcc/arm-none-eabi/6.3.1/../../../../arm-none-eabi/lib/thumb/v7e-m/fpv4-sp/hard\libc.a(lib_a-impure.o)
                0x08004b2c                _global_impure_ptr
 *(.eh_fram e*)

.eh_frame       0x08004b30        0x0
 .eh_frame      0x08004b30        0x0 c:/program files (x86)/gnu tools arm embedded/6 2017-q1-update/bin/../lib/gcc/arm-none-eabi/6.3.1/thumb/v7e-m/fpv4-sp/hard/crtbegin.o

.glue_7         0x08004b30        0x0
 .glue_7        0x08004b30        0x0 linker stubs

.glue_7t        0x08004b30        0x0
 .glue_7t       0x08004b30        0x0 linker stubs

.vfp11_veneer   0x08004b30        0x0
 .vfp11_veneer  0x08004b30        0x0 linker stubs

.v4_bx          0x08004b30        0x0
 .v4_bx         0x08004b30        0x0 linker stubs

.iplt           0x08004b30        0x0
 .iplt          0x08004b30        0x0 c:/program files (x86)/gnu tools arm embedded/6 2017-q1-update/bin/../lib/gcc/arm-none-eabi/6.3.1/thumb/v7e-m/fpv4-sp/hard/crtbegin.o

.rel.dyn        0x08004b30        0x0
 .rel.iplt      0x08004b30        0x0 c:/program files (x86)/gnu tools arm embedded/6 2017-q1-update/bin/../lib/gcc/arm-none-eabi/6.3.1/thumb/v7e-m/fpv4-sp/hard/crtbegin.o

.ARM.extab
 *(.ARM.extab* .gnu.linkonce.armextab.*)
                0x08004b30                __exidx_start = .

.ARM.exidx
 *(.ARM.exidx* .gnu.linkonce.armexidx.*)
                0x08004b30                __exidx_end = .
                0x08004b30                __etext = .
                0x08004b30                _sidata = __etext

.data           0x20000000      0x4ec load address 0x08004b30
                0x20000000                __data_start__ = .
                0x20000000                _sdata = __data_start__
 *(vtable)
 *(.data*)
 .data          0x20000000       0x84 ..\obj\mb.o
 .data          0x20000084        0x8 ..\obj\main.o
                0x20000084                current_a_offset
                0x20000088                current_b_offset
 .data          0x2000008c       0x10 ..\obj\stm32f4xx_rcc.o
 .data          0x2000009c       0x14 ..\obj\system_stm32f4xx.o
                0x2000009c                SystemCoreClock
                0x200000a0                AHBPrescTable
 .data.impure_data
                0x200000b0      0x428 c:/program files (x86)/gnu tools arm embedded/6 2017-q1-update/bin/../lib/gcc/arm-none-eabi/6.3.1/../../../../arm-none-eabi/lib/thumb/v7e-m/fpv4-sp/hard\libc.a(lib_a-impure.o)
 .data.__atexit_recursive_mutex
                0x200004d8        0x4 c:/program files (x86)/gnu tools arm embedded/6 2017-q1-update/bin/../lib/gcc/arm-none-eabi/6.3.1/../../../../arm-none-eabi/lib/thumb/v7e-m/fpv4-sp/hard\libc.a(lib_a-__call_atexit.o)
                0x200004d8                __atexit_recursive_mutex
                0x200004dc                . = ALIGN (0x4)
                0x200004dc                PROVIDE (__preinit_array_start, .)
 *(.preinit_array)
                0x200004dc                PROVIDE (__preinit_array_end, .)
                0x200004dc                . = ALIGN (0x4)
                0x200004dc                PROVIDE (__init_array_start, .)
 *(SORT(.init_array.*))
 .init_array.00000
                0x200004dc        0x4 c:/program files (x86)/gnu tools arm embedded/6 2017-q1-update/bin/../lib/gcc/arm-none-eabi/6.3.1/../../../../arm-none-eabi/lib/thumb/v7e-m/fpv4-sp/hard\libc.a(lib_a-__call_atexit.o)
 *(.init_array)
 .init_array    0x200004e0        0x4 c:/program files (x86)/gnu tools arm embedded/6 2017-q1-update/bin/../lib/gcc/arm-none-eabi/6.3.1/thumb/v7e-m/fpv4-sp/hard/crtbegin.o
                0x200004e4                PROVIDE (__init_array_end, .)
                0x200004e4                . = ALIGN (0x4)
                0x200004e4                PROVIDE (__fini_array_start, .)
 *(SORT(.fini_array.*))
 *(.fini_array)
 .fini_array    0x200004e4        0x4 c:/program files (x86)/gnu tools arm embedded/6 2017-q1-update/bin/../lib/gcc/arm-none-eabi/6.3.1/thumb/v7e-m/fpv4-sp/hard/crtbegin.o
                0x200004e8                PROVIDE (__fini_array_end, .)
 *(.jcr*)
 .jcr           0x200004e8        0x0 c:/program files (x86)/gnu tools arm embedded/6 2017-q1-update/bin/../lib/gcc/arm-none-eabi/6.3.1/thumb/v7e-m/fpv4-sp/hard/crtbegin.o
 .jcr           0x200004e8        0x4 c:/program files (x86)/gnu tools arm embedded/6 2017-q1-update/bin/../lib/gcc/arm-none-eabi/6.3.1/thumb/v7e-m/fpv4-sp/hard/crtend.o
                0x200004ec                . = ALIGN (0x4)
                0x200004ec                __data_end__ = .
                0x200004ec                _edata = __data_end__

.igot.plt       0x200004ec        0x0 load address 0x0800501c
 .igot.plt      0x200004ec        0x0 c:/program files (x86)/gnu tools arm embedded/6 2017-q1-update/bin/../lib/gcc/arm-none-eabi/6.3.1/thumb/v7e-m/fpv4-sp/hard/crtbegin.o

.bss            0x200004ec     0x80b4 load address 0x0800501c
                0x200004ec                . = ALIGN (0x4)
                0x200004ec                __bss_start__ = .
                0x200004ec                _sbss = __bss_start__
 *(.bss*)
 .bss           0x200004ec       0x1c c:/program files (x86)/gnu tools arm embedded/6 2017-q1-update/bin/../lib/gcc/arm-none-eabi/6.3.1/thumb/v7e-m/fpv4-sp/hard/crtbegin.o
 .bss           0x20000508       0x23 ..\obj\mb.o
 .bss           0x2000052b        0x2 ..\obj\portevent.o
 *fill*         0x2000052d        0x1 
 .bss           0x2000052e       0x22 ..\obj\mbfuncother.o
 .bss           0x20000550       0x28 ..\obj\main.o
                0x20000568                main_state
                0x2000056c                sp_counter
 .bss           0x20000578       0xb0 ..\obj\foc.o
 .bss           0x20000628     0x7d10 ..\obj\encoder.o
 .bss           0x20008338        0xb ..\obj\mbrtu.o
 *fill*         0x20008343        0x1 
 .bss           0x20008344        0xd ..\obj\mbascii.o
 *(COMMON)
 *fill*         0x20008351        0x3 
 COMMON         0x20008354       0x14 ..\obj\mb.o
                0x20008354                pxMBFrameCBTransmitterEmpty
                0x20008358                pxMBPortCBTimerExpired
                0x2000835c                pxMBFrameCBByteReceived
                0x20008360                pxMBFrameCBTransmitFSMCur
                0x20008364                pxMBFrameCBReceiveFSMCur
 COMMON         0x20008368       0xc4 ..\obj\main.o
                0x20008368                stFoc
 COMMON         0x2000842c       0x4e ..\obj\foc.o
                0x2000842c                pidPos
                0x20008460                current_a
                0x20008462                ADC_values
                0x20008472                dc_voltage
                0x20008474                ai1
                0x20008476                ai0
                0x20008478                current_b
 COMMON         0x2000847a      0x100 ..\obj\mbrtu.o
                0x2000847a                ucRTUBuf
 *fill*         0x2000857a        0x2 
 COMMON         0x2000857c       0x21 c:/program files (x86)/gnu tools arm embedded/6 2017-q1-update/bin/../lib/gcc/arm-none-eabi/6.3.1/../../../../arm-none-eabi/lib/thumb/v7e-m/fpv4-sp/hard\libc.a(lib_a-lock.o)
                0x2000857c                __lock___atexit_recursive_mutex
                0x20008580                __lock___arc4random_mutex
                0x20008584                __lock___env_recursive_mutex
                0x20008588                __lock___sinit_recursive_mutex
                0x2000858c                __lock___malloc_recursive_mutex
                0x20008590                __lock___at_quick_exit_mutex
                0x20008594                __lock___dd_hash_mutex
                0x20008598                __lock___tz_mutex
                0x2000859c                __lock___sfp_recursive_mutex
                0x200085a0                . = ALIGN (0x4)
 *fill*         0x2000859d        0x3 
                0x200085a0                __bss_end__ = .
                0x200085a0                _ebss = __bss_end__

.heap           0x200085a0        0x0
                0x200085a0                __end__ = .
                0x200085a0                _end = __end__
                0x200085a0                end = __end__
 *(.heap*)
                0x200085a0                __HeapLimit = .

.co_stack       0x200085a0      0x800 load address 0x0800d0d0
                0x200085a0                . = ALIGN (0x8)
 *(.co_stack .co_stack.*)
 .co_stack      0x200085a0      0x800 ..\obj\startup_stm32f4xx.o
                0x200085a0                pulStack
                0x20020000                __StackTop = (ORIGIN (ram) + LENGTH (ram))
                0x2001f800                __StackLimit = (__StackTop - SIZEOF (.co_stack))
                0x20020000                PROVIDE (__stack, __StackTop)
                0x00000001                ASSERT ((__StackLimit >= __HeapLimit), region ram  overflowed with stack)
LOAD ..\obj\stm32f4xx_syscfg.o
LOAD ..\obj\mb.o
LOAD ..\obj\mbfuncdisc.o
LOAD ..\obj\portevent.o
LOAD ..\obj\mbfuncother.o
LOAD ..\obj\stm32f4xx_usart.o
LOAD ..\obj\stm32f4xx_can.o
LOAD ..\obj\mbutils.o
LOAD ..\obj\stm32f4xx_dac.o
LOAD ..\obj\startup_stm32f4xx.o
LOAD ..\obj\mbfuncholding.o
LOAD ..\obj\main.o
LOAD ..\obj\mbcrc.o
LOAD ..\obj\stm32f4xx_rcc.o
LOAD ..\obj\foc.o
LOAD ..\obj\stm32f4xx_adc.o
LOAD ..\obj\mbfuncinput.o
LOAD ..\obj\encoder.o
LOAD ..\obj\mbfuncdiag.o
LOAD ..\obj\stm32f4xx_gpio.o
LOAD ..\obj\porttimer.o
LOAD ..\obj\mbrtu.o
LOAD ..\obj\system_stm32f4xx.o
LOAD ..\obj\syscalls.o
LOAD ..\obj\stm32f4xx_dma.o
LOAD ..\obj\port.o
LOAD ..\obj\portserial.o
LOAD ..\obj\mbfunccoils.o
LOAD ..\obj\stm32f4xx_exti.o
LOAD ..\obj\misc.o
LOAD ..\obj\svpwm.o
LOAD ..\obj\mbtcp.o
LOAD ..\obj\mbascii.o
LOAD ..\obj\pid.o
LOAD ..\obj\stm32f4xx_tim.o
LOAD c:/program files (x86)/gnu tools arm embedded/6 2017-q1-update/bin/../lib/gcc/arm-none-eabi/6.3.1/../../../../arm-none-eabi/lib/thumb/v7e-m/fpv4-sp/hard\libm.a
LOAD c:/program files (x86)/gnu tools arm embedded/6 2017-q1-update/bin/../lib/gcc/arm-none-eabi/6.3.1/thumb/v7e-m/fpv4-sp/hard\libgcc.a
LOAD c:/program files (x86)/gnu tools arm embedded/6 2017-q1-update/bin/../lib/gcc/arm-none-eabi/6.3.1/../../../../arm-none-eabi/lib/thumb/v7e-m/fpv4-sp/hard\libc.a
START GROUP
LOAD c:/program files (x86)/gnu tools arm embedded/6 2017-q1-update/bin/../lib/gcc/arm-none-eabi/6.3.1/thumb/v7e-m/fpv4-sp/hard\libgcc.a
LOAD c:/program files (x86)/gnu tools arm embedded/6 2017-q1-update/bin/../lib/gcc/arm-none-eabi/6.3.1/../../../../arm-none-eabi/lib/thumb/v7e-m/fpv4-sp/hard\libg.a
LOAD c:/program files (x86)/gnu tools arm embedded/6 2017-q1-update/bin/../lib/gcc/arm-none-eabi/6.3.1/../../../../arm-none-eabi/lib/thumb/v7e-m/fpv4-sp/hard\libc.a
END GROUP
LOAD c:/program files (x86)/gnu tools arm embedded/6 2017-q1-update/bin/../lib/gcc/arm-none-eabi/6.3.1/thumb/v7e-m/fpv4-sp/hard/crtend.o
LOAD c:/program files (x86)/gnu tools arm embedded/6 2017-q1-update/bin/../lib/gcc/arm-none-eabi/6.3.1/thumb/v7e-m/fpv4-sp/hard/crtn.o
OUTPUT(main.elf elf32-littlearm)

.ARM.attributes
                0x00000000       0x30
 .ARM.attributes
                0x00000000       0x22 c:/program files (x86)/gnu tools arm embedded/6 2017-q1-update/bin/../lib/gcc/arm-none-eabi/6.3.1/thumb/v7e-m/fpv4-sp/hard/crti.o
 .ARM.attributes
                0x00000022       0x34 c:/program files (x86)/gnu tools arm embedded/6 2017-q1-update/bin/../lib/gcc/arm-none-eabi/6.3.1/thumb/v7e-m/fpv4-sp/hard/crtbegin.o
 .ARM.attributes
                0x00000056       0x39 ..\obj\stm32f4xx_syscfg.o
 .ARM.attributes
                0x0000008f       0x39 ..\obj\mb.o
 .ARM.attributes
                0x000000c8       0x39 ..\obj\mbfuncdisc.o
 .ARM.attributes
                0x00000101       0x39 ..\obj\portevent.o
 .ARM.attributes
                0x0000013a       0x39 ..\obj\mbfuncother.o
 .ARM.attributes
                0x00000173       0x39 ..\obj\stm32f4xx_usart.o
 .ARM.attributes
                0x000001ac       0x39 ..\obj\mbutils.o
 .ARM.attributes
                0x000001e5       0x39 ..\obj\stm32f4xx_dac.o
 .ARM.attributes
                0x0000021e       0x39 ..\obj\startup_stm32f4xx.o
 .ARM.attributes
                0x00000257       0x39 ..\obj\mbfuncholding.o
 .ARM.attributes
                0x00000290       0x39 ..\obj\main.o
 .ARM.attributes
                0x000002c9       0x39 ..\obj\mbcrc.o
 .ARM.attributes
                0x00000302       0x39 ..\obj\stm32f4xx_rcc.o
 .ARM.attributes
                0x0000033b       0x39 ..\obj\foc.o
 .ARM.attributes
                0x00000374       0x39 ..\obj\stm32f4xx_adc.o
 .ARM.attributes
                0x000003ad       0x39 ..\obj\mbfuncinput.o
 .ARM.attributes
                0x000003e6       0x39 ..\obj\encoder.o
 .ARM.attributes
                0x0000041f       0x39 ..\obj\stm32f4xx_gpio.o
 .ARM.attributes
                0x00000458       0x39 ..\obj\porttimer.o
 .ARM.attributes
                0x00000491       0x39 ..\obj\mbrtu.o
 .ARM.attributes
                0x000004ca       0x39 ..\obj\system_stm32f4xx.o
 .ARM.attributes
                0x00000503       0x39 ..\obj\stm32f4xx_dma.o
 .ARM.attributes
                0x0000053c       0x39 ..\obj\portserial.o
 .ARM.attributes
                0x00000575       0x39 ..\obj\mbfunccoils.o
 .ARM.attributes
                0x000005ae       0x39 ..\obj\stm32f4xx_exti.o
 .ARM.attributes
                0x000005e7       0x39 ..\obj\misc.o
 .ARM.attributes
                0x00000620       0x39 ..\obj\svpwm.o
 .ARM.attributes
                0x00000659       0x39 ..\obj\mbascii.o
 .ARM.attributes
                0x00000692       0x39 ..\obj\pid.o
 .ARM.attributes
                0x000006cb       0x39 ..\obj\stm32f4xx_tim.o
 .ARM.attributes
                0x00000704       0x34 c:/program files (x86)/gnu tools arm embedded/6 2017-q1-update/bin/../lib/gcc/arm-none-eabi/6.3.1/../../../../arm-none-eabi/lib/thumb/v7e-m/fpv4-sp/hard\libm.a(lib_a-sf_cos.o)
 .ARM.attributes
                0x00000738       0x34 c:/program files (x86)/gnu tools arm embedded/6 2017-q1-update/bin/../lib/gcc/arm-none-eabi/6.3.1/../../../../arm-none-eabi/lib/thumb/v7e-m/fpv4-sp/hard\libm.a(lib_a-sf_sin.o)
 .ARM.attributes
                0x0000076c       0x34 c:/program files (x86)/gnu tools arm embedded/6 2017-q1-update/bin/../lib/gcc/arm-none-eabi/6.3.1/../../../../arm-none-eabi/lib/thumb/v7e-m/fpv4-sp/hard\libm.a(lib_a-ef_rem_pio2.o)
 .ARM.attributes
                0x000007a0       0x34 c:/program files (x86)/gnu tools arm embedded/6 2017-q1-update/bin/../lib/gcc/arm-none-eabi/6.3.1/../../../../arm-none-eabi/lib/thumb/v7e-m/fpv4-sp/hard\libm.a(lib_a-kf_cos.o)
 .ARM.attributes
                0x000007d4       0x34 c:/program files (x86)/gnu tools arm embedded/6 2017-q1-update/bin/../lib/gcc/arm-none-eabi/6.3.1/../../../../arm-none-eabi/lib/thumb/v7e-m/fpv4-sp/hard\libm.a(lib_a-kf_rem_pio2.o)
 .ARM.attributes
                0x00000808       0x34 c:/program files (x86)/gnu tools arm embedded/6 2017-q1-update/bin/../lib/gcc/arm-none-eabi/6.3.1/../../../../arm-none-eabi/lib/thumb/v7e-m/fpv4-sp/hard\libm.a(lib_a-kf_sin.o)
 .ARM.attributes
                0x0000083c       0x34 c:/program files (x86)/gnu tools arm embedded/6 2017-q1-update/bin/../lib/gcc/arm-none-eabi/6.3.1/../../../../arm-none-eabi/lib/thumb/v7e-m/fpv4-sp/hard\libm.a(lib_a-sf_fabs.o)
 .ARM.attributes
                0x00000870       0x34 c:/program files (x86)/gnu tools arm embedded/6 2017-q1-update/bin/../lib/gcc/arm-none-eabi/6.3.1/../../../../arm-none-eabi/lib/thumb/v7e-m/fpv4-sp/hard\libm.a(lib_a-sf_floor.o)
 .ARM.attributes
                0x000008a4       0x34 c:/program files (x86)/gnu tools arm embedded/6 2017-q1-update/bin/../lib/gcc/arm-none-eabi/6.3.1/../../../../arm-none-eabi/lib/thumb/v7e-m/fpv4-sp/hard\libm.a(lib_a-sf_scalbn.o)
 .ARM.attributes
                0x000008d8       0x34 c:/program files (x86)/gnu tools arm embedded/6 2017-q1-update/bin/../lib/gcc/arm-none-eabi/6.3.1/../../../../arm-none-eabi/lib/thumb/v7e-m/fpv4-sp/hard\libm.a(lib_a-sf_copysign.o)
 .ARM.attributes
                0x0000090c       0x34 c:/program files (x86)/gnu tools arm embedded/6 2017-q1-update/bin/../lib/gcc/arm-none-eabi/6.3.1/../../../../arm-none-eabi/lib/thumb/v7e-m/fpv4-sp/hard\libc.a(lib_a-impure.o)
 .ARM.attributes
                0x00000940       0x20 c:/program files (x86)/gnu tools arm embedded/6 2017-q1-update/bin/../lib/gcc/arm-none-eabi/6.3.1/../../../../arm-none-eabi/lib/thumb/v7e-m/fpv4-sp/hard\libc.a(lib_a-memcpy.o)
 .ARM.attributes
                0x00000960       0x34 c:/program files (x86)/gnu tools arm embedded/6 2017-q1-update/bin/../lib/gcc/arm-none-eabi/6.3.1/../../../../arm-none-eabi/lib/thumb/v7e-m/fpv4-sp/hard\libc.a(lib_a-memset.o)
 .ARM.attributes
                0x00000994       0x34 c:/program files (x86)/gnu tools arm embedded/6 2017-q1-update/bin/../lib/gcc/arm-none-eabi/6.3.1/../../../../arm-none-eabi/lib/thumb/v7e-m/fpv4-sp/hard\libc.a(lib_a-__call_atexit.o)
 .ARM.attributes
                0x000009c8       0x34 c:/program files (x86)/gnu tools arm embedded/6 2017-q1-update/bin/../lib/gcc/arm-none-eabi/6.3.1/../../../../arm-none-eabi/lib/thumb/v7e-m/fpv4-sp/hard\libc.a(lib_a-atexit.o)
 .ARM.attributes
                0x000009fc       0x34 c:/program files (x86)/gnu tools arm embedded/6 2017-q1-update/bin/../lib/gcc/arm-none-eabi/6.3.1/../../../../arm-none-eabi/lib/thumb/v7e-m/fpv4-sp/hard\libc.a(lib_a-fini.o)
 .ARM.attributes
                0x00000a30       0x34 c:/program files (x86)/gnu tools arm embedded/6 2017-q1-update/bin/../lib/gcc/arm-none-eabi/6.3.1/../../../../arm-none-eabi/lib/thumb/v7e-m/fpv4-sp/hard\libc.a(lib_a-lock.o)
 .ARM.attributes
                0x00000a64       0x34 c:/program files (x86)/gnu tools arm embedded/6 2017-q1-update/bin/../lib/gcc/arm-none-eabi/6.3.1/../../../../arm-none-eabi/lib/thumb/v7e-m/fpv4-sp/hard\libc.a(lib_a-__atexit.o)
 .ARM.attributes
                0x00000a98       0x34 c:/program files (x86)/gnu tools arm embedded/6 2017-q1-update/bin/../lib/gcc/arm-none-eabi/6.3.1/thumb/v7e-m/fpv4-sp/hard/crtend.o
 .ARM.attributes
                0x00000acc       0x22 c:/program files (x86)/gnu tools arm embedded/6 2017-q1-update/bin/../lib/gcc/arm-none-eabi/6.3.1/thumb/v7e-m/fpv4-sp/hard/crtn.o

.comment        0x00000000       0x7f
 .comment       0x00000000       0x7f ..\obj\stm32f4xx_syscfg.o
                                 0x80 (size before relaxing)
 .comment       0x0000007f       0x80 ..\obj\mb.o
 .comment       0x0000007f       0x80 ..\obj\mbfuncdisc.o
 .comment       0x0000007f       0x80 ..\obj\portevent.o
 .comment       0x0000007f       0x80 ..\obj\mbfuncother.o
 .comment       0x0000007f       0x80 ..\obj\stm32f4xx_usart.o
 .comment       0x0000007f       0x80 ..\obj\mbutils.o
 .comment       0x0000007f       0x80 ..\obj\stm32f4xx_dac.o
 .comment       0x0000007f       0x80 ..\obj\startup_stm32f4xx.o
 .comment       0x0000007f       0x80 ..\obj\mbfuncholding.o
 .comment       0x0000007f       0x80 ..\obj\main.o
 .comment       0x0000007f       0x80 ..\obj\mbcrc.o
 .comment       0x0000007f       0x80 ..\obj\stm32f4xx_rcc.o
 .comment       0x0000007f       0x80 ..\obj\foc.o
 .comment       0x0000007f       0x80 ..\obj\stm32f4xx_adc.o
 .comment       0x0000007f       0x80 ..\obj\mbfuncinput.o
 .comment       0x0000007f       0x80 ..\obj\encoder.o
 .comment       0x0000007f       0x80 ..\obj\stm32f4xx_gpio.o
 .comment       0x0000007f       0x80 ..\obj\porttimer.o
 .comment       0x0000007f       0x80 ..\obj\mbrtu.o
 .comment       0x0000007f       0x80 ..\obj\system_stm32f4xx.o
 .comment       0x0000007f       0x80 ..\obj\stm32f4xx_dma.o
 .comment       0x0000007f       0x80 ..\obj\portserial.o
 .comment       0x0000007f       0x80 ..\obj\mbfunccoils.o
 .comment       0x0000007f       0x80 ..\obj\stm32f4xx_exti.o
 .comment       0x0000007f       0x80 ..\obj\misc.o
 .comment       0x0000007f       0x80 ..\obj\svpwm.o
 .comment       0x0000007f       0x80 ..\obj\mbascii.o
 .comment       0x0000007f       0x80 ..\obj\pid.o
 .comment       0x0000007f       0x80 ..\obj\stm32f4xx_tim.o

.debug_info     0x00000000    0x14f94
 .debug_info    0x00000000      0x2c1 ..\obj\stm32f4xx_syscfg.o
 .debug_info    0x000002c1      0xf3d ..\obj\mb.o
 .debug_info    0x000011fe      0xad5 ..\obj\mbfuncdisc.o
 .debug_info    0x00001cd3      0x1d9 ..\obj\portevent.o
 .debug_info    0x00001eac      0xb35 ..\obj\mbfuncother.o
 .debug_info    0x000029e1      0xaaf ..\obj\stm32f4xx_usart.o
 .debug_info    0x00003490      0xb56 ..\obj\mbutils.o
 .debug_info    0x00003fe6      0x68e ..\obj\stm32f4xx_dac.o
 .debug_info    0x00004674      0x121 ..\obj\startup_stm32f4xx.o
 .debug_info    0x00004795      0xd1a ..\obj\mbfuncholding.o
 .debug_info    0x000054af      0xdd8 ..\obj\main.o
 .debug_info    0x00006287      0x191 ..\obj\mbcrc.o
 .debug_info    0x00006418      0xca3 ..\obj\stm32f4xx_rcc.o
 .debug_info    0x000070bb     0x1174 ..\obj\foc.o
 .debug_info    0x0000822f      0xc7e ..\obj\stm32f4xx_adc.o
 .debug_info    0x00008ead      0xac6 ..\obj\mbfuncinput.o
 .debug_info    0x00009973     0x119c ..\obj\encoder.o
 .debug_info    0x0000ab0f      0x712 ..\obj\stm32f4xx_gpio.o
 .debug_info    0x0000b221      0x838 ..\obj\porttimer.o
 .debug_info    0x0000ba59      0xf30 ..\obj\mbrtu.o
 .debug_info    0x0000c989      0x5e9 ..\obj\system_stm32f4xx.o
 .debug_info    0x0000cf72      0x732 ..\obj\stm32f4xx_dma.o
 .debug_info    0x0000d6a4      0xca1 ..\obj\portserial.o
 .debug_info    0x0000e345      0xc54 ..\obj\mbfunccoils.o
 .debug_info    0x0000ef99      0x365 ..\obj\stm32f4xx_exti.o
 .debug_info    0x0000f2fe      0x54d ..\obj\misc.o
 .debug_info    0x0000f84b     0x1b1b ..\obj\svpwm.o
 .debug_info    0x00011366     0x111e ..\obj\mbascii.o
 .debug_info    0x00012484      0xb03 ..\obj\pid.o
 .debug_info    0x00012f87     0x200d ..\obj\stm32f4xx_tim.o

.debug_abbrev   0x00000000     0x3ed7
 .debug_abbrev  0x00000000      0x173 ..\obj\stm32f4xx_syscfg.o
 .debug_abbrev  0x00000173      0x2f7 ..\obj\mb.o
 .debug_abbrev  0x0000046a      0x238 ..\obj\mbfuncdisc.o
 .debug_abbrev  0x000006a2       0xeb ..\obj\portevent.o
 .debug_abbrev  0x0000078d      0x222 ..\obj\mbfuncother.o
 .debug_abbrev  0x000009af      0x1d8 ..\obj\stm32f4xx_usart.o
 .debug_abbrev  0x00000b87      0x225 ..\obj\mbutils.o
 .debug_abbrev  0x00000dac      0x231 ..\obj\stm32f4xx_dac.o
 .debug_abbrev  0x00000fdd       0xeb ..\obj\startup_stm32f4xx.o
 .debug_abbrev  0x000010c8      0x238 ..\obj\mbfuncholding.o
 .debug_abbrev  0x00001300      0x292 ..\obj\main.o
 .debug_abbrev  0x00001592       0xc9 ..\obj\mbcrc.o
 .debug_abbrev  0x0000165b      0x21c ..\obj\stm32f4xx_rcc.o
 .debug_abbrev  0x00001877      0x2c8 ..\obj\foc.o
 .debug_abbrev  0x00001b3f      0x205 ..\obj\stm32f4xx_adc.o
 .debug_abbrev  0x00001d44      0x238 ..\obj\mbfuncinput.o
 .debug_abbrev  0x00001f7c      0x2ab ..\obj\encoder.o
 .debug_abbrev  0x00002227      0x1ff ..\obj\stm32f4xx_gpio.o
 .debug_abbrev  0x00002426      0x1be ..\obj\porttimer.o
 .debug_abbrev  0x000025e4      0x2c1 ..\obj\mbrtu.o
 .debug_abbrev  0x000028a5      0x17b ..\obj\system_stm32f4xx.o
 .debug_abbrev  0x00002a20      0x1af ..\obj\stm32f4xx_dma.o
 .debug_abbrev  0x00002bcf      0x210 ..\obj\portserial.o
 .debug_abbrev  0x00002ddf      0x252 ..\obj\mbfunccoils.o
 .debug_abbrev  0x00003031      0x206 ..\obj\stm32f4xx_exti.o
 .debug_abbrev  0x00003237      0x17f ..\obj\misc.o
 .debug_abbrev  0x000033b6      0x2d2 ..\obj\svpwm.o
 .debug_abbrev  0x00003688      0x352 ..\obj\mbascii.o
 .debug_abbrev  0x000039da      0x238 ..\obj\pid.o
 .debug_abbrev  0x00003c12      0x2c5 ..\obj\stm32f4xx_tim.o

.debug_loc      0x00000000     0x6d7e
 .debug_loc     0x00000000       0x97 ..\obj\stm32f4xx_syscfg.o
 .debug_loc     0x00000097      0x299 ..\obj\mb.o
 .debug_loc     0x00000330      0x183 ..\obj\mbfuncdisc.o
 .debug_loc     0x000004b3       0x6e ..\obj\portevent.o
 .debug_loc     0x00000521      0x124 ..\obj\mbfuncother.o
 .debug_loc     0x00000645      0x7d5 ..\obj\stm32f4xx_usart.o
 .debug_loc     0x00000e1a      0x3d2 ..\obj\mbutils.o
 .debug_loc     0x000011ec      0x3cd ..\obj\stm32f4xx_dac.o
 .debug_loc     0x000015b9       0x2b ..\obj\startup_stm32f4xx.o
 .debug_loc     0x000015e4      0x73d ..\obj\mbfuncholding.o
 .debug_loc     0x00001d21      0x2cb ..\obj\main.o
 .debug_loc     0x00001fec       0xb5 ..\obj\mbcrc.o
 .debug_loc     0x000020a1      0x9c7 ..\obj\stm32f4xx_rcc.o
 .debug_loc     0x00002a68      0x17e ..\obj\foc.o
 .debug_loc     0x00002be6      0x9fe ..\obj\stm32f4xx_adc.o
 .debug_loc     0x000035e4      0x170 ..\obj\mbfuncinput.o
 .debug_loc     0x00003754      0x286 ..\obj\encoder.o
 .debug_loc     0x000039da      0x30c ..\obj\stm32f4xx_gpio.o
 .debug_loc     0x00003ce6       0x21 ..\obj\porttimer.o
 .debug_loc     0x00003d07      0x2e7 ..\obj\mbrtu.o
 .debug_loc     0x00003fee      0x10b ..\obj\system_stm32f4xx.o
 .debug_loc     0x000040f9      0x415 ..\obj\stm32f4xx_dma.o
 .debug_loc     0x0000450e      0x123 ..\obj\portserial.o
 .debug_loc     0x00004631      0x400 ..\obj\mbfunccoils.o
 .debug_loc     0x00004a31      0x188 ..\obj\stm32f4xx_exti.o
 .debug_loc     0x00004bb9      0x15c ..\obj\misc.o
 .debug_loc     0x00004d15      0x24e ..\obj\svpwm.o
 .debug_loc     0x00004f63      0x411 ..\obj\mbascii.o
 .debug_loc     0x00005374      0x11a ..\obj\pid.o
 .debug_loc     0x0000548e     0x18f0 ..\obj\stm32f4xx_tim.o

.debug_aranges  0x00000000      0xe10
 .debug_aranges
                0x00000000       0x48 ..\obj\stm32f4xx_syscfg.o
 .debug_aranges
                0x00000048       0x48 ..\obj\mb.o
 .debug_aranges
                0x00000090       0x20 ..\obj\mbfuncdisc.o
 .debug_aranges
                0x000000b0       0x30 ..\obj\portevent.o
 .debug_aranges
                0x000000e0       0x28 ..\obj\mbfuncother.o
 .debug_aranges
                0x00000108      0x100 ..\obj\stm32f4xx_usart.o
 .debug_aranges
                0x00000208       0x30 ..\obj\mbutils.o
 .debug_aranges
                0x00000238       0x90 ..\obj\stm32f4xx_dac.o
 .debug_aranges
                0x000002c8       0x28 ..\obj\startup_stm32f4xx.o
 .debug_aranges
                0x000002f0       0x38 ..\obj\mbfuncholding.o
 .debug_aranges
                0x00000328       0x40 ..\obj\main.o
 .debug_aranges
                0x00000368       0x20 ..\obj\mbcrc.o
 .debug_aranges
                0x00000388      0x178 ..\obj\stm32f4xx_rcc.o
 .debug_aranges
                0x00000500       0x60 ..\obj\foc.o
 .debug_aranges
                0x00000560      0x140 ..\obj\stm32f4xx_adc.o
 .debug_aranges
                0x000006a0       0x20 ..\obj\mbfuncinput.o
 .debug_aranges
                0x000006c0       0x88 ..\obj\encoder.o
 .debug_aranges
                0x00000748       0x88 ..\obj\stm32f4xx_gpio.o
 .debug_aranges
                0x000007d0       0x38 ..\obj\porttimer.o
 .debug_aranges
                0x00000808       0x58 ..\obj\mbrtu.o
 .debug_aranges
                0x00000860       0x28 ..\obj\system_stm32f4xx.o
 .debug_aranges
                0x00000888       0xa8 ..\obj\stm32f4xx_dma.o
 .debug_aranges
                0x00000930       0x40 ..\obj\portserial.o
 .debug_aranges
                0x00000970       0x30 ..\obj\mbfunccoils.o
 .debug_aranges
                0x000009a0       0x50 ..\obj\stm32f4xx_exti.o
 .debug_aranges
                0x000009f0       0x40 ..\obj\misc.o
 .debug_aranges
                0x00000a30       0x70 ..\obj\svpwm.o
 .debug_aranges
                0x00000aa0       0x58 ..\obj\mbascii.o
 .debug_aranges
                0x00000af8       0x40 ..\obj\pid.o
 .debug_aranges
                0x00000b38      0x2d8 ..\obj\stm32f4xx_tim.o

.debug_ranges   0x00000000      0xd80
 .debug_ranges  0x00000000       0x38 ..\obj\stm32f4xx_syscfg.o
 .debug_ranges  0x00000038       0x38 ..\obj\mb.o
 .debug_ranges  0x00000070       0x10 ..\obj\mbfuncdisc.o
 .debug_ranges  0x00000080       0x20 ..\obj\portevent.o
 .debug_ranges  0x000000a0       0x18 ..\obj\mbfuncother.o
 .debug_ranges  0x000000b8       0xf0 ..\obj\stm32f4xx_usart.o
 .debug_ranges  0x000001a8       0x20 ..\obj\mbutils.o
 .debug_ranges  0x000001c8       0x80 ..\obj\stm32f4xx_dac.o
 .debug_ranges  0x00000248       0x18 ..\obj\startup_stm32f4xx.o
 .debug_ranges  0x00000260       0x28 ..\obj\mbfuncholding.o
 .debug_ranges  0x00000288       0x88 ..\obj\main.o
 .debug_ranges  0x00000310       0x10 ..\obj\mbcrc.o
 .debug_ranges  0x00000320      0x168 ..\obj\stm32f4xx_rcc.o
 .debug_ranges  0x00000488       0x68 ..\obj\foc.o
 .debug_ranges  0x000004f0      0x130 ..\obj\stm32f4xx_adc.o
 .debug_ranges  0x00000620       0x10 ..\obj\mbfuncinput.o
 .debug_ranges  0x00000630       0xb0 ..\obj\encoder.o
 .debug_ranges  0x000006e0       0x78 ..\obj\stm32f4xx_gpio.o
 .debug_ranges  0x00000758       0x28 ..\obj\porttimer.o
 .debug_ranges  0x00000780       0x48 ..\obj\mbrtu.o
 .debug_ranges  0x000007c8       0x30 ..\obj\system_stm32f4xx.o
 .debug_ranges  0x000007f8       0x98 ..\obj\stm32f4xx_dma.o
 .debug_ranges  0x00000890       0x48 ..\obj\portserial.o
 .debug_ranges  0x000008d8       0x20 ..\obj\mbfunccoils.o
 .debug_ranges  0x000008f8       0x40 ..\obj\stm32f4xx_exti.o
 .debug_ranges  0x00000938       0x30 ..\obj\misc.o
 .debug_ranges  0x00000968       0x60 ..\obj\svpwm.o
 .debug_ranges  0x000009c8       0x88 ..\obj\mbascii.o
 .debug_ranges  0x00000a50       0x30 ..\obj\pid.o
 .debug_ranges  0x00000a80      0x300 ..\obj\stm32f4xx_tim.o

.debug_line     0x00000000     0x828d
 .debug_line    0x00000000      0x307 ..\obj\stm32f4xx_syscfg.o
 .debug_line    0x00000307      0x5ac ..\obj\mb.o
 .debug_line    0x000008b3      0x423 ..\obj\mbfuncdisc.o
 .debug_line    0x00000cd6      0x2b1 ..\obj\portevent.o
 .debug_line    0x00000f87      0x410 ..\obj\mbfuncother.o
 .debug_line    0x00001397      0x580 ..\obj\stm32f4xx_usart.o
 .debug_line    0x00001917      0x42e ..\obj\mbutils.o
 .debug_line    0x00001d45      0x3e5 ..\obj\stm32f4xx_dac.o
 .debug_line    0x0000212a       0xbb ..\obj\startup_stm32f4xx.o
 .debug_line    0x000021e5      0x4cb ..\obj\mbfuncholding.o
 .debug_line    0x000026b0      0x4eb ..\obj\main.o
 .debug_line    0x00002b9b      0x281 ..\obj\mbcrc.o
 .debug_line    0x00002e1c      0x62e ..\obj\stm32f4xx_rcc.o
 .debug_line    0x0000344a      0x500 ..\obj\foc.o
 .debug_line    0x0000394a      0x603 ..\obj\stm32f4xx_adc.o
 .debug_line    0x00003f4d      0x415 ..\obj\mbfuncinput.o
 .debug_line    0x00004362      0x4c4 ..\obj\encoder.o
 .debug_line    0x00004826      0x3f7 ..\obj\stm32f4xx_gpio.o
 .debug_line    0x00004c1d      0x377 ..\obj\porttimer.o
 .debug_line    0x00004f94      0x528 ..\obj\mbrtu.o
 .debug_line    0x000054bc      0x23f ..\obj\system_stm32f4xx.o
 .debug_line    0x000056fb      0x494 ..\obj\stm32f4xx_dma.o
 .debug_line    0x00005b8f      0x3e2 ..\obj\portserial.o
 .debug_line    0x00005f71      0x497 ..\obj\mbfunccoils.o
 .debug_line    0x00006408      0x337 ..\obj\stm32f4xx_exti.o
 .debug_line    0x0000673f      0x2ef ..\obj\misc.o
 .debug_line    0x00006a2e      0x50e ..\obj\svpwm.o
 .debug_line    0x00006f3c      0x59d ..\obj\mbascii.o
 .debug_line    0x000074d9      0x233 ..\obj\pid.o
 .debug_line    0x0000770c      0xb81 ..\obj\stm32f4xx_tim.o

.debug_str      0x00000000     0x50a3
 .debug_str     0x00000000      0x2fc ..\obj\stm32f4xx_syscfg.o
                                0x35a (size before relaxing)
 .debug_str     0x000002fc      0x8b7 ..\obj\mb.o
                                0xaa3 (size before relaxing)
 .debug_str     0x00000bb3       0xed ..\obj\mbfuncdisc.o
                                0x82e (size before relaxing)
 .debug_str     0x00000ca0       0x86 ..\obj\portevent.o
                                0x2d6 (size before relaxing)
 .debug_str     0x00000d26       0xe2 ..\obj\mbfuncother.o
                                0x832 (size before relaxing)
 .debug_str     0x00000e08      0x51b ..\obj\stm32f4xx_usart.o
                                0x71e (size before relaxing)
 .debug_str     0x00001323       0xdf ..\obj\mbutils.o
                                0x836 (size before relaxing)
 .debug_str     0x00001402      0x2b7 ..\obj\stm32f4xx_dac.o
                                0x4b9 (size before relaxing)
 .debug_str     0x000016b9       0xe3 ..\obj\startup_stm32f4xx.o
                                0x19d (size before relaxing)
 .debug_str     0x0000179c      0x181 ..\obj\mbfuncholding.o
                                0x90b (size before relaxing)
 .debug_str     0x0000191d      0x517 ..\obj\main.o
                                0x888 (size before relaxing)
 .debug_str     0x00001e34       0x7a ..\obj\mbcrc.o
                                0x22e (size before relaxing)
 .debug_str     0x00001eae      0x5a2 ..\obj\stm32f4xx_rcc.o
                                0x89f (size before relaxing)
 .debug_str     0x00002450      0x29a ..\obj\foc.o
                                0x8d4 (size before relaxing)
 .debug_str     0x000026ea      0x5ac ..\obj\stm32f4xx_adc.o
                                0x86a (size before relaxing)
 .debug_str     0x00002c96       0x7c ..\obj\mbfuncinput.o
                                0x81f (size before relaxing)
 .debug_str     0x00002d12      0x8f1 ..\obj\encoder.o
                                0xe8a (size before relaxing)
 .debug_str     0x00003603      0x14a ..\obj\stm32f4xx_gpio.o
                                0x509 (size before relaxing)
 .debug_str     0x0000374d      0x11a ..\obj\porttimer.o
                                0xa3d (size before relaxing)
 .debug_str     0x00003867      0x222 ..\obj\mbrtu.o
                                0x99f (size before relaxing)
 .debug_str     0x00003a89      0x103 ..\obj\system_stm32f4xx.o
                                0x3e9 (size before relaxing)
 .debug_str     0x00003b8c      0x3a0 ..\obj\stm32f4xx_dma.o
                                0x591 (size before relaxing)
 .debug_str     0x00003f2c       0xca ..\obj\portserial.o
                                0xcd3 (size before relaxing)
 .debug_str     0x00003ff6       0xd9 ..\obj\mbfunccoils.o
                                0x893 (size before relaxing)
 .debug_str     0x000040cf       0xda ..\obj\stm32f4xx_exti.o
                                0x3a8 (size before relaxing)
 .debug_str     0x000041a9      0x15c ..\obj\misc.o
                                0x41d (size before relaxing)
 .debug_str     0x00004305      0x39d ..\obj\svpwm.o
                               0x13a4 (size before relaxing)
 .debug_str     0x000046a2      0x1ba ..\obj\mbascii.o
                                0xa35 (size before relaxing)
 .debug_str     0x0000485c       0xc8 ..\obj\pid.o
                                0x677 (size before relaxing)
 .debug_str     0x00004924      0x77f ..\obj\stm32f4xx_tim.o
                                0xe4d (size before relaxing)

.debug_frame    0x00000000     0x238c
 .debug_frame   0x00000000       0x84 ..\obj\stm32f4xx_syscfg.o
 .debug_frame   0x00000084       0xb8 ..\obj\mb.o
 .debug_frame   0x0000013c       0x38 ..\obj\mbfuncdisc.o
 .debug_frame   0x00000174       0x40 ..\obj\portevent.o
 .debug_frame   0x000001b4       0x48 ..\obj\mbfuncother.o
 .debug_frame   0x000001fc      0x224 ..\obj\stm32f4xx_usart.o
 .debug_frame   0x00000420       0x58 ..\obj\mbutils.o
 .debug_frame   0x00000478      0x150 ..\obj\stm32f4xx_dac.o
 .debug_frame   0x000005c8       0x30 ..\obj\startup_stm32f4xx.o
 .debug_frame   0x000005f8       0xac ..\obj\mbfuncholding.o
 .debug_frame   0x000006a4       0xa0 ..\obj\main.o
 .debug_frame   0x00000744       0x2c ..\obj\mbcrc.o
 .debug_frame   0x00000770      0x2e8 ..\obj\stm32f4xx_rcc.o
 .debug_frame   0x00000a58      0x154 ..\obj\foc.o
 .debug_frame   0x00000bac      0x2b4 ..\obj\stm32f4xx_adc.o
 .debug_frame   0x00000e60       0x38 ..\obj\mbfuncinput.o
 .debug_frame   0x00000e98      0x18c ..\obj\encoder.o
 .debug_frame   0x00001024      0x124 ..\obj\stm32f4xx_gpio.o
 .debug_frame   0x00001148       0x7c ..\obj\porttimer.o
 .debug_frame   0x000011c4       0xec ..\obj\mbrtu.o
 .debug_frame   0x000012b0       0x44 ..\obj\system_stm32f4xx.o
 .debug_frame   0x000012f4      0x160 ..\obj\stm32f4xx_dma.o
 .debug_frame   0x00001454       0xac ..\obj\portserial.o
 .debug_frame   0x00001500       0x78 ..\obj\mbfunccoils.o
 .debug_frame   0x00001578       0x9c ..\obj\stm32f4xx_exti.o
 .debug_frame   0x00001614       0x68 ..\obj\misc.o
 .debug_frame   0x0000167c      0x158 ..\obj\svpwm.o
 .debug_frame   0x000017d4       0xf0 ..\obj\mbascii.o
 .debug_frame   0x000018c4       0x60 ..\obj\pid.o
 .debug_frame   0x00001924      0x6bc ..\obj\stm32f4xx_tim.o
 .debug_frame   0x00001fe0       0x34 c:/program files (x86)/gnu tools arm embedded/6 2017-q1-update/bin/../lib/gcc/arm-none-eabi/6.3.1/../../../../arm-none-eabi/lib/thumb/v7e-m/fpv4-sp/hard\libm.a(lib_a-sf_cos.o)
 .debug_frame   0x00002014       0x34 c:/program files (x86)/gnu tools arm embedded/6 2017-q1-update/bin/../lib/gcc/arm-none-eabi/6.3.1/../../../../arm-none-eabi/lib/thumb/v7e-m/fpv4-sp/hard\libm.a(lib_a-sf_sin.o)
 .debug_frame   0x00002048       0x3c c:/program files (x86)/gnu tools arm embedded/6 2017-q1-update/bin/../lib/gcc/arm-none-eabi/6.3.1/../../../../arm-none-eabi/lib/thumb/v7e-m/fpv4-sp/hard\libm.a(lib_a-ef_rem_pio2.o)
 .debug_frame   0x00002084       0x20 c:/program files (x86)/gnu tools arm embedded/6 2017-q1-update/bin/../lib/gcc/arm-none-eabi/6.3.1/../../../../arm-none-eabi/lib/thumb/v7e-m/fpv4-sp/hard\libm.a(lib_a-kf_cos.o)
 .debug_frame   0x000020a4       0x5c c:/program files (x86)/gnu tools arm embedded/6 2017-q1-update/bin/../lib/gcc/arm-none-eabi/6.3.1/../../../../arm-none-eabi/lib/thumb/v7e-m/fpv4-sp/hard\libm.a(lib_a-kf_rem_pio2.o)
 .debug_frame   0x00002100       0x20 c:/program files (x86)/gnu tools arm embedded/6 2017-q1-update/bin/../lib/gcc/arm-none-eabi/6.3.1/../../../../arm-none-eabi/lib/thumb/v7e-m/fpv4-sp/hard\libm.a(lib_a-kf_sin.o)
 .debug_frame   0x00002120       0x20 c:/program files (x86)/gnu tools arm embedded/6 2017-q1-update/bin/../lib/gcc/arm-none-eabi/6.3.1/../../../../arm-none-eabi/lib/thumb/v7e-m/fpv4-sp/hard\libm.a(lib_a-sf_fabs.o)
 .debug_frame   0x00002140       0x20 c:/program files (x86)/gnu tools arm embedded/6 2017-q1-update/bin/../lib/gcc/arm-none-eabi/6.3.1/../../../../arm-none-eabi/lib/thumb/v7e-m/fpv4-sp/hard\libm.a(lib_a-sf_floor.o)
 .debug_frame   0x00002160       0x44 c:/program files (x86)/gnu tools arm embedded/6 2017-q1-update/bin/../lib/gcc/arm-none-eabi/6.3.1/../../../../arm-none-eabi/lib/thumb/v7e-m/fpv4-sp/hard\libm.a(lib_a-sf_scalbn.o)
 .debug_frame   0x000021a4       0x20 c:/program files (x86)/gnu tools arm embedded/6 2017-q1-update/bin/../lib/gcc/arm-none-eabi/6.3.1/../../../../arm-none-eabi/lib/thumb/v7e-m/fpv4-sp/hard\libm.a(lib_a-sf_copysign.o)
 .debug_frame   0x000021c4       0x34 c:/program files (x86)/gnu tools arm embedded/6 2017-q1-update/bin/../lib/gcc/arm-none-eabi/6.3.1/../../../../arm-none-eabi/lib/thumb/v7e-m/fpv4-sp/hard\libc.a(lib_a-memset.o)
 .debug_frame   0x000021f8       0x5c c:/program files (x86)/gnu tools arm embedded/6 2017-q1-update/bin/../lib/gcc/arm-none-eabi/6.3.1/../../../../arm-none-eabi/lib/thumb/v7e-m/fpv4-sp/hard\libc.a(lib_a-__call_atexit.o)
 .debug_frame   0x00002254       0x20 c:/program files (x86)/gnu tools arm embedded/6 2017-q1-update/bin/../lib/gcc/arm-none-eabi/6.3.1/../../../../arm-none-eabi/lib/thumb/v7e-m/fpv4-sp/hard\libc.a(lib_a-atexit.o)
 .debug_frame   0x00002274       0x34 c:/program files (x86)/gnu tools arm embedded/6 2017-q1-update/bin/../lib/gcc/arm-none-eabi/6.3.1/../../../../arm-none-eabi/lib/thumb/v7e-m/fpv4-sp/hard\libc.a(lib_a-fini.o)
 .debug_frame   0x000022a8       0xb0 c:/program files (x86)/gnu tools arm embedded/6 2017-q1-update/bin/../lib/gcc/arm-none-eabi/6.3.1/../../../../arm-none-eabi/lib/thumb/v7e-m/fpv4-sp/hard\libc.a(lib_a-lock.o)
 .debug_frame   0x00002358       0x34 c:/program files (x86)/gnu tools arm embedded/6 2017-q1-update/bin/../lib/gcc/arm-none-eabi/6.3.1/../../../../arm-none-eabi/lib/thumb/v7e-m/fpv4-sp/hard\libc.a(lib_a-__atexit.o)
