Archive member included to satisfy reference by file (symbol)

c:/program files (x86)/gnu tools arm embedded/6 2017-q1-update/bin/../lib/gcc/arm-none-eabi/6.3.1/../../../../arm-none-eabi/lib/thumb/v7e-m/fpv4-sp/hard\libm.a(lib_a-sf_cos.o)
                              ..\obj\encoder.o (cosf)
c:/program files (x86)/gnu tools arm embedded/6 2017-q1-update/bin/../lib/gcc/arm-none-eabi/6.3.1/../../../../arm-none-eabi/lib/thumb/v7e-m/fpv4-sp/hard\libm.a(lib_a-sf_sin.o)
                              ..\obj\encoder.o (sinf)
c:/program files (x86)/gnu tools arm embedded/6 2017-q1-update/bin/../lib/gcc/arm-none-eabi/6.3.1/../../../../arm-none-eabi/lib/thumb/v7e-m/fpv4-sp/hard\libm.a(lib_a-wf_sqrt.o)
                              ..\obj\main.o (sqrtf)
c:/program files (x86)/gnu tools arm embedded/6 2017-q1-update/bin/../lib/gcc/arm-none-eabi/6.3.1/../../../../arm-none-eabi/lib/thumb/v7e-m/fpv4-sp/hard\libm.a(lib_a-ef_rem_pio2.o)
                              c:/program files (x86)/gnu tools arm embedded/6 2017-q1-update/bin/../lib/gcc/arm-none-eabi/6.3.1/../../../../arm-none-eabi/lib/thumb/v7e-m/fpv4-sp/hard\libm.a(lib_a-sf_cos.o) (__ieee754_rem_pio2f)
c:/program files (x86)/gnu tools arm embedded/6 2017-q1-update/bin/../lib/gcc/arm-none-eabi/6.3.1/../../../../arm-none-eabi/lib/thumb/v7e-m/fpv4-sp/hard\libm.a(lib_a-ef_sqrt.o)
                              c:/program files (x86)/gnu tools arm embedded/6 2017-q1-update/bin/../lib/gcc/arm-none-eabi/6.3.1/../../../../arm-none-eabi/lib/thumb/v7e-m/fpv4-sp/hard\libm.a(lib_a-wf_sqrt.o) (__ieee754_sqrtf)
c:/program files (x86)/gnu tools arm embedded/6 2017-q1-update/bin/../lib/gcc/arm-none-eabi/6.3.1/../../../../arm-none-eabi/lib/thumb/v7e-m/fpv4-sp/hard\libm.a(lib_a-kf_cos.o)
                              c:/program files (x86)/gnu tools arm embedded/6 2017-q1-update/bin/../lib/gcc/arm-none-eabi/6.3.1/../../../../arm-none-eabi/lib/thumb/v7e-m/fpv4-sp/hard\libm.a(lib_a-sf_cos.o) (__kernel_cosf)
c:/program files (x86)/gnu tools arm embedded/6 2017-q1-update/bin/../lib/gcc/arm-none-eabi/6.3.1/../../../../arm-none-eabi/lib/thumb/v7e-m/fpv4-sp/hard\libm.a(lib_a-kf_rem_pio2.o)
                              c:/program files (x86)/gnu tools arm embedded/6 2017-q1-update/bin/../lib/gcc/arm-none-eabi/6.3.1/../../../../arm-none-eabi/lib/thumb/v7e-m/fpv4-sp/hard\libm.a(lib_a-ef_rem_pio2.o) (__kernel_rem_pio2f)
c:/program files (x86)/gnu tools arm embedded/6 2017-q1-update/bin/../lib/gcc/arm-none-eabi/6.3.1/../../../../arm-none-eabi/lib/thumb/v7e-m/fpv4-sp/hard\libm.a(lib_a-kf_sin.o)
                              c:/program files (x86)/gnu tools arm embedded/6 2017-q1-update/bin/../lib/gcc/arm-none-eabi/6.3.1/../../../../arm-none-eabi/lib/thumb/v7e-m/fpv4-sp/hard\libm.a(lib_a-sf_cos.o) (__kernel_sinf)
c:/program files (x86)/gnu tools arm embedded/6 2017-q1-update/bin/../lib/gcc/arm-none-eabi/6.3.1/../../../../arm-none-eabi/lib/thumb/v7e-m/fpv4-sp/hard\libm.a(lib_a-s_lib_ver.o)
                              c:/program files (x86)/gnu tools arm embedded/6 2017-q1-update/bin/../lib/gcc/arm-none-eabi/6.3.1/../../../../arm-none-eabi/lib/thumb/v7e-m/fpv4-sp/hard\libm.a(lib_a-wf_sqrt.o) (__fdlib_version)
c:/program files (x86)/gnu tools arm embedded/6 2017-q1-update/bin/../lib/gcc/arm-none-eabi/6.3.1/../../../../arm-none-eabi/lib/thumb/v7e-m/fpv4-sp/hard\libm.a(lib_a-s_matherr.o)
                              c:/program files (x86)/gnu tools arm embedded/6 2017-q1-update/bin/../lib/gcc/arm-none-eabi/6.3.1/../../../../arm-none-eabi/lib/thumb/v7e-m/fpv4-sp/hard\libm.a(lib_a-wf_sqrt.o) (matherr)
c:/program files (x86)/gnu tools arm embedded/6 2017-q1-update/bin/../lib/gcc/arm-none-eabi/6.3.1/../../../../arm-none-eabi/lib/thumb/v7e-m/fpv4-sp/hard\libm.a(lib_a-sf_fabs.o)
                              c:/program files (x86)/gnu tools arm embedded/6 2017-q1-update/bin/../lib/gcc/arm-none-eabi/6.3.1/../../../../arm-none-eabi/lib/thumb/v7e-m/fpv4-sp/hard\libm.a(lib_a-ef_rem_pio2.o) (fabsf)
c:/program files (x86)/gnu tools arm embedded/6 2017-q1-update/bin/../lib/gcc/arm-none-eabi/6.3.1/../../../../arm-none-eabi/lib/thumb/v7e-m/fpv4-sp/hard\libm.a(lib_a-sf_floor.o)
                              c:/program files (x86)/gnu tools arm embedded/6 2017-q1-update/bin/../lib/gcc/arm-none-eabi/6.3.1/../../../../arm-none-eabi/lib/thumb/v7e-m/fpv4-sp/hard\libm.a(lib_a-kf_rem_pio2.o) (floorf)
c:/program files (x86)/gnu tools arm embedded/6 2017-q1-update/bin/../lib/gcc/arm-none-eabi/6.3.1/../../../../arm-none-eabi/lib/thumb/v7e-m/fpv4-sp/hard\libm.a(lib_a-sf_scalbn.o)
                              c:/program files (x86)/gnu tools arm embedded/6 2017-q1-update/bin/../lib/gcc/arm-none-eabi/6.3.1/../../../../arm-none-eabi/lib/thumb/v7e-m/fpv4-sp/hard\libm.a(lib_a-kf_rem_pio2.o) (scalbnf)
c:/program files (x86)/gnu tools arm embedded/6 2017-q1-update/bin/../lib/gcc/arm-none-eabi/6.3.1/../../../../arm-none-eabi/lib/thumb/v7e-m/fpv4-sp/hard\libm.a(lib_a-sf_copysign.o)
[...]
Memory Configuration

Name             Origin             Length             Attributes
rom              0x08000000         0x00100000         xr
ram              0x20000000         0x00020000         xrw
ram1             0x10000000         0x00010000         xrw
*default*        0x00000000         0xffffffff

Linker script and memory map

LOAD c:/program files (x86)/gnu tools arm embedded/6 2017-q1-update/bin/../lib/gcc/arm-none-eabi/6.3.1/thumb/v7e-m/fpv4-sp/hard/crti.o
LOAD c:/program files (x86)/gnu tools arm embedded/6 2017-q1-update/bin/../lib/gcc/arm-none-eabi/6.3.1/thumb/v7e-m/fpv4-sp/hard/crtbegin.o
LOAD c:/program files (x86)/gnu tools arm embedded/6 2017-q1-update/bin/../lib/gcc/arm-none-eabi/6.3.1/../../../../arm-none-eabi/lib/thumb/v7e-m/fpv4-sp/hard/crt0.o
                0x20020000                _eram = 0x20020000

.text           0x08000000     0x5e50
 *(.isr_vector)
 .isr_vector    0x08000000      0x188 ..\obj\startup_stm32f4xx.o
                0x08000000                g_pfnVectors
 *(.text*)
 .text          0x08000188       0x6c c:/program files (x86)/gnu tools arm embedded/6 2017-q1-update/bin/../lib/gcc/arm-none-eabi/6.3.1/thumb/v7e-m/fpv4-sp/hard/crtbegin.o
 .text.SYSCFG_EXTILineConfig
                0x080001f4       0x2a ..\obj\stm32f4xx_syscfg.o
                0x080001f4                SYSCFG_EXTILineConfig
 *fill*         0x0800021e        0x2 
 .text.eMBInit  0x08000220       0xdc ..\obj\mb.o
                0x08000220                eMBInit
 .text.eMBEnable
                0x080002fc       0x24 ..\obj\mb.o
                0x080002fc                eMBEnable
 .text.eMBPoll  0x08000320       0xd4 ..\obj\mb.o
                0x08000320                eMBPoll
 .text.eMBFuncReadDiscreteInputs
                0x080003f4       0x6a ..\obj\mbfuncdisc.o
                0x080003f4                eMBFuncReadDiscreteInputs
 *fill*         0x0800045e        0x2 
 .text.xMBPortEventInit
                0x08000460       0x10 ..\obj\portevent.o
                0x08000460                xMBPortEventInit
 .text.xMBPortEventPost
                0x08000470       0x10 ..\obj\portevent.o
                0x08000470                xMBPortEventPost
 .text.xMBPortEventGet
                0x08000480       0x18 ..\obj\portevent.o
                0x08000480                xMBPortEventGet
 .text.eMBFuncReportSlaveID
                0x08000498       0x1c ..\obj\mbfuncother.o
                0x08000498                eMBFuncReportSlaveID
 .text.USART_DeInit
                0x080004b4       0xb0 ..\obj\stm32f4xx_usart.o
                0x080004b4                USART_DeInit
 .text.USART_Init
                0x08000564       0xb4 ..\obj\stm32f4xx_usart.o
                0x08000564                USART_Init
 .text.USART_ClockInit
                0x08000618       0x20 ..\obj\stm32f4xx_usart.o
                0x08000618                USART_ClockInit
 .text.USART_ClockStructInit
                0x08000638        0xc ..\obj\stm32f4xx_usart.o
                0x08000638                USART_ClockStructInit
 .text.USART_Cmd
                0x08000644       0x18 ..\obj\stm32f4xx_usart.o
                0x08000644                USART_Cmd
 .text.USART_SendData
                0x0800065c        0x8 ..\obj\stm32f4xx_usart.o
                0x0800065c                USART_SendData
 .text.USART_ReceiveData
                0x08000664        0x8 ..\obj\stm32f4xx_usart.o
                0x08000664                USART_ReceiveData
 .text.USART_ITConfig
                0x0800066c       0x32 ..\obj\stm32f4xx_usart.o
                0x0800066c                USART_ITConfig
 .text.USART_GetITStatus
                0x0800069e       0x40 ..\obj\stm32f4xx_usart.o
                0x0800069e                USART_GetITStatus
 .text.USART_ClearITPendingBit
                0x080006de        0xe ..\obj\stm32f4xx_usart.o
                0x080006de                USART_ClearITPendingBit
 .text.prveMBError2Exception
                0x080006ec       0x10 ..\obj\mbutils.o
                0x080006ec                prveMBError2Exception
 .text.DAC_Init
                0x080006fc       0x2c ..\obj\stm32f4xx_dac.o
                0x080006fc                DAC_Init
 .text.DAC_StructInit
                0x08000728        0xc ..\obj\stm32f4xx_dac.o
                0x08000728                DAC_StructInit
 .text.DAC_Cmd  0x08000734       0x20 ..\obj\stm32f4xx_dac.o
                0x08000734                DAC_Cmd
 .text.DAC_SetDualChannelData
                0x08000754       0x18 ..\obj\stm32f4xx_dac.o
                0x08000754                DAC_SetDualChannelData
 .text.Default_Handler
                0x0800076c        0x2 ..\obj\startup_stm32f4xx.o
                0x0800076c                RTC_Alarm_IRQHandler
                0x0800076c                HASH_RNG_IRQHandler
                0x0800076c                EXTI2_IRQHandler
                0x0800076c                TIM8_CC_IRQHandler
                0x0800076c                DebugMon_Handler
                0x0800076c                TIM1_CC_IRQHandler
                0x0800076c                DMA2_Stream5_IRQHandler
                0x0800076c                HardFault_Handler
                0x0800076c                DMA1_Stream5_IRQHandler
                0x0800076c                SysTick_Handler
                0x0800076c                PVD_IRQHandler
                0x0800076c                SDIO_IRQHandler
                0x0800076c                TAMP_STAMP_IRQHandler
                0x0800076c                PendSV_Handler
                0x0800076c                NMI_Handler
                0x0800076c                CAN2_RX1_IRQHandler
                0x0800076c                EXTI3_IRQHandler
                0x0800076c                TIM8_TRG_COM_TIM14_IRQHandler
                0x0800076c                I2C3_ER_IRQHandler
                0x0800076c                EXTI0_IRQHandler
                0x0800076c                I2C2_EV_IRQHandler
                0x0800076c                DMA1_Stream2_IRQHandler
                0x0800076c                CAN1_RX0_IRQHandler
                0x0800076c                FPU_IRQHandler
                0x0800076c                OTG_HS_WKUP_IRQHandler
                0x0800076c                UsageFault_Handler
                0x0800076c                CAN2_SCE_IRQHandler
                0x0800076c                DMA2_Stream2_IRQHandler
                0x0800076c                SPI1_IRQHandler
                0x0800076c                TIM6_DAC_IRQHandler
                0x0800076c                TIM1_BRK_TIM9_IRQHandler
                0x0800076c                DCMI_IRQHandler
                0x0800076c                CAN2_RX0_IRQHandler
                0x0800076c                DMA2_Stream3_IRQHandler
                0x0800076c                USART6_IRQHandler
                0x0800076c                CRYP_IRQHandler
                0x0800076c                CAN1_RX1_IRQHandler
                0x0800076c                UART5_IRQHandler
                0x0800076c                DMA2_Stream0_IRQHandler
                0x0800076c                TIM4_IRQHandler
                0x0800076c                I2C1_EV_IRQHandler
                0x0800076c                DMA1_Stream6_IRQHandler
                0x0800076c                UART4_IRQHandler
                0x0800076c                TIM3_IRQHandler
                0x0800076c                RCC_IRQHandler
                0x0800076c                TIM8_BRK_TIM12_IRQHandler
                0x0800076c                DMA1_Stream7_IRQHandler
                0x0800076c                CAN2_TX_IRQHandler
                0x0800076c                TIM5_IRQHandler
                0x0800076c                DMA2_Stream7_IRQHandler
                0x0800076c                I2C3_EV_IRQHandler
                0x0800076c                EXTI9_5_IRQHandler
                0x0800076c                RTC_WKUP_IRQHandler
                0x0800076c                ETH_WKUP_IRQHandler
                0x0800076c                SPI2_IRQHandler
                0x0800076c                OTG_HS_EP1_IN_IRQHandler
                0x0800076c                MemManage_Handler
                0x0800076c                DMA1_Stream0_IRQHandler
                0x0800076c                CAN1_TX_IRQHandler
                0x0800076c                SVC_Handler
                0x0800076c                EXTI4_IRQHandler
                0x0800076c                FSMC_IRQHandler
                0x0800076c                ETH_IRQHandler
                0x0800076c                OTG_HS_EP1_OUT_IRQHandler
                0x0800076c                WWDG_IRQHandler
                0x0800076c                TIM2_IRQHandler
                0x0800076c                OTG_FS_WKUP_IRQHandler
                0x0800076c                TIM1_TRG_COM_TIM11_IRQHandler
                0x0800076c                OTG_HS_IRQHandler
                0x0800076c                EXTI1_IRQHandler
                0x0800076c                USART2_IRQHandler
                0x0800076c                I2C2_ER_IRQHandler
                0x0800076c                DMA2_Stream1_IRQHandler
                0x0800076c                CAN1_SCE_IRQHandler
                0x0800076c                FLASH_IRQHandler
                0x0800076c                DMA2_Stream4_IRQHandler
                0x0800076c                BusFault_Handler
                0x0800076c                USART1_IRQHandler
                0x0800076c                OTG_FS_IRQHandler
                0x0800076c                SPI3_IRQHandler
                0x0800076c                DMA1_Stream4_IRQHandler
                0x0800076c                I2C1_ER_IRQHandler
                0x0800076c                DMA2_Stream6_IRQHandler
                0x0800076c                DMA1_Stream3_IRQHandler
 *fill*         0x0800076e        0x2 
 .text.Default_Reset_Handler
                0x08000770       0x50 ..\obj\startup_stm32f4xx.o
                0x08000770                Default_Reset_Handler
                0x08000770                Reset_Handler
 .text.eMBFuncWriteHoldingRegister
                0x080007c0       0x2e ..\obj\mbfuncholding.o
                0x080007c0                eMBFuncWriteHoldingRegister
 .text.eMBFuncWriteMultipleHoldingRegister
                0x080007ee       0x4a ..\obj\mbfuncholding.o
                0x080007ee                eMBFuncWriteMultipleHoldingRegister
 .text.eMBFuncReadHoldingRegister
                0x08000838       0x58 ..\obj\mbfuncholding.o
                0x08000838                eMBFuncReadHoldingRegister
 .text.eMBFuncReadWriteMultipleHoldingRegister
                0x08000890       0x9c ..\obj\mbfuncholding.o
                0x08000890                eMBFuncReadWriteMultipleHoldingRegister
 .text.eMBRegHoldingCB
                0x0800092c       0x70 ..\obj\main.o
                0x0800092c                eMBRegHoldingCB
 .text.eMBRegCoilsCB
                0x0800099c        0x4 ..\obj\main.o
                0x0800099c                eMBRegCoilsCB
 .text.eMBRegDiscreteCB
                0x080009a0        0x4 ..\obj\main.o
                0x080009a0                eMBRegDiscreteCB
 .text.eMBRegInputCB
                0x080009a4        0x4 ..\obj\main.o
                0x080009a4                eMBRegInputCB
 .text.boardInit
                0x080009a8       0xc8 ..\obj\main.o
                0x080009a8                boardInit
 .text.startup.main
                0x08000a70      0x354 ..\obj\main.o
                0x08000a70                main
 .text.usMBCRC16
                0x08000dc4       0x2c ..\obj\mbcrc.o
                0x08000dc4                usMBCRC16
 .text.RCC_GetClocksFreq
                0x08000df0       0x88 ..\obj\stm32f4xx_rcc.o
                0x08000df0                RCC_GetClocksFreq
 .text.RCC_AHB1PeriphClockCmd
                0x08000e78       0x18 ..\obj\stm32f4xx_rcc.o
                0x08000e78                RCC_AHB1PeriphClockCmd
 .text.RCC_APB1PeriphClockCmd
                0x08000e90       0x18 ..\obj\stm32f4xx_rcc.o
                0x08000e90                RCC_APB1PeriphClockCmd
 .text.RCC_APB2PeriphClockCmd
                0x08000ea8       0x18 ..\obj\stm32f4xx_rcc.o
                0x08000ea8                RCC_APB2PeriphClockCmd
 .text.RCC_APB1PeriphResetCmd
                0x08000ec0       0x18 ..\obj\stm32f4xx_rcc.o
                0x08000ec0                RCC_APB1PeriphResetCmd
 .text.RCC_APB2PeriphResetCmd
                0x08000ed8       0x18 ..\obj\stm32f4xx_rcc.o
                0x08000ed8                RCC_APB2PeriphResetCmd
 .text.initDAC  0x08000ef0       0x5c ..\obj\foc.o
                0x08000ef0                initDAC
 .text.focInit  0x08000f4c      0x1bc ..\obj\foc.o
                0x08000f4c                focInit
 .text.mcFocSetAngle
                0x08001108       0x2a ..\obj\foc.o
                0x08001108                mcFocSetAngle
 .text.mcFocCalcCurrent
                0x08001132       0x36 ..\obj\foc.o
                0x08001132                mcFocCalcCurrent
 .text.mcClark  0x08001168       0x28 ..\obj\foc.o
                0x08001168                mcClark
 .text.mcPark   0x08001190       0x2a ..\obj\foc.o
                0x08001190                mcPark
 .text.mcInvPark
                0x080011ba       0x2a ..\obj\foc.o
                0x080011ba                mcInvPark
 .text.mcInvClark
                0x080011e4       0x3c ..\obj\foc.o
                0x080011e4                mcInvClark
 .text.mcUsrefLimit
                0x08001220       0x5c ..\obj\foc.o
                0x08001220                mcUsrefLimit
 .text.adc_current_filter
                0x0800127c       0x9c ..\obj\foc.o
                0x0800127c                adc_current_filter
 .text.ADC_IRQHandler
                0x08001318      0x5e0 ..\obj\foc.o
                0x08001318                ADC_IRQHandler
 .text.ADC_Init
                0x080018f8       0x4c ..\obj\stm32f4xx_adc.o
                0x080018f8                ADC_Init
 .text.ADC_StructInit
                0x08001944       0x14 ..\obj\stm32f4xx_adc.o
                0x08001944                ADC_StructInit
 .text.ADC_CommonInit
                0x08001958       0x28 ..\obj\stm32f4xx_adc.o
                0x08001958                ADC_CommonInit
 .text.ADC_CommonStructInit
                0x08001980        0xc ..\obj\stm32f4xx_adc.o
                0x08001980                ADC_CommonStructInit
 .text.ADC_Cmd  0x0800198c       0x12 ..\obj\stm32f4xx_adc.o
                0x0800198c                ADC_Cmd
 .text.ADC_RegularChannelConfig
                0x0800199e       0x8c ..\obj\stm32f4xx_adc.o
                0x0800199e                ADC_RegularChannelConfig
 .text.ADC_SoftwareStartConv
                0x08001a2a        0xa ..\obj\stm32f4xx_adc.o
                0x08001a2a                ADC_SoftwareStartConv
 .text.ADC_DMACmd
                0x08001a34       0x12 ..\obj\stm32f4xx_adc.o
                0x08001a34                ADC_DMACmd
 .text.ADC_DMARequestAfterLastTransferCmd
                0x08001a46       0x12 ..\obj\stm32f4xx_adc.o
                0x08001a46                ADC_DMARequestAfterLastTransferCmd
 .text.ADC_InjectedChannelConfig
                0x08001a58       0x58 ..\obj\stm32f4xx_adc.o
                0x08001a58                ADC_InjectedChannelConfig
 .text.ADC_InjectedSequencerLengthConfig
                0x08001ab0       0x10 ..\obj\stm32f4xx_adc.o
                0x08001ab0                ADC_InjectedSequencerLengthConfig
 .text.ADC_ExternalTrigInjectedConvConfig
                0x08001ac0        0xc ..\obj\stm32f4xx_adc.o
                0x08001ac0                ADC_ExternalTrigInjectedConvConfig
 .text.ADC_ExternalTrigInjectedConvEdgeConfig
                0x08001acc        0xc ..\obj\stm32f4xx_adc.o
                0x08001acc                ADC_ExternalTrigInjectedConvEdgeConfig
 .text.ADC_AutoInjectedConvCmd
                0x08001ad8       0x12 ..\obj\stm32f4xx_adc.o
                0x08001ad8                ADC_AutoInjectedConvCmd
 .text.ADC_InjectedDiscModeCmd
                0x08001aea       0x12 ..\obj\stm32f4xx_adc.o
                0x08001aea                ADC_InjectedDiscModeCmd
 .text.ADC_GetInjectedConversionValue
                0x08001afc       0x1a ..\obj\stm32f4xx_adc.o
                0x08001afc                ADC_GetInjectedConversionValue
 .text.ADC_ITConfig
                0x08001b16       0x18 ..\obj\stm32f4xx_adc.o
                0x08001b16                ADC_ITConfig
 .text.ADC_ClearITPendingBit
                0x08001b2e        0x8 ..\obj\stm32f4xx_adc.o
                0x08001b2e                ADC_ClearITPendingBit
 .text.eMBFuncReadInputRegister
                0x08001b36       0x58 ..\obj\mbfuncinput.o
                0x08001b36                eMBFuncReadInputRegister
 *fill*         0x08001b8e        0x2 
 .text.encoderInitZ
                0x08001b90       0x80 ..\obj\encoder.o
                0x08001b90                encoderInitZ
 .text.initHall
                0x08001c10       0x3c ..\obj\encoder.o
                0x08001c10                initHall
 .text.iEncoderGetAbsPos
                0x08001c4c        0x8 ..\obj\encoder.o
                0x08001c4c                iEncoderGetAbsPos
 .text.encoderAddOffset
                0x08001c54       0x20 ..\obj\encoder.o
                0x08001c54                encoderAddOffset
 .text.EXTI15_10_IRQHandler
                0x08001c74       0x1a ..\obj\encoder.o
                0x08001c74                EXTI15_10_IRQHandler
 *fill*         0x08001c8e        0x2 
 .text.readRawHallInput
                0x08001c90       0x2c ..\obj\encoder.o
                0x08001c90                readRawHallInput
 .text.readHallMap
                0x08001cbc       0x14 ..\obj\encoder.o
                0x08001cbc                readHallMap
 .text.readRawEncoderWithUVW
                0x08001cd0       0xa0 ..\obj\encoder.o
                0x08001cd0                readRawEncoderWithUVW
 .text.createSinCosTable
                0x08001d70       0x5c ..\obj\encoder.o
                0x08001d70                createSinCosTable
 .text.fSinAngle
                0x08001dcc       0x10 ..\obj\encoder.o
                0x08001dcc                fSinAngle
 .text.fCosAngle
                0x08001ddc       0x10 ..\obj\encoder.o
                0x08001ddc                fCosAngle
 .text.initTim10
                0x08001dec       0xc0 ..\obj\encoder.o
                0x08001dec                initTim10
 .text.TIM1_UP_TIM10_IRQHandler
                0x08001eac       0x34 ..\obj\encoder.o
                0x08001eac                TIM1_UP_TIM10_IRQHandler
 .text.initTim8_IRQ
                0x08001ee0       0x3c ..\obj\encoder.o
                0x08001ee0                initTim8_IRQ
 .text.initEncoder
                0x08001f1c      0x224 ..\obj\encoder.o
                0x08001f1c                initEncoder
 .text.TIM8_UP_TIM13_IRQHandler
                0x08002140       0x3c ..\obj\encoder.o
                0x08002140                TIM8_UP_TIM13_IRQHandler
 .text.GPIO_Init
                0x0800217c       0x9c ..\obj\stm32f4xx_gpio.o
                0x0800217c                GPIO_Init
 .text.GPIO_StructInit
                0x08002218       0x12 ..\obj\stm32f4xx_gpio.o
                0x08002218                GPIO_StructInit
 .text.GPIO_ReadInputData
                0x0800222a        0x6 ..\obj\stm32f4xx_gpio.o
                0x0800222a                GPIO_ReadInputData
 .text.GPIO_SetBits
                0x08002230        0x4 ..\obj\stm32f4xx_gpio.o
                0x08002230                GPIO_SetBits
 .text.GPIO_ResetBits
                0x08002234        0x4 ..\obj\stm32f4xx_gpio.o
                0x08002234                GPIO_ResetBits
 .text.GPIO_ToggleBits
                0x08002238        0x8 ..\obj\stm32f4xx_gpio.o
                0x08002238                GPIO_ToggleBits
 .text.GPIO_PinAFConfig
                0x08002240       0x24 ..\obj\stm32f4xx_gpio.o
                0x08002240                GPIO_PinAFConfig
 .text.xMBPortTimersInit
                0x08002264       0x74 ..\obj\porttimer.o
                0x08002264                xMBPortTimersInit
 .text.vMBPortTimersEnable
                0x080022d8       0x1c ..\obj\porttimer.o
                0x080022d8                vMBPortTimersEnable
 .text.vMBPortTimersDisable
                0x080022f4        0xc ..\obj\porttimer.o
                0x080022f4                vMBPortTimersDisable
 .text.TIM7_IRQHandler
                0x08002300       0x28 ..\obj\porttimer.o
                0x08002300                TIM7_IRQHandler
 .text.eMBRTUInit
                0x08002328       0x3c ..\obj\mbrtu.o
                0x08002328                eMBRTUInit
 .text.eMBRTUStart
                0x08002364       0x1c ..\obj\mbrtu.o
                0x08002364                eMBRTUStart
 .text.eMBRTUStop
                0x08002380       0x14 ..\obj\mbrtu.o
                0x08002380                eMBRTUStop
 .text.eMBRTUReceive
                0x08002394       0x48 ..\obj\mbrtu.o
                0x08002394                eMBRTUReceive
 .text.eMBRTUSend
                0x080023dc       0x68 ..\obj\mbrtu.o
                0x080023dc                eMBRTUSend
 .text.xMBRTUReceiveFSM
                0x08002444       0x68 ..\obj\mbrtu.o
                0x08002444                xMBRTUReceiveFSM
 .text.xMBRTUTransmitFSM
                0x080024ac       0x58 ..\obj\mbrtu.o
                0x080024ac                xMBRTUTransmitFSM
 .text.xMBRTUTimerT35Expired
                0x08002504       0x2c ..\obj\mbrtu.o
                0x08002504                xMBRTUTimerT35Expired
 .text.SystemInit
                0x08002530       0xf8 ..\obj\system_stm32f4xx.o
                0x08002530                SystemInit
 .text.SystemCoreClockUpdate
                0x08002628       0x70 ..\obj\system_stm32f4xx.o
                0x08002628                SystemCoreClockUpdate
 .text.DMA_Init
                0x08002698       0x54 ..\obj\stm32f4xx_dma.o
                0x08002698                DMA_Init
 .text.DMA_StructInit
                0x080026ec       0x22 ..\obj\stm32f4xx_dma.o
                0x080026ec                DMA_StructInit
 .text.DMA_Cmd  0x0800270e       0x12 ..\obj\stm32f4xx_dma.o
                0x0800270e                DMA_Cmd
 .text.vMBPortSerialEnable
                0x08002720       0x54 ..\obj\portserial.o
                0x08002720                vMBPortSerialEnable
 .text.xMBPortSerialInit
                0x08002774      0x128 ..\obj\portserial.o
                0x08002774                xMBPortSerialInit
 .text.USART3_IRQHandler
                0x0800289c       0x70 ..\obj\portserial.o
                0x0800289c                USART3_IRQHandler
 .text.xMBPortSerialPutByte
                0x0800290c       0x14 ..\obj\portserial.o
                0x0800290c                xMBPortSerialPutByte
 .text.xMBPortSerialGetByte
                0x08002920       0x14 ..\obj\portserial.o
                0x08002920                xMBPortSerialGetByte
 .text.eMBFuncReadCoils
                0x08002934       0x6c ..\obj\mbfunccoils.o
                0x08002934                eMBFuncReadCoils
 .text.eMBFuncWriteCoil
                0x080029a0       0x4a ..\obj\mbfunccoils.o
                0x080029a0                eMBFuncWriteCoil
 .text.eMBFuncWriteMultipleCoils
                0x080029ea       0x58 ..\obj\mbfunccoils.o
                0x080029ea                eMBFuncWriteMultipleCoils
 *fill*         0x08002a42        0x2 
 .text.EXTI_Init
                0x08002a44       0x74 ..\obj\stm32f4xx_exti.o
                0x08002a44                EXTI_Init
 .text.EXTI_GetITStatus
                0x08002ab8       0x1c ..\obj\stm32f4xx_exti.o
                0x08002ab8                EXTI_GetITStatus
 .text.EXTI_ClearITPendingBit
                0x08002ad4        0xc ..\obj\stm32f4xx_exti.o
                0x08002ad4                EXTI_ClearITPendingBit
 .text.NVIC_PriorityGroupConfig
                0x08002ae0       0x14 ..\obj\misc.o
                0x08002ae0                NVIC_PriorityGroupConfig
 .text.NVIC_Init
                0x08002af4       0x68 ..\obj\misc.o
                0x08002af4                NVIC_Init
 .text.svpwmInitGPIO
                0x08002b5c       0x94 ..\obj\svpwm.o
                0x08002b5c                svpwmInitGPIO
 .text.RCC_Configuration_Adc1
                0x08002bf0       0x20 ..\obj\svpwm.o
                0x08002bf0                RCC_Configuration_Adc1
 .text.RCC_Configuration_Adc2
                0x08002c10       0x18 ..\obj\svpwm.o
                0x08002c10                RCC_Configuration_Adc2
 .text.GPIO_Configuration_Adc1
                0x08002c28       0x60 ..\obj\svpwm.o
                0x08002c28                GPIO_Configuration_Adc1
 .text.GPIO_Configuration_Adc2
                0x08002c88       0x3c ..\obj\svpwm.o
                0x08002c88                GPIO_Configuration_Adc2
 .text.DMAInit  0x08002cc4       0x74 ..\obj\svpwm.o
                0x08002cc4                DMAInit
 .text.svpwmInitADC
                0x08002d38      0x174 ..\obj\svpwm.o
                0x08002d38                svpwmInitADC
 .text.DMA1_Stream1_IRQHandler
                0x08002eac        0x2 ..\obj\svpwm.o
                0x08002eac                DMA1_Stream1_IRQHandler
 *fill*         0x08002eae        0x2 
 .text.mcFocSVPWM_TTHI
                0x08002eb0      0x1b8 ..\obj\svpwm.o
                0x08002eb0                mcFocSVPWM_TTHI
 .text.svpwmInitSinTable
                0x08003068       0x58 ..\obj\svpwm.o
                0x08003068                svpwmInitSinTable
 .text.svpwmInitTIM
                0x080030c0      0x130 ..\obj\svpwm.o
                0x080030c0                svpwmInitTIM
 .text.svpwmInit
                0x080031f0        0xe ..\obj\svpwm.o
                0x080031f0                svpwmInit
 .text.FirstOrderLagFilter
                0x080031fe       0x1a ..\obj\filter.o
                0x080031fe                FirstOrderLagFilter
 .text.ffilter  0x08003218       0x44 ..\obj\filter.o
                0x08003218                ffilter
 .text.eMBASCIIInit
                0x0800325c       0x34 ..\obj\mbascii.o
                0x0800325c                eMBASCIIInit
 .text.eMBASCIIStart
                0x08003290       0x20 ..\obj\mbascii.o
                0x08003290                eMBASCIIStart
 .text.eMBASCIIStop
                0x080032b0       0x14 ..\obj\mbascii.o
                0x080032b0                eMBASCIIStop
 .text.eMBASCIIReceive
                0x080032c4       0x5c ..\obj\mbascii.o
                0x080032c4                eMBASCIIReceive
 .text.eMBASCIISend
                0x08003320       0x6c ..\obj\mbascii.o
                0x08003320                eMBASCIISend
 .text.xMBASCIIReceiveFSM
                0x0800338c       0xf4 ..\obj\mbascii.o
                0x0800338c                xMBASCIIReceiveFSM
 .text.xMBASCIITransmitFSM
                0x08003480       0xbc ..\obj\mbascii.o
                0x08003480                xMBASCIITransmitFSM
 .text.xMBASCIITimerT1SExpired
                0x0800353c       0x1c ..\obj\mbascii.o
                0x0800353c                xMBASCIITimerT1SExpired
 .text.pidInit_test
                0x08003558       0x20 ..\obj\pid.o
                0x08003558                pidInit_test
 .text.pidSetOutLimit_test
                0x08003578        0xa ..\obj\pid.o
                0x08003578                pidSetOutLimit_test
 .text.pidSetIntegralLimit_test
                0x08003582        0xe ..\obj\pid.o
                0x08003582                pidSetIntegralLimit_test
 .text.pidTask_test
                0x08003590       0x96 ..\obj\pid.o
                0x08003590                pidTask_test
 .text.pidInit  0x08003626       0x18 ..\obj\pid.o
                0x08003626                pidInit
 .text.pidSetOutLimit
                0x0800363e        0xa ..\obj\pid.o
                0x0800363e                pidSetOutLimit
 .text.pidSetIntegralLimit
                0x08003648        0xe ..\obj\pid.o
                0x08003648                pidSetIntegralLimit
 .text.pidSetInputRange
                0x08003656        0xe ..\obj\pid.o
                0x08003656                pidSetInputRange
 .text.pidTask  0x08003664       0xcc ..\obj\pid.o
                0x08003664                pidTask
 .text.TI1_Config
                0x08003730       0x36 ..\obj\stm32f4xx_tim.o
 .text.TI2_Config
                0x08003766       0x3c ..\obj\stm32f4xx_tim.o
 *fill*         0x080037a2        0x2 
 .text.TIM_DeInit
                0x080037a4      0x16c ..\obj\stm32f4xx_tim.o
                0x080037a4                TIM_DeInit
 .text.TIM_TimeBaseInit
                0x08003910       0x7c ..\obj\stm32f4xx_tim.o
                0x08003910                TIM_TimeBaseInit
 .text.TIM_TimeBaseStructInit
                0x0800398c       0x12 ..\obj\stm32f4xx_tim.o
                0x0800398c                TIM_TimeBaseStructInit
 .text.TIM_SetCounter
                0x0800399e        0x4 ..\obj\stm32f4xx_tim.o
                0x0800399e                TIM_SetCounter
 .text.TIM_ARRPreloadConfig
                0x080039a2       0x18 ..\obj\stm32f4xx_tim.o
                0x080039a2                TIM_ARRPreloadConfig
 .text.TIM_Cmd  0x080039ba       0x18 ..\obj\stm32f4xx_tim.o
                0x080039ba                TIM_Cmd
 *fill*         0x080039d2        0x2 
 .text.TIM_OC1Init
                0x080039d4       0x70 ..\obj\stm32f4xx_tim.o
                0x080039d4                TIM_OC1Init
 .text.TIM_OC2Init
                0x08003a44       0x80 ..\obj\stm32f4xx_tim.o
                0x08003a44                TIM_OC2Init
 .text.TIM_OC3Init
                0x08003ac4       0x7c ..\obj\stm32f4xx_tim.o
                0x08003ac4                TIM_OC3Init
 .text.TIM_OC4Init
                0x08003b40       0x64 ..\obj\stm32f4xx_tim.o
                0x08003b40                TIM_OC4Init
 .text.TIM_OCStructInit
                0x08003ba4       0x14 ..\obj\stm32f4xx_tim.o
                0x08003ba4                TIM_OCStructInit
 .text.TIM_SetCompare1
                0x08003bb8        0x4 ..\obj\stm32f4xx_tim.o
                0x08003bb8                TIM_SetCompare1
 .text.TIM_SetCompare2
                0x08003bbc        0x4 ..\obj\stm32f4xx_tim.o
                0x08003bbc                TIM_SetCompare2
 .text.TIM_SetCompare3
                0x08003bc0        0x4 ..\obj\stm32f4xx_tim.o
                0x08003bc0                TIM_SetCompare3
 .text.TIM_OC1PreloadConfig
                0x08003bc4       0x10 ..\obj\stm32f4xx_tim.o
                0x08003bc4                TIM_OC1PreloadConfig
 .text.TIM_OC2PreloadConfig
                0x08003bd4       0x14 ..\obj\stm32f4xx_tim.o
                0x08003bd4                TIM_OC2PreloadConfig
 .text.TIM_OC3PreloadConfig
                0x08003be8       0x10 ..\obj\stm32f4xx_tim.o
                0x08003be8                TIM_OC3PreloadConfig
 .text.TIM_OC4PreloadConfig
                0x08003bf8       0x14 ..\obj\stm32f4xx_tim.o
                0x08003bf8                TIM_OC4PreloadConfig
 .text.TIM_ICStructInit
                0x08003c0c       0x10 ..\obj\stm32f4xx_tim.o
                0x08003c0c                TIM_ICStructInit
 .text.TIM_GetCapture1
                0x08003c1c        0x4 ..\obj\stm32f4xx_tim.o
                0x08003c1c                TIM_GetCapture1
 .text.TIM_SetIC1Prescaler
                0x08003c20       0x16 ..\obj\stm32f4xx_tim.o
                0x08003c20                TIM_SetIC1Prescaler
 .text.TIM_SetIC2Prescaler
                0x08003c36       0x1a ..\obj\stm32f4xx_tim.o
                0x08003c36                TIM_SetIC2Prescaler
 .text.TIM_SetIC3Prescaler
                0x08003c50       0x16 ..\obj\stm32f4xx_tim.o
                0x08003c50                TIM_SetIC3Prescaler
 .text.TIM_SetIC4Prescaler
                0x08003c66       0x1a ..\obj\stm32f4xx_tim.o
                0x08003c66                TIM_SetIC4Prescaler
 .text.TIM_ICInit
                0x08003c80       0xae ..\obj\stm32f4xx_tim.o
                0x08003c80                TIM_ICInit
 .text.TIM_BDTRConfig
                0x08003d2e       0x22 ..\obj\stm32f4xx_tim.o
                0x08003d2e                TIM_BDTRConfig
 .text.TIM_GetITStatus
                0x08003d50       0x16 ..\obj\stm32f4xx_tim.o
                0x08003d50                TIM_GetITStatus
 .text.TIM_ClearITPendingBit
                0x08003d66        0x8 ..\obj\stm32f4xx_tim.o
                0x08003d66                TIM_ClearITPendingBit
 .text.TIM_DMACmd
                0x08003d6e       0x12 ..\obj\stm32f4xx_tim.o
                0x08003d6e                TIM_DMACmd
 .text.TIM_ITConfig
                0x08003d80        0x4 ..\obj\stm32f4xx_tim.o
                0x08003d80                TIM_ITConfig
 .text.TIM_EncoderInterfaceConfig
                0x08003d84       0x3e ..\obj\stm32f4xx_tim.o
                0x08003d84                TIM_EncoderInterfaceConfig
 *fill*         0x08003dc2        0x2 
 .text.cosf     0x08003dc4       0x90 c:/program files (x86)/gnu tools arm embedded/6 2017-q1-update/bin/../lib/gcc/arm-none-eabi/6.3.1/../../../../arm-none-eabi/lib/thumb/v7e-m/fpv4-sp/hard\libm.a(lib_a-sf_cos.o)
                0x08003dc4                cosf
 .text.sinf     0x08003e54       0x94 c:/program files (x86)/gnu tools arm embedded/6 2017-q1-update/bin/../lib/gcc/arm-none-eabi/6.3.1/../../../../arm-none-eabi/lib/thumb/v7e-m/fpv4-sp/hard\libm.a(lib_a-sf_sin.o)
                0x08003e54                sinf
 .text.sqrtf    0x08003ee8       0xac c:/program files (x86)/gnu tools arm embedded/6 2017-q1-update/bin/../lib/gcc/arm-none-eabi/6.3.1/../../../../arm-none-eabi/lib/thumb/v7e-m/fpv4-sp/hard\libm.a(lib_a-wf_sqrt.o)
                0x08003ee8                sqrtf
 .text.__ieee754_rem_pio2f
                0x08003f94      0x290 c:/program files (x86)/gnu tools arm embedded/6 2017-q1-update/bin/../lib/gcc/arm-none-eabi/6.3.1/../../../../arm-none-eabi/lib/thumb/v7e-m/fpv4-sp/hard\libm.a(lib_a-ef_rem_pio2.o)
                0x08003f94                __ieee754_rem_pio2f
 .text.__ieee754_sqrtf
                0x08004224       0xa0 c:/program files (x86)/gnu tools arm embedded/6 2017-q1-update/bin/../lib/gcc/arm-none-eabi/6.3.1/../../../../arm-none-eabi/lib/thumb/v7e-m/fpv4-sp/hard\libm.a(lib_a-ef_sqrt.o)
                0x08004224                __ieee754_sqrtf
 .text.__kernel_cosf
                0x080042c4      0x104 c:/program files (x86)/gnu tools arm embedded/6 2017-q1-update/bin/../lib/gcc/arm-none-eabi/6.3.1/../../../../arm-none-eabi/lib/thumb/v7e-m/fpv4-sp/hard\libm.a(lib_a-kf_cos.o)
                0x080042c4                __kernel_cosf
 .text.__kernel_rem_pio2f
                0x080043c8      0x690 c:/program files (x86)/gnu tools arm embedded/6 2017-q1-update/bin/../lib/gcc/arm-none-eabi/6.3.1/../../../../arm-none-eabi/lib/thumb/v7e-m/fpv4-sp/hard\libm.a(lib_a-kf_rem_pio2.o)
                0x080043c8                __kernel_rem_pio2f
 .text.__kernel_sinf
                0x08004a58       0x90 c:/program files (x86)/gnu tools arm embedded/6 2017-q1-update/bin/../lib/gcc/arm-none-eabi/6.3.1/../../../../arm-none-eabi/lib/thumb/v7e-m/fpv4-sp/hard\libm.a(lib_a-kf_sin.o)
                0x08004a58                __kernel_sinf
 .text.matherr  0x08004ae8        0x4 c:/program files (x86)/gnu tools arm embedded/6 2017-q1-update/bin/../lib/gcc/arm-none-eabi/6.3.1/../../../../arm-none-eabi/lib/thumb/v7e-m/fpv4-sp/hard\libm.a(lib_a-s_matherr.o)
                0x08004ae8                matherr
 .text.fabsf    0x08004aec       0x10 c:/program files (x86)/gnu tools arm embedded/6 2017-q1-update/bin/../lib/gcc/arm-none-eabi/6.3.1/../../../../arm-none-eabi/lib/thumb/v7e-m/fpv4-sp/hard\libm.a(lib_a-sf_fabs.o)
                0x08004aec                fabsf
 .text.floorf   0x08004afc       0x90 c:/program files (x86)/gnu tools arm embedded/6 2017-q1-update/bin/../lib/gcc/arm-none-eabi/6.3.1/../../../../arm-none-eabi/lib/thumb/v7e-m/fpv4-sp/hard\libm.a(lib_a-sf_floor.o)
                0x08004afc                floorf
 .text.scalbnf  0x08004b8c       0xd0 c:/program files (x86)/gnu tools arm embedded/6 2017-q1-update/bin/../lib/gcc/arm-none-eabi/6.3.1/../../../../arm-none-eabi/lib/thumb/v7e-m/fpv4-sp/hard\libm.a(lib_a-sf_scalbn.o)
                0x08004b8c                scalbnf
 .text.copysignf
                0x08004c5c       0x18 c:/program files (x86)/gnu tools arm embedded/6 2017-q1-update/bin/../lib/gcc/arm-none-eabi/6.3.1/../../../../arm-none-eabi/lib/thumb/v7e-m/fpv4-sp/hard\libm.a(lib_a-sf_copysign.o)
                0x08004c5c                copysignf
 .text          0x08004c74      0x370 c:/program files (x86)/gnu tools arm embedded/6 2017-q1-update/bin/../lib/gcc/arm-none-eabi/6.3.1/thumb/v7e-m/fpv4-sp/hard\libgcc.a(_arm_addsubdf3.o)
                0x08004c74                __aeabi_drsub
                0x08004c7c                __aeabi_dsub
                0x08004c7c                __subdf3
                0x08004c80                __aeabi_dadd
                0x08004c80                __adddf3
                0x08004ef8                __floatunsidf
                0x08004ef8                __aeabi_ui2d
                0x08004f18                __floatsidf
                0x08004f18                __aeabi_i2d
                0x08004f3c                __aeabi_f2d
                0x08004f3c                __extendsfdf2
                0x08004f78                __floatundidf
                0x08004f78                __aeabi_ul2d
                0x08004f88                __floatdidf
                0x08004f88                __aeabi_l2d
 .text          0x08004fe4      0x424 c:/program files (x86)/gnu tools arm embedded/6 2017-q1-update/bin/../lib/gcc/arm-none-eabi/6.3.1/thumb/v7e-m/fpv4-sp/hard\libgcc.a(_arm_muldivdf3.o)
                0x08004fe4                __aeabi_dmul
                0x08004fe4                __muldf3
                0x08005238                __divdf3
                0x08005238                __aeabi_ddiv
 .text          0x08005408       0xa0 c:/program files (x86)/gnu tools arm embedded/6 2017-q1-update/bin/../lib/gcc/arm-none-eabi/6.3.1/thumb/v7e-m/fpv4-sp/hard\libgcc.a(_arm_truncdfsf2.o)
                0x08005408                __truncdfsf2
                0x08005408                __aeabi_d2f
 .text.__errno  0x080054a8        0xc c:/program files (x86)/gnu tools arm embedded/6 2017-q1-update/bin/../lib/gcc/arm-none-eabi/6.3.1/../../../../arm-none-eabi/lib/thumb/v7e-m/fpv4-sp/hard\libc.a(lib_a-errno.o)
                0x080054a8                __errno
 .text          0x080054b4      0x134 c:/program files (x86)/gnu tools arm embedded/6 2017-q1-update/bin/../lib/gcc/arm-none-eabi/6.3.1/../../../../arm-none-eabi/lib/thumb/v7e-m/fpv4-sp/hard\libc.a(lib_a-memcpy.o)
                0x080054b4                memcpy
 .text.memset   0x080055e8       0x9c c:/program files (x86)/gnu tools arm embedded/6 2017-q1-update/bin/../lib/gcc/arm-none-eabi/6.3.1/../../../../arm-none-eabi/lib/thumb/v7e-m/fpv4-sp/hard\libc.a(lib_a-memset.o)
                0x080055e8                memset
 .text.startup.register_fini
                0x08005684       0x14 c:/program files (x86)/gnu tools arm embedded/6 2017-q1-update/bin/../lib/gcc/arm-none-eabi/6.3.1/../../../../arm-none-eabi/lib/thumb/v7e-m/fpv4-sp/hard\libc.a(lib_a-__call_atexit.o)
 .text.atexit   0x08005698        0xc c:/program files (x86)/gnu tools arm embedded/6 2017-q1-update/bin/../lib/gcc/arm-none-eabi/6.3.1/../../../../arm-none-eabi/lib/thumb/v7e-m/fpv4-sp/hard\libc.a(lib_a-atexit.o)
                0x08005698                atexit
 .text.__libc_fini_array
                0x080056a4       0x34 c:/program files (x86)/gnu tools arm embedded/6 2017-q1-update/bin/../lib/gcc/arm-none-eabi/6.3.1/../../../../arm-none-eabi/lib/thumb/v7e-m/fpv4-sp/hard\libc.a(lib_a-fini.o)
                0x080056a4                __libc_fini_array
 .text.__retarget_lock_acquire_recursive
                0x080056d8        0x4 c:/program files (x86)/gnu tools arm embedded/6 2017-q1-update/bin/../lib/gcc/arm-none-eabi/6.3.1/../../../../arm-none-eabi/lib/thumb/v7e-m/fpv4-sp/hard\libc.a(lib_a-lock.o)
                0x080056d8                __retarget_lock_acquire_recursive
 .text.__retarget_lock_release_recursive
                0x080056dc        0x4 c:/program files (x86)/gnu tools arm embedded/6 2017-q1-update/bin/../lib/gcc/arm-none-eabi/6.3.1/../../../../arm-none-eabi/lib/thumb/v7e-m/fpv4-sp/hard\libc.a(lib_a-lock.o)
                0x080056dc                __retarget_lock_release_recursive
 .text.__register_exitproc
                0x080056e0       0xc4 c:/program files (x86)/gnu tools arm embedded/6 2017-q1-update/bin/../lib/gcc/arm-none-eabi/6.3.1/../../../../arm-none-eabi/lib/thumb/v7e-m/fpv4-sp/hard\libc.a(lib_a-__atexit.o)
                0x080056e0                __register_exitproc
 *(.init)
 .init          0x080057a4        0x4 c:/program files (x86)/gnu tools arm embedded/6 2017-q1-update/bin/../lib/gcc/arm-none-eabi/6.3.1/thumb/v7e-m/fpv4-sp/hard/crti.o
                0x080057a4                _init
 .init          0x080057a8        0x8 c:/program files (x86)/gnu tools arm embedded/6 2017-q1-update/bin/../lib/gcc/arm-none-eabi/6.3.1/thumb/v7e-m/fpv4-sp/hard/crtn.o
 *(.fini)
 .fini          0x080057b0        0x4 c:/program files (x86)/gnu tools arm embedded/6 2017-q1-update/bin/../lib/gcc/arm-none-eabi/6.3.1/thumb/v7e-m/fpv4-sp/hard/crti.o
                0x080057b0                _fini
 .fini          0x080057b4        0x8 c:/program files (x86)/gnu tools arm embedded/6 2017-q1-update/bin/../lib/gcc/arm-none-eabi/6.3.1/thumb/v7e-m/fpv4-sp/hard/crtn.o
 *crtbegin.o(.ctors)
 *crtbegin?.o(.ctors)
 *(EXCLUDE_FILE(*crtend.o *crtend?.o) .ctors)
 *(SORT(.ctors.*))
 *(.ctors)
 *crtbegin.o(.dtors)
 *crtbegin?.o(.dtors)
 *(EXCLUDE_FILE(*crtend.o *crtend?.o) .dtors)
 *(SORT(.dtors.*))
 *(.dtors)
 *(.rodata*)
 .rodata        0x080057bc        0x8 ..\obj\mbutils.o
 .rodata        0x080057c4      0x200 ..\obj\mbcrc.o
 .rodata        0x080059c4       0xb0 ..\obj\encoder.o
 .rodata.sqrtf.str1.4
                0x08005a74        0x8 c:/program files (x86)/gnu tools arm embedded/6 2017-q1-update/bin/../lib/gcc/arm-none-eabi/6.3.1/../../../../arm-none-eabi/lib/thumb/v7e-m/fpv4-sp/hard\libm.a(lib_a-wf_sqrt.o)
                                  0x6 (size before relaxing)
 .rodata.npio2_hw
                0x08005a7c       0x80 c:/program files (x86)/gnu tools arm embedded/6 2017-q1-update/bin/../lib/gcc/arm-none-eabi/6.3.1/../../../../arm-none-eabi/lib/thumb/v7e-m/fpv4-sp/hard\libm.a(lib_a-ef_rem_pio2.o)
 .rodata.two_over_pi
                0x08005afc      0x318 c:/program files (x86)/gnu tools arm embedded/6 2017-q1-update/bin/../lib/gcc/arm-none-eabi/6.3.1/../../../../arm-none-eabi/lib/thumb/v7e-m/fpv4-sp/hard\libm.a(lib_a-ef_rem_pio2.o)
 .rodata.PIo2   0x08005e14       0x2c c:/program files (x86)/gnu tools arm embedded/6 2017-q1-update/bin/../lib/gcc/arm-none-eabi/6.3.1/../../../../arm-none-eabi/lib/thumb/v7e-m/fpv4-sp/hard\libm.a(lib_a-kf_rem_pio2.o)
 .rodata.init_jk
                0x08005e40        0xc c:/program files (x86)/gnu tools arm embedded/6 2017-q1-update/bin/../lib/gcc/arm-none-eabi/6.3.1/../../../../arm-none-eabi/lib/thumb/v7e-m/fpv4-sp/hard\libm.a(lib_a-kf_rem_pio2.o)
 .rodata._global_impure_ptr
                0x08005e4c        0x4 c:/program files (x86)/gnu tools arm embedded/6 2017-q1-update/bin/../lib/gcc/arm-none-eabi/6.3.1/../../../../arm-none-eabi/lib/thumb/v7e-m/fpv4-sp/hard\libc.a(lib_a-impure.o)
                0x08005e4c                _global_impure_ptr
 *(.eh_fram e*)

.eh_frame       0x08005e50        0x0
 .eh_frame      0x08005e50        0x0 c:/program files (x86)/gnu tools arm embedded/6 2017-q1-update/bin/../lib/gcc/arm-none-eabi/6.3.1/thumb/v7e-m/fpv4-sp/hard/crtbegin.o

.glue_7         0x08005e50        0x0
 .glue_7        0x08005e50        0x0 linker stubs

.glue_7t        0x08005e50        0x0
 .glue_7t       0x08005e50        0x0 linker stubs

.vfp11_veneer   0x08005e50        0x0
 .vfp11_veneer  0x08005e50        0x0 linker stubs

.v4_bx          0x08005e50        0x0
 .v4_bx         0x08005e50        0x0 linker stubs

.iplt           0x08005e50        0x0
 .iplt          0x08005e50        0x0 c:/program files (x86)/gnu tools arm embedded/6 2017-q1-update/bin/../lib/gcc/arm-none-eabi/6.3.1/thumb/v7e-m/fpv4-sp/hard/crtbegin.o

.rel.dyn        0x08005e50        0x0
 .rel.iplt      0x08005e50        0x0 c:/program files (x86)/gnu tools arm embedded/6 2017-q1-update/bin/../lib/gcc/arm-none-eabi/6.3.1/thumb/v7e-m/fpv4-sp/hard/crtbegin.o

.ARM.extab
 *(.ARM.extab* .gnu.linkonce.armextab.*)
                0x08005e50                __exidx_start = .

.ARM.exidx
 *(.ARM.exidx* .gnu.linkonce.armexidx.*)
                0x08005e50                __exidx_end = .
                0x08005e50                __etext = .
                0x08005e50                _sidata = __etext

.data           0x20000000      0x4ec load address 0x08005e50
                0x20000000                __data_start__ = .
                0x20000000                _sdata = __data_start__
 *(vtable)
 *(.data*)
 .data          0x20000000       0x84 ..\obj\mb.o
 .data          0x20000084       0x10 ..\obj\stm32f4xx_rcc.o
 .data          0x20000094       0x14 ..\obj\system_stm32f4xx.o
                0x20000094                SystemCoreClock
                0x20000098                AHBPrescTable
 .data.__fdlib_version
                0x200000a8        0x1 c:/program files (x86)/gnu tools arm embedded/6 2017-q1-update/bin/../lib/gcc/arm-none-eabi/6.3.1/../../../../arm-none-eabi/lib/thumb/v7e-m/fpv4-sp/hard\libm.a(lib_a-s_lib_ver.o)
                0x200000a8                __fdlib_version
 *fill*         0x200000a9        0x3 
 .data._impure_ptr
                0x200000ac        0x4 c:/program files (x86)/gnu tools arm embedded/6 2017-q1-update/bin/../lib/gcc/arm-none-eabi/6.3.1/../../../../arm-none-eabi/lib/thumb/v7e-m/fpv4-sp/hard\libc.a(lib_a-impure.o)
                0x200000ac                _impure_ptr
 .data.impure_data
                0x200000b0      0x428 c:/program files (x86)/gnu tools arm embedded/6 2017-q1-update/bin/../lib/gcc/arm-none-eabi/6.3.1/../../../../arm-none-eabi/lib/thumb/v7e-m/fpv4-sp/hard\libc.a(lib_a-impure.o)
 .data.__atexit_recursive_mutex
                0x200004d8        0x4 c:/program files (x86)/gnu tools arm embedded/6 2017-q1-update/bin/../lib/gcc/arm-none-eabi/6.3.1/../../../../arm-none-eabi/lib/thumb/v7e-m/fpv4-sp/hard\libc.a(lib_a-__call_atexit.o)
                0x200004d8                __atexit_recursive_mutex
                0x200004dc                . = ALIGN (0x4)
                0x200004dc                PROVIDE (__preinit_array_start, .)
 *(.preinit_array)
                0x200004dc                PROVIDE (__preinit_array_end, .)
                0x200004dc                . = ALIGN (0x4)
                0x200004dc                PROVIDE (__init_array_start, .)
 *(SORT(.init_array.*))
 .init_array.00000
                0x200004dc        0x4 c:/program files (x86)/gnu tools arm embedded/6 2017-q1-update/bin/../lib/gcc/arm-none-eabi/6.3.1/../../../../arm-none-eabi/lib/thumb/v7e-m/fpv4-sp/hard\libc.a(lib_a-__call_atexit.o)
 *(.init_array)
 .init_array    0x200004e0        0x4 c:/program files (x86)/gnu tools arm embedded/6 2017-q1-update/bin/../lib/gcc/arm-none-eabi/6.3.1/thumb/v7e-m/fpv4-sp/hard/crtbegin.o
                0x200004e4                PROVIDE (__init_array_end, .)
                0x200004e4                . = ALIGN (0x4)
                0x200004e4                PROVIDE (__fini_array_start, .)
 *(SORT(.fini_array.*))
 *(.fini_array)
 .fini_array    0x200004e4        0x4 c:/program files (x86)/gnu tools arm embedded/6 2017-q1-update/bin/../lib/gcc/arm-none-eabi/6.3.1/thumb/v7e-m/fpv4-sp/hard/crtbegin.o
                0x200004e8                PROVIDE (__fini_array_end, .)
 *(.jcr*)
 .jcr           0x200004e8        0x0 c:/program files (x86)/gnu tools arm embedded/6 2017-q1-update/bin/../lib/gcc/arm-none-eabi/6.3.1/thumb/v7e-m/fpv4-sp/hard/crtbegin.o
 .jcr           0x200004e8        0x4 c:/program files (x86)/gnu tools arm embedded/6 2017-q1-update/bin/../lib/gcc/arm-none-eabi/6.3.1/thumb/v7e-m/fpv4-sp/hard/crtend.o
                0x200004ec                . = ALIGN (0x4)
                0x200004ec                __data_end__ = .
                0x200004ec                _edata = __data_end__

.igot.plt       0x200004ec        0x0 load address 0x0800633c
 .igot.plt      0x200004ec        0x0 c:/program files (x86)/gnu tools arm embedded/6 2017-q1-update/bin/../lib/gcc/arm-none-eabi/6.3.1/thumb/v7e-m/fpv4-sp/hard/crtbegin.o

.bss            0x200004ec     0xc510 load address 0x0800633c
                0x200004ec                . = ALIGN (0x4)
                0x200004ec                __bss_start__ = .
                0x200004ec                _sbss = __bss_start__
 *(.bss*)
 .bss           0x200004ec       0x1c c:/program files (x86)/gnu tools arm embedded/6 2017-q1-update/bin/../lib/gcc/arm-none-eabi/6.3.1/thumb/v7e-m/fpv4-sp/hard/crtbegin.o
 .bss           0x20000508       0x23 ..\obj\mb.o
 .bss           0x2000052b        0x2 ..\obj\portevent.o
 *fill*         0x2000052d        0x1 
 .bss           0x2000052e       0x22 ..\obj\mbfuncother.o
 .bss           0x20000550       0x64 ..\obj\main.o
 .bss           0x200005b4      0x140 ..\obj\foc.o
 .bss           0x200006f4     0x8012 ..\obj\encoder.o
                0x200006f4                sanyo_uvw
                0x20008700                uwTIM10PulseLength
                0x20008704                tim8_overflow
 *fill*         0x20008706        0x2 
 .bss           0x20008708        0xb ..\obj\mbrtu.o
 *fill*         0x20008713        0x1 
 .bss           0x20008714     0x4000 ..\obj\svpwm.o
 .bss           0x2000c714        0xd ..\obj\mbascii.o
 *(COMMON)
 *fill*         0x2000c721        0x3 
 COMMON         0x2000c724       0x14 ..\obj\mb.o
                0x2000c724                pxMBFrameCBTransmitterEmpty
                0x2000c728                pxMBPortCBTimerExpired
                0x2000c72c                pxMBFrameCBByteReceived
                0x2000c730                pxMBFrameCBTransmitFSMCur
                0x2000c734                pxMBFrameCBReceiveFSMCur
 COMMON         0x2000c738      0x104 ..\obj\main.o
                0x2000c738                stFoc
 COMMON         0x2000c83c       0x9c ..\obj\foc.o
                0x2000c83c                pidPos
                0x2000c870                sp_speed
                0x2000c874                pv_speed
                0x2000c878                vel
                0x2000c87c                sp_pos
                0x2000c880                pidSpeed
                0x2000c8b4                ADC_values
                0x2000c8c4                enc_delta
                0x2000c8c6                ai1
                0x2000c8c8                pv_pos
                0x2000c8cc                ai0
                0x2000c8d0                ai0_filtered_value
                0x2000c8d4                sp_counter
 COMMON         0x2000c8d8      0x100 ..\obj\mbrtu.o
                0x2000c8d8                ucRTUBuf
 COMMON         0x2000c9d8       0x21 c:/program files (x86)/gnu tools arm embedded/6 2017-q1-update/bin/../lib/gcc/arm-none-eabi/6.3.1/../../../../arm-none-eabi/lib/thumb/v7e-m/fpv4-sp/hard\libc.a(lib_a-lock.o)
                0x2000c9d8                __lock___atexit_recursive_mutex
                0x2000c9dc                __lock___arc4random_mutex
                0x2000c9e0                __lock___env_recursive_mutex
                0x2000c9e4                __lock___sinit_recursive_mutex
                0x2000c9e8                __lock___malloc_recursive_mutex
                0x2000c9ec                __lock___at_quick_exit_mutex
                0x2000c9f0                __lock___dd_hash_mutex
                0x2000c9f4                __lock___tz_mutex
                0x2000c9f8                __lock___sfp_recursive_mutex
                0x2000c9fc                . = ALIGN (0x4)
 *fill*         0x2000c9f9        0x3 
                0x2000c9fc                __bss_end__ = .
                0x2000c9fc                _ebss = __bss_end__

.heap           0x2000c9fc        0x0
                0x2000c9fc                __end__ = .
                0x2000c9fc                _end = __end__
                0x2000c9fc                end = __end__
 *(.heap*)
                0x2000c9fc                __HeapLimit = .

.co_stack       0x2000c9fc      0x804 load address 0x0801284c
                0x2000ca00                . = ALIGN (0x8)
 *fill*         0x2000c9fc        0x4 
 *(.co_stack .co_stack.*)
 .co_stack      0x2000ca00      0x800 ..\obj\startup_stm32f4xx.o
                0x2000ca00                pulStack
                0x20020000                __StackTop = (ORIGIN (ram) + LENGTH (ram))
                0x2001f7fc                __StackLimit = (__StackTop - SIZEOF (.co_stack))
                0x20020000                PROVIDE (__stack, __StackTop)
                0x00000001                ASSERT ((__StackLimit >= __HeapLimit), region ram  overflowed with stack)
LOAD ..\obj\stm32f4xx_syscfg.o
LOAD ..\obj\mb.o
LOAD ..\obj\mbfuncdisc.o
LOAD ..\obj\portevent.o
LOAD ..\obj\mbfuncother.o
LOAD ..\obj\stm32f4xx_usart.o
LOAD ..\obj\stm32f4xx_can.o
LOAD ..\obj\mbutils.o
LOAD ..\obj\stm32f4xx_dac.o
LOAD ..\obj\startup_stm32f4xx.o
LOAD ..\obj\mbfuncholding.o
LOAD ..\obj\main.o
LOAD ..\obj\mbcrc.o
LOAD ..\obj\stm32f4xx_rcc.o
LOAD ..\obj\foc.o
LOAD ..\obj\stm32f4xx_adc.o
LOAD ..\obj\mbfuncinput.o
LOAD ..\obj\encoder.o
LOAD ..\obj\mbfuncdiag.o
LOAD ..\obj\stm32f4xx_gpio.o
LOAD ..\obj\porttimer.o
LOAD ..\obj\mbrtu.o
LOAD ..\obj\system_stm32f4xx.o
LOAD ..\obj\syscalls.o
LOAD ..\obj\stm32f4xx_dma.o
LOAD ..\obj\port.o
LOAD ..\obj\portserial.o
LOAD ..\obj\mbfunccoils.o
LOAD ..\obj\stm32f4xx_exti.o
LOAD ..\obj\misc.o
LOAD ..\obj\svpwm.o
LOAD ..\obj\mbtcp.o
LOAD ..\obj\filter.o
LOAD ..\obj\mbascii.o
LOAD ..\obj\pid.o
LOAD ..\obj\stm32f4xx_tim.o
LOAD c:/program files (x86)/gnu tools arm embedded/6 2017-q1-update/bin/../lib/gcc/arm-none-eabi/6.3.1/../../../../arm-none-eabi/lib/thumb/v7e-m/fpv4-sp/hard\libm.a
LOAD c:/program files (x86)/gnu tools arm embedded/6 2017-q1-update/bin/../lib/gcc/arm-none-eabi/6.3.1/thumb/v7e-m/fpv4-sp/hard\libgcc.a
LOAD c:/program files (x86)/gnu tools arm embedded/6 2017-q1-update/bin/../lib/gcc/arm-none-eabi/6.3.1/../../../../arm-none-eabi/lib/thumb/v7e-m/fpv4-sp/hard\libc.a
START GROUP
LOAD c:/program files (x86)/gnu tools arm embedded/6 2017-q1-update/bin/../lib/gcc/arm-none-eabi/6.3.1/thumb/v7e-m/fpv4-sp/hard\libgcc.a
LOAD c:/program files (x86)/gnu tools arm embedded/6 2017-q1-update/bin/../lib/gcc/arm-none-eabi/6.3.1/../../../../arm-none-eabi/lib/thumb/v7e-m/fpv4-sp/hard\libg.a
LOAD c:/program files (x86)/gnu tools arm embedded/6 2017-q1-update/bin/../lib/gcc/arm-none-eabi/6.3.1/../../../../arm-none-eabi/lib/thumb/v7e-m/fpv4-sp/hard\libc.a
END GROUP
LOAD c:/program files (x86)/gnu tools arm embedded/6 2017-q1-update/bin/../lib/gcc/arm-none-eabi/6.3.1/thumb/v7e-m/fpv4-sp/hard/crtend.o
LOAD c:/program files (x86)/gnu tools arm embedded/6 2017-q1-update/bin/../lib/gcc/arm-none-eabi/6.3.1/thumb/v7e-m/fpv4-sp/hard/crtn.o
OUTPUT(main.elf elf32-littlearm)

.ARM.attributes
                0x00000000       0x30
 .ARM.attributes
                0x00000000       0x22 c:/program files (x86)/gnu tools arm embedded/6 2017-q1-update/bin/../lib/gcc/arm-none-eabi/6.3.1/thumb/v7e-m/fpv4-sp/hard/crti.o
 .ARM.attributes
                0x00000022       0x34 c:/program files (x86)/gnu tools arm embedded/6 2017-q1-update/bin/../lib/gcc/arm-none-eabi/6.3.1/thumb/v7e-m/fpv4-sp/hard/crtbegin.o
 .ARM.attributes
                0x00000056       0x39 ..\obj\stm32f4xx_syscfg.o
 .ARM.attributes
                0x0000008f       0x39 ..\obj\mb.o
 .ARM.attributes
                0x000000c8       0x39 ..\obj\mbfuncdisc.o
 .ARM.attributes
                0x00000101       0x39 ..\obj\portevent.o
 .ARM.attributes
                0x0000013a       0x39 ..\obj\mbfuncother.o
 .ARM.attributes
                0x00000173       0x39 ..\obj\stm32f4xx_usart.o
 .ARM.attributes
                0x000001ac       0x39 ..\obj\mbutils.o
 .ARM.attributes
                0x000001e5       0x39 ..\obj\stm32f4xx_dac.o
 .ARM.attributes
                0x0000021e       0x39 ..\obj\startup_stm32f4xx.o
 .ARM.attributes
                0x00000257       0x39 ..\obj\mbfuncholding.o
 .ARM.attributes
                0x00000290       0x39 ..\obj\main.o
 .ARM.attributes
                0x000002c9       0x39 ..\obj\mbcrc.o
 .ARM.attributes
                0x00000302       0x39 ..\obj\stm32f4xx_rcc.o
 .ARM.attributes
                0x0000033b       0x39 ..\obj\foc.o
 .ARM.attributes
                0x00000374       0x39 ..\obj\stm32f4xx_adc.o
 .ARM.attributes
                0x000003ad       0x39 ..\obj\mbfuncinput.o
 .ARM.attributes
                0x000003e6       0x39 ..\obj\encoder.o
 .ARM.attributes
                0x0000041f       0x39 ..\obj\stm32f4xx_gpio.o
 .ARM.attributes
                0x00000458       0x39 ..\obj\porttimer.o
 .ARM.attributes
                0x00000491       0x39 ..\obj\mbrtu.o
 .ARM.attributes
                0x000004ca       0x39 ..\obj\system_stm32f4xx.o
 .ARM.attributes
                0x00000503       0x39 ..\obj\stm32f4xx_dma.o
 .ARM.attributes
                0x0000053c       0x39 ..\obj\portserial.o
 .ARM.attributes
                0x00000575       0x39 ..\obj\mbfunccoils.o
 .ARM.attributes
                0x000005ae       0x39 ..\obj\stm32f4xx_exti.o
 .ARM.attributes
                0x000005e7       0x39 ..\obj\misc.o
 .ARM.attributes
                0x00000620       0x39 ..\obj\svpwm.o
 .ARM.attributes
                0x00000659       0x39 ..\obj\filter.o
 .ARM.attributes
                0x00000692       0x39 ..\obj\mbascii.o
 .ARM.attributes
                0x000006cb       0x39 ..\obj\pid.o
 .ARM.attributes
                0x00000704       0x39 ..\obj\stm32f4xx_tim.o
 .ARM.attributes
                0x0000073d       0x34 c:/program files (x86)/gnu tools arm embedded/6 2017-q1-update/bin/../lib/gcc/arm-none-eabi/6.3.1/../../../../arm-none-eabi/lib/thumb/v7e-m/fpv4-sp/hard\libm.a(lib_a-sf_cos.o)
 .ARM.attributes
                0x00000771       0x34 c:/program files (x86)/gnu tools arm embedded/6 2017-q1-update/bin/../lib/gcc/arm-none-eabi/6.3.1/../../../../arm-none-eabi/lib/thumb/v7e-m/fpv4-sp/hard\libm.a(lib_a-sf_sin.o)
 .ARM.attributes
                0x000007a5       0x34 c:/program files (x86)/gnu tools arm embedded/6 2017-q1-update/bin/../lib/gcc/arm-none-eabi/6.3.1/../../../../arm-none-eabi/lib/thumb/v7e-m/fpv4-sp/hard\libm.a(lib_a-wf_sqrt.o)
 .ARM.attributes
                0x000007d9       0x34 c:/program files (x86)/gnu tools arm embedded/6 2017-q1-update/bin/../lib/gcc/arm-none-eabi/6.3.1/../../../../arm-none-eabi/lib/thumb/v7e-m/fpv4-sp/hard\libm.a(lib_a-ef_rem_pio2.o)
 .ARM.attributes
                0x0000080d       0x34 c:/program files (x86)/gnu tools arm embedded/6 2017-q1-update/bin/../lib/gcc/arm-none-eabi/6.3.1/../../../../arm-none-eabi/lib/thumb/v7e-m/fpv4-sp/hard\libm.a(lib_a-ef_sqrt.o)
 .ARM.attributes
                0x00000841       0x34 c:/program files (x86)/gnu tools arm embedded/6 2017-q1-update/bin/../lib/gcc/arm-none-eabi/6.3.1/../../../../arm-none-eabi/lib/thumb/v7e-m/fpv4-sp/hard\libm.a(lib_a-kf_cos.o)
 .ARM.attributes
                0x00000875       0x34 c:/program files (x86)/gnu tools arm embedded/6 2017-q1-update/bin/../lib/gcc/arm-none-eabi/6.3.1/../../../../arm-none-eabi/lib/thumb/v7e-m/fpv4-sp/hard\libm.a(lib_a-kf_rem_pio2.o)
 .ARM.attributes
                0x000008a9       0x34 c:/program files (x86)/gnu tools arm embedded/6 2017-q1-update/bin/../lib/gcc/arm-none-eabi/6.3.1/../../../../arm-none-eabi/lib/thumb/v7e-m/fpv4-sp/hard\libm.a(lib_a-kf_sin.o)
 .ARM.attributes
                0x000008dd       0x34 c:/program files (x86)/gnu tools arm embedded/6 2017-q1-update/bin/../lib/gcc/arm-none-eabi/6.3.1/../../../../arm-none-eabi/lib/thumb/v7e-m/fpv4-sp/hard\libm.a(lib_a-s_lib_ver.o)
 .ARM.attributes
                0x00000911       0x34 c:/program files (x86)/gnu tools arm embedded/6 2017-q1-update/bin/../lib/gcc/arm-none-eabi/6.3.1/../../../../arm-none-eabi/lib/thumb/v7e-m/fpv4-sp/hard\libm.a(lib_a-s_matherr.o)
 .ARM.attributes
                0x00000945       0x34 c:/program files (x86)/gnu tools arm embedded/6 2017-q1-update/bin/../lib/gcc/arm-none-eabi/6.3.1/../../../../arm-none-eabi/lib/thumb/v7e-m/fpv4-sp/hard\libm.a(lib_a-sf_fabs.o)
 .ARM.attributes
                0x00000979       0x34 c:/program files (x86)/gnu tools arm embedded/6 2017-q1-update/bin/../lib/gcc/arm-none-eabi/6.3.1/../../../../arm-none-eabi/lib/thumb/v7e-m/fpv4-sp/hard\libm.a(lib_a-sf_floor.o)
 .ARM.attributes
                0x000009ad       0x34 c:/program files (x86)/gnu tools arm embedded/6 2017-q1-update/bin/../lib/gcc/arm-none-eabi/6.3.1/../../../../arm-none-eabi/lib/thumb/v7e-m/fpv4-sp/hard\libm.a(lib_a-sf_scalbn.o)
 .ARM.attributes
                0x000009e1       0x34 c:/program files (x86)/gnu tools arm embedded/6 2017-q1-update/bin/../lib/gcc/arm-none-eabi/6.3.1/../../../../arm-none-eabi/lib/thumb/v7e-m/fpv4-sp/hard\libm.a(lib_a-sf_copysign.o)
 .ARM.attributes
                0x00000a15       0x22 c:/program files (x86)/gnu tools arm embedded/6 2017-q1-update/bin/../lib/gcc/arm-none-eabi/6.3.1/thumb/v7e-m/fpv4-sp/hard\libgcc.a(_arm_addsubdf3.o)
 .ARM.attributes
                0x00000a37       0x22 c:/program files (x86)/gnu tools arm embedded/6 2017-q1-update/bin/../lib/gcc/arm-none-eabi/6.3.1/thumb/v7e-m/fpv4-sp/hard\libgcc.a(_arm_muldivdf3.o)
 .ARM.attributes
                0x00000a59       0x22 c:/program files (x86)/gnu tools arm embedded/6 2017-q1-update/bin/../lib/gcc/arm-none-eabi/6.3.1/thumb/v7e-m/fpv4-sp/hard\libgcc.a(_arm_truncdfsf2.o)
 .ARM.attributes
                0x00000a7b       0x34 c:/program files (x86)/gnu tools arm embedded/6 2017-q1-update/bin/../lib/gcc/arm-none-eabi/6.3.1/../../../../arm-none-eabi/lib/thumb/v7e-m/fpv4-sp/hard\libc.a(lib_a-errno.o)
 .ARM.attributes
                0x00000aaf       0x34 c:/program files (x86)/gnu tools arm embedded/6 2017-q1-update/bin/../lib/gcc/arm-none-eabi/6.3.1/../../../../arm-none-eabi/lib/thumb/v7e-m/fpv4-sp/hard\libc.a(lib_a-impure.o)
 .ARM.attributes
                0x00000ae3       0x20 c:/program files (x86)/gnu tools arm embedded/6 2017-q1-update/bin/../lib/gcc/arm-none-eabi/6.3.1/../../../../arm-none-eabi/lib/thumb/v7e-m/fpv4-sp/hard\libc.a(lib_a-memcpy.o)
 .ARM.attributes
                0x00000b03       0x34 c:/program files (x86)/gnu tools arm embedded/6 2017-q1-update/bin/../lib/gcc/arm-none-eabi/6.3.1/../../../../arm-none-eabi/lib/thumb/v7e-m/fpv4-sp/hard\libc.a(lib_a-memset.o)
 .ARM.attributes
                0x00000b37       0x34 c:/program files (x86)/gnu tools arm embedded/6 2017-q1-update/bin/../lib/gcc/arm-none-eabi/6.3.1/../../../../arm-none-eabi/lib/thumb/v7e-m/fpv4-sp/hard\libc.a(lib_a-__call_atexit.o)
 .ARM.attributes
                0x00000b6b       0x34 c:/program files (x86)/gnu tools arm embedded/6 2017-q1-update/bin/../lib/gcc/arm-none-eabi/6.3.1/../../../../arm-none-eabi/lib/thumb/v7e-m/fpv4-sp/hard\libc.a(lib_a-atexit.o)
 .ARM.attributes
                0x00000b9f       0x34 c:/program files (x86)/gnu tools arm embedded/6 2017-q1-update/bin/../lib/gcc/arm-none-eabi/6.3.1/../../../../arm-none-eabi/lib/thumb/v7e-m/fpv4-sp/hard\libc.a(lib_a-fini.o)
 .ARM.attributes
                0x00000bd3       0x34 c:/program files (x86)/gnu tools arm embedded/6 2017-q1-update/bin/../lib/gcc/arm-none-eabi/6.3.1/../../../../arm-none-eabi/lib/thumb/v7e-m/fpv4-sp/hard\libc.a(lib_a-lock.o)
 .ARM.attributes
                0x00000c07       0x34 c:/program files (x86)/gnu tools arm embedded/6 2017-q1-update/bin/../lib/gcc/arm-none-eabi/6.3.1/../../../../arm-none-eabi/lib/thumb/v7e-m/fpv4-sp/hard\libc.a(lib_a-__atexit.o)
 .ARM.attributes
                0x00000c3b       0x34 c:/program files (x86)/gnu tools arm embedded/6 2017-q1-update/bin/../lib/gcc/arm-none-eabi/6.3.1/thumb/v7e-m/fpv4-sp/hard/crtend.o
 .ARM.attributes
                0x00000c6f       0x22 c:/program files (x86)/gnu tools arm embedded/6 2017-q1-update/bin/../lib/gcc/arm-none-eabi/6.3.1/thumb/v7e-m/fpv4-sp/hard/crtn.o

.comment        0x00000000       0x7f
 .comment       0x00000000       0x7f ..\obj\stm32f4xx_syscfg.o
                                 0x80 (size before relaxing)
 .comment       0x0000007f       0x80 ..\obj\mb.o
 .comment       0x0000007f       0x80 ..\obj\mbfuncdisc.o
 .comment       0x0000007f       0x80 ..\obj\portevent.o
 .comment       0x0000007f       0x80 ..\obj\mbfuncother.o
 .comment       0x0000007f       0x80 ..\obj\stm32f4xx_usart.o
 .comment       0x0000007f       0x80 ..\obj\mbutils.o
 .comment       0x0000007f       0x80 ..\obj\stm32f4xx_dac.o
 .comment       0x0000007f       0x80 ..\obj\startup_stm32f4xx.o
 .comment       0x0000007f       0x80 ..\obj\mbfuncholding.o
 .comment       0x0000007f       0x80 ..\obj\main.o
 .comment       0x0000007f       0x80 ..\obj\mbcrc.o
 .comment       0x0000007f       0x80 ..\obj\stm32f4xx_rcc.o
 .comment       0x0000007f       0x80 ..\obj\foc.o
 .comment       0x0000007f       0x80 ..\obj\stm32f4xx_adc.o
 .comment       0x0000007f       0x80 ..\obj\mbfuncinput.o
 .comment       0x0000007f       0x80 ..\obj\encoder.o
 .comment       0x0000007f       0x80 ..\obj\stm32f4xx_gpio.o
 .comment       0x0000007f       0x80 ..\obj\porttimer.o
 .comment       0x0000007f       0x80 ..\obj\mbrtu.o
 .comment       0x0000007f       0x80 ..\obj\system_stm32f4xx.o
 .comment       0x0000007f       0x80 ..\obj\stm32f4xx_dma.o
 .comment       0x0000007f       0x80 ..\obj\portserial.o
 .comment       0x0000007f       0x80 ..\obj\mbfunccoils.o
 .comment       0x0000007f       0x80 ..\obj\stm32f4xx_exti.o
 .comment       0x0000007f       0x80 ..\obj\misc.o
 .comment       0x0000007f       0x80 ..\obj\svpwm.o
 .comment       0x0000007f       0x80 ..\obj\filter.o
 .comment       0x0000007f       0x80 ..\obj\mbascii.o
 .comment       0x0000007f       0x80 ..\obj\pid.o
 .comment       0x0000007f       0x80 ..\obj\stm32f4xx_tim.o

.debug_info     0x00000000    0x16a10
 .debug_info    0x00000000      0x2c1 ..\obj\stm32f4xx_syscfg.o
 .debug_info    0x000002c1      0xf3d ..\obj\mb.o
 .debug_info    0x000011fe      0xad5 ..\obj\mbfuncdisc.o
 .debug_info    0x00001cd3      0x1d9 ..\obj\portevent.o
 .debug_info    0x00001eac      0xb35 ..\obj\mbfuncother.o
 .debug_info    0x000029e1      0xaaf ..\obj\stm32f4xx_usart.o
 .debug_info    0x00003490      0xb56 ..\obj\mbutils.o
 .debug_info    0x00003fe6      0x68e ..\obj\stm32f4xx_dac.o
 .debug_info    0x00004674      0x121 ..\obj\startup_stm32f4xx.o
 .debug_info    0x00004795      0xd1a ..\obj\mbfuncholding.o
 .debug_info    0x000054af     0x1021 ..\obj\main.o
 .debug_info    0x000064d0      0x191 ..\obj\mbcrc.o
 .debug_info    0x00006661      0xca3 ..\obj\stm32f4xx_rcc.o
 .debug_info    0x00007304     0x1d7c ..\obj\foc.o
 .debug_info    0x00009080      0xc7e ..\obj\stm32f4xx_adc.o
 .debug_info    0x00009cfe      0xac6 ..\obj\mbfuncinput.o
 .debug_info    0x0000a7c4     0x177c ..\obj\encoder.o
 .debug_info    0x0000bf40      0x712 ..\obj\stm32f4xx_gpio.o
 .debug_info    0x0000c652      0x836 ..\obj\porttimer.o
 .debug_info    0x0000ce88      0xf30 ..\obj\mbrtu.o
 .debug_info    0x0000ddb8      0x5e9 ..\obj\system_stm32f4xx.o
 .debug_info    0x0000e3a1      0x732 ..\obj\stm32f4xx_dma.o
 .debug_info    0x0000ead3      0xca1 ..\obj\portserial.o
 .debug_info    0x0000f774      0xc54 ..\obj\mbfunccoils.o
 .debug_info    0x000103c8      0x365 ..\obj\stm32f4xx_exti.o
 .debug_info    0x0001072d      0x54d ..\obj\misc.o
 .debug_info    0x00010c7a     0x1ee1 ..\obj\svpwm.o
 .debug_info    0x00012b5b      0x15e ..\obj\filter.o
 .debug_info    0x00012cb9     0x111e ..\obj\mbascii.o
 .debug_info    0x00013dd7      0xc2c ..\obj\pid.o
 .debug_info    0x00014a03     0x200d ..\obj\stm32f4xx_tim.o

.debug_abbrev   0x00000000     0x425c
 .debug_abbrev  0x00000000      0x173 ..\obj\stm32f4xx_syscfg.o
 .debug_abbrev  0x00000173      0x2f7 ..\obj\mb.o
 .debug_abbrev  0x0000046a      0x238 ..\obj\mbfuncdisc.o
 .debug_abbrev  0x000006a2       0xeb ..\obj\portevent.o
 .debug_abbrev  0x0000078d      0x222 ..\obj\mbfuncother.o
 .debug_abbrev  0x000009af      0x1d8 ..\obj\stm32f4xx_usart.o
 .debug_abbrev  0x00000b87      0x225 ..\obj\mbutils.o
 .debug_abbrev  0x00000dac      0x231 ..\obj\stm32f4xx_dac.o
 .debug_abbrev  0x00000fdd       0xeb ..\obj\startup_stm32f4xx.o
 .debug_abbrev  0x000010c8      0x238 ..\obj\mbfuncholding.o
 .debug_abbrev  0x00001300      0x2db ..\obj\main.o
 .debug_abbrev  0x000015db       0xc9 ..\obj\mbcrc.o
 .debug_abbrev  0x000016a4      0x21c ..\obj\stm32f4xx_rcc.o
 .debug_abbrev  0x000018c0      0x3be ..\obj\foc.o
 .debug_abbrev  0x00001c7e      0x205 ..\obj\stm32f4xx_adc.o
 .debug_abbrev  0x00001e83      0x238 ..\obj\mbfuncinput.o
 .debug_abbrev  0x000020bb      0x34b ..\obj\encoder.o
 .debug_abbrev  0x00002406      0x1ff ..\obj\stm32f4xx_gpio.o
 .debug_abbrev  0x00002605      0x1be ..\obj\porttimer.o
 .debug_abbrev  0x000027c3      0x2c1 ..\obj\mbrtu.o
 .debug_abbrev  0x00002a84      0x17b ..\obj\system_stm32f4xx.o
 .debug_abbrev  0x00002bff      0x1af ..\obj\stm32f4xx_dma.o
 .debug_abbrev  0x00002dae      0x210 ..\obj\portserial.o
 .debug_abbrev  0x00002fbe      0x252 ..\obj\mbfunccoils.o
 .debug_abbrev  0x00003210      0x206 ..\obj\stm32f4xx_exti.o
 .debug_abbrev  0x00003416      0x17f ..\obj\misc.o
 .debug_abbrev  0x00003595      0x347 ..\obj\svpwm.o
 .debug_abbrev  0x000038dc       0xd7 ..\obj\filter.o
 .debug_abbrev  0x000039b3      0x352 ..\obj\mbascii.o
 .debug_abbrev  0x00003d05      0x292 ..\obj\pid.o
 .debug_abbrev  0x00003f97      0x2c5 ..\obj\stm32f4xx_tim.o

.debug_loc      0x00000000     0x746b
 .debug_loc     0x00000000       0x97 ..\obj\stm32f4xx_syscfg.o
 .debug_loc     0x00000097      0x299 ..\obj\mb.o
 .debug_loc     0x00000330      0x183 ..\obj\mbfuncdisc.o
 .debug_loc     0x000004b3       0x6e ..\obj\portevent.o
 .debug_loc     0x00000521      0x124 ..\obj\mbfuncother.o
 .debug_loc     0x00000645      0x7d5 ..\obj\stm32f4xx_usart.o
 .debug_loc     0x00000e1a      0x3d2 ..\obj\mbutils.o
 .debug_loc     0x000011ec      0x3cd ..\obj\stm32f4xx_dac.o
 .debug_loc     0x000015b9       0x2b ..\obj\startup_stm32f4xx.o
 .debug_loc     0x000015e4      0x73d ..\obj\mbfuncholding.o
 .debug_loc     0x00001d21      0x2f2 ..\obj\main.o
 .debug_loc     0x00002013       0xb5 ..\obj\mbcrc.o
 .debug_loc     0x000020c8      0x9c7 ..\obj\stm32f4xx_rcc.o
 .debug_loc     0x00002a8f      0x106 ..\obj\foc.o
 .debug_loc     0x00002b95      0x9fe ..\obj\stm32f4xx_adc.o
 .debug_loc     0x00003593      0x170 ..\obj\mbfuncinput.o
 .debug_loc     0x00003703      0x301 ..\obj\encoder.o
 .debug_loc     0x00003a04      0x30c ..\obj\stm32f4xx_gpio.o
 .debug_loc     0x00003d10       0x21 ..\obj\porttimer.o
 .debug_loc     0x00003d31      0x2e7 ..\obj\mbrtu.o
 .debug_loc     0x00004018      0x10b ..\obj\system_stm32f4xx.o
 .debug_loc     0x00004123      0x415 ..\obj\stm32f4xx_dma.o
 .debug_loc     0x00004538      0x123 ..\obj\portserial.o
 .debug_loc     0x0000465b      0x400 ..\obj\mbfunccoils.o
 .debug_loc     0x00004a5b      0x188 ..\obj\stm32f4xx_exti.o
 .debug_loc     0x00004be3      0x15c ..\obj\misc.o
 .debug_loc     0x00004d3f      0x762 ..\obj\svpwm.o
 .debug_loc     0x000054a1      0x10b ..\obj\filter.o
 .debug_loc     0x000055ac      0x411 ..\obj\mbascii.o
 .debug_loc     0x000059bd      0x1be ..\obj\pid.o
 .debug_loc     0x00005b7b     0x18f0 ..\obj\stm32f4xx_tim.o

.debug_aranges  0x00000000      0xeb0
 .debug_aranges
                0x00000000       0x48 ..\obj\stm32f4xx_syscfg.o
 .debug_aranges
                0x00000048       0x48 ..\obj\mb.o
 .debug_aranges
                0x00000090       0x20 ..\obj\mbfuncdisc.o
 .debug_aranges
                0x000000b0       0x30 ..\obj\portevent.o
 .debug_aranges
                0x000000e0       0x28 ..\obj\mbfuncother.o
 .debug_aranges
                0x00000108      0x100 ..\obj\stm32f4xx_usart.o
 .debug_aranges
                0x00000208       0x30 ..\obj\mbutils.o
 .debug_aranges
                0x00000238       0x90 ..\obj\stm32f4xx_dac.o
 .debug_aranges
                0x000002c8       0x28 ..\obj\startup_stm32f4xx.o
 .debug_aranges
                0x000002f0       0x38 ..\obj\mbfuncholding.o
 .debug_aranges
                0x00000328       0x40 ..\obj\main.o
 .debug_aranges
                0x00000368       0x20 ..\obj\mbcrc.o
 .debug_aranges
                0x00000388      0x178 ..\obj\stm32f4xx_rcc.o
 .debug_aranges
                0x00000500       0x70 ..\obj\foc.o
 .debug_aranges
                0x00000570      0x140 ..\obj\stm32f4xx_adc.o
 .debug_aranges
                0x000006b0       0x20 ..\obj\mbfuncinput.o
 .debug_aranges
                0x000006d0       0xc0 ..\obj\encoder.o
 .debug_aranges
                0x00000790       0x88 ..\obj\stm32f4xx_gpio.o
 .debug_aranges
                0x00000818       0x38 ..\obj\porttimer.o
 .debug_aranges
                0x00000850       0x58 ..\obj\mbrtu.o
 .debug_aranges
                0x000008a8       0x28 ..\obj\system_stm32f4xx.o
 .debug_aranges
                0x000008d0       0xa8 ..\obj\stm32f4xx_dma.o
 .debug_aranges
                0x00000978       0x40 ..\obj\portserial.o
 .debug_aranges
                0x000009b8       0x30 ..\obj\mbfunccoils.o
 .debug_aranges
                0x000009e8       0x50 ..\obj\stm32f4xx_exti.o
 .debug_aranges
                0x00000a38       0x40 ..\obj\misc.o
 .debug_aranges
                0x00000a78       0x90 ..\obj\svpwm.o
 .debug_aranges
                0x00000b08       0x28 ..\obj\filter.o
 .debug_aranges
                0x00000b30       0x58 ..\obj\mbascii.o
 .debug_aranges
                0x00000b88       0x50 ..\obj\pid.o
 .debug_aranges
                0x00000bd8      0x2d8 ..\obj\stm32f4xx_tim.o

.debug_ranges   0x00000000      0xe38
 .debug_ranges  0x00000000       0x38 ..\obj\stm32f4xx_syscfg.o
 .debug_ranges  0x00000038       0x38 ..\obj\mb.o
 .debug_ranges  0x00000070       0x10 ..\obj\mbfuncdisc.o
 .debug_ranges  0x00000080       0x20 ..\obj\portevent.o
 .debug_ranges  0x000000a0       0x18 ..\obj\mbfuncother.o
 .debug_ranges  0x000000b8       0xf0 ..\obj\stm32f4xx_usart.o
 .debug_ranges  0x000001a8       0x20 ..\obj\mbutils.o
 .debug_ranges  0x000001c8       0x80 ..\obj\stm32f4xx_dac.o
 .debug_ranges  0x00000248       0x18 ..\obj\startup_stm32f4xx.o
 .debug_ranges  0x00000260       0x28 ..\obj\mbfuncholding.o
 .debug_ranges  0x00000288       0x98 ..\obj\main.o
 .debug_ranges  0x00000320       0x10 ..\obj\mbcrc.o
 .debug_ranges  0x00000330      0x168 ..\obj\stm32f4xx_rcc.o
 .debug_ranges  0x00000498       0x78 ..\obj\foc.o
 .debug_ranges  0x00000510      0x130 ..\obj\stm32f4xx_adc.o
 .debug_ranges  0x00000640       0x10 ..\obj\mbfuncinput.o
 .debug_ranges  0x00000650       0xd8 ..\obj\encoder.o
 .debug_ranges  0x00000728       0x78 ..\obj\stm32f4xx_gpio.o
 .debug_ranges  0x000007a0       0x28 ..\obj\porttimer.o
 .debug_ranges  0x000007c8       0x48 ..\obj\mbrtu.o
 .debug_ranges  0x00000810       0x30 ..\obj\system_stm32f4xx.o
 .debug_ranges  0x00000840       0x98 ..\obj\stm32f4xx_dma.o
 .debug_ranges  0x000008d8       0x48 ..\obj\portserial.o
 .debug_ranges  0x00000920       0x20 ..\obj\mbfunccoils.o
 .debug_ranges  0x00000940       0x40 ..\obj\stm32f4xx_exti.o
 .debug_ranges  0x00000980       0x30 ..\obj\misc.o
 .debug_ranges  0x000009b0       0xa8 ..\obj\svpwm.o
 .debug_ranges  0x00000a58       0x18 ..\obj\filter.o
 .debug_ranges  0x00000a70       0x88 ..\obj\mbascii.o
 .debug_ranges  0x00000af8       0x40 ..\obj\pid.o
 .debug_ranges  0x00000b38      0x300 ..\obj\stm32f4xx_tim.o

.debug_line     0x00000000     0x88cb
 .debug_line    0x00000000      0x307 ..\obj\stm32f4xx_syscfg.o
 .debug_line    0x00000307      0x5ac ..\obj\mb.o
 .debug_line    0x000008b3      0x423 ..\obj\mbfuncdisc.o
 .debug_line    0x00000cd6      0x2b1 ..\obj\portevent.o
 .debug_line    0x00000f87      0x410 ..\obj\mbfuncother.o
 .debug_line    0x00001397      0x580 ..\obj\stm32f4xx_usart.o
 .debug_line    0x00001917      0x42e ..\obj\mbutils.o
 .debug_line    0x00001d45      0x3e5 ..\obj\stm32f4xx_dac.o
 .debug_line    0x0000212a       0xbb ..\obj\startup_stm32f4xx.o
 .debug_line    0x000021e5      0x4cb ..\obj\mbfuncholding.o
 .debug_line    0x000026b0      0x548 ..\obj\main.o
 .debug_line    0x00002bf8      0x281 ..\obj\mbcrc.o
 .debug_line    0x00002e79      0x62e ..\obj\stm32f4xx_rcc.o
 .debug_line    0x000034a7      0x621 ..\obj\foc.o
 .debug_line    0x00003ac8      0x603 ..\obj\stm32f4xx_adc.o
 .debug_line    0x000040cb      0x415 ..\obj\mbfuncinput.o
 .debug_line    0x000044e0      0x5c7 ..\obj\encoder.o
 .debug_line    0x00004aa7      0x3f7 ..\obj\stm32f4xx_gpio.o
 .debug_line    0x00004e9e      0x377 ..\obj\porttimer.o
 .debug_line    0x00005215      0x528 ..\obj\mbrtu.o
 .debug_line    0x0000573d      0x23f ..\obj\system_stm32f4xx.o
 .debug_line    0x0000597c      0x494 ..\obj\stm32f4xx_dma.o
 .debug_line    0x00005e10      0x3e2 ..\obj\portserial.o
 .debug_line    0x000061f2      0x497 ..\obj\mbfunccoils.o
 .debug_line    0x00006689      0x337 ..\obj\stm32f4xx_exti.o
 .debug_line    0x000069c0      0x2ef ..\obj\misc.o
 .debug_line    0x00006caf      0x640 ..\obj\svpwm.o
 .debug_line    0x000072ef      0x246 ..\obj\filter.o
 .debug_line    0x00007535      0x59d ..\obj\mbascii.o
 .debug_line    0x00007ad2      0x278 ..\obj\pid.o
 .debug_line    0x00007d4a      0xb81 ..\obj\stm32f4xx_tim.o

.debug_str      0x00000000     0x551f
 .debug_str     0x00000000      0x2fc ..\obj\stm32f4xx_syscfg.o
                                0x35a (size before relaxing)
 .debug_str     0x000002fc      0x8b7 ..\obj\mb.o
                                0xaa3 (size before relaxing)
 .debug_str     0x00000bb3       0xed ..\obj\mbfuncdisc.o
                                0x82e (size before relaxing)
 .debug_str     0x00000ca0       0x86 ..\obj\portevent.o
                                0x2d6 (size before relaxing)
 .debug_str     0x00000d26       0xe2 ..\obj\mbfuncother.o
                                0x832 (size before relaxing)
 .debug_str     0x00000e08      0x51b ..\obj\stm32f4xx_usart.o
                                0x71e (size before relaxing)
 .debug_str     0x00001323       0xdf ..\obj\mbutils.o
                                0x836 (size before relaxing)
 .debug_str     0x00001402      0x2b7 ..\obj\stm32f4xx_dac.o
                                0x4b9 (size before relaxing)
 .debug_str     0x000016b9       0xe3 ..\obj\startup_stm32f4xx.o
                                0x19d (size before relaxing)
 .debug_str     0x0000179c      0x181 ..\obj\mbfuncholding.o
                                0x90b (size before relaxing)
 .debug_str     0x0000191d      0x71a ..\obj\main.o
                                0xa91 (size before relaxing)
 .debug_str     0x00002037       0x7a ..\obj\mbcrc.o
                                0x22e (size before relaxing)
 .debug_str     0x000020b1      0x5a2 ..\obj\stm32f4xx_rcc.o
                                0x89f (size before relaxing)
 .debug_str     0x00002653      0x359 ..\obj\foc.o
                                0xf1c (size before relaxing)
 .debug_str     0x000029ac      0x5ac ..\obj\stm32f4xx_adc.o
                                0x86a (size before relaxing)
 .debug_str     0x00002f58       0x7c ..\obj\mbfuncinput.o
                                0x81f (size before relaxing)
 .debug_str     0x00002fd4      0xa1a ..\obj\encoder.o
                                0xfdb (size before relaxing)
 .debug_str     0x000039ee      0x14a ..\obj\stm32f4xx_gpio.o
                                0x509 (size before relaxing)
 .debug_str     0x00003b38       0xd4 ..\obj\porttimer.o
                                0xa3d (size before relaxing)
 .debug_str     0x00003c0c      0x222 ..\obj\mbrtu.o
                                0x99f (size before relaxing)
 .debug_str     0x00003e2e      0x103 ..\obj\system_stm32f4xx.o
                                0x3e9 (size before relaxing)
 .debug_str     0x00003f31      0x3a0 ..\obj\stm32f4xx_dma.o
                                0x591 (size before relaxing)
 .debug_str     0x000042d1       0xca ..\obj\portserial.o
                                0xcd3 (size before relaxing)
 .debug_str     0x0000439b       0xd9 ..\obj\mbfunccoils.o
                                0x893 (size before relaxing)
 .debug_str     0x00004474       0xda ..\obj\stm32f4xx_exti.o
                                0x3a8 (size before relaxing)
 .debug_str     0x0000454e      0x15c ..\obj\misc.o
                                0x41d (size before relaxing)
 .debug_str     0x000046aa      0x402 ..\obj\svpwm.o
                               0x1577 (size before relaxing)
 .debug_str     0x00004aac       0x6a ..\obj\filter.o
                                0x20f (size before relaxing)
 .debug_str     0x00004b16      0x1ba ..\obj\mbascii.o
                                0xa35 (size before relaxing)
 .debug_str     0x00004cd0       0xc8 ..\obj\pid.o
                                0x6be (size before relaxing)
 .debug_str     0x00004d98      0x787 ..\obj\stm32f4xx_tim.o
                                0xe4d (size before relaxing)

.debug_frame    0x00000000     0x274c
 .debug_frame   0x00000000       0x84 ..\obj\stm32f4xx_syscfg.o
 .debug_frame   0x00000084       0xb8 ..\obj\mb.o
 .debug_frame   0x0000013c       0x38 ..\obj\mbfuncdisc.o
 .debug_frame   0x00000174       0x40 ..\obj\portevent.o
 .debug_frame   0x000001b4       0x48 ..\obj\mbfuncother.o
 .debug_frame   0x000001fc      0x224 ..\obj\stm32f4xx_usart.o
 .debug_frame   0x00000420       0x58 ..\obj\mbutils.o
 .debug_frame   0x00000478      0x150 ..\obj\stm32f4xx_dac.o
 .debug_frame   0x000005c8       0x30 ..\obj\startup_stm32f4xx.o
 .debug_frame   0x000005f8       0xac ..\obj\mbfuncholding.o
 .debug_frame   0x000006a4       0xb4 ..\obj\main.o
 .debug_frame   0x00000758       0x2c ..\obj\mbcrc.o
 .debug_frame   0x00000784      0x2e8 ..\obj\stm32f4xx_rcc.o
 .debug_frame   0x00000a6c      0x164 ..\obj\foc.o
 .debug_frame   0x00000bd0      0x2b4 ..\obj\stm32f4xx_adc.o
 .debug_frame   0x00000e84       0x38 ..\obj\mbfuncinput.o
 .debug_frame   0x00000ebc      0x23c ..\obj\encoder.o
 .debug_frame   0x000010f8      0x124 ..\obj\stm32f4xx_gpio.o
 .debug_frame   0x0000121c       0x7c ..\obj\porttimer.o
 .debug_frame   0x00001298       0xec ..\obj\mbrtu.o
 .debug_frame   0x00001384       0x44 ..\obj\system_stm32f4xx.o
 .debug_frame   0x000013c8      0x160 ..\obj\stm32f4xx_dma.o
 .debug_frame   0x00001528       0xac ..\obj\portserial.o
 .debug_frame   0x000015d4       0x78 ..\obj\mbfunccoils.o
 .debug_frame   0x0000164c       0x9c ..\obj\stm32f4xx_exti.o
 .debug_frame   0x000016e8       0x68 ..\obj\misc.o
 .debug_frame   0x00001750      0x1d0 ..\obj\svpwm.o
 .debug_frame   0x00001920       0x3c ..\obj\filter.o
 .debug_frame   0x0000195c       0xf0 ..\obj\mbascii.o
 .debug_frame   0x00001a4c       0xa0 ..\obj\pid.o
 .debug_frame   0x00001aec      0x6bc ..\obj\stm32f4xx_tim.o
 .debug_frame   0x000021a8       0x34 c:/program files (x86)/gnu tools arm embedded/6 2017-q1-update/bin/../lib/gcc/arm-none-eabi/6.3.1/../../../../arm-none-eabi/lib/thumb/v7e-m/fpv4-sp/hard\libm.a(lib_a-sf_cos.o)
 .debug_frame   0x000021dc       0x34 c:/program files (x86)/gnu tools arm embedded/6 2017-q1-update/bin/../lib/gcc/arm-none-eabi/6.3.1/../../../../arm-none-eabi/lib/thumb/v7e-m/fpv4-sp/hard\libm.a(lib_a-sf_sin.o)
 .debug_frame   0x00002210       0x50 c:/program files (x86)/gnu tools arm embedded/6 2017-q1-update/bin/../lib/gcc/arm-none-eabi/6.3.1/../../../../arm-none-eabi/lib/thumb/v7e-m/fpv4-sp/hard\libm.a(lib_a-wf_sqrt.o)
 .debug_frame   0x00002260       0x3c c:/program files (x86)/gnu tools arm embedded/6 2017-q1-update/bin/../lib/gcc/arm-none-eabi/6.3.1/../../../../arm-none-eabi/lib/thumb/v7e-m/fpv4-sp/hard\libm.a(lib_a-ef_rem_pio2.o)
 .debug_frame   0x0000229c       0x48 c:/program files (x86)/gnu tools arm embedded/6 2017-q1-update/bin/../lib/gcc/arm-none-eabi/6.3.1/../../../../arm-none-eabi/lib/thumb/v7e-m/fpv4-sp/hard\libm.a(lib_a-ef_sqrt.o)
 .debug_frame   0x000022e4       0x20 c:/program files (x86)/gnu tools arm embedded/6 2017-q1-update/bin/../lib/gcc/arm-none-eabi/6.3.1/../../../../arm-none-eabi/lib/thumb/v7e-m/fpv4-sp/hard\libm.a(lib_a-kf_cos.o)
 .debug_frame   0x00002304       0x5c c:/program files (x86)/gnu tools arm embedded/6 2017-q1-update/bin/../lib/gcc/arm-none-eabi/6.3.1/../../../../arm-none-eabi/lib/thumb/v7e-m/fpv4-sp/hard\libm.a(lib_a-kf_rem_pio2.o)
 .debug_frame   0x00002360       0x20 c:/program files (x86)/gnu tools arm embedded/6 2017-q1-update/bin/../lib/gcc/arm-none-eabi/6.3.1/../../../../arm-none-eabi/lib/thumb/v7e-m/fpv4-sp/hard\libm.a(lib_a-kf_sin.o)
 .debug_frame   0x00002380       0x20 c:/program files (x86)/gnu tools arm embedded/6 2017-q1-update/bin/../lib/gcc/arm-none-eabi/6.3.1/../../../../arm-none-eabi/lib/thumb/v7e-m/fpv4-sp/hard\libm.a(lib_a-s_matherr.o)
 .debug_frame   0x000023a0       0x20 c:/program files (x86)/gnu tools arm embedded/6 2017-q1-update/bin/../lib/gcc/arm-none-eabi/6.3.1/../../../../arm-none-eabi/lib/thumb/v7e-m/fpv4-sp/hard\libm.a(lib_a-sf_fabs.o)
 .debug_frame   0x000023c0       0x20 c:/program files (x86)/gnu tools arm embedded/6 2017-q1-update/bin/../lib/gcc/arm-none-eabi/6.3.1/../../../../arm-none-eabi/lib/thumb/v7e-m/fpv4-sp/hard\libm.a(lib_a-sf_floor.o)
 .debug_frame   0x000023e0       0x44 c:/program files (x86)/gnu tools arm embedded/6 2017-q1-update/bin/../lib/gcc/arm-none-eabi/6.3.1/../../../../arm-none-eabi/lib/thumb/v7e-m/fpv4-sp/hard\libm.a(lib_a-sf_scalbn.o)
 .debug_frame   0x00002424       0x20 c:/program files (x86)/gnu tools arm embedded/6 2017-q1-update/bin/../lib/gcc/arm-none-eabi/6.3.1/../../../../arm-none-eabi/lib/thumb/v7e-m/fpv4-sp/hard\libm.a(lib_a-sf_copysign.o)
 .debug_frame   0x00002444       0xac c:/program files (x86)/gnu tools arm embedded/6 2017-q1-update/bin/../lib/gcc/arm-none-eabi/6.3.1/thumb/v7e-m/fpv4-sp/hard\libgcc.a(_arm_addsubdf3.o)
 .debug_frame   0x000024f0       0x50 c:/program files (x86)/gnu tools arm embedded/6 2017-q1-update/bin/../lib/gcc/arm-none-eabi/6.3.1/thumb/v7e-m/fpv4-sp/hard\libgcc.a(_arm_muldivdf3.o)
 .debug_frame   0x00002540       0x24 c:/program files (x86)/gnu tools arm embedded/6 2017-q1-update/bin/../lib/gcc/arm-none-eabi/6.3.1/thumb/v7e-m/fpv4-sp/hard\libgcc.a(_arm_truncdfsf2.o)
 .debug_frame   0x00002564       0x20 c:/program files (x86)/gnu tools arm embedded/6 2017-q1-update/bin/../lib/gcc/arm-none-eabi/6.3.1/../../../../arm-none-eabi/lib/thumb/v7e-m/fpv4-sp/hard\libc.a(lib_a-errno.o)
 .debug_frame   0x00002584       0x34 c:/program files (x86)/gnu tools arm embedded/6 2017-q1-update/bin/../lib/gcc/arm-none-eabi/6.3.1/../../../../arm-none-eabi/lib/thumb/v7e-m/fpv4-sp/hard\libc.a(lib_a-memset.o)
 .debug_frame   0x000025b8       0x5c c:/program files (x86)/gnu tools arm embedded/6 2017-q1-update/bin/../lib/gcc/arm-none-eabi/6.3.1/../../../../arm-none-eabi/lib/thumb/v7e-m/fpv4-sp/hard\libc.a(lib_a-__call_atexit.o)
 .debug_frame   0x00002614       0x20 c:/program files (x86)/gnu tools arm embedded/6 2017-q1-update/bin/../lib/gcc/arm-none-eabi/6.3.1/../../../../arm-none-eabi/lib/thumb/v7e-m/fpv4-sp/hard\libc.a(lib_a-atexit.o)
 .debug_frame   0x00002634       0x34 c:/program files (x86)/gnu tools arm embedded/6 2017-q1-update/bin/../lib/gcc/arm-none-eabi/6.3.1/../../../../arm-none-eabi/lib/thumb/v7e-m/fpv4-sp/hard\libc.a(lib_a-fini.o)
 .debug_frame   0x00002668       0xb0 c:/program files (x86)/gnu tools arm embedded/6 2017-q1-update/bin/../lib/gcc/arm-none-eabi/6.3.1/../../../../arm-none-eabi/lib/thumb/v7e-m/fpv4-sp/hard\libc.a(lib_a-lock.o)
 .debug_frame   0x00002718       0x34 c:/program files (x86)/gnu tools arm embedded/6 2017-q1-update/bin/../lib/gcc/arm-none-eabi/6.3.1/../../../../arm-none-eabi/lib/thumb/v7e-m/fpv4-sp/hard\libc.a(lib_a-__atexit.o)
