Archive member included to satisfy reference by file (symbol)

c:/program files (x86)/gnu tools arm embedded/6 2017-q1-update/bin/../lib/gcc/arm-none-eabi/6.3.1/../../../../arm-none-eabi/lib/thumb/v7e-m/fpv4-sp/hard\libm.a(lib_a-sf_cos.o)
                              ..\obj\encoder.o (cosf)
c:/program files (x86)/gnu tools arm embedded/6 2017-q1-update/bin/../lib/gcc/arm-none-eabi/6.3.1/../../../../arm-none-eabi/lib/thumb/v7e-m/fpv4-sp/hard\libm.a(lib_a-sf_sin.o)
                              ..\obj\encoder.o (sinf)
c:/program files (x86)/gnu tools arm embedded/6 2017-q1-update/bin/../lib/gcc/arm-none-eabi/6.3.1/../../../../arm-none-eabi/lib/thumb/v7e-m/fpv4-sp/hard\libm.a(lib_a-ef_rem_pio2.o)
                              c:/program files (x86)/gnu tools arm embedded/6 2017-q1-update/bin/../lib/gcc/arm-none-eabi/6.3.1/../../../../arm-none-eabi/lib/thumb/v7e-m/fpv4-sp/hard\libm.a(lib_a-sf_cos.o) (__ieee754_rem_pio2f)
c:/program files (x86)/gnu tools arm embedded/6 2017-q1-update/bin/../lib/gcc/arm-none-eabi/6.3.1/../../../../arm-none-eabi/lib/thumb/v7e-m/fpv4-sp/hard\libm.a(lib_a-kf_cos.o)
                              c:/program files (x86)/gnu tools arm embedded/6 2017-q1-update/bin/../lib/gcc/arm-none-eabi/6.3.1/../../../../arm-none-eabi/lib/thumb/v7e-m/fpv4-sp/hard\libm.a(lib_a-sf_cos.o) (__kernel_cosf)
c:/program files (x86)/gnu tools arm embedded/6 2017-q1-update/bin/../lib/gcc/arm-none-eabi/6.3.1/../../../../arm-none-eabi/lib/thumb/v7e-m/fpv4-sp/hard\libm.a(lib_a-kf_rem_pio2.o)
                              c:/program files (x86)/gnu tools arm embedded/6 2017-q1-update/bin/../lib/gcc/arm-none-eabi/6.3.1/../../../../arm-none-eabi/lib/thumb/v7e-m/fpv4-sp/hard\libm.a(lib_a-ef_rem_pio2.o) (__kernel_rem_pio2f)
c:/program files (x86)/gnu tools arm embedded/6 2017-q1-update/bin/../lib/gcc/arm-none-eabi/6.3.1/../../../../arm-none-eabi/lib/thumb/v7e-m/fpv4-sp/hard\libm.a(lib_a-kf_sin.o)
                              c:/program files (x86)/gnu tools arm embedded/6 2017-q1-update/bin/../lib/gcc/arm-none-eabi/6.3.1/../../../../arm-none-eabi/lib/thumb/v7e-m/fpv4-sp/hard\libm.a(lib_a-sf_cos.o) (__kernel_sinf)
c:/program files (x86)/gnu tools arm embedded/6 2017-q1-update/bin/../lib/gcc/arm-none-eabi/6.3.1/../../../../arm-none-eabi/lib/thumb/v7e-m/fpv4-sp/hard\libm.a(lib_a-sf_fabs.o)
                              c:/program files (x86)/gnu tools arm embedded/6 2017-q1-update/bin/../lib/gcc/arm-none-eabi/6.3.1/../../../../arm-none-eabi/lib/thumb/v7e-m/fpv4-sp/hard\libm.a(lib_a-ef_rem_pio2.o) (fabsf)
c:/program files (x86)/gnu tools arm embedded/6 2017-q1-update/bin/../lib/gcc/arm-none-eabi/6.3.1/../../../../arm-none-eabi/lib/thumb/v7e-m/fpv4-sp/hard\libm.a(lib_a-sf_floor.o)
                              c:/program files (x86)/gnu tools arm embedded/6 2017-q1-update/bin/../lib/gcc/arm-none-eabi/6.3.1/../../../../arm-none-eabi/lib/thumb/v7e-m/fpv4-sp/hard\libm.a(lib_a-kf_rem_pio2.o) (floorf)
c:/program files (x86)/gnu tools arm embedded/6 2017-q1-update/bin/../lib/gcc/arm-none-eabi/6.3.1/../../../../arm-none-eabi/lib/thumb/v7e-m/fpv4-sp/hard\libm.a(lib_a-sf_scalbn.o)
                              c:/program files (x86)/gnu tools arm embedded/6 2017-q1-update/bin/../lib/gcc/arm-none-eabi/6.3.1/../../../../arm-none-eabi/lib/thumb/v7e-m/fpv4-sp/hard\libm.a(lib_a-kf_rem_pio2.o) (scalbnf)
c:/program files (x86)/gnu tools arm embedded/6 2017-q1-update/bin/../lib/gcc/arm-none-eabi/6.3.1/../../../../arm-none-eabi/lib/thumb/v7e-m/fpv4-sp/hard\libm.a(lib_a-sf_copysign.o)
                              c:/program files (x86)/gnu tools arm embedded/6 2017-q1-update/bin/../lib/gcc/arm-none-eabi/6.3.1/../../../../arm-none-eabi/lib/thumb/v7e-m/fpv4-sp/hard\libm.a(lib_a-sf_scalbn.o) (copysignf)
c:/program files (x86)/gnu tools arm embedded/6 2017-q1-update/bin/../lib/gcc/arm-none-eabi/6.3.1/../../../../arm-none-eabi/lib/thumb/v7e-m/fpv4-sp/hard\libc.a(lib_a-exit.o)
                              c:/program files (x86)/gnu tools arm embedded/6 2017-q1-update/bin/../lib/gcc/arm-none-eabi/6.3.1/../../../../arm-none-eabi/lib/thumb/v7e-m/fpv4-sp/hard/crt0.o (exit)
c:/program files (x86)/gnu tools arm embedded/6 2017-q1-update/bin/../lib/gcc/arm-none-eabi/6.3.1/../../../../arm-none-eabi/lib/thumb/v7e-m/fpv4-sp/hard\libc.a(lib_a-impure.o)
                              c:/program files (x86)/gnu tools arm embedded/6 2017-q1-update/bin/../lib/gcc/arm-none-eabi/6.3.1/../../../../arm-none-eabi/lib/thumb/v7e-m/fpv4-sp/hard\libc.a(lib_a-exit.o) (_global_impure_ptr)
c:/program files (x86)/gnu tools arm embedded/6 2017-q1-update/bin/../lib/gcc/arm-none-eabi/6.3.1/../../../../arm-none-eabi/lib/thumb/v7e-m/fpv4-sp/hard\libc.a(lib_a-init.o)
                              c:/program files (x86)/gnu tools arm embedded/6 2017-q1-update/bin/../lib/gcc/arm-none-eabi/6.3.1/../../../../arm-none-eabi/lib/thumb/v7e-m/fpv4-sp/hard/crt0.o (__libc_init_array)
[...]
Memory Configuration

Name             Origin             Length             Attributes
rom              0x08000000         0x00100000         xr
ram              0x20000000         0x00020000         xrw
ram1             0x10000000         0x00010000         xrw
*default*        0x00000000         0xffffffff

Linker script and memory map

LOAD c:/program files (x86)/gnu tools arm embedded/6 2017-q1-update/bin/../lib/gcc/arm-none-eabi/6.3.1/thumb/v7e-m/fpv4-sp/hard/crti.o
LOAD c:/program files (x86)/gnu tools arm embedded/6 2017-q1-update/bin/../lib/gcc/arm-none-eabi/6.3.1/thumb/v7e-m/fpv4-sp/hard/crtbegin.o
LOAD c:/program files (x86)/gnu tools arm embedded/6 2017-q1-update/bin/../lib/gcc/arm-none-eabi/6.3.1/../../../../arm-none-eabi/lib/thumb/v7e-m/fpv4-sp/hard/crt0.o
                0x20020000                _eram = 0x20020000

.text           0x08000000     0x4ee4
 *(.isr_vector)
 .isr_vector    0x08000000      0x188 ..\obj\startup_stm32f4xx.o
                0x08000000                g_pfnVectors
 *(.text*)
 .text          0x08000188       0x6c c:/program files (x86)/gnu tools arm embedded/6 2017-q1-update/bin/../lib/gcc/arm-none-eabi/6.3.1/thumb/v7e-m/fpv4-sp/hard/crtbegin.o
 .text.SYSCFG_EXTILineConfig
                0x080001f4       0x2a ..\obj\stm32f4xx_syscfg.o
                0x080001f4                SYSCFG_EXTILineConfig
 *fill*         0x0800021e        0x2 
 .text.eMBInit  0x08000220       0xdc ..\obj\mb.o
                0x08000220                eMBInit
 .text.eMBEnable
                0x080002fc       0x24 ..\obj\mb.o
                0x080002fc                eMBEnable
 .text.eMBPoll  0x08000320       0xd4 ..\obj\mb.o
                0x08000320                eMBPoll
 .text.eMBFuncReadDiscreteInputs
                0x080003f4       0x6a ..\obj\mbfuncdisc.o
                0x080003f4                eMBFuncReadDiscreteInputs
 *fill*         0x0800045e        0x2 
 .text.xMBPortEventInit
                0x08000460       0x10 ..\obj\portevent.o
                0x08000460                xMBPortEventInit
 .text.xMBPortEventPost
                0x08000470       0x10 ..\obj\portevent.o
                0x08000470                xMBPortEventPost
 .text.xMBPortEventGet
                0x08000480       0x18 ..\obj\portevent.o
                0x08000480                xMBPortEventGet
 .text.eMBFuncReportSlaveID
                0x08000498       0x1c ..\obj\mbfuncother.o
                0x08000498                eMBFuncReportSlaveID
 .text.USART_DeInit
                0x080004b4       0xb0 ..\obj\stm32f4xx_usart.o
                0x080004b4                USART_DeInit
 .text.USART_Init
                0x08000564       0xb4 ..\obj\stm32f4xx_usart.o
                0x08000564                USART_Init
 .text.USART_ClockInit
                0x08000618       0x20 ..\obj\stm32f4xx_usart.o
                0x08000618                USART_ClockInit
 .text.USART_ClockStructInit
                0x08000638        0xc ..\obj\stm32f4xx_usart.o
                0x08000638                USART_ClockStructInit
 .text.USART_Cmd
                0x08000644       0x18 ..\obj\stm32f4xx_usart.o
                0x08000644                USART_Cmd
 .text.USART_SendData
                0x0800065c        0x8 ..\obj\stm32f4xx_usart.o
                0x0800065c                USART_SendData
 .text.USART_ReceiveData
                0x08000664        0x8 ..\obj\stm32f4xx_usart.o
                0x08000664                USART_ReceiveData
 .text.USART_ITConfig
                0x0800066c       0x32 ..\obj\stm32f4xx_usart.o
                0x0800066c                USART_ITConfig
 .text.USART_GetITStatus
                0x0800069e       0x40 ..\obj\stm32f4xx_usart.o
                0x0800069e                USART_GetITStatus
 .text.USART_ClearITPendingBit
                0x080006de        0xe ..\obj\stm32f4xx_usart.o
                0x080006de                USART_ClearITPendingBit
 .text.prveMBError2Exception
                0x080006ec       0x10 ..\obj\mbutils.o
                0x080006ec                prveMBError2Exception
 .text.DAC_Init
                0x080006fc       0x2c ..\obj\stm32f4xx_dac.o
                0x080006fc                DAC_Init
 .text.DAC_StructInit
                0x08000728        0xc ..\obj\stm32f4xx_dac.o
                0x08000728                DAC_StructInit
 .text.DAC_Cmd  0x08000734       0x20 ..\obj\stm32f4xx_dac.o
                0x08000734                DAC_Cmd
 .text.DAC_SetDualChannelData
                0x08000754       0x18 ..\obj\stm32f4xx_dac.o
                0x08000754                DAC_SetDualChannelData
 .text.Default_Handler
                0x0800076c        0x2 ..\obj\startup_stm32f4xx.o
                0x0800076c                RTC_Alarm_IRQHandler
                0x0800076c                HASH_RNG_IRQHandler
                0x0800076c                EXTI2_IRQHandler
                0x0800076c                TIM8_CC_IRQHandler
                0x0800076c                DebugMon_Handler
                0x0800076c                TIM1_CC_IRQHandler
                0x0800076c                DMA2_Stream5_IRQHandler
                0x0800076c                HardFault_Handler
                0x0800076c                DMA1_Stream5_IRQHandler
                0x0800076c                SysTick_Handler
                0x0800076c                PVD_IRQHandler
                0x0800076c                SDIO_IRQHandler
                0x0800076c                TAMP_STAMP_IRQHandler
                0x0800076c                PendSV_Handler
                0x0800076c                NMI_Handler
                0x0800076c                CAN2_RX1_IRQHandler
                0x0800076c                EXTI3_IRQHandler
                0x0800076c                TIM8_TRG_COM_TIM14_IRQHandler
                0x0800076c                TIM8_UP_TIM13_IRQHandler
                0x0800076c                I2C3_ER_IRQHandler
                0x0800076c                EXTI0_IRQHandler
                0x0800076c                I2C2_EV_IRQHandler
                0x0800076c                DMA1_Stream2_IRQHandler
                0x0800076c                CAN1_RX0_IRQHandler
                0x0800076c                FPU_IRQHandler
                0x0800076c                OTG_HS_WKUP_IRQHandler
                0x0800076c                UsageFault_Handler
                0x0800076c                CAN2_SCE_IRQHandler
                0x0800076c                DMA2_Stream2_IRQHandler
                0x0800076c                SPI1_IRQHandler
                0x0800076c                TIM6_DAC_IRQHandler
                0x0800076c                TIM1_BRK_TIM9_IRQHandler
                0x0800076c                DCMI_IRQHandler
                0x0800076c                CAN2_RX0_IRQHandler
                0x0800076c                DMA2_Stream3_IRQHandler
                0x0800076c                USART6_IRQHandler
                0x0800076c                CRYP_IRQHandler
                0x0800076c                CAN1_RX1_IRQHandler
                0x0800076c                UART5_IRQHandler
                0x0800076c                DMA2_Stream0_IRQHandler
                0x0800076c                TIM4_IRQHandler
                0x0800076c                I2C1_EV_IRQHandler
                0x0800076c                DMA1_Stream6_IRQHandler
                0x0800076c                UART4_IRQHandler
                0x0800076c                TIM3_IRQHandler
                0x0800076c                RCC_IRQHandler
                0x0800076c                TIM8_BRK_TIM12_IRQHandler
                0x0800076c                DMA1_Stream7_IRQHandler
                0x0800076c                CAN2_TX_IRQHandler
                0x0800076c                TIM5_IRQHandler
                0x0800076c                DMA2_Stream7_IRQHandler
                0x0800076c                I2C3_EV_IRQHandler
                0x0800076c                RTC_WKUP_IRQHandler
                0x0800076c                ETH_WKUP_IRQHandler
                0x0800076c                SPI2_IRQHandler
                0x0800076c                OTG_HS_EP1_IN_IRQHandler
                0x0800076c                MemManage_Handler
                0x0800076c                DMA1_Stream0_IRQHandler
                0x0800076c                CAN1_TX_IRQHandler
                0x0800076c                SVC_Handler
                0x0800076c                EXTI4_IRQHandler
                0x0800076c                FSMC_IRQHandler
                0x0800076c                ETH_IRQHandler
                0x0800076c                OTG_HS_EP1_OUT_IRQHandler
                0x0800076c                WWDG_IRQHandler
                0x0800076c                TIM2_IRQHandler
                0x0800076c                OTG_FS_WKUP_IRQHandler
                0x0800076c                TIM1_TRG_COM_TIM11_IRQHandler
                0x0800076c                OTG_HS_IRQHandler
                0x0800076c                EXTI1_IRQHandler
                0x0800076c                USART2_IRQHandler
                0x0800076c                I2C2_ER_IRQHandler
                0x0800076c                DMA2_Stream1_IRQHandler
                0x0800076c                CAN1_SCE_IRQHandler
                0x0800076c                FLASH_IRQHandler
                0x0800076c                DMA2_Stream4_IRQHandler
                0x0800076c                BusFault_Handler
                0x0800076c                USART1_IRQHandler
                0x0800076c                OTG_FS_IRQHandler
                0x0800076c                SPI3_IRQHandler
                0x0800076c                DMA1_Stream4_IRQHandler
                0x0800076c                I2C1_ER_IRQHandler
                0x0800076c                DMA2_Stream6_IRQHandler
                0x0800076c                DMA1_Stream3_IRQHandler
 *fill*         0x0800076e        0x2 
 .text.Default_Reset_Handler
                0x08000770       0x50 ..\obj\startup_stm32f4xx.o
                0x08000770                Default_Reset_Handler
                0x08000770                Reset_Handler
 .text.eMBFuncWriteHoldingRegister
                0x080007c0       0x2e ..\obj\mbfuncholding.o
                0x080007c0                eMBFuncWriteHoldingRegister
 .text.eMBFuncWriteMultipleHoldingRegister
                0x080007ee       0x4a ..\obj\mbfuncholding.o
                0x080007ee                eMBFuncWriteMultipleHoldingRegister
 .text.eMBFuncReadHoldingRegister
                0x08000838       0x58 ..\obj\mbfuncholding.o
                0x08000838                eMBFuncReadHoldingRegister
 .text.eMBFuncReadWriteMultipleHoldingRegister
                0x08000890       0x9c ..\obj\mbfuncholding.o
                0x08000890                eMBFuncReadWriteMultipleHoldingRegister
 .text.EXTI9_5_IRQHandler
                0x0800092c       0x40 ..\obj\main.o
                0x0800092c                EXTI9_5_IRQHandler
 .text.eMBRegHoldingCB
                0x0800096c       0x70 ..\obj\main.o
                0x0800096c                eMBRegHoldingCB
 .text.eMBRegCoilsCB
                0x080009dc        0x4 ..\obj\main.o
                0x080009dc                eMBRegCoilsCB
 .text.eMBRegDiscreteCB
                0x080009e0        0x4 ..\obj\main.o
                0x080009e0                eMBRegDiscreteCB
 .text.eMBRegInputCB
                0x080009e4        0x4 ..\obj\main.o
                0x080009e4                eMBRegInputCB
 .text.Configure_PC6
                0x080009e8       0x78 ..\obj\main.o
                0x080009e8                Configure_PC6
 .text.boardInit
                0x08000a60       0xcc ..\obj\main.o
                0x08000a60                boardInit
 .text.startup.main
                0x08000b2c      0x270 ..\obj\main.o
                0x08000b2c                main
 .text.usMBCRC16
                0x08000d9c       0x2c ..\obj\mbcrc.o
                0x08000d9c                usMBCRC16
 .text.RCC_GetClocksFreq
                0x08000dc8       0x88 ..\obj\stm32f4xx_rcc.o
                0x08000dc8                RCC_GetClocksFreq
 .text.RCC_AHB1PeriphClockCmd
                0x08000e50       0x18 ..\obj\stm32f4xx_rcc.o
                0x08000e50                RCC_AHB1PeriphClockCmd
 .text.RCC_APB1PeriphClockCmd
                0x08000e68       0x18 ..\obj\stm32f4xx_rcc.o
                0x08000e68                RCC_APB1PeriphClockCmd
 .text.RCC_APB2PeriphClockCmd
                0x08000e80       0x18 ..\obj\stm32f4xx_rcc.o
                0x08000e80                RCC_APB2PeriphClockCmd
 .text.RCC_APB1PeriphResetCmd
                0x08000e98       0x18 ..\obj\stm32f4xx_rcc.o
                0x08000e98                RCC_APB1PeriphResetCmd
 .text.RCC_APB2PeriphResetCmd
                0x08000eb0       0x18 ..\obj\stm32f4xx_rcc.o
                0x08000eb0                RCC_APB2PeriphResetCmd
 .text.initDAC  0x08000ec8       0x5c ..\obj\foc.o
                0x08000ec8                initDAC
 .text.focInit  0x08000f24      0x130 ..\obj\foc.o
                0x08000f24                focInit
 .text.mcFocSetAngle
                0x08001054       0x2a ..\obj\foc.o
                0x08001054                mcFocSetAngle
 *fill*         0x0800107e        0x2 
 .text.mcClark  0x08001080       0x28 ..\obj\foc.o
                0x08001080                mcClark
 .text.mcPark   0x080010a8       0x2a ..\obj\foc.o
                0x080010a8                mcPark
 .text.mcInvPark
                0x080010d2       0x2a ..\obj\foc.o
                0x080010d2                mcInvPark
 .text.mcInvClark
                0x080010fc       0x3c ..\obj\foc.o
                0x080010fc                mcInvClark
 .text.adc_current_filter
                0x08001138       0xd4 ..\obj\foc.o
                0x08001138                adc_current_filter
 .text.ADC_IRQHandler
                0x0800120c      0x348 ..\obj\foc.o
                0x0800120c                ADC_IRQHandler
 .text.ADC_Init
                0x08001554       0x4c ..\obj\stm32f4xx_adc.o
                0x08001554                ADC_Init
 .text.ADC_StructInit
                0x080015a0       0x14 ..\obj\stm32f4xx_adc.o
                0x080015a0                ADC_StructInit
 .text.ADC_CommonInit
                0x080015b4       0x28 ..\obj\stm32f4xx_adc.o
                0x080015b4                ADC_CommonInit
 .text.ADC_CommonStructInit
                0x080015dc        0xc ..\obj\stm32f4xx_adc.o
                0x080015dc                ADC_CommonStructInit
 .text.ADC_Cmd  0x080015e8       0x12 ..\obj\stm32f4xx_adc.o
                0x080015e8                ADC_Cmd
 .text.ADC_RegularChannelConfig
                0x080015fa       0x8c ..\obj\stm32f4xx_adc.o
                0x080015fa                ADC_RegularChannelConfig
 .text.ADC_SoftwareStartConv
                0x08001686        0xa ..\obj\stm32f4xx_adc.o
                0x08001686                ADC_SoftwareStartConv
 .text.ADC_DMACmd
                0x08001690       0x12 ..\obj\stm32f4xx_adc.o
                0x08001690                ADC_DMACmd
 .text.ADC_DMARequestAfterLastTransferCmd
                0x080016a2       0x12 ..\obj\stm32f4xx_adc.o
                0x080016a2                ADC_DMARequestAfterLastTransferCmd
 .text.ADC_InjectedChannelConfig
                0x080016b4       0x58 ..\obj\stm32f4xx_adc.o
                0x080016b4                ADC_InjectedChannelConfig
 .text.ADC_InjectedSequencerLengthConfig
                0x0800170c       0x10 ..\obj\stm32f4xx_adc.o
                0x0800170c                ADC_InjectedSequencerLengthConfig
 .text.ADC_ExternalTrigInjectedConvConfig
                0x0800171c        0xc ..\obj\stm32f4xx_adc.o
                0x0800171c                ADC_ExternalTrigInjectedConvConfig
 .text.ADC_ExternalTrigInjectedConvEdgeConfig
                0x08001728        0xc ..\obj\stm32f4xx_adc.o
                0x08001728                ADC_ExternalTrigInjectedConvEdgeConfig
 .text.ADC_AutoInjectedConvCmd
                0x08001734       0x12 ..\obj\stm32f4xx_adc.o
                0x08001734                ADC_AutoInjectedConvCmd
 .text.ADC_InjectedDiscModeCmd
                0x08001746       0x12 ..\obj\stm32f4xx_adc.o
                0x08001746                ADC_InjectedDiscModeCmd
 .text.ADC_GetInjectedConversionValue
                0x08001758       0x1a ..\obj\stm32f4xx_adc.o
                0x08001758                ADC_GetInjectedConversionValue
 .text.ADC_ITConfig
                0x08001772       0x18 ..\obj\stm32f4xx_adc.o
                0x08001772                ADC_ITConfig
 .text.ADC_ClearITPendingBit
                0x0800178a        0x8 ..\obj\stm32f4xx_adc.o
                0x0800178a                ADC_ClearITPendingBit
 .text.eMBFuncReadInputRegister
                0x08001792       0x58 ..\obj\mbfuncinput.o
                0x08001792                eMBFuncReadInputRegister
 *fill*         0x080017ea        0x2 
 .text.encoderInitZ
                0x080017ec       0x80 ..\obj\encoder.o
                0x080017ec                encoderInitZ
 .text.initHall
                0x0800186c       0x3c ..\obj\encoder.o
                0x0800186c                initHall
 .text.iEncoderGetAbsPos
                0x080018a8        0xa ..\obj\encoder.o
                0x080018a8                iEncoderGetAbsPos
 .text.encoderAddOffset
                0x080018b2       0x20 ..\obj\encoder.o
                0x080018b2                encoderAddOffset
 *fill*         0x080018d2        0x2 
 .text.readRawHallInput
                0x080018d4       0x2c ..\obj\encoder.o
                0x080018d4                readRawHallInput
 .text.readHallMap
                0x08001900       0x14 ..\obj\encoder.o
                0x08001900                readHallMap
 .text.readRawUVW
                0x08001914       0x9c ..\obj\encoder.o
                0x08001914                readRawUVW
 .text.read360uvw
                0x080019b0       0x94 ..\obj\encoder.o
                0x080019b0                read360uvw
 .text.read360uvwWithOffset
                0x08001a44       0x28 ..\obj\encoder.o
                0x08001a44                read360uvwWithOffset
 .text.EXTI15_10_IRQHandler
                0x08001a6c       0x1a ..\obj\encoder.o
                0x08001a6c                EXTI15_10_IRQHandler
 *fill*         0x08001a86        0x2 
 .text.createSinCosTable
                0x08001a88       0x5c ..\obj\encoder.o
                0x08001a88                createSinCosTable
 .text.fSinAngle
                0x08001ae4       0x10 ..\obj\encoder.o
                0x08001ae4                fSinAngle
 .text.fCosAngle
                0x08001af4       0x10 ..\obj\encoder.o
                0x08001af4                fCosAngle
 .text.initTim10
                0x08001b04       0xc0 ..\obj\encoder.o
                0x08001b04                initTim10
 .text.initEncoder
                0x08001bc4      0x1a8 ..\obj\encoder.o
                0x08001bc4                initEncoder
 .text.TIM1_UP_TIM10_IRQHandler
                0x08001d6c       0x34 ..\obj\encoder.o
                0x08001d6c                TIM1_UP_TIM10_IRQHandler
 .text.GPIO_Init
                0x08001da0       0x9c ..\obj\stm32f4xx_gpio.o
                0x08001da0                GPIO_Init
 .text.GPIO_StructInit
                0x08001e3c       0x12 ..\obj\stm32f4xx_gpio.o
                0x08001e3c                GPIO_StructInit
 .text.GPIO_ReadInputData
                0x08001e4e        0x6 ..\obj\stm32f4xx_gpio.o
                0x08001e4e                GPIO_ReadInputData
 .text.GPIO_SetBits
                0x08001e54        0x4 ..\obj\stm32f4xx_gpio.o
                0x08001e54                GPIO_SetBits
 .text.GPIO_ResetBits
                0x08001e58        0x4 ..\obj\stm32f4xx_gpio.o
                0x08001e58                GPIO_ResetBits
 .text.GPIO_ToggleBits
                0x08001e5c        0x8 ..\obj\stm32f4xx_gpio.o
                0x08001e5c                GPIO_ToggleBits
 .text.GPIO_PinAFConfig
                0x08001e64       0x24 ..\obj\stm32f4xx_gpio.o
                0x08001e64                GPIO_PinAFConfig
 .text.xMBPortTimersInit
                0x08001e88       0x74 ..\obj\porttimer.o
                0x08001e88                xMBPortTimersInit
 .text.vMBPortTimersEnable
                0x08001efc       0x1c ..\obj\porttimer.o
                0x08001efc                vMBPortTimersEnable
 .text.vMBPortTimersDisable
                0x08001f18        0xc ..\obj\porttimer.o
                0x08001f18                vMBPortTimersDisable
 .text.TIM7_IRQHandler
                0x08001f24       0x28 ..\obj\porttimer.o
                0x08001f24                TIM7_IRQHandler
 .text.eMBRTUInit
                0x08001f4c       0x3c ..\obj\mbrtu.o
                0x08001f4c                eMBRTUInit
 .text.eMBRTUStart
                0x08001f88       0x1c ..\obj\mbrtu.o
                0x08001f88                eMBRTUStart
 .text.eMBRTUStop
                0x08001fa4       0x14 ..\obj\mbrtu.o
                0x08001fa4                eMBRTUStop
 .text.eMBRTUReceive
                0x08001fb8       0x48 ..\obj\mbrtu.o
                0x08001fb8                eMBRTUReceive
 .text.eMBRTUSend
                0x08002000       0x68 ..\obj\mbrtu.o
                0x08002000                eMBRTUSend
 .text.xMBRTUReceiveFSM
                0x08002068       0x68 ..\obj\mbrtu.o
                0x08002068                xMBRTUReceiveFSM
 .text.xMBRTUTransmitFSM
                0x080020d0       0x58 ..\obj\mbrtu.o
                0x080020d0                xMBRTUTransmitFSM
 .text.xMBRTUTimerT35Expired
                0x08002128       0x2c ..\obj\mbrtu.o
                0x08002128                xMBRTUTimerT35Expired
 .text.SystemInit
                0x08002154       0xf8 ..\obj\system_stm32f4xx.o
                0x08002154                SystemInit
 .text.SystemCoreClockUpdate
                0x0800224c       0x70 ..\obj\system_stm32f4xx.o
                0x0800224c                SystemCoreClockUpdate
 .text.DMA_Init
                0x080022bc       0x54 ..\obj\stm32f4xx_dma.o
                0x080022bc                DMA_Init
 .text.DMA_StructInit
                0x08002310       0x22 ..\obj\stm32f4xx_dma.o
                0x08002310                DMA_StructInit
 .text.DMA_Cmd  0x08002332       0x12 ..\obj\stm32f4xx_dma.o
                0x08002332                DMA_Cmd
 .text.vMBPortSerialEnable
                0x08002344       0x54 ..\obj\portserial.o
                0x08002344                vMBPortSerialEnable
 .text.xMBPortSerialInit
                0x08002398      0x128 ..\obj\portserial.o
                0x08002398                xMBPortSerialInit
 .text.USART3_IRQHandler
                0x080024c0       0x70 ..\obj\portserial.o
                0x080024c0                USART3_IRQHandler
 .text.xMBPortSerialPutByte
                0x08002530       0x14 ..\obj\portserial.o
                0x08002530                xMBPortSerialPutByte
 .text.xMBPortSerialGetByte
                0x08002544       0x14 ..\obj\portserial.o
                0x08002544                xMBPortSerialGetByte
 .text.eMBFuncReadCoils
                0x08002558       0x6c ..\obj\mbfunccoils.o
                0x08002558                eMBFuncReadCoils
 .text.eMBFuncWriteCoil
                0x080025c4       0x4a ..\obj\mbfunccoils.o
                0x080025c4                eMBFuncWriteCoil
 .text.eMBFuncWriteMultipleCoils
                0x0800260e       0x58 ..\obj\mbfunccoils.o
                0x0800260e                eMBFuncWriteMultipleCoils
 *fill*         0x08002666        0x2 
 .text.EXTI_Init
                0x08002668       0x74 ..\obj\stm32f4xx_exti.o
                0x08002668                EXTI_Init
 .text.EXTI_GetITStatus
                0x080026dc       0x1c ..\obj\stm32f4xx_exti.o
                0x080026dc                EXTI_GetITStatus
 .text.EXTI_ClearITPendingBit
                0x080026f8        0xc ..\obj\stm32f4xx_exti.o
                0x080026f8                EXTI_ClearITPendingBit
 .text.NVIC_PriorityGroupConfig
                0x08002704       0x14 ..\obj\misc.o
                0x08002704                NVIC_PriorityGroupConfig
 .text.NVIC_Init
                0x08002718       0x68 ..\obj\misc.o
                0x08002718                NVIC_Init
 .text.svpwmInitGPIO
                0x08002780       0x94 ..\obj\svpwm.o
                0x08002780                svpwmInitGPIO
 .text.svpwmInitTIM
                0x08002814      0x134 ..\obj\svpwm.o
                0x08002814                svpwmInitTIM
 .text.RCC_Configuration_Adc1
                0x08002948       0x20 ..\obj\svpwm.o
                0x08002948                RCC_Configuration_Adc1
 .text.RCC_Configuration_Adc2
                0x08002968       0x18 ..\obj\svpwm.o
                0x08002968                RCC_Configuration_Adc2
 .text.GPIO_Configuration_Adc1
                0x08002980       0x60 ..\obj\svpwm.o
                0x08002980                GPIO_Configuration_Adc1
 .text.GPIO_Configuration_Adc2
                0x080029e0       0x3c ..\obj\svpwm.o
                0x080029e0                GPIO_Configuration_Adc2
 .text.DMAInit  0x08002a1c       0x74 ..\obj\svpwm.o
                0x08002a1c                DMAInit
 .text.svpwmInitADC
                0x08002a90      0x174 ..\obj\svpwm.o
                0x08002a90                svpwmInitADC
 .text.svpwmInit
                0x08002c04        0xe ..\obj\svpwm.o
                0x08002c04                svpwmInit
 .text.DMA1_Stream1_IRQHandler
                0x08002c12        0x2 ..\obj\svpwm.o
                0x08002c12                DMA1_Stream1_IRQHandler
 .text.mcFocSVPWM_TI
                0x08002c14       0x90 ..\obj\svpwm.o
                0x08002c14                mcFocSVPWM_TI
 .text.eMBASCIIInit
                0x08002ca4       0x34 ..\obj\mbascii.o
                0x08002ca4                eMBASCIIInit
 .text.eMBASCIIStart
                0x08002cd8       0x20 ..\obj\mbascii.o
                0x08002cd8                eMBASCIIStart
 .text.eMBASCIIStop
                0x08002cf8       0x14 ..\obj\mbascii.o
                0x08002cf8                eMBASCIIStop
 .text.eMBASCIIReceive
                0x08002d0c       0x5c ..\obj\mbascii.o
                0x08002d0c                eMBASCIIReceive
 .text.eMBASCIISend
                0x08002d68       0x6c ..\obj\mbascii.o
                0x08002d68                eMBASCIISend
 .text.xMBASCIIReceiveFSM
                0x08002dd4       0xf4 ..\obj\mbascii.o
                0x08002dd4                xMBASCIIReceiveFSM
 .text.xMBASCIITransmitFSM
                0x08002ec8       0xbc ..\obj\mbascii.o
                0x08002ec8                xMBASCIITransmitFSM
 .text.xMBASCIITimerT1SExpired
                0x08002f84       0x1c ..\obj\mbascii.o
                0x08002f84                xMBASCIITimerT1SExpired
 .text.pidInit_test
                0x08002fa0       0x18 ..\obj\pid.o
                0x08002fa0                pidInit_test
 .text.pidSetOutLimit_test
                0x08002fb8        0xa ..\obj\pid.o
                0x08002fb8                pidSetOutLimit_test
 .text.pidSetIntegralLimit_test
                0x08002fc2        0x6 ..\obj\pid.o
                0x08002fc2                pidSetIntegralLimit_test
 .text.pidTask_test
                0x08002fc8       0x96 ..\obj\pid.o
                0x08002fc8                pidTask_test
 .text.pidInit  0x0800305e       0x18 ..\obj\pid.o
                0x0800305e                pidInit
 .text.pidSetOutLimit
                0x08003076        0xa ..\obj\pid.o
                0x08003076                pidSetOutLimit
 .text.pidSetIntegralLimit
                0x08003080        0xe ..\obj\pid.o
                0x08003080                pidSetIntegralLimit
 .text.pidSetInputRange
                0x0800308e        0xe ..\obj\pid.o
                0x0800308e                pidSetInputRange
 .text.pidTask  0x0800309c       0xcc ..\obj\pid.o
                0x0800309c                pidTask
 .text.TI1_Config
                0x08003168       0x36 ..\obj\stm32f4xx_tim.o
 .text.TI2_Config
                0x0800319e       0x3c ..\obj\stm32f4xx_tim.o
 *fill*         0x080031da        0x2 
 .text.TIM_DeInit
                0x080031dc      0x16c ..\obj\stm32f4xx_tim.o
                0x080031dc                TIM_DeInit
 .text.TIM_TimeBaseInit
                0x08003348       0x7c ..\obj\stm32f4xx_tim.o
                0x08003348                TIM_TimeBaseInit
 .text.TIM_TimeBaseStructInit
                0x080033c4       0x12 ..\obj\stm32f4xx_tim.o
                0x080033c4                TIM_TimeBaseStructInit
 .text.TIM_SetCounter
                0x080033d6        0x4 ..\obj\stm32f4xx_tim.o
                0x080033d6                TIM_SetCounter
 .text.TIM_ARRPreloadConfig
                0x080033da       0x18 ..\obj\stm32f4xx_tim.o
                0x080033da                TIM_ARRPreloadConfig
 .text.TIM_Cmd  0x080033f2       0x18 ..\obj\stm32f4xx_tim.o
                0x080033f2                TIM_Cmd
 *fill*         0x0800340a        0x2 
 .text.TIM_OC1Init
                0x0800340c       0x70 ..\obj\stm32f4xx_tim.o
                0x0800340c                TIM_OC1Init
 .text.TIM_OC2Init
                0x0800347c       0x80 ..\obj\stm32f4xx_tim.o
                0x0800347c                TIM_OC2Init
 .text.TIM_OC3Init
                0x080034fc       0x7c ..\obj\stm32f4xx_tim.o
                0x080034fc                TIM_OC3Init
 .text.TIM_OC4Init
                0x08003578       0x64 ..\obj\stm32f4xx_tim.o
                0x08003578                TIM_OC4Init
 .text.TIM_OCStructInit
                0x080035dc       0x14 ..\obj\stm32f4xx_tim.o
                0x080035dc                TIM_OCStructInit
 .text.TIM_SetCompare1
                0x080035f0        0x4 ..\obj\stm32f4xx_tim.o
                0x080035f0                TIM_SetCompare1
 .text.TIM_SetCompare2
                0x080035f4        0x4 ..\obj\stm32f4xx_tim.o
                0x080035f4                TIM_SetCompare2
 .text.TIM_SetCompare3
                0x080035f8        0x4 ..\obj\stm32f4xx_tim.o
                0x080035f8                TIM_SetCompare3
 .text.TIM_OC1PreloadConfig
                0x080035fc       0x10 ..\obj\stm32f4xx_tim.o
                0x080035fc                TIM_OC1PreloadConfig
 .text.TIM_OC2PreloadConfig
                0x0800360c       0x14 ..\obj\stm32f4xx_tim.o
                0x0800360c                TIM_OC2PreloadConfig
 .text.TIM_OC3PreloadConfig
                0x08003620       0x10 ..\obj\stm32f4xx_tim.o
                0x08003620                TIM_OC3PreloadConfig
 .text.TIM_OC4PreloadConfig
                0x08003630       0x14 ..\obj\stm32f4xx_tim.o
                0x08003630                TIM_OC4PreloadConfig
 .text.TIM_ICStructInit
                0x08003644       0x10 ..\obj\stm32f4xx_tim.o
                0x08003644                TIM_ICStructInit
 .text.TIM_GetCapture1
                0x08003654        0x4 ..\obj\stm32f4xx_tim.o
                0x08003654                TIM_GetCapture1
 .text.TIM_SetIC1Prescaler
                0x08003658       0x16 ..\obj\stm32f4xx_tim.o
                0x08003658                TIM_SetIC1Prescaler
 .text.TIM_SetIC2Prescaler
                0x0800366e       0x1a ..\obj\stm32f4xx_tim.o
                0x0800366e                TIM_SetIC2Prescaler
 .text.TIM_SetIC3Prescaler
                0x08003688       0x16 ..\obj\stm32f4xx_tim.o
                0x08003688                TIM_SetIC3Prescaler
 .text.TIM_SetIC4Prescaler
                0x0800369e       0x1a ..\obj\stm32f4xx_tim.o
                0x0800369e                TIM_SetIC4Prescaler
 .text.TIM_ICInit
                0x080036b8       0xae ..\obj\stm32f4xx_tim.o
                0x080036b8                TIM_ICInit
 .text.TIM_BDTRConfig
                0x08003766       0x22 ..\obj\stm32f4xx_tim.o
                0x08003766                TIM_BDTRConfig
 .text.TIM_GetITStatus
                0x08003788       0x16 ..\obj\stm32f4xx_tim.o
                0x08003788                TIM_GetITStatus
 .text.TIM_ClearITPendingBit
                0x0800379e        0x8 ..\obj\stm32f4xx_tim.o
                0x0800379e                TIM_ClearITPendingBit
 .text.TIM_DMACmd
                0x080037a6       0x12 ..\obj\stm32f4xx_tim.o
                0x080037a6                TIM_DMACmd
 .text.TIM_ITConfig
                0x080037b8        0x4 ..\obj\stm32f4xx_tim.o
                0x080037b8                TIM_ITConfig
 .text.TIM_SelectOutputTrigger
                0x080037bc       0x16 ..\obj\stm32f4xx_tim.o
                0x080037bc                TIM_SelectOutputTrigger
 .text.TIM_EncoderInterfaceConfig
                0x080037d2       0x3e ..\obj\stm32f4xx_tim.o
                0x080037d2                TIM_EncoderInterfaceConfig
 .text.cosf     0x08003810       0x90 c:/program files (x86)/gnu tools arm embedded/6 2017-q1-update/bin/../lib/gcc/arm-none-eabi/6.3.1/../../../../arm-none-eabi/lib/thumb/v7e-m/fpv4-sp/hard\libm.a(lib_a-sf_cos.o)
                0x08003810                cosf
 .text.sinf     0x080038a0       0x94 c:/program files (x86)/gnu tools arm embedded/6 2017-q1-update/bin/../lib/gcc/arm-none-eabi/6.3.1/../../../../arm-none-eabi/lib/thumb/v7e-m/fpv4-sp/hard\libm.a(lib_a-sf_sin.o)
                0x080038a0                sinf
 .text.__ieee754_rem_pio2f
                0x08003934      0x290 c:/program files (x86)/gnu tools arm embedded/6 2017-q1-update/bin/../lib/gcc/arm-none-eabi/6.3.1/../../../../arm-none-eabi/lib/thumb/v7e-m/fpv4-sp/hard\libm.a(lib_a-ef_rem_pio2.o)
                0x08003934                __ieee754_rem_pio2f
 .text.__kernel_cosf
                0x08003bc4      0x104 c:/program files (x86)/gnu tools arm embedded/6 2017-q1-update/bin/../lib/gcc/arm-none-eabi/6.3.1/../../../../arm-none-eabi/lib/thumb/v7e-m/fpv4-sp/hard\libm.a(lib_a-kf_cos.o)
                0x08003bc4                __kernel_cosf
 .text.__kernel_rem_pio2f
                0x08003cc8      0x690 c:/program files (x86)/gnu tools arm embedded/6 2017-q1-update/bin/../lib/gcc/arm-none-eabi/6.3.1/../../../../arm-none-eabi/lib/thumb/v7e-m/fpv4-sp/hard\libm.a(lib_a-kf_rem_pio2.o)
                0x08003cc8                __kernel_rem_pio2f
 .text.__kernel_sinf
                0x08004358       0x90 c:/program files (x86)/gnu tools arm embedded/6 2017-q1-update/bin/../lib/gcc/arm-none-eabi/6.3.1/../../../../arm-none-eabi/lib/thumb/v7e-m/fpv4-sp/hard\libm.a(lib_a-kf_sin.o)
                0x08004358                __kernel_sinf
 .text.fabsf    0x080043e8       0x10 c:/program files (x86)/gnu tools arm embedded/6 2017-q1-update/bin/../lib/gcc/arm-none-eabi/6.3.1/../../../../arm-none-eabi/lib/thumb/v7e-m/fpv4-sp/hard\libm.a(lib_a-sf_fabs.o)
                0x080043e8                fabsf
 .text.floorf   0x080043f8       0x90 c:/program files (x86)/gnu tools arm embedded/6 2017-q1-update/bin/../lib/gcc/arm-none-eabi/6.3.1/../../../../arm-none-eabi/lib/thumb/v7e-m/fpv4-sp/hard\libm.a(lib_a-sf_floor.o)
                0x080043f8                floorf
 .text.scalbnf  0x08004488       0xd0 c:/program files (x86)/gnu tools arm embedded/6 2017-q1-update/bin/../lib/gcc/arm-none-eabi/6.3.1/../../../../arm-none-eabi/lib/thumb/v7e-m/fpv4-sp/hard\libm.a(lib_a-sf_scalbn.o)
                0x08004488                scalbnf
 .text.copysignf
                0x08004558       0x18 c:/program files (x86)/gnu tools arm embedded/6 2017-q1-update/bin/../lib/gcc/arm-none-eabi/6.3.1/../../../../arm-none-eabi/lib/thumb/v7e-m/fpv4-sp/hard\libm.a(lib_a-sf_copysign.o)
                0x08004558                copysignf
 .text          0x08004570      0x134 c:/program files (x86)/gnu tools arm embedded/6 2017-q1-update/bin/../lib/gcc/arm-none-eabi/6.3.1/../../../../arm-none-eabi/lib/thumb/v7e-m/fpv4-sp/hard\libc.a(lib_a-memcpy.o)
                0x08004570                memcpy
 .text.memset   0x080046a4       0x9c c:/program files (x86)/gnu tools arm embedded/6 2017-q1-update/bin/../lib/gcc/arm-none-eabi/6.3.1/../../../../arm-none-eabi/lib/thumb/v7e-m/fpv4-sp/hard\libc.a(lib_a-memset.o)
                0x080046a4                memset
 .text.startup.register_fini
                0x08004740       0x14 c:/program files (x86)/gnu tools arm embedded/6 2017-q1-update/bin/../lib/gcc/arm-none-eabi/6.3.1/../../../../arm-none-eabi/lib/thumb/v7e-m/fpv4-sp/hard\libc.a(lib_a-__call_atexit.o)
 .text.atexit   0x08004754        0xc c:/program files (x86)/gnu tools arm embedded/6 2017-q1-update/bin/../lib/gcc/arm-none-eabi/6.3.1/../../../../arm-none-eabi/lib/thumb/v7e-m/fpv4-sp/hard\libc.a(lib_a-atexit.o)
                0x08004754                atexit
 .text.__libc_fini_array
                0x08004760       0x34 c:/program files (x86)/gnu tools arm embedded/6 2017-q1-update/bin/../lib/gcc/arm-none-eabi/6.3.1/../../../../arm-none-eabi/lib/thumb/v7e-m/fpv4-sp/hard\libc.a(lib_a-fini.o)
                0x08004760                __libc_fini_array
 .text.__retarget_lock_acquire_recursive
                0x08004794        0x4 c:/program files (x86)/gnu tools arm embedded/6 2017-q1-update/bin/../lib/gcc/arm-none-eabi/6.3.1/../../../../arm-none-eabi/lib/thumb/v7e-m/fpv4-sp/hard\libc.a(lib_a-lock.o)
                0x08004794                __retarget_lock_acquire_recursive
 .text.__retarget_lock_release_recursive
                0x08004798        0x4 c:/program files (x86)/gnu tools arm embedded/6 2017-q1-update/bin/../lib/gcc/arm-none-eabi/6.3.1/../../../../arm-none-eabi/lib/thumb/v7e-m/fpv4-sp/hard\libc.a(lib_a-lock.o)
                0x08004798                __retarget_lock_release_recursive
 .text.__register_exitproc
                0x0800479c       0xc4 c:/program files (x86)/gnu tools arm embedded/6 2017-q1-update/bin/../lib/gcc/arm-none-eabi/6.3.1/../../../../arm-none-eabi/lib/thumb/v7e-m/fpv4-sp/hard\libc.a(lib_a-__atexit.o)
                0x0800479c                __register_exitproc
 *(.init)
 .init          0x08004860        0x4 c:/program files (x86)/gnu tools arm embedded/6 2017-q1-update/bin/../lib/gcc/arm-none-eabi/6.3.1/thumb/v7e-m/fpv4-sp/hard/crti.o
                0x08004860                _init
 .init          0x08004864        0x8 c:/program files (x86)/gnu tools arm embedded/6 2017-q1-update/bin/../lib/gcc/arm-none-eabi/6.3.1/thumb/v7e-m/fpv4-sp/hard/crtn.o
 *(.fini)
 .fini          0x0800486c        0x4 c:/program files (x86)/gnu tools arm embedded/6 2017-q1-update/bin/../lib/gcc/arm-none-eabi/6.3.1/thumb/v7e-m/fpv4-sp/hard/crti.o
                0x0800486c                _fini
 .fini          0x08004870        0x8 c:/program files (x86)/gnu tools arm embedded/6 2017-q1-update/bin/../lib/gcc/arm-none-eabi/6.3.1/thumb/v7e-m/fpv4-sp/hard/crtn.o
 *crtbegin.o(.ctors)
 *crtbegin?.o(.ctors)
 *(EXCLUDE_FILE(*crtend.o *crtend?.o) .ctors)
 *(SORT(.ctors.*))
 *(.ctors)
 *crtbegin.o(.dtors)
 *crtbegin?.o(.dtors)
 *(EXCLUDE_FILE(*crtend.o *crtend?.o) .dtors)
 *(SORT(.dtors.*))
 *(.dtors)
 *(.rodata*)
 .rodata        0x08004878        0x8 ..\obj\mbutils.o
 .rodata        0x08004880      0x200 ..\obj\mbcrc.o
 .rodata        0x08004a80       0x90 ..\obj\encoder.o
 .rodata.npio2_hw
                0x08004b10       0x80 c:/program files (x86)/gnu tools arm embedded/6 2017-q1-update/bin/../lib/gcc/arm-none-eabi/6.3.1/../../../../arm-none-eabi/lib/thumb/v7e-m/fpv4-sp/hard\libm.a(lib_a-ef_rem_pio2.o)
 .rodata.two_over_pi
                0x08004b90      0x318 c:/program files (x86)/gnu tools arm embedded/6 2017-q1-update/bin/../lib/gcc/arm-none-eabi/6.3.1/../../../../arm-none-eabi/lib/thumb/v7e-m/fpv4-sp/hard\libm.a(lib_a-ef_rem_pio2.o)
 .rodata.PIo2   0x08004ea8       0x2c c:/program files (x86)/gnu tools arm embedded/6 2017-q1-update/bin/../lib/gcc/arm-none-eabi/6.3.1/../../../../arm-none-eabi/lib/thumb/v7e-m/fpv4-sp/hard\libm.a(lib_a-kf_rem_pio2.o)
 .rodata.init_jk
                0x08004ed4        0xc c:/program files (x86)/gnu tools arm embedded/6 2017-q1-update/bin/../lib/gcc/arm-none-eabi/6.3.1/../../../../arm-none-eabi/lib/thumb/v7e-m/fpv4-sp/hard\libm.a(lib_a-kf_rem_pio2.o)
 .rodata._global_impure_ptr
                0x08004ee0        0x4 c:/program files (x86)/gnu tools arm embedded/6 2017-q1-update/bin/../lib/gcc/arm-none-eabi/6.3.1/../../../../arm-none-eabi/lib/thumb/v7e-m/fpv4-sp/hard\libc.a(lib_a-impure.o)
                0x08004ee0                _global_impure_ptr
 *(.eh_fram e*)

.eh_frame       0x08004ee4        0x0
 .eh_frame      0x08004ee4        0x0 c:/program files (x86)/gnu tools arm embedded/6 2017-q1-update/bin/../lib/gcc/arm-none-eabi/6.3.1/thumb/v7e-m/fpv4-sp/hard/crtbegin.o

.glue_7         0x08004ee4        0x0
 .glue_7        0x08004ee4        0x0 linker stubs

.glue_7t        0x08004ee4        0x0
 .glue_7t       0x08004ee4        0x0 linker stubs

.vfp11_veneer   0x08004ee4        0x0
 .vfp11_veneer  0x08004ee4        0x0 linker stubs

.v4_bx          0x08004ee4        0x0
 .v4_bx         0x08004ee4        0x0 linker stubs

.iplt           0x08004ee4        0x0
 .iplt          0x08004ee4        0x0 c:/program files (x86)/gnu tools arm embedded/6 2017-q1-update/bin/../lib/gcc/arm-none-eabi/6.3.1/thumb/v7e-m/fpv4-sp/hard/crtbegin.o

.rel.dyn        0x08004ee4        0x0
 .rel.iplt      0x08004ee4        0x0 c:/program files (x86)/gnu tools arm embedded/6 2017-q1-update/bin/../lib/gcc/arm-none-eabi/6.3.1/thumb/v7e-m/fpv4-sp/hard/crtbegin.o

.ARM.extab
 *(.ARM.extab* .gnu.linkonce.armextab.*)
                0x08004ee4                __exidx_start = .

.ARM.exidx
 *(.ARM.exidx* .gnu.linkonce.armexidx.*)
                0x08004ee4                __exidx_end = .
                0x08004ee4                __etext = .
                0x08004ee4                _sidata = __etext

.data           0x20000000      0x4ec load address 0x08004ee4
                0x20000000                __data_start__ = .
                0x20000000                _sdata = __data_start__
 *(vtable)
 *(.data*)
 .data          0x20000000       0x84 ..\obj\mb.o
 .data          0x20000084        0x8 ..\obj\main.o
                0x20000084                current_a_offset
                0x20000088                current_b_offset
 .data          0x2000008c       0x10 ..\obj\stm32f4xx_rcc.o
 .data          0x2000009c       0x14 ..\obj\system_stm32f4xx.o
                0x2000009c                SystemCoreClock
                0x200000a0                AHBPrescTable
 .data.impure_data
                0x200000b0      0x428 c:/program files (x86)/gnu tools arm embedded/6 2017-q1-update/bin/../lib/gcc/arm-none-eabi/6.3.1/../../../../arm-none-eabi/lib/thumb/v7e-m/fpv4-sp/hard\libc.a(lib_a-impure.o)
 .data.__atexit_recursive_mutex
                0x200004d8        0x4 c:/program files (x86)/gnu tools arm embedded/6 2017-q1-update/bin/../lib/gcc/arm-none-eabi/6.3.1/../../../../arm-none-eabi/lib/thumb/v7e-m/fpv4-sp/hard\libc.a(lib_a-__call_atexit.o)
                0x200004d8                __atexit_recursive_mutex
                0x200004dc                . = ALIGN (0x4)
                0x200004dc                PROVIDE (__preinit_array_start, .)
 *(.preinit_array)
                0x200004dc                PROVIDE (__preinit_array_end, .)
                0x200004dc                . = ALIGN (0x4)
                0x200004dc                PROVIDE (__init_array_start, .)
 *(SORT(.init_array.*))
 .init_array.00000
                0x200004dc        0x4 c:/program files (x86)/gnu tools arm embedded/6 2017-q1-update/bin/../lib/gcc/arm-none-eabi/6.3.1/../../../../arm-none-eabi/lib/thumb/v7e-m/fpv4-sp/hard\libc.a(lib_a-__call_atexit.o)
 *(.init_array)
 .init_array    0x200004e0        0x4 c:/program files (x86)/gnu tools arm embedded/6 2017-q1-update/bin/../lib/gcc/arm-none-eabi/6.3.1/thumb/v7e-m/fpv4-sp/hard/crtbegin.o
                0x200004e4                PROVIDE (__init_array_end, .)
                0x200004e4                . = ALIGN (0x4)
                0x200004e4                PROVIDE (__fini_array_start, .)
 *(SORT(.fini_array.*))
 *(.fini_array)
 .fini_array    0x200004e4        0x4 c:/program files (x86)/gnu tools arm embedded/6 2017-q1-update/bin/../lib/gcc/arm-none-eabi/6.3.1/thumb/v7e-m/fpv4-sp/hard/crtbegin.o
                0x200004e8                PROVIDE (__fini_array_end, .)
 *(.jcr*)
 .jcr           0x200004e8        0x0 c:/program files (x86)/gnu tools arm embedded/6 2017-q1-update/bin/../lib/gcc/arm-none-eabi/6.3.1/thumb/v7e-m/fpv4-sp/hard/crtbegin.o
 .jcr           0x200004e8        0x4 c:/program files (x86)/gnu tools arm embedded/6 2017-q1-update/bin/../lib/gcc/arm-none-eabi/6.3.1/thumb/v7e-m/fpv4-sp/hard/crtend.o
                0x200004ec                . = ALIGN (0x4)
                0x200004ec                __data_end__ = .
                0x200004ec                _edata = __data_end__

.igot.plt       0x200004ec        0x0 load address 0x080053d0
 .igot.plt      0x200004ec        0x0 c:/program files (x86)/gnu tools arm embedded/6 2017-q1-update/bin/../lib/gcc/arm-none-eabi/6.3.1/thumb/v7e-m/fpv4-sp/hard/crtbegin.o

.bss            0x200004ec     0x80dc load address 0x080053d0
                0x200004ec                . = ALIGN (0x4)
                0x200004ec                __bss_start__ = .
                0x200004ec                _sbss = __bss_start__
 *(.bss*)
 .bss           0x200004ec       0x1c c:/program files (x86)/gnu tools arm embedded/6 2017-q1-update/bin/../lib/gcc/arm-none-eabi/6.3.1/thumb/v7e-m/fpv4-sp/hard/crtbegin.o
 .bss           0x20000508       0x23 ..\obj\mb.o
 .bss           0x2000052b        0x2 ..\obj\portevent.o
 *fill*         0x2000052d        0x1 
 .bss           0x2000052e       0x22 ..\obj\mbfuncother.o
 .bss           0x20000550       0x34 ..\obj\main.o
                0x20000550                main_state
                0x20000554                counter
                0x20000558                sp_counter
 .bss           0x20000584       0x88 ..\obj\foc.o
                0x200005d8                current_a
                0x200005da                current_b
 .bss           0x2000060c     0x7d0c ..\obj\encoder.o
                0x20008314                uwTIM10PulseLength
 .bss           0x20008318        0xb ..\obj\mbrtu.o
 *fill*         0x20008323        0x1 
 .bss           0x20008324        0xd ..\obj\mbascii.o
 *(COMMON)
 *fill*         0x20008331        0x3 
 COMMON         0x20008334       0x14 ..\obj\mb.o
                0x20008334                pxMBFrameCBTransmitterEmpty
                0x20008338                pxMBPortCBTimerExpired
                0x2000833c                pxMBFrameCBByteReceived
                0x20008340                pxMBFrameCBTransmitFSMCur
                0x20008344                pxMBFrameCBReceiveFSMCur
 COMMON         0x20008348       0xdc ..\obj\main.o
                0x20008348                f_rpm_mt_filtered_value
                0x2000834c                f_rpm_m_filtered_value
                0x20008350                f_rpm_m
                0x20008354                f_rpm_t_filtered_value
                0x20008358                f_rpm_t
                0x2000835c                f_rpm_mt
                0x20008360                stFoc
 COMMON         0x20008424       0x7e ..\obj\foc.o
                0x20008424                pidPos
                0x20008458                pidSpeed
                0x2000848c                ADC_values
                0x2000849c                enc_delta
                0x2000849e                ai1
                0x200084a0                ai0
 COMMON         0x200084a2      0x100 ..\obj\mbrtu.o
                0x200084a2                ucRTUBuf
 *fill*         0x200085a2        0x2 
 COMMON         0x200085a4       0x21 c:/program files (x86)/gnu tools arm embedded/6 2017-q1-update/bin/../lib/gcc/arm-none-eabi/6.3.1/../../../../arm-none-eabi/lib/thumb/v7e-m/fpv4-sp/hard\libc.a(lib_a-lock.o)
                0x200085a4                __lock___atexit_recursive_mutex
                0x200085a8                __lock___arc4random_mutex
                0x200085ac                __lock___env_recursive_mutex
                0x200085b0                __lock___sinit_recursive_mutex
                0x200085b4                __lock___malloc_recursive_mutex
                0x200085b8                __lock___at_quick_exit_mutex
                0x200085bc                __lock___dd_hash_mutex
                0x200085c0                __lock___tz_mutex
                0x200085c4                __lock___sfp_recursive_mutex
                0x200085c8                . = ALIGN (0x4)
 *fill*         0x200085c5        0x3 
                0x200085c8                __bss_end__ = .
                0x200085c8                _ebss = __bss_end__

.heap           0x200085c8        0x0
                0x200085c8                __end__ = .
                0x200085c8                _end = __end__
                0x200085c8                end = __end__
 *(.heap*)
                0x200085c8                __HeapLimit = .

.co_stack       0x200085c8      0x800 load address 0x0800d4ac
                0x200085c8                . = ALIGN (0x8)
 *(.co_stack .co_stack.*)
 .co_stack      0x200085c8      0x800 ..\obj\startup_stm32f4xx.o
                0x200085c8                pulStack
                0x20020000                __StackTop = (ORIGIN (ram) + LENGTH (ram))
                0x2001f800                __StackLimit = (__StackTop - SIZEOF (.co_stack))
                0x20020000                PROVIDE (__stack, __StackTop)
                0x00000001                ASSERT ((__StackLimit >= __HeapLimit), region ram  overflowed with stack)
LOAD ..\obj\stm32f4xx_syscfg.o
LOAD ..\obj\mb.o
LOAD ..\obj\mbfuncdisc.o
LOAD ..\obj\portevent.o
LOAD ..\obj\mbfuncother.o
LOAD ..\obj\stm32f4xx_usart.o
LOAD ..\obj\stm32f4xx_can.o
LOAD ..\obj\mbutils.o
LOAD ..\obj\stm32f4xx_dac.o
LOAD ..\obj\startup_stm32f4xx.o
LOAD ..\obj\mbfuncholding.o
LOAD ..\obj\main.o
LOAD ..\obj\mbcrc.o
LOAD ..\obj\stm32f4xx_rcc.o
LOAD ..\obj\foc.o
LOAD ..\obj\stm32f4xx_adc.o
LOAD ..\obj\mbfuncinput.o
LOAD ..\obj\encoder.o
LOAD ..\obj\mbfuncdiag.o
LOAD ..\obj\stm32f4xx_gpio.o
LOAD ..\obj\porttimer.o
LOAD ..\obj\mbrtu.o
LOAD ..\obj\system_stm32f4xx.o
LOAD ..\obj\syscalls.o
LOAD ..\obj\stm32f4xx_dma.o
LOAD ..\obj\port.o
LOAD ..\obj\portserial.o
LOAD ..\obj\mbfunccoils.o
LOAD ..\obj\stm32f4xx_exti.o
LOAD ..\obj\misc.o
LOAD ..\obj\svpwm.o
LOAD ..\obj\mbtcp.o
LOAD ..\obj\mbascii.o
LOAD ..\obj\pid.o
LOAD ..\obj\stm32f4xx_tim.o
LOAD c:/program files (x86)/gnu tools arm embedded/6 2017-q1-update/bin/../lib/gcc/arm-none-eabi/6.3.1/../../../../arm-none-eabi/lib/thumb/v7e-m/fpv4-sp/hard\libm.a
LOAD c:/program files (x86)/gnu tools arm embedded/6 2017-q1-update/bin/../lib/gcc/arm-none-eabi/6.3.1/thumb/v7e-m/fpv4-sp/hard\libgcc.a
LOAD c:/program files (x86)/gnu tools arm embedded/6 2017-q1-update/bin/../lib/gcc/arm-none-eabi/6.3.1/../../../../arm-none-eabi/lib/thumb/v7e-m/fpv4-sp/hard\libc.a
START GROUP
LOAD c:/program files (x86)/gnu tools arm embedded/6 2017-q1-update/bin/../lib/gcc/arm-none-eabi/6.3.1/thumb/v7e-m/fpv4-sp/hard\libgcc.a
LOAD c:/program files (x86)/gnu tools arm embedded/6 2017-q1-update/bin/../lib/gcc/arm-none-eabi/6.3.1/../../../../arm-none-eabi/lib/thumb/v7e-m/fpv4-sp/hard\libg.a
LOAD c:/program files (x86)/gnu tools arm embedded/6 2017-q1-update/bin/../lib/gcc/arm-none-eabi/6.3.1/../../../../arm-none-eabi/lib/thumb/v7e-m/fpv4-sp/hard\libc.a
END GROUP
LOAD c:/program files (x86)/gnu tools arm embedded/6 2017-q1-update/bin/../lib/gcc/arm-none-eabi/6.3.1/thumb/v7e-m/fpv4-sp/hard/crtend.o
LOAD c:/program files (x86)/gnu tools arm embedded/6 2017-q1-update/bin/../lib/gcc/arm-none-eabi/6.3.1/thumb/v7e-m/fpv4-sp/hard/crtn.o
OUTPUT(main.elf elf32-littlearm)

.ARM.attributes
                0x00000000       0x30
 .ARM.attributes
                0x00000000       0x22 c:/program files (x86)/gnu tools arm embedded/6 2017-q1-update/bin/../lib/gcc/arm-none-eabi/6.3.1/thumb/v7e-m/fpv4-sp/hard/crti.o
 .ARM.attributes
                0x00000022       0x34 c:/program files (x86)/gnu tools arm embedded/6 2017-q1-update/bin/../lib/gcc/arm-none-eabi/6.3.1/thumb/v7e-m/fpv4-sp/hard/crtbegin.o
 .ARM.attributes
                0x00000056       0x39 ..\obj\stm32f4xx_syscfg.o
 .ARM.attributes
                0x0000008f       0x39 ..\obj\mb.o
 .ARM.attributes
                0x000000c8       0x39 ..\obj\mbfuncdisc.o
 .ARM.attributes
                0x00000101       0x39 ..\obj\portevent.o
 .ARM.attributes
                0x0000013a       0x39 ..\obj\mbfuncother.o
 .ARM.attributes
                0x00000173       0x39 ..\obj\stm32f4xx_usart.o
 .ARM.attributes
                0x000001ac       0x39 ..\obj\mbutils.o
 .ARM.attributes
                0x000001e5       0x39 ..\obj\stm32f4xx_dac.o
 .ARM.attributes
                0x0000021e       0x39 ..\obj\startup_stm32f4xx.o
 .ARM.attributes
                0x00000257       0x39 ..\obj\mbfuncholding.o
 .ARM.attributes
                0x00000290       0x39 ..\obj\main.o
 .ARM.attributes
                0x000002c9       0x39 ..\obj\mbcrc.o
 .ARM.attributes
                0x00000302       0x39 ..\obj\stm32f4xx_rcc.o
 .ARM.attributes
                0x0000033b       0x39 ..\obj\foc.o
 .ARM.attributes
                0x00000374       0x39 ..\obj\stm32f4xx_adc.o
 .ARM.attributes
                0x000003ad       0x39 ..\obj\mbfuncinput.o
 .ARM.attributes
                0x000003e6       0x39 ..\obj\encoder.o
 .ARM.attributes
                0x0000041f       0x39 ..\obj\stm32f4xx_gpio.o
 .ARM.attributes
                0x00000458       0x39 ..\obj\porttimer.o
 .ARM.attributes
                0x00000491       0x39 ..\obj\mbrtu.o
 .ARM.attributes
                0x000004ca       0x39 ..\obj\system_stm32f4xx.o
 .ARM.attributes
                0x00000503       0x39 ..\obj\stm32f4xx_dma.o
 .ARM.attributes
                0x0000053c       0x39 ..\obj\portserial.o
 .ARM.attributes
                0x00000575       0x39 ..\obj\mbfunccoils.o
 .ARM.attributes
                0x000005ae       0x39 ..\obj\stm32f4xx_exti.o
 .ARM.attributes
                0x000005e7       0x39 ..\obj\misc.o
 .ARM.attributes
                0x00000620       0x39 ..\obj\svpwm.o
 .ARM.attributes
                0x00000659       0x39 ..\obj\mbascii.o
 .ARM.attributes
                0x00000692       0x39 ..\obj\pid.o
 .ARM.attributes
                0x000006cb       0x39 ..\obj\stm32f4xx_tim.o
 .ARM.attributes
                0x00000704       0x34 c:/program files (x86)/gnu tools arm embedded/6 2017-q1-update/bin/../lib/gcc/arm-none-eabi/6.3.1/../../../../arm-none-eabi/lib/thumb/v7e-m/fpv4-sp/hard\libm.a(lib_a-sf_cos.o)
 .ARM.attributes
                0x00000738       0x34 c:/program files (x86)/gnu tools arm embedded/6 2017-q1-update/bin/../lib/gcc/arm-none-eabi/6.3.1/../../../../arm-none-eabi/lib/thumb/v7e-m/fpv4-sp/hard\libm.a(lib_a-sf_sin.o)
 .ARM.attributes
                0x0000076c       0x34 c:/program files (x86)/gnu tools arm embedded/6 2017-q1-update/bin/../lib/gcc/arm-none-eabi/6.3.1/../../../../arm-none-eabi/lib/thumb/v7e-m/fpv4-sp/hard\libm.a(lib_a-ef_rem_pio2.o)
 .ARM.attributes
                0x000007a0       0x34 c:/program files (x86)/gnu tools arm embedded/6 2017-q1-update/bin/../lib/gcc/arm-none-eabi/6.3.1/../../../../arm-none-eabi/lib/thumb/v7e-m/fpv4-sp/hard\libm.a(lib_a-kf_cos.o)
 .ARM.attributes
                0x000007d4       0x34 c:/program files (x86)/gnu tools arm embedded/6 2017-q1-update/bin/../lib/gcc/arm-none-eabi/6.3.1/../../../../arm-none-eabi/lib/thumb/v7e-m/fpv4-sp/hard\libm.a(lib_a-kf_rem_pio2.o)
 .ARM.attributes
                0x00000808       0x34 c:/program files (x86)/gnu tools arm embedded/6 2017-q1-update/bin/../lib/gcc/arm-none-eabi/6.3.1/../../../../arm-none-eabi/lib/thumb/v7e-m/fpv4-sp/hard\libm.a(lib_a-kf_sin.o)
 .ARM.attributes
                0x0000083c       0x34 c:/program files (x86)/gnu tools arm embedded/6 2017-q1-update/bin/../lib/gcc/arm-none-eabi/6.3.1/../../../../arm-none-eabi/lib/thumb/v7e-m/fpv4-sp/hard\libm.a(lib_a-sf_fabs.o)
 .ARM.attributes
                0x00000870       0x34 c:/program files (x86)/gnu tools arm embedded/6 2017-q1-update/bin/../lib/gcc/arm-none-eabi/6.3.1/../../../../arm-none-eabi/lib/thumb/v7e-m/fpv4-sp/hard\libm.a(lib_a-sf_floor.o)
 .ARM.attributes
                0x000008a4       0x34 c:/program files (x86)/gnu tools arm embedded/6 2017-q1-update/bin/../lib/gcc/arm-none-eabi/6.3.1/../../../../arm-none-eabi/lib/thumb/v7e-m/fpv4-sp/hard\libm.a(lib_a-sf_scalbn.o)
 .ARM.attributes
                0x000008d8       0x34 c:/program files (x86)/gnu tools arm embedded/6 2017-q1-update/bin/../lib/gcc/arm-none-eabi/6.3.1/../../../../arm-none-eabi/lib/thumb/v7e-m/fpv4-sp/hard\libm.a(lib_a-sf_copysign.o)
 .ARM.attributes
                0x0000090c       0x34 c:/program files (x86)/gnu tools arm embedded/6 2017-q1-update/bin/../lib/gcc/arm-none-eabi/6.3.1/../../../../arm-none-eabi/lib/thumb/v7e-m/fpv4-sp/hard\libc.a(lib_a-impure.o)
 .ARM.attributes
                0x00000940       0x20 c:/program files (x86)/gnu tools arm embedded/6 2017-q1-update/bin/../lib/gcc/arm-none-eabi/6.3.1/../../../../arm-none-eabi/lib/thumb/v7e-m/fpv4-sp/hard\libc.a(lib_a-memcpy.o)
 .ARM.attributes
                0x00000960       0x34 c:/program files (x86)/gnu tools arm embedded/6 2017-q1-update/bin/../lib/gcc/arm-none-eabi/6.3.1/../../../../arm-none-eabi/lib/thumb/v7e-m/fpv4-sp/hard\libc.a(lib_a-memset.o)
 .ARM.attributes
                0x00000994       0x34 c:/program files (x86)/gnu tools arm embedded/6 2017-q1-update/bin/../lib/gcc/arm-none-eabi/6.3.1/../../../../arm-none-eabi/lib/thumb/v7e-m/fpv4-sp/hard\libc.a(lib_a-__call_atexit.o)
 .ARM.attributes
                0x000009c8       0x34 c:/program files (x86)/gnu tools arm embedded/6 2017-q1-update/bin/../lib/gcc/arm-none-eabi/6.3.1/../../../../arm-none-eabi/lib/thumb/v7e-m/fpv4-sp/hard\libc.a(lib_a-atexit.o)
 .ARM.attributes
                0x000009fc       0x34 c:/program files (x86)/gnu tools arm embedded/6 2017-q1-update/bin/../lib/gcc/arm-none-eabi/6.3.1/../../../../arm-none-eabi/lib/thumb/v7e-m/fpv4-sp/hard\libc.a(lib_a-fini.o)
 .ARM.attributes
                0x00000a30       0x34 c:/program files (x86)/gnu tools arm embedded/6 2017-q1-update/bin/../lib/gcc/arm-none-eabi/6.3.1/../../../../arm-none-eabi/lib/thumb/v7e-m/fpv4-sp/hard\libc.a(lib_a-lock.o)
 .ARM.attributes
                0x00000a64       0x34 c:/program files (x86)/gnu tools arm embedded/6 2017-q1-update/bin/../lib/gcc/arm-none-eabi/6.3.1/../../../../arm-none-eabi/lib/thumb/v7e-m/fpv4-sp/hard\libc.a(lib_a-__atexit.o)
 .ARM.attributes
                0x00000a98       0x34 c:/program files (x86)/gnu tools arm embedded/6 2017-q1-update/bin/../lib/gcc/arm-none-eabi/6.3.1/thumb/v7e-m/fpv4-sp/hard/crtend.o
 .ARM.attributes
                0x00000acc       0x22 c:/program files (x86)/gnu tools arm embedded/6 2017-q1-update/bin/../lib/gcc/arm-none-eabi/6.3.1/thumb/v7e-m/fpv4-sp/hard/crtn.o

.comment        0x00000000       0x7f
 .comment       0x00000000       0x7f ..\obj\stm32f4xx_syscfg.o
                                 0x80 (size before relaxing)
 .comment       0x0000007f       0x80 ..\obj\mb.o
 .comment       0x0000007f       0x80 ..\obj\mbfuncdisc.o
 .comment       0x0000007f       0x80 ..\obj\portevent.o
 .comment       0x0000007f       0x80 ..\obj\mbfuncother.o
 .comment       0x0000007f       0x80 ..\obj\stm32f4xx_usart.o
 .comment       0x0000007f       0x80 ..\obj\mbutils.o
 .comment       0x0000007f       0x80 ..\obj\stm32f4xx_dac.o
 .comment       0x0000007f       0x80 ..\obj\startup_stm32f4xx.o
 .comment       0x0000007f       0x80 ..\obj\mbfuncholding.o
 .comment       0x0000007f       0x80 ..\obj\main.o
 .comment       0x0000007f       0x80 ..\obj\mbcrc.o
 .comment       0x0000007f       0x80 ..\obj\stm32f4xx_rcc.o
 .comment       0x0000007f       0x80 ..\obj\foc.o
 .comment       0x0000007f       0x80 ..\obj\stm32f4xx_adc.o
 .comment       0x0000007f       0x80 ..\obj\mbfuncinput.o
 .comment       0x0000007f       0x80 ..\obj\encoder.o
 .comment       0x0000007f       0x80 ..\obj\stm32f4xx_gpio.o
 .comment       0x0000007f       0x80 ..\obj\porttimer.o
 .comment       0x0000007f       0x80 ..\obj\mbrtu.o
 .comment       0x0000007f       0x80 ..\obj\system_stm32f4xx.o
 .comment       0x0000007f       0x80 ..\obj\stm32f4xx_dma.o
 .comment       0x0000007f       0x80 ..\obj\portserial.o
 .comment       0x0000007f       0x80 ..\obj\mbfunccoils.o
 .comment       0x0000007f       0x80 ..\obj\stm32f4xx_exti.o
 .comment       0x0000007f       0x80 ..\obj\misc.o
 .comment       0x0000007f       0x80 ..\obj\svpwm.o
 .comment       0x0000007f       0x80 ..\obj\mbascii.o
 .comment       0x0000007f       0x80 ..\obj\pid.o
 .comment       0x0000007f       0x80 ..\obj\stm32f4xx_tim.o

.debug_info     0x00000000    0x15df7
 .debug_info    0x00000000      0x2c1 ..\obj\stm32f4xx_syscfg.o
 .debug_info    0x000002c1      0xf3d ..\obj\mb.o
 .debug_info    0x000011fe      0xad5 ..\obj\mbfuncdisc.o
 .debug_info    0x00001cd3      0x1d9 ..\obj\portevent.o
 .debug_info    0x00001eac      0xb35 ..\obj\mbfuncother.o
 .debug_info    0x000029e1      0xaaf ..\obj\stm32f4xx_usart.o
 .debug_info    0x00003490      0xb56 ..\obj\mbutils.o
 .debug_info    0x00003fe6      0x68e ..\obj\stm32f4xx_dac.o
 .debug_info    0x00004674      0x121 ..\obj\startup_stm32f4xx.o
 .debug_info    0x00004795      0xd1a ..\obj\mbfuncholding.o
 .debug_info    0x000054af     0x1499 ..\obj\main.o
 .debug_info    0x00006948      0x191 ..\obj\mbcrc.o
 .debug_info    0x00006ad9      0xca3 ..\obj\stm32f4xx_rcc.o
 .debug_info    0x0000777c     0x1336 ..\obj\foc.o
 .debug_info    0x00008ab2      0xc7e ..\obj\stm32f4xx_adc.o
 .debug_info    0x00009730      0xac6 ..\obj\mbfuncinput.o
 .debug_info    0x0000a1f6     0x1495 ..\obj\encoder.o
 .debug_info    0x0000b68b      0x712 ..\obj\stm32f4xx_gpio.o
 .debug_info    0x0000bd9d      0x836 ..\obj\porttimer.o
 .debug_info    0x0000c5d3      0xf30 ..\obj\mbrtu.o
 .debug_info    0x0000d503      0x5e9 ..\obj\system_stm32f4xx.o
 .debug_info    0x0000daec      0x732 ..\obj\stm32f4xx_dma.o
 .debug_info    0x0000e21e      0xca1 ..\obj\portserial.o
 .debug_info    0x0000eebf      0xc54 ..\obj\mbfunccoils.o
 .debug_info    0x0000fb13      0x365 ..\obj\stm32f4xx_exti.o
 .debug_info    0x0000fe78      0x54d ..\obj\misc.o
 .debug_info    0x000103c5     0x1cd7 ..\obj\svpwm.o
 .debug_info    0x0001209c     0x111e ..\obj\mbascii.o
 .debug_info    0x000131ba      0xc30 ..\obj\pid.o
 .debug_info    0x00013dea     0x200d ..\obj\stm32f4xx_tim.o

.debug_abbrev   0x00000000     0x4087
 .debug_abbrev  0x00000000      0x173 ..\obj\stm32f4xx_syscfg.o
 .debug_abbrev  0x00000173      0x2f7 ..\obj\mb.o
 .debug_abbrev  0x0000046a      0x238 ..\obj\mbfuncdisc.o
 .debug_abbrev  0x000006a2       0xeb ..\obj\portevent.o
 .debug_abbrev  0x0000078d      0x222 ..\obj\mbfuncother.o
 .debug_abbrev  0x000009af      0x1d8 ..\obj\stm32f4xx_usart.o
 .debug_abbrev  0x00000b87      0x225 ..\obj\mbutils.o
 .debug_abbrev  0x00000dac      0x231 ..\obj\stm32f4xx_dac.o
 .debug_abbrev  0x00000fdd       0xeb ..\obj\startup_stm32f4xx.o
 .debug_abbrev  0x000010c8      0x238 ..\obj\mbfuncholding.o
 .debug_abbrev  0x00001300      0x329 ..\obj\main.o
 .debug_abbrev  0x00001629       0xc9 ..\obj\mbcrc.o
 .debug_abbrev  0x000016f2      0x21c ..\obj\stm32f4xx_rcc.o
 .debug_abbrev  0x0000190e      0x33a ..\obj\foc.o
 .debug_abbrev  0x00001c48      0x205 ..\obj\stm32f4xx_adc.o
 .debug_abbrev  0x00001e4d      0x238 ..\obj\mbfuncinput.o
 .debug_abbrev  0x00002085      0x2f2 ..\obj\encoder.o
 .debug_abbrev  0x00002377      0x1ff ..\obj\stm32f4xx_gpio.o
 .debug_abbrev  0x00002576      0x1be ..\obj\porttimer.o
 .debug_abbrev  0x00002734      0x2c1 ..\obj\mbrtu.o
 .debug_abbrev  0x000029f5      0x17b ..\obj\system_stm32f4xx.o
 .debug_abbrev  0x00002b70      0x1af ..\obj\stm32f4xx_dma.o
 .debug_abbrev  0x00002d1f      0x210 ..\obj\portserial.o
 .debug_abbrev  0x00002f2f      0x252 ..\obj\mbfunccoils.o
 .debug_abbrev  0x00003181      0x206 ..\obj\stm32f4xx_exti.o
 .debug_abbrev  0x00003387      0x17f ..\obj\misc.o
 .debug_abbrev  0x00003506      0x2e1 ..\obj\svpwm.o
 .debug_abbrev  0x000037e7      0x352 ..\obj\mbascii.o
 .debug_abbrev  0x00003b39      0x289 ..\obj\pid.o
 .debug_abbrev  0x00003dc2      0x2c5 ..\obj\stm32f4xx_tim.o

.debug_loc      0x00000000     0x7635
 .debug_loc     0x00000000       0x97 ..\obj\stm32f4xx_syscfg.o
 .debug_loc     0x00000097      0x299 ..\obj\mb.o
 .debug_loc     0x00000330      0x183 ..\obj\mbfuncdisc.o
 .debug_loc     0x000004b3       0x6e ..\obj\portevent.o
 .debug_loc     0x00000521      0x124 ..\obj\mbfuncother.o
 .debug_loc     0x00000645      0x7d5 ..\obj\stm32f4xx_usart.o
 .debug_loc     0x00000e1a      0x3d2 ..\obj\mbutils.o
 .debug_loc     0x000011ec      0x3cd ..\obj\stm32f4xx_dac.o
 .debug_loc     0x000015b9       0x2b ..\obj\startup_stm32f4xx.o
 .debug_loc     0x000015e4      0x73d ..\obj\mbfuncholding.o
 .debug_loc     0x00001d21      0x5d7 ..\obj\main.o
 .debug_loc     0x000022f8       0xb5 ..\obj\mbcrc.o
 .debug_loc     0x000023ad      0x9c7 ..\obj\stm32f4xx_rcc.o
 .debug_loc     0x00002d74      0x1c9 ..\obj\foc.o
 .debug_loc     0x00002f3d      0x9fe ..\obj\stm32f4xx_adc.o
 .debug_loc     0x0000393b      0x170 ..\obj\mbfuncinput.o
 .debug_loc     0x00003aab      0x2b7 ..\obj\encoder.o
 .debug_loc     0x00003d62      0x30c ..\obj\stm32f4xx_gpio.o
 .debug_loc     0x0000406e       0x21 ..\obj\porttimer.o
 .debug_loc     0x0000408f      0x2e7 ..\obj\mbrtu.o
 .debug_loc     0x00004376      0x10b ..\obj\system_stm32f4xx.o
 .debug_loc     0x00004481      0x415 ..\obj\stm32f4xx_dma.o
 .debug_loc     0x00004896      0x123 ..\obj\portserial.o
 .debug_loc     0x000049b9      0x400 ..\obj\mbfunccoils.o
 .debug_loc     0x00004db9      0x188 ..\obj\stm32f4xx_exti.o
 .debug_loc     0x00004f41      0x15c ..\obj\misc.o
 .debug_loc     0x0000509d      0x721 ..\obj\svpwm.o
 .debug_loc     0x000057be      0x411 ..\obj\mbascii.o
 .debug_loc     0x00005bcf      0x176 ..\obj\pid.o
 .debug_loc     0x00005d45     0x18f0 ..\obj\stm32f4xx_tim.o

.debug_aranges  0x00000000      0xe68
 .debug_aranges
                0x00000000       0x48 ..\obj\stm32f4xx_syscfg.o
 .debug_aranges
                0x00000048       0x48 ..\obj\mb.o
 .debug_aranges
                0x00000090       0x20 ..\obj\mbfuncdisc.o
 .debug_aranges
                0x000000b0       0x30 ..\obj\portevent.o
 .debug_aranges
                0x000000e0       0x28 ..\obj\mbfuncother.o
 .debug_aranges
                0x00000108      0x100 ..\obj\stm32f4xx_usart.o
 .debug_aranges
                0x00000208       0x30 ..\obj\mbutils.o
 .debug_aranges
                0x00000238       0x90 ..\obj\stm32f4xx_dac.o
 .debug_aranges
                0x000002c8       0x28 ..\obj\startup_stm32f4xx.o
 .debug_aranges
                0x000002f0       0x38 ..\obj\mbfuncholding.o
 .debug_aranges
                0x00000328       0x58 ..\obj\main.o
 .debug_aranges
                0x00000380       0x20 ..\obj\mbcrc.o
 .debug_aranges
                0x000003a0      0x178 ..\obj\stm32f4xx_rcc.o
 .debug_aranges
                0x00000518       0x68 ..\obj\foc.o
 .debug_aranges
                0x00000580      0x140 ..\obj\stm32f4xx_adc.o
 .debug_aranges
                0x000006c0       0x20 ..\obj\mbfuncinput.o
 .debug_aranges
                0x000006e0       0xa0 ..\obj\encoder.o
 .debug_aranges
                0x00000780       0x88 ..\obj\stm32f4xx_gpio.o
 .debug_aranges
                0x00000808       0x38 ..\obj\porttimer.o
 .debug_aranges
                0x00000840       0x58 ..\obj\mbrtu.o
 .debug_aranges
                0x00000898       0x28 ..\obj\system_stm32f4xx.o
 .debug_aranges
                0x000008c0       0xa8 ..\obj\stm32f4xx_dma.o
 .debug_aranges
                0x00000968       0x40 ..\obj\portserial.o
 .debug_aranges
                0x000009a8       0x30 ..\obj\mbfunccoils.o
 .debug_aranges
                0x000009d8       0x50 ..\obj\stm32f4xx_exti.o
 .debug_aranges
                0x00000a28       0x40 ..\obj\misc.o
 .debug_aranges
                0x00000a68       0x80 ..\obj\svpwm.o
 .debug_aranges
                0x00000ae8       0x58 ..\obj\mbascii.o
 .debug_aranges
                0x00000b40       0x50 ..\obj\pid.o
 .debug_aranges
                0x00000b90      0x2d8 ..\obj\stm32f4xx_tim.o

.debug_ranges   0x00000000      0xe78
 .debug_ranges  0x00000000       0x38 ..\obj\stm32f4xx_syscfg.o
 .debug_ranges  0x00000038       0x38 ..\obj\mb.o
 .debug_ranges  0x00000070       0x10 ..\obj\mbfuncdisc.o
 .debug_ranges  0x00000080       0x20 ..\obj\portevent.o
 .debug_ranges  0x000000a0       0x18 ..\obj\mbfuncother.o
 .debug_ranges  0x000000b8       0xf0 ..\obj\stm32f4xx_usart.o
 .debug_ranges  0x000001a8       0x20 ..\obj\mbutils.o
 .debug_ranges  0x000001c8       0x80 ..\obj\stm32f4xx_dac.o
 .debug_ranges  0x00000248       0x18 ..\obj\startup_stm32f4xx.o
 .debug_ranges  0x00000260       0x28 ..\obj\mbfuncholding.o
 .debug_ranges  0x00000288      0x168 ..\obj\main.o
 .debug_ranges  0x000003f0       0x10 ..\obj\mbcrc.o
 .debug_ranges  0x00000400      0x168 ..\obj\stm32f4xx_rcc.o
 .debug_ranges  0x00000568       0x58 ..\obj\foc.o
 .debug_ranges  0x000005c0      0x130 ..\obj\stm32f4xx_adc.o
 .debug_ranges  0x000006f0       0x10 ..\obj\mbfuncinput.o
 .debug_ranges  0x00000700       0xb8 ..\obj\encoder.o
 .debug_ranges  0x000007b8       0x78 ..\obj\stm32f4xx_gpio.o
 .debug_ranges  0x00000830       0x28 ..\obj\porttimer.o
 .debug_ranges  0x00000858       0x48 ..\obj\mbrtu.o
 .debug_ranges  0x000008a0       0x30 ..\obj\system_stm32f4xx.o
 .debug_ranges  0x000008d0       0x98 ..\obj\stm32f4xx_dma.o
 .debug_ranges  0x00000968       0x48 ..\obj\portserial.o
 .debug_ranges  0x000009b0       0x20 ..\obj\mbfunccoils.o
 .debug_ranges  0x000009d0       0x40 ..\obj\stm32f4xx_exti.o
 .debug_ranges  0x00000a10       0x30 ..\obj\misc.o
 .debug_ranges  0x00000a40       0x70 ..\obj\svpwm.o
 .debug_ranges  0x00000ab0       0x88 ..\obj\mbascii.o
 .debug_ranges  0x00000b38       0x40 ..\obj\pid.o
 .debug_ranges  0x00000b78      0x300 ..\obj\stm32f4xx_tim.o

.debug_line     0x00000000     0x84d1
 .debug_line    0x00000000      0x307 ..\obj\stm32f4xx_syscfg.o
 .debug_line    0x00000307      0x5ac ..\obj\mb.o
 .debug_line    0x000008b3      0x423 ..\obj\mbfuncdisc.o
 .debug_line    0x00000cd6      0x2b1 ..\obj\portevent.o
 .debug_line    0x00000f87      0x410 ..\obj\mbfuncother.o
 .debug_line    0x00001397      0x580 ..\obj\stm32f4xx_usart.o
 .debug_line    0x00001917      0x42e ..\obj\mbutils.o
 .debug_line    0x00001d45      0x3e5 ..\obj\stm32f4xx_dac.o
 .debug_line    0x0000212a       0xbb ..\obj\startup_stm32f4xx.o
 .debug_line    0x000021e5      0x4cb ..\obj\mbfuncholding.o
 .debug_line    0x000026b0      0x5c5 ..\obj\main.o
 .debug_line    0x00002c75      0x281 ..\obj\mbcrc.o
 .debug_line    0x00002ef6      0x62e ..\obj\stm32f4xx_rcc.o
 .debug_line    0x00003524      0x4ee ..\obj\foc.o
 .debug_line    0x00003a12      0x603 ..\obj\stm32f4xx_adc.o
 .debug_line    0x00004015      0x415 ..\obj\mbfuncinput.o
 .debug_line    0x0000442a      0x550 ..\obj\encoder.o
 .debug_line    0x0000497a      0x3f7 ..\obj\stm32f4xx_gpio.o
 .debug_line    0x00004d71      0x377 ..\obj\porttimer.o
 .debug_line    0x000050e8      0x528 ..\obj\mbrtu.o
 .debug_line    0x00005610      0x23f ..\obj\system_stm32f4xx.o
 .debug_line    0x0000584f      0x494 ..\obj\stm32f4xx_dma.o
 .debug_line    0x00005ce3      0x3e2 ..\obj\portserial.o
 .debug_line    0x000060c5      0x497 ..\obj\mbfunccoils.o
 .debug_line    0x0000655c      0x337 ..\obj\stm32f4xx_exti.o
 .debug_line    0x00006893      0x2ef ..\obj\misc.o
 .debug_line    0x00006b82      0x5bb ..\obj\svpwm.o
 .debug_line    0x0000713d      0x59d ..\obj\mbascii.o
 .debug_line    0x000076da      0x276 ..\obj\pid.o
 .debug_line    0x00007950      0xb81 ..\obj\stm32f4xx_tim.o

.debug_str      0x00000000     0x5364
 .debug_str     0x00000000      0x2fc ..\obj\stm32f4xx_syscfg.o
                                0x35a (size before relaxing)
 .debug_str     0x000002fc      0x8b7 ..\obj\mb.o
                                0xaa3 (size before relaxing)
 .debug_str     0x00000bb3       0xed ..\obj\mbfuncdisc.o
                                0x82e (size before relaxing)
 .debug_str     0x00000ca0       0x86 ..\obj\portevent.o
                                0x2d6 (size before relaxing)
 .debug_str     0x00000d26       0xe2 ..\obj\mbfuncother.o
                                0x832 (size before relaxing)
 .debug_str     0x00000e08      0x51b ..\obj\stm32f4xx_usart.o
                                0x71e (size before relaxing)
 .debug_str     0x00001323       0xdf ..\obj\mbutils.o
                                0x836 (size before relaxing)
 .debug_str     0x00001402      0x2b7 ..\obj\stm32f4xx_dac.o
                                0x4b9 (size before relaxing)
 .debug_str     0x000016b9       0xe3 ..\obj\startup_stm32f4xx.o
                                0x19d (size before relaxing)
 .debug_str     0x0000179c      0x181 ..\obj\mbfuncholding.o
                                0x90b (size before relaxing)
 .debug_str     0x0000191d      0xd5e ..\obj\main.o
                               0x110a (size before relaxing)
 .debug_str     0x0000267b       0x7a ..\obj\mbcrc.o
                                0x22e (size before relaxing)
 .debug_str     0x000026f5      0x58b ..\obj\stm32f4xx_rcc.o
                                0x89f (size before relaxing)
 .debug_str     0x00002c80      0x340 ..\obj\foc.o
                                0xa21 (size before relaxing)
 .debug_str     0x00002fc0      0x5ac ..\obj\stm32f4xx_adc.o
                                0x86a (size before relaxing)
 .debug_str     0x0000356c       0x7c ..\obj\mbfuncinput.o
                                0x81f (size before relaxing)
 .debug_str     0x000035e8      0x301 ..\obj\encoder.o
                                0xf56 (size before relaxing)
 .debug_str     0x000038e9      0x13a ..\obj\stm32f4xx_gpio.o
                                0x509 (size before relaxing)
 .debug_str     0x00003a23       0xd4 ..\obj\porttimer.o
                                0xa3d (size before relaxing)
 .debug_str     0x00003af7      0x222 ..\obj\mbrtu.o
                                0x99f (size before relaxing)
 .debug_str     0x00003d19      0x103 ..\obj\system_stm32f4xx.o
                                0x3e9 (size before relaxing)
 .debug_str     0x00003e1c      0x3a0 ..\obj\stm32f4xx_dma.o
                                0x591 (size before relaxing)
 .debug_str     0x000041bc       0xca ..\obj\portserial.o
                                0xcd3 (size before relaxing)
 .debug_str     0x00004286       0xd9 ..\obj\mbfunccoils.o
                                0x893 (size before relaxing)
 .debug_str     0x0000435f       0xda ..\obj\stm32f4xx_exti.o
                                0x3a8 (size before relaxing)
 .debug_str     0x00004439      0x15c ..\obj\misc.o
                                0x41d (size before relaxing)
 .debug_str     0x00004595      0x3de ..\obj\svpwm.o
                               0x13e7 (size before relaxing)
 .debug_str     0x00004973      0x1ba ..\obj\mbascii.o
                                0xa35 (size before relaxing)
 .debug_str     0x00004b2d       0xc8 ..\obj\pid.o
                                0x6be (size before relaxing)
 .debug_str     0x00004bf5      0x76f ..\obj\stm32f4xx_tim.o
                                0xe4d (size before relaxing)

.debug_frame    0x00000000     0x24b4
 .debug_frame   0x00000000       0x84 ..\obj\stm32f4xx_syscfg.o
 .debug_frame   0x00000084       0xb8 ..\obj\mb.o
 .debug_frame   0x0000013c       0x38 ..\obj\mbfuncdisc.o
 .debug_frame   0x00000174       0x40 ..\obj\portevent.o
 .debug_frame   0x000001b4       0x48 ..\obj\mbfuncother.o
 .debug_frame   0x000001fc      0x224 ..\obj\stm32f4xx_usart.o
 .debug_frame   0x00000420       0x58 ..\obj\mbutils.o
 .debug_frame   0x00000478      0x150 ..\obj\stm32f4xx_dac.o
 .debug_frame   0x000005c8       0x30 ..\obj\startup_stm32f4xx.o
 .debug_frame   0x000005f8       0xac ..\obj\mbfuncholding.o
 .debug_frame   0x000006a4      0x100 ..\obj\main.o
 .debug_frame   0x000007a4       0x2c ..\obj\mbcrc.o
 .debug_frame   0x000007d0      0x2e8 ..\obj\stm32f4xx_rcc.o
 .debug_frame   0x00000ab8      0x170 ..\obj\foc.o
 .debug_frame   0x00000c28      0x2b4 ..\obj\stm32f4xx_adc.o
 .debug_frame   0x00000edc       0x38 ..\obj\mbfuncinput.o
 .debug_frame   0x00000f14      0x1d8 ..\obj\encoder.o
 .debug_frame   0x000010ec      0x124 ..\obj\stm32f4xx_gpio.o
 .debug_frame   0x00001210       0x7c ..\obj\porttimer.o
 .debug_frame   0x0000128c       0xec ..\obj\mbrtu.o
 .debug_frame   0x00001378       0x44 ..\obj\system_stm32f4xx.o
 .debug_frame   0x000013bc      0x160 ..\obj\stm32f4xx_dma.o
 .debug_frame   0x0000151c       0xac ..\obj\portserial.o
 .debug_frame   0x000015c8       0x78 ..\obj\mbfunccoils.o
 .debug_frame   0x00001640       0x9c ..\obj\stm32f4xx_exti.o
 .debug_frame   0x000016dc       0x68 ..\obj\misc.o
 .debug_frame   0x00001744      0x178 ..\obj\svpwm.o
 .debug_frame   0x000018bc       0xf0 ..\obj\mbascii.o
 .debug_frame   0x000019ac       0xa0 ..\obj\pid.o
 .debug_frame   0x00001a4c      0x6bc ..\obj\stm32f4xx_tim.o
 .debug_frame   0x00002108       0x34 c:/program files (x86)/gnu tools arm embedded/6 2017-q1-update/bin/../lib/gcc/arm-none-eabi/6.3.1/../../../../arm-none-eabi/lib/thumb/v7e-m/fpv4-sp/hard\libm.a(lib_a-sf_cos.o)
 .debug_frame   0x0000213c       0x34 c:/program files (x86)/gnu tools arm embedded/6 2017-q1-update/bin/../lib/gcc/arm-none-eabi/6.3.1/../../../../arm-none-eabi/lib/thumb/v7e-m/fpv4-sp/hard\libm.a(lib_a-sf_sin.o)
 .debug_frame   0x00002170       0x3c c:/program files (x86)/gnu tools arm embedded/6 2017-q1-update/bin/../lib/gcc/arm-none-eabi/6.3.1/../../../../arm-none-eabi/lib/thumb/v7e-m/fpv4-sp/hard\libm.a(lib_a-ef_rem_pio2.o)
 .debug_frame   0x000021ac       0x20 c:/program files (x86)/gnu tools arm embedded/6 2017-q1-update/bin/../lib/gcc/arm-none-eabi/6.3.1/../../../../arm-none-eabi/lib/thumb/v7e-m/fpv4-sp/hard\libm.a(lib_a-kf_cos.o)
 .debug_frame   0x000021cc       0x5c c:/program files (x86)/gnu tools arm embedded/6 2017-q1-update/bin/../lib/gcc/arm-none-eabi/6.3.1/../../../../arm-none-eabi/lib/thumb/v7e-m/fpv4-sp/hard\libm.a(lib_a-kf_rem_pio2.o)
 .debug_frame   0x00002228       0x20 c:/program files (x86)/gnu tools arm embedded/6 2017-q1-update/bin/../lib/gcc/arm-none-eabi/6.3.1/../../../../arm-none-eabi/lib/thumb/v7e-m/fpv4-sp/hard\libm.a(lib_a-kf_sin.o)
 .debug_frame   0x00002248       0x20 c:/program files (x86)/gnu tools arm embedded/6 2017-q1-update/bin/../lib/gcc/arm-none-eabi/6.3.1/../../../../arm-none-eabi/lib/thumb/v7e-m/fpv4-sp/hard\libm.a(lib_a-sf_fabs.o)
 .debug_frame   0x00002268       0x20 c:/program files (x86)/gnu tools arm embedded/6 2017-q1-update/bin/../lib/gcc/arm-none-eabi/6.3.1/../../../../arm-none-eabi/lib/thumb/v7e-m/fpv4-sp/hard\libm.a(lib_a-sf_floor.o)
 .debug_frame   0x00002288       0x44 c:/program files (x86)/gnu tools arm embedded/6 2017-q1-update/bin/../lib/gcc/arm-none-eabi/6.3.1/../../../../arm-none-eabi/lib/thumb/v7e-m/fpv4-sp/hard\libm.a(lib_a-sf_scalbn.o)
 .debug_frame   0x000022cc       0x20 c:/program files (x86)/gnu tools arm embedded/6 2017-q1-update/bin/../lib/gcc/arm-none-eabi/6.3.1/../../../../arm-none-eabi/lib/thumb/v7e-m/fpv4-sp/hard\libm.a(lib_a-sf_copysign.o)
 .debug_frame   0x000022ec       0x34 c:/program files (x86)/gnu tools arm embedded/6 2017-q1-update/bin/../lib/gcc/arm-none-eabi/6.3.1/../../../../arm-none-eabi/lib/thumb/v7e-m/fpv4-sp/hard\libc.a(lib_a-memset.o)
 .debug_frame   0x00002320       0x5c c:/program files (x86)/gnu tools arm embedded/6 2017-q1-update/bin/../lib/gcc/arm-none-eabi/6.3.1/../../../../arm-none-eabi/lib/thumb/v7e-m/fpv4-sp/hard\libc.a(lib_a-__call_atexit.o)
 .debug_frame   0x0000237c       0x20 c:/program files (x86)/gnu tools arm embedded/6 2017-q1-update/bin/../lib/gcc/arm-none-eabi/6.3.1/../../../../arm-none-eabi/lib/thumb/v7e-m/fpv4-sp/hard\libc.a(lib_a-atexit.o)
 .debug_frame   0x0000239c       0x34 c:/program files (x86)/gnu tools arm embedded/6 2017-q1-update/bin/../lib/gcc/arm-none-eabi/6.3.1/../../../../arm-none-eabi/lib/thumb/v7e-m/fpv4-sp/hard\libc.a(lib_a-fini.o)
 .debug_frame   0x000023d0       0xb0 c:/program files (x86)/gnu tools arm embedded/6 2017-q1-update/bin/../lib/gcc/arm-none-eabi/6.3.1/../../../../arm-none-eabi/lib/thumb/v7e-m/fpv4-sp/hard\libc.a(lib_a-lock.o)
 .debug_frame   0x00002480       0x34 c:/program files (x86)/gnu tools arm embedded/6 2017-q1-update/bin/../lib/gcc/arm-none-eabi/6.3.1/../../../../arm-none-eabi/lib/thumb/v7e-m/fpv4-sp/hard\libc.a(lib_a-__atexit.o)
