Archive member included to satisfy reference by file (symbol)

c:/program files (x86)/gnu tools arm embedded/6 2017-q1-update/bin/../lib/gcc/arm-none-eabi/6.3.1/../../../../arm-none-eabi/lib/thumb/v7e-m/fpv4-sp/hard\libm.a(lib_a-sf_cos.o)
                              ..\obj\encoder.o (cosf)
c:/program files (x86)/gnu tools arm embedded/6 2017-q1-update/bin/../lib/gcc/arm-none-eabi/6.3.1/../../../../arm-none-eabi/lib/thumb/v7e-m/fpv4-sp/hard\libm.a(lib_a-sf_sin.o)
                              ..\obj\encoder.o (sinf)
c:/program files (x86)/gnu tools arm embedded/6 2017-q1-update/bin/../lib/gcc/arm-none-eabi/6.3.1/../../../../arm-none-eabi/lib/thumb/v7e-m/fpv4-sp/hard\libm.a(lib_a-ef_rem_pio2.o)
                              c:/program files (x86)/gnu tools arm embedded/6 2017-q1-update/bin/../lib/gcc/arm-none-eabi/6.3.1/../../../../arm-none-eabi/lib/thumb/v7e-m/fpv4-sp/hard\libm.a(lib_a-sf_cos.o) (__ieee754_rem_pio2f)
c:/program files (x86)/gnu tools arm embedded/6 2017-q1-update/bin/../lib/gcc/arm-none-eabi/6.3.1/../../../../arm-none-eabi/lib/thumb/v7e-m/fpv4-sp/hard\libm.a(lib_a-kf_cos.o)
                              c:/program files (x86)/gnu tools arm embedded/6 2017-q1-update/bin/../lib/gcc/arm-none-eabi/6.3.1/../../../../arm-none-eabi/lib/thumb/v7e-m/fpv4-sp/hard\libm.a(lib_a-sf_cos.o) (__kernel_cosf)
c:/program files (x86)/gnu tools arm embedded/6 2017-q1-update/bin/../lib/gcc/arm-none-eabi/6.3.1/../../../../arm-none-eabi/lib/thumb/v7e-m/fpv4-sp/hard\libm.a(lib_a-kf_rem_pio2.o)
                              c:/program files (x86)/gnu tools arm embedded/6 2017-q1-update/bin/../lib/gcc/arm-none-eabi/6.3.1/../../../../arm-none-eabi/lib/thumb/v7e-m/fpv4-sp/hard\libm.a(lib_a-ef_rem_pio2.o) (__kernel_rem_pio2f)
c:/program files (x86)/gnu tools arm embedded/6 2017-q1-update/bin/../lib/gcc/arm-none-eabi/6.3.1/../../../../arm-none-eabi/lib/thumb/v7e-m/fpv4-sp/hard\libm.a(lib_a-kf_sin.o)
                              c:/program files (x86)/gnu tools arm embedded/6 2017-q1-update/bin/../lib/gcc/arm-none-eabi/6.3.1/../../../../arm-none-eabi/lib/thumb/v7e-m/fpv4-sp/hard\libm.a(lib_a-sf_cos.o) (__kernel_sinf)
c:/program files (x86)/gnu tools arm embedded/6 2017-q1-update/bin/../lib/gcc/arm-none-eabi/6.3.1/../../../../arm-none-eabi/lib/thumb/v7e-m/fpv4-sp/hard\libm.a(lib_a-sf_fabs.o)
                              c:/program files (x86)/gnu tools arm embedded/6 2017-q1-update/bin/../lib/gcc/arm-none-eabi/6.3.1/../../../../arm-none-eabi/lib/thumb/v7e-m/fpv4-sp/hard\libm.a(lib_a-ef_rem_pio2.o) (fabsf)
c:/program files (x86)/gnu tools arm embedded/6 2017-q1-update/bin/../lib/gcc/arm-none-eabi/6.3.1/../../../../arm-none-eabi/lib/thumb/v7e-m/fpv4-sp/hard\libm.a(lib_a-sf_floor.o)
                              c:/program files (x86)/gnu tools arm embedded/6 2017-q1-update/bin/../lib/gcc/arm-none-eabi/6.3.1/../../../../arm-none-eabi/lib/thumb/v7e-m/fpv4-sp/hard\libm.a(lib_a-kf_rem_pio2.o) (floorf)
c:/program files (x86)/gnu tools arm embedded/6 2017-q1-update/bin/../lib/gcc/arm-none-eabi/6.3.1/../../../../arm-none-eabi/lib/thumb/v7e-m/fpv4-sp/hard\libm.a(lib_a-sf_scalbn.o)
                              c:/program files (x86)/gnu tools arm embedded/6 2017-q1-update/bin/../lib/gcc/arm-none-eabi/6.3.1/../../../../arm-none-eabi/lib/thumb/v7e-m/fpv4-sp/hard\libm.a(lib_a-kf_rem_pio2.o) (scalbnf)
c:/program files (x86)/gnu tools arm embedded/6 2017-q1-update/bin/../lib/gcc/arm-none-eabi/6.3.1/../../../../arm-none-eabi/lib/thumb/v7e-m/fpv4-sp/hard\libm.a(lib_a-sf_copysign.o)
                              c:/program files (x86)/gnu tools arm embedded/6 2017-q1-update/bin/../lib/gcc/arm-none-eabi/6.3.1/../../../../arm-none-eabi/lib/thumb/v7e-m/fpv4-sp/hard\libm.a(lib_a-sf_scalbn.o) (copysignf)
c:/program files (x86)/gnu tools arm embedded/6 2017-q1-update/bin/../lib/gcc/arm-none-eabi/6.3.1/../../../../arm-none-eabi/lib/thumb/v7e-m/fpv4-sp/hard\libc.a(lib_a-exit.o)
                              c:/program files (x86)/gnu tools arm embedded/6 2017-q1-update/bin/../lib/gcc/arm-none-eabi/6.3.1/../../../../arm-none-eabi/lib/thumb/v7e-m/fpv4-sp/hard/crt0.o (exit)
c:/program files (x86)/gnu tools arm embedded/6 2017-q1-update/bin/../lib/gcc/arm-none-eabi/6.3.1/../../../../arm-none-eabi/lib/thumb/v7e-m/fpv4-sp/hard\libc.a(lib_a-impure.o)
                              c:/program files (x86)/gnu tools arm embedded/6 2017-q1-update/bin/../lib/gcc/arm-none-eabi/6.3.1/../../../../arm-none-eabi/lib/thumb/v7e-m/fpv4-sp/hard\libc.a(lib_a-exit.o) (_global_impure_ptr)
c:/program files (x86)/gnu tools arm embedded/6 2017-q1-update/bin/../lib/gcc/arm-none-eabi/6.3.1/../../../../arm-none-eabi/lib/thumb/v7e-m/fpv4-sp/hard\libc.a(lib_a-init.o)
                              c:/program files (x86)/gnu tools arm embedded/6 2017-q1-update/bin/../lib/gcc/arm-none-eabi/6.3.1/../../../../arm-none-eabi/lib/thumb/v7e-m/fpv4-sp/hard/crt0.o (__libc_init_array)
[...]
Memory Configuration

Name             Origin             Length             Attributes
rom              0x08000000         0x00100000         xr
ram              0x20000000         0x00020000         xrw
ram1             0x10000000         0x00010000         xrw
*default*        0x00000000         0xffffffff

Linker script and memory map

LOAD c:/program files (x86)/gnu tools arm embedded/6 2017-q1-update/bin/../lib/gcc/arm-none-eabi/6.3.1/thumb/v7e-m/fpv4-sp/hard/crti.o
LOAD c:/program files (x86)/gnu tools arm embedded/6 2017-q1-update/bin/../lib/gcc/arm-none-eabi/6.3.1/thumb/v7e-m/fpv4-sp/hard/crtbegin.o
LOAD c:/program files (x86)/gnu tools arm embedded/6 2017-q1-update/bin/../lib/gcc/arm-none-eabi/6.3.1/../../../../arm-none-eabi/lib/thumb/v7e-m/fpv4-sp/hard/crt0.o
                0x20020000                _eram = 0x20020000

.text           0x08000000     0x4b5c
 *(.isr_vector)
 .isr_vector    0x08000000      0x188 ..\obj\startup_stm32f4xx.o
                0x08000000                g_pfnVectors
 *(.text*)
 .text          0x08000188       0x6c c:/program files (x86)/gnu tools arm embedded/6 2017-q1-update/bin/../lib/gcc/arm-none-eabi/6.3.1/thumb/v7e-m/fpv4-sp/hard/crtbegin.o
 .text.SYSCFG_EXTILineConfig
                0x080001f4       0x2a ..\obj\stm32f4xx_syscfg.o
                0x080001f4                SYSCFG_EXTILineConfig
 *fill*         0x0800021e        0x2 
 .text.eMBInit  0x08000220       0xdc ..\obj\mb.o
                0x08000220                eMBInit
 .text.eMBEnable
                0x080002fc       0x24 ..\obj\mb.o
                0x080002fc                eMBEnable
 .text.eMBPoll  0x08000320       0xd4 ..\obj\mb.o
                0x08000320                eMBPoll
 .text.eMBFuncReadDiscreteInputs
                0x080003f4       0x6a ..\obj\mbfuncdisc.o
                0x080003f4                eMBFuncReadDiscreteInputs
 *fill*         0x0800045e        0x2 
 .text.xMBPortEventInit
                0x08000460       0x10 ..\obj\portevent.o
                0x08000460                xMBPortEventInit
 .text.xMBPortEventPost
                0x08000470       0x10 ..\obj\portevent.o
                0x08000470                xMBPortEventPost
 .text.xMBPortEventGet
                0x08000480       0x18 ..\obj\portevent.o
                0x08000480                xMBPortEventGet
 .text.eMBFuncReportSlaveID
                0x08000498       0x1c ..\obj\mbfuncother.o
                0x08000498                eMBFuncReportSlaveID
 .text.USART_DeInit
                0x080004b4       0xb0 ..\obj\stm32f4xx_usart.o
                0x080004b4                USART_DeInit
 .text.USART_Init
                0x08000564       0xb4 ..\obj\stm32f4xx_usart.o
                0x08000564                USART_Init
 .text.USART_ClockInit
                0x08000618       0x20 ..\obj\stm32f4xx_usart.o
                0x08000618                USART_ClockInit
 .text.USART_ClockStructInit
                0x08000638        0xc ..\obj\stm32f4xx_usart.o
                0x08000638                USART_ClockStructInit
 .text.USART_Cmd
                0x08000644       0x18 ..\obj\stm32f4xx_usart.o
                0x08000644                USART_Cmd
 .text.USART_SendData
                0x0800065c        0x8 ..\obj\stm32f4xx_usart.o
                0x0800065c                USART_SendData
 .text.USART_ReceiveData
                0x08000664        0x8 ..\obj\stm32f4xx_usart.o
                0x08000664                USART_ReceiveData
 .text.USART_ITConfig
                0x0800066c       0x32 ..\obj\stm32f4xx_usart.o
                0x0800066c                USART_ITConfig
 .text.USART_GetITStatus
                0x0800069e       0x40 ..\obj\stm32f4xx_usart.o
                0x0800069e                USART_GetITStatus
 .text.USART_ClearITPendingBit
                0x080006de        0xe ..\obj\stm32f4xx_usart.o
                0x080006de                USART_ClearITPendingBit
 .text.prveMBError2Exception
                0x080006ec       0x10 ..\obj\mbutils.o
                0x080006ec                prveMBError2Exception
 .text.DAC_Init
                0x080006fc       0x2c ..\obj\stm32f4xx_dac.o
                0x080006fc                DAC_Init
 .text.DAC_StructInit
                0x08000728        0xc ..\obj\stm32f4xx_dac.o
                0x08000728                DAC_StructInit
 .text.DAC_Cmd  0x08000734       0x20 ..\obj\stm32f4xx_dac.o
                0x08000734                DAC_Cmd
 .text.DAC_SetDualChannelData
                0x08000754       0x18 ..\obj\stm32f4xx_dac.o
                0x08000754                DAC_SetDualChannelData
 .text.Default_Handler
                0x0800076c        0x2 ..\obj\startup_stm32f4xx.o
                0x0800076c                RTC_Alarm_IRQHandler
                0x0800076c                HASH_RNG_IRQHandler
                0x0800076c                EXTI2_IRQHandler
                0x0800076c                TIM8_CC_IRQHandler
                0x0800076c                DebugMon_Handler
                0x0800076c                TIM1_CC_IRQHandler
                0x0800076c                DMA2_Stream5_IRQHandler
                0x0800076c                HardFault_Handler
                0x0800076c                DMA1_Stream5_IRQHandler
                0x0800076c                SysTick_Handler
                0x0800076c                PVD_IRQHandler
                0x0800076c                SDIO_IRQHandler
                0x0800076c                TAMP_STAMP_IRQHandler
                0x0800076c                PendSV_Handler
                0x0800076c                NMI_Handler
                0x0800076c                CAN2_RX1_IRQHandler
                0x0800076c                EXTI3_IRQHandler
                0x0800076c                TIM8_TRG_COM_TIM14_IRQHandler
                0x0800076c                TIM1_UP_TIM10_IRQHandler
                0x0800076c                TIM8_UP_TIM13_IRQHandler
                0x0800076c                I2C3_ER_IRQHandler
                0x0800076c                EXTI0_IRQHandler
                0x0800076c                I2C2_EV_IRQHandler
                0x0800076c                DMA1_Stream2_IRQHandler
                0x0800076c                CAN1_RX0_IRQHandler
                0x0800076c                FPU_IRQHandler
                0x0800076c                OTG_HS_WKUP_IRQHandler
                0x0800076c                UsageFault_Handler
                0x0800076c                CAN2_SCE_IRQHandler
                0x0800076c                DMA2_Stream2_IRQHandler
                0x0800076c                SPI1_IRQHandler
                0x0800076c                TIM6_DAC_IRQHandler
                0x0800076c                TIM1_BRK_TIM9_IRQHandler
                0x0800076c                DCMI_IRQHandler
                0x0800076c                CAN2_RX0_IRQHandler
                0x0800076c                DMA2_Stream3_IRQHandler
                0x0800076c                USART6_IRQHandler
                0x0800076c                CRYP_IRQHandler
                0x0800076c                CAN1_RX1_IRQHandler
                0x0800076c                UART5_IRQHandler
                0x0800076c                DMA2_Stream0_IRQHandler
                0x0800076c                I2C1_EV_IRQHandler
                0x0800076c                DMA1_Stream6_IRQHandler
                0x0800076c                UART4_IRQHandler
                0x0800076c                TIM3_IRQHandler
                0x0800076c                RCC_IRQHandler
                0x0800076c                TIM8_BRK_TIM12_IRQHandler
                0x0800076c                DMA1_Stream7_IRQHandler
                0x0800076c                TIM7_IRQHandler
                0x0800076c                CAN2_TX_IRQHandler
                0x0800076c                TIM5_IRQHandler
                0x0800076c                DMA2_Stream7_IRQHandler
                0x0800076c                I2C3_EV_IRQHandler
                0x0800076c                EXTI9_5_IRQHandler
                0x0800076c                RTC_WKUP_IRQHandler
                0x0800076c                ETH_WKUP_IRQHandler
                0x0800076c                SPI2_IRQHandler
                0x0800076c                OTG_HS_EP1_IN_IRQHandler
                0x0800076c                MemManage_Handler
                0x0800076c                DMA1_Stream0_IRQHandler
                0x0800076c                CAN1_TX_IRQHandler
                0x0800076c                SVC_Handler
                0x0800076c                EXTI4_IRQHandler
                0x0800076c                FSMC_IRQHandler
                0x0800076c                ETH_IRQHandler
                0x0800076c                OTG_HS_EP1_OUT_IRQHandler
                0x0800076c                WWDG_IRQHandler
                0x0800076c                TIM2_IRQHandler
                0x0800076c                OTG_FS_WKUP_IRQHandler
                0x0800076c                TIM1_TRG_COM_TIM11_IRQHandler
                0x0800076c                OTG_HS_IRQHandler
                0x0800076c                EXTI1_IRQHandler
                0x0800076c                USART2_IRQHandler
                0x0800076c                I2C2_ER_IRQHandler
                0x0800076c                DMA2_Stream1_IRQHandler
                0x0800076c                CAN1_SCE_IRQHandler
                0x0800076c                FLASH_IRQHandler
                0x0800076c                DMA2_Stream4_IRQHandler
                0x0800076c                BusFault_Handler
                0x0800076c                USART1_IRQHandler
                0x0800076c                OTG_FS_IRQHandler
                0x0800076c                SPI3_IRQHandler
                0x0800076c                DMA1_Stream4_IRQHandler
                0x0800076c                I2C1_ER_IRQHandler
                0x0800076c                DMA2_Stream6_IRQHandler
                0x0800076c                DMA1_Stream3_IRQHandler
 *fill*         0x0800076e        0x2 
 .text.Default_Reset_Handler
                0x08000770       0x50 ..\obj\startup_stm32f4xx.o
                0x08000770                Default_Reset_Handler
                0x08000770                Reset_Handler
 .text.eMBFuncWriteHoldingRegister
                0x080007c0       0x2e ..\obj\mbfuncholding.o
                0x080007c0                eMBFuncWriteHoldingRegister
 .text.eMBFuncWriteMultipleHoldingRegister
                0x080007ee       0x4a ..\obj\mbfuncholding.o
                0x080007ee                eMBFuncWriteMultipleHoldingRegister
 .text.eMBFuncReadHoldingRegister
                0x08000838       0x58 ..\obj\mbfuncholding.o
                0x08000838                eMBFuncReadHoldingRegister
 .text.eMBFuncReadWriteMultipleHoldingRegister
                0x08000890       0x9c ..\obj\mbfuncholding.o
                0x08000890                eMBFuncReadWriteMultipleHoldingRegister
 .text.boardInit
                0x0800092c      0x108 ..\obj\main.o
                0x0800092c                boardInit
 .text.startup.main
                0x08000a34      0x194 ..\obj\main.o
                0x08000a34                main
 .text.eMBRegHoldingCB
                0x08000bc8       0x70 ..\obj\main.o
                0x08000bc8                eMBRegHoldingCB
 .text.eMBRegCoilsCB
                0x08000c38        0x4 ..\obj\main.o
                0x08000c38                eMBRegCoilsCB
 .text.eMBRegDiscreteCB
                0x08000c3c        0x4 ..\obj\main.o
                0x08000c3c                eMBRegDiscreteCB
 .text.eMBRegInputCB
                0x08000c40        0x4 ..\obj\main.o
                0x08000c40                eMBRegInputCB
 .text.usMBCRC16
                0x08000c44       0x2c ..\obj\mbcrc.o
                0x08000c44                usMBCRC16
 .text.RCC_GetClocksFreq
                0x08000c70       0x88 ..\obj\stm32f4xx_rcc.o
                0x08000c70                RCC_GetClocksFreq
 .text.RCC_AHB1PeriphClockCmd
                0x08000cf8       0x18 ..\obj\stm32f4xx_rcc.o
                0x08000cf8                RCC_AHB1PeriphClockCmd
 .text.RCC_APB1PeriphClockCmd
                0x08000d10       0x18 ..\obj\stm32f4xx_rcc.o
                0x08000d10                RCC_APB1PeriphClockCmd
 .text.RCC_APB2PeriphClockCmd
                0x08000d28       0x18 ..\obj\stm32f4xx_rcc.o
                0x08000d28                RCC_APB2PeriphClockCmd
 .text.RCC_APB1PeriphResetCmd
                0x08000d40       0x18 ..\obj\stm32f4xx_rcc.o
                0x08000d40                RCC_APB1PeriphResetCmd
 .text.RCC_APB2PeriphResetCmd
                0x08000d58       0x18 ..\obj\stm32f4xx_rcc.o
                0x08000d58                RCC_APB2PeriphResetCmd
 .text.initDAC  0x08000d70       0x5c ..\obj\foc.o
                0x08000d70                initDAC
 .text.focInit  0x08000dcc      0x14c ..\obj\foc.o
                0x08000dcc                focInit
 .text.mcFocSetAngle
                0x08000f18       0x2a ..\obj\foc.o
                0x08000f18                mcFocSetAngle
 *fill*         0x08000f42        0x2 
 .text.mcClark  0x08000f44       0x28 ..\obj\foc.o
                0x08000f44                mcClark
 .text.mcPark   0x08000f6c       0x2a ..\obj\foc.o
                0x08000f6c                mcPark
 .text.mcInvPark
                0x08000f96       0x2a ..\obj\foc.o
                0x08000f96                mcInvPark
 .text.ADC_IRQHandler
                0x08000fc0      0x388 ..\obj\foc.o
                0x08000fc0                ADC_IRQHandler
 .text.ADC_Init
                0x08001348       0x4c ..\obj\stm32f4xx_adc.o
                0x08001348                ADC_Init
 .text.ADC_StructInit
                0x08001394       0x14 ..\obj\stm32f4xx_adc.o
                0x08001394                ADC_StructInit
 .text.ADC_CommonInit
                0x080013a8       0x28 ..\obj\stm32f4xx_adc.o
                0x080013a8                ADC_CommonInit
 .text.ADC_CommonStructInit
                0x080013d0        0xc ..\obj\stm32f4xx_adc.o
                0x080013d0                ADC_CommonStructInit
 .text.ADC_Cmd  0x080013dc       0x12 ..\obj\stm32f4xx_adc.o
                0x080013dc                ADC_Cmd
 .text.ADC_RegularChannelConfig
                0x080013ee       0x8c ..\obj\stm32f4xx_adc.o
                0x080013ee                ADC_RegularChannelConfig
 .text.ADC_SoftwareStartConv
                0x0800147a        0xa ..\obj\stm32f4xx_adc.o
                0x0800147a                ADC_SoftwareStartConv
 .text.ADC_DMACmd
                0x08001484       0x12 ..\obj\stm32f4xx_adc.o
                0x08001484                ADC_DMACmd
 .text.ADC_DMARequestAfterLastTransferCmd
                0x08001496       0x12 ..\obj\stm32f4xx_adc.o
                0x08001496                ADC_DMARequestAfterLastTransferCmd
 .text.ADC_InjectedChannelConfig
                0x080014a8       0x58 ..\obj\stm32f4xx_adc.o
                0x080014a8                ADC_InjectedChannelConfig
 .text.ADC_InjectedSequencerLengthConfig
                0x08001500       0x10 ..\obj\stm32f4xx_adc.o
                0x08001500                ADC_InjectedSequencerLengthConfig
 .text.ADC_ExternalTrigInjectedConvConfig
                0x08001510        0xc ..\obj\stm32f4xx_adc.o
                0x08001510                ADC_ExternalTrigInjectedConvConfig
 .text.ADC_ExternalTrigInjectedConvEdgeConfig
                0x0800151c        0xc ..\obj\stm32f4xx_adc.o
                0x0800151c                ADC_ExternalTrigInjectedConvEdgeConfig
 .text.ADC_AutoInjectedConvCmd
                0x08001528       0x12 ..\obj\stm32f4xx_adc.o
                0x08001528                ADC_AutoInjectedConvCmd
 .text.ADC_InjectedDiscModeCmd
                0x0800153a       0x12 ..\obj\stm32f4xx_adc.o
                0x0800153a                ADC_InjectedDiscModeCmd
 .text.ADC_GetInjectedConversionValue
                0x0800154c       0x1a ..\obj\stm32f4xx_adc.o
                0x0800154c                ADC_GetInjectedConversionValue
 .text.ADC_ITConfig
                0x08001566       0x18 ..\obj\stm32f4xx_adc.o
                0x08001566                ADC_ITConfig
 .text.ADC_ClearITPendingBit
                0x0800157e        0x8 ..\obj\stm32f4xx_adc.o
                0x0800157e                ADC_ClearITPendingBit
 .text.eMBFuncReadInputRegister
                0x08001586       0x58 ..\obj\mbfuncinput.o
                0x08001586                eMBFuncReadInputRegister
 *fill*         0x080015de        0x2 
 .text.encoderInitZ
                0x080015e0       0x80 ..\obj\encoder.o
                0x080015e0                encoderInitZ
 .text.initHall
                0x08001660       0x3c ..\obj\encoder.o
                0x08001660                initHall
 .text.iEncoderGetAbsPos
                0x0800169c        0xa ..\obj\encoder.o
                0x0800169c                iEncoderGetAbsPos
 .text.encoderAddOffset
                0x080016a6       0x20 ..\obj\encoder.o
                0x080016a6                encoderAddOffset
 *fill*         0x080016c6        0x2 
 .text.readRawHallInput
                0x080016c8       0x2c ..\obj\encoder.o
                0x080016c8                readRawHallInput
 .text.readHallMap
                0x080016f4       0x14 ..\obj\encoder.o
                0x080016f4                readHallMap
 .text.readRawUVW
                0x08001708       0x98 ..\obj\encoder.o
                0x08001708                readRawUVW
 .text.read360uvw
                0x080017a0       0x94 ..\obj\encoder.o
                0x080017a0                read360uvw
 .text.read360uvwWithOffset
                0x08001834       0x28 ..\obj\encoder.o
                0x08001834                read360uvwWithOffset
 .text.EXTI15_10_IRQHandler
                0x0800185c       0x1a ..\obj\encoder.o
                0x0800185c                EXTI15_10_IRQHandler
 *fill*         0x08001876        0x2 
 .text.createSinCosTable
                0x08001878       0x5c ..\obj\encoder.o
                0x08001878                createSinCosTable
 .text.initEncoder
                0x080018d4      0x150 ..\obj\encoder.o
                0x080018d4                initEncoder
 .text.fSinAngle
                0x08001a24       0x10 ..\obj\encoder.o
                0x08001a24                fSinAngle
 .text.fCosAngle
                0x08001a34       0x10 ..\obj\encoder.o
                0x08001a34                fCosAngle
 .text.GPIO_Init
                0x08001a44       0x9c ..\obj\stm32f4xx_gpio.o
                0x08001a44                GPIO_Init
 .text.GPIO_StructInit
                0x08001ae0       0x12 ..\obj\stm32f4xx_gpio.o
                0x08001ae0                GPIO_StructInit
 .text.GPIO_ReadInputData
                0x08001af2        0x6 ..\obj\stm32f4xx_gpio.o
                0x08001af2                GPIO_ReadInputData
 .text.GPIO_SetBits
                0x08001af8        0x4 ..\obj\stm32f4xx_gpio.o
                0x08001af8                GPIO_SetBits
 .text.GPIO_ResetBits
                0x08001afc        0x4 ..\obj\stm32f4xx_gpio.o
                0x08001afc                GPIO_ResetBits
 .text.GPIO_ToggleBits
                0x08001b00        0x8 ..\obj\stm32f4xx_gpio.o
                0x08001b00                GPIO_ToggleBits
 .text.GPIO_PinAFConfig
                0x08001b08       0x24 ..\obj\stm32f4xx_gpio.o
                0x08001b08                GPIO_PinAFConfig
 .text.xMBPortTimersInit
                0x08001b2c       0x78 ..\obj\porttimer.o
                0x08001b2c                xMBPortTimersInit
 .text.vMBPortTimersEnable
                0x08001ba4       0x1c ..\obj\porttimer.o
                0x08001ba4                vMBPortTimersEnable
 .text.vMBPortTimersDisable
                0x08001bc0        0xc ..\obj\porttimer.o
                0x08001bc0                vMBPortTimersDisable
 .text.TIM4_IRQHandler
                0x08001bcc       0x28 ..\obj\porttimer.o
                0x08001bcc                TIM4_IRQHandler
 .text.eMBRTUInit
                0x08001bf4       0x3c ..\obj\mbrtu.o
                0x08001bf4                eMBRTUInit
 .text.eMBRTUStart
                0x08001c30       0x1c ..\obj\mbrtu.o
                0x08001c30                eMBRTUStart
 .text.eMBRTUStop
                0x08001c4c       0x14 ..\obj\mbrtu.o
                0x08001c4c                eMBRTUStop
 .text.eMBRTUReceive
                0x08001c60       0x48 ..\obj\mbrtu.o
                0x08001c60                eMBRTUReceive
 .text.eMBRTUSend
                0x08001ca8       0x68 ..\obj\mbrtu.o
                0x08001ca8                eMBRTUSend
 .text.xMBRTUReceiveFSM
                0x08001d10       0x68 ..\obj\mbrtu.o
                0x08001d10                xMBRTUReceiveFSM
 .text.xMBRTUTransmitFSM
                0x08001d78       0x58 ..\obj\mbrtu.o
                0x08001d78                xMBRTUTransmitFSM
 .text.xMBRTUTimerT35Expired
                0x08001dd0       0x2c ..\obj\mbrtu.o
                0x08001dd0                xMBRTUTimerT35Expired
 .text.SystemInit
                0x08001dfc       0xf8 ..\obj\system_stm32f4xx.o
                0x08001dfc                SystemInit
 .text.SystemCoreClockUpdate
                0x08001ef4       0x70 ..\obj\system_stm32f4xx.o
                0x08001ef4                SystemCoreClockUpdate
 .text.DMA_Init
                0x08001f64       0x54 ..\obj\stm32f4xx_dma.o
                0x08001f64                DMA_Init
 .text.DMA_StructInit
                0x08001fb8       0x22 ..\obj\stm32f4xx_dma.o
                0x08001fb8                DMA_StructInit
 .text.DMA_Cmd  0x08001fda       0x12 ..\obj\stm32f4xx_dma.o
                0x08001fda                DMA_Cmd
 .text.vMBPortSerialEnable
                0x08001fec       0x54 ..\obj\portserial.o
                0x08001fec                vMBPortSerialEnable
 .text.xMBPortSerialInit
                0x08002040      0x128 ..\obj\portserial.o
                0x08002040                xMBPortSerialInit
 .text.USART3_IRQHandler
                0x08002168       0x70 ..\obj\portserial.o
                0x08002168                USART3_IRQHandler
 .text.xMBPortSerialPutByte
                0x080021d8       0x14 ..\obj\portserial.o
                0x080021d8                xMBPortSerialPutByte
 .text.xMBPortSerialGetByte
                0x080021ec       0x14 ..\obj\portserial.o
                0x080021ec                xMBPortSerialGetByte
 .text.eMBFuncReadCoils
                0x08002200       0x6c ..\obj\mbfunccoils.o
                0x08002200                eMBFuncReadCoils
 .text.eMBFuncWriteCoil
                0x0800226c       0x4a ..\obj\mbfunccoils.o
                0x0800226c                eMBFuncWriteCoil
 .text.eMBFuncWriteMultipleCoils
                0x080022b6       0x58 ..\obj\mbfunccoils.o
                0x080022b6                eMBFuncWriteMultipleCoils
 *fill*         0x0800230e        0x2 
 .text.EXTI_Init
                0x08002310       0x74 ..\obj\stm32f4xx_exti.o
                0x08002310                EXTI_Init
 .text.EXTI_GetITStatus
                0x08002384       0x1c ..\obj\stm32f4xx_exti.o
                0x08002384                EXTI_GetITStatus
 .text.EXTI_ClearITPendingBit
                0x080023a0        0xc ..\obj\stm32f4xx_exti.o
                0x080023a0                EXTI_ClearITPendingBit
 .text.NVIC_PriorityGroupConfig
                0x080023ac       0x14 ..\obj\misc.o
                0x080023ac                NVIC_PriorityGroupConfig
 .text.NVIC_Init
                0x080023c0       0x68 ..\obj\misc.o
                0x080023c0                NVIC_Init
 .text.svpwmInitGPIO
                0x08002428       0x94 ..\obj\svpwm.o
                0x08002428                svpwmInitGPIO
 .text.svpwmInitTIM
                0x080024bc      0x134 ..\obj\svpwm.o
                0x080024bc                svpwmInitTIM
 .text.RCC_Configuration_Adc1
                0x080025f0       0x20 ..\obj\svpwm.o
                0x080025f0                RCC_Configuration_Adc1
 .text.RCC_Configuration_Adc2
                0x08002610       0x18 ..\obj\svpwm.o
                0x08002610                RCC_Configuration_Adc2
 .text.GPIO_Configuration_Adc1
                0x08002628       0x60 ..\obj\svpwm.o
                0x08002628                GPIO_Configuration_Adc1
 .text.GPIO_Configuration_Adc2
                0x08002688       0x3c ..\obj\svpwm.o
                0x08002688                GPIO_Configuration_Adc2
 .text.DMAInit  0x080026c4       0x74 ..\obj\svpwm.o
                0x080026c4                DMAInit
 .text.svpwmInitADC
                0x08002738      0x168 ..\obj\svpwm.o
                0x08002738                svpwmInitADC
 .text.svpwmInit
                0x080028a0        0xe ..\obj\svpwm.o
                0x080028a0                svpwmInit
 .text.DMA1_Stream1_IRQHandler
                0x080028ae        0x2 ..\obj\svpwm.o
                0x080028ae                DMA1_Stream1_IRQHandler
 .text.mcFocSVPWM2
                0x080028b0      0x12c ..\obj\svpwm.o
                0x080028b0                mcFocSVPWM2
 .text.eMBASCIIInit
                0x080029dc       0x34 ..\obj\mbascii.o
                0x080029dc                eMBASCIIInit
 .text.eMBASCIIStart
                0x08002a10       0x20 ..\obj\mbascii.o
                0x08002a10                eMBASCIIStart
 .text.eMBASCIIStop
                0x08002a30       0x14 ..\obj\mbascii.o
                0x08002a30                eMBASCIIStop
 .text.eMBASCIIReceive
                0x08002a44       0x5c ..\obj\mbascii.o
                0x08002a44                eMBASCIIReceive
 .text.eMBASCIISend
                0x08002aa0       0x6c ..\obj\mbascii.o
                0x08002aa0                eMBASCIISend
 .text.xMBASCIIReceiveFSM
                0x08002b0c       0xf4 ..\obj\mbascii.o
                0x08002b0c                xMBASCIIReceiveFSM
 .text.xMBASCIITransmitFSM
                0x08002c00       0xbc ..\obj\mbascii.o
                0x08002c00                xMBASCIITransmitFSM
 .text.xMBASCIITimerT1SExpired
                0x08002cbc       0x1c ..\obj\mbascii.o
                0x08002cbc                xMBASCIITimerT1SExpired
 .text.pidInit  0x08002cd8       0x18 ..\obj\pid.o
                0x08002cd8                pidInit
 .text.pidSetOutLimit
                0x08002cf0        0xa ..\obj\pid.o
                0x08002cf0                pidSetOutLimit
 .text.pidSetIntegralLimit
                0x08002cfa        0xe ..\obj\pid.o
                0x08002cfa                pidSetIntegralLimit
 .text.pidSetInputRange
                0x08002d08        0xe ..\obj\pid.o
                0x08002d08                pidSetInputRange
 *fill*         0x08002d16        0x2 
 .text.pidTask  0x08002d18       0xcc ..\obj\pid.o
                0x08002d18                pidTask
 .text.TI1_Config
                0x08002de4       0x36 ..\obj\stm32f4xx_tim.o
 .text.TI2_Config
                0x08002e1a       0x3c ..\obj\stm32f4xx_tim.o
 *fill*         0x08002e56        0x2 
 .text.TIM_DeInit
                0x08002e58      0x16c ..\obj\stm32f4xx_tim.o
                0x08002e58                TIM_DeInit
 .text.TIM_TimeBaseInit
                0x08002fc4       0x7c ..\obj\stm32f4xx_tim.o
                0x08002fc4                TIM_TimeBaseInit
 .text.TIM_TimeBaseStructInit
                0x08003040       0x12 ..\obj\stm32f4xx_tim.o
                0x08003040                TIM_TimeBaseStructInit
 .text.TIM_SetCounter
                0x08003052        0x4 ..\obj\stm32f4xx_tim.o
                0x08003052                TIM_SetCounter
 .text.TIM_ARRPreloadConfig
                0x08003056       0x18 ..\obj\stm32f4xx_tim.o
                0x08003056                TIM_ARRPreloadConfig
 .text.TIM_Cmd  0x0800306e       0x18 ..\obj\stm32f4xx_tim.o
                0x0800306e                TIM_Cmd
 *fill*         0x08003086        0x2 
 .text.TIM_OC1Init
                0x08003088       0x70 ..\obj\stm32f4xx_tim.o
                0x08003088                TIM_OC1Init
 .text.TIM_OC2Init
                0x080030f8       0x80 ..\obj\stm32f4xx_tim.o
                0x080030f8                TIM_OC2Init
 .text.TIM_OC3Init
                0x08003178       0x7c ..\obj\stm32f4xx_tim.o
                0x08003178                TIM_OC3Init
 .text.TIM_OC4Init
                0x080031f4       0x64 ..\obj\stm32f4xx_tim.o
                0x080031f4                TIM_OC4Init
 .text.TIM_OCStructInit
                0x08003258       0x14 ..\obj\stm32f4xx_tim.o
                0x08003258                TIM_OCStructInit
 .text.TIM_SetCompare1
                0x0800326c        0x4 ..\obj\stm32f4xx_tim.o
                0x0800326c                TIM_SetCompare1
 .text.TIM_SetCompare2
                0x08003270        0x4 ..\obj\stm32f4xx_tim.o
                0x08003270                TIM_SetCompare2
 .text.TIM_SetCompare3
                0x08003274        0x4 ..\obj\stm32f4xx_tim.o
                0x08003274                TIM_SetCompare3
 .text.TIM_OC1PreloadConfig
                0x08003278       0x10 ..\obj\stm32f4xx_tim.o
                0x08003278                TIM_OC1PreloadConfig
 .text.TIM_OC2PreloadConfig
                0x08003288       0x14 ..\obj\stm32f4xx_tim.o
                0x08003288                TIM_OC2PreloadConfig
 .text.TIM_OC3PreloadConfig
                0x0800329c       0x10 ..\obj\stm32f4xx_tim.o
                0x0800329c                TIM_OC3PreloadConfig
 .text.TIM_OC4PreloadConfig
                0x080032ac       0x14 ..\obj\stm32f4xx_tim.o
                0x080032ac                TIM_OC4PreloadConfig
 .text.TIM_ICStructInit
                0x080032c0       0x10 ..\obj\stm32f4xx_tim.o
                0x080032c0                TIM_ICStructInit
 .text.TIM_SetIC1Prescaler
                0x080032d0       0x16 ..\obj\stm32f4xx_tim.o
                0x080032d0                TIM_SetIC1Prescaler
 .text.TIM_SetIC2Prescaler
                0x080032e6       0x1a ..\obj\stm32f4xx_tim.o
                0x080032e6                TIM_SetIC2Prescaler
 .text.TIM_SetIC3Prescaler
                0x08003300       0x16 ..\obj\stm32f4xx_tim.o
                0x08003300                TIM_SetIC3Prescaler
 .text.TIM_SetIC4Prescaler
                0x08003316       0x1a ..\obj\stm32f4xx_tim.o
                0x08003316                TIM_SetIC4Prescaler
 .text.TIM_ICInit
                0x08003330       0xae ..\obj\stm32f4xx_tim.o
                0x08003330                TIM_ICInit
 .text.TIM_BDTRConfig
                0x080033de       0x22 ..\obj\stm32f4xx_tim.o
                0x080033de                TIM_BDTRConfig
 .text.TIM_GetITStatus
                0x08003400       0x16 ..\obj\stm32f4xx_tim.o
                0x08003400                TIM_GetITStatus
 .text.TIM_ClearITPendingBit
                0x08003416        0x8 ..\obj\stm32f4xx_tim.o
                0x08003416                TIM_ClearITPendingBit
 .text.TIM_DMACmd
                0x0800341e       0x12 ..\obj\stm32f4xx_tim.o
                0x0800341e                TIM_DMACmd
 .text.TIM_ITConfig
                0x08003430        0x4 ..\obj\stm32f4xx_tim.o
                0x08003430                TIM_ITConfig
 .text.TIM_SelectOutputTrigger
                0x08003434       0x16 ..\obj\stm32f4xx_tim.o
                0x08003434                TIM_SelectOutputTrigger
 .text.TIM_EncoderInterfaceConfig
                0x0800344a       0x3e ..\obj\stm32f4xx_tim.o
                0x0800344a                TIM_EncoderInterfaceConfig
 .text.cosf     0x08003488       0x90 c:/program files (x86)/gnu tools arm embedded/6 2017-q1-update/bin/../lib/gcc/arm-none-eabi/6.3.1/../../../../arm-none-eabi/lib/thumb/v7e-m/fpv4-sp/hard\libm.a(lib_a-sf_cos.o)
                0x08003488                cosf
 .text.sinf     0x08003518       0x94 c:/program files (x86)/gnu tools arm embedded/6 2017-q1-update/bin/../lib/gcc/arm-none-eabi/6.3.1/../../../../arm-none-eabi/lib/thumb/v7e-m/fpv4-sp/hard\libm.a(lib_a-sf_sin.o)
                0x08003518                sinf
 .text.__ieee754_rem_pio2f
                0x080035ac      0x290 c:/program files (x86)/gnu tools arm embedded/6 2017-q1-update/bin/../lib/gcc/arm-none-eabi/6.3.1/../../../../arm-none-eabi/lib/thumb/v7e-m/fpv4-sp/hard\libm.a(lib_a-ef_rem_pio2.o)
                0x080035ac                __ieee754_rem_pio2f
 .text.__kernel_cosf
                0x0800383c      0x104 c:/program files (x86)/gnu tools arm embedded/6 2017-q1-update/bin/../lib/gcc/arm-none-eabi/6.3.1/../../../../arm-none-eabi/lib/thumb/v7e-m/fpv4-sp/hard\libm.a(lib_a-kf_cos.o)
                0x0800383c                __kernel_cosf
 .text.__kernel_rem_pio2f
                0x08003940      0x690 c:/program files (x86)/gnu tools arm embedded/6 2017-q1-update/bin/../lib/gcc/arm-none-eabi/6.3.1/../../../../arm-none-eabi/lib/thumb/v7e-m/fpv4-sp/hard\libm.a(lib_a-kf_rem_pio2.o)
                0x08003940                __kernel_rem_pio2f
 .text.__kernel_sinf
                0x08003fd0       0x90 c:/program files (x86)/gnu tools arm embedded/6 2017-q1-update/bin/../lib/gcc/arm-none-eabi/6.3.1/../../../../arm-none-eabi/lib/thumb/v7e-m/fpv4-sp/hard\libm.a(lib_a-kf_sin.o)
                0x08003fd0                __kernel_sinf
 .text.fabsf    0x08004060       0x10 c:/program files (x86)/gnu tools arm embedded/6 2017-q1-update/bin/../lib/gcc/arm-none-eabi/6.3.1/../../../../arm-none-eabi/lib/thumb/v7e-m/fpv4-sp/hard\libm.a(lib_a-sf_fabs.o)
                0x08004060                fabsf
 .text.floorf   0x08004070       0x90 c:/program files (x86)/gnu tools arm embedded/6 2017-q1-update/bin/../lib/gcc/arm-none-eabi/6.3.1/../../../../arm-none-eabi/lib/thumb/v7e-m/fpv4-sp/hard\libm.a(lib_a-sf_floor.o)
                0x08004070                floorf
 .text.scalbnf  0x08004100       0xd0 c:/program files (x86)/gnu tools arm embedded/6 2017-q1-update/bin/../lib/gcc/arm-none-eabi/6.3.1/../../../../arm-none-eabi/lib/thumb/v7e-m/fpv4-sp/hard\libm.a(lib_a-sf_scalbn.o)
                0x08004100                scalbnf
 .text.copysignf
                0x080041d0       0x18 c:/program files (x86)/gnu tools arm embedded/6 2017-q1-update/bin/../lib/gcc/arm-none-eabi/6.3.1/../../../../arm-none-eabi/lib/thumb/v7e-m/fpv4-sp/hard\libm.a(lib_a-sf_copysign.o)
                0x080041d0                copysignf
 .text          0x080041e8      0x134 c:/program files (x86)/gnu tools arm embedded/6 2017-q1-update/bin/../lib/gcc/arm-none-eabi/6.3.1/../../../../arm-none-eabi/lib/thumb/v7e-m/fpv4-sp/hard\libc.a(lib_a-memcpy.o)
                0x080041e8                memcpy
 .text.memset   0x0800431c       0x9c c:/program files (x86)/gnu tools arm embedded/6 2017-q1-update/bin/../lib/gcc/arm-none-eabi/6.3.1/../../../../arm-none-eabi/lib/thumb/v7e-m/fpv4-sp/hard\libc.a(lib_a-memset.o)
                0x0800431c                memset
 .text.startup.register_fini
                0x080043b8       0x14 c:/program files (x86)/gnu tools arm embedded/6 2017-q1-update/bin/../lib/gcc/arm-none-eabi/6.3.1/../../../../arm-none-eabi/lib/thumb/v7e-m/fpv4-sp/hard\libc.a(lib_a-__call_atexit.o)
 .text.atexit   0x080043cc        0xc c:/program files (x86)/gnu tools arm embedded/6 2017-q1-update/bin/../lib/gcc/arm-none-eabi/6.3.1/../../../../arm-none-eabi/lib/thumb/v7e-m/fpv4-sp/hard\libc.a(lib_a-atexit.o)
                0x080043cc                atexit
 .text.__libc_fini_array
                0x080043d8       0x34 c:/program files (x86)/gnu tools arm embedded/6 2017-q1-update/bin/../lib/gcc/arm-none-eabi/6.3.1/../../../../arm-none-eabi/lib/thumb/v7e-m/fpv4-sp/hard\libc.a(lib_a-fini.o)
                0x080043d8                __libc_fini_array
 .text.__retarget_lock_acquire_recursive
                0x0800440c        0x4 c:/program files (x86)/gnu tools arm embedded/6 2017-q1-update/bin/../lib/gcc/arm-none-eabi/6.3.1/../../../../arm-none-eabi/lib/thumb/v7e-m/fpv4-sp/hard\libc.a(lib_a-lock.o)
                0x0800440c                __retarget_lock_acquire_recursive
 .text.__retarget_lock_release_recursive
                0x08004410        0x4 c:/program files (x86)/gnu tools arm embedded/6 2017-q1-update/bin/../lib/gcc/arm-none-eabi/6.3.1/../../../../arm-none-eabi/lib/thumb/v7e-m/fpv4-sp/hard\libc.a(lib_a-lock.o)
                0x08004410                __retarget_lock_release_recursive
 .text.__register_exitproc
                0x08004414       0xc4 c:/program files (x86)/gnu tools arm embedded/6 2017-q1-update/bin/../lib/gcc/arm-none-eabi/6.3.1/../../../../arm-none-eabi/lib/thumb/v7e-m/fpv4-sp/hard\libc.a(lib_a-__atexit.o)
                0x08004414                __register_exitproc
 *(.init)
 .init          0x080044d8        0x4 c:/program files (x86)/gnu tools arm embedded/6 2017-q1-update/bin/../lib/gcc/arm-none-eabi/6.3.1/thumb/v7e-m/fpv4-sp/hard/crti.o
                0x080044d8                _init
 .init          0x080044dc        0x8 c:/program files (x86)/gnu tools arm embedded/6 2017-q1-update/bin/../lib/gcc/arm-none-eabi/6.3.1/thumb/v7e-m/fpv4-sp/hard/crtn.o
 *(.fini)
 .fini          0x080044e4        0x4 c:/program files (x86)/gnu tools arm embedded/6 2017-q1-update/bin/../lib/gcc/arm-none-eabi/6.3.1/thumb/v7e-m/fpv4-sp/hard/crti.o
                0x080044e4                _fini
 .fini          0x080044e8        0x8 c:/program files (x86)/gnu tools arm embedded/6 2017-q1-update/bin/../lib/gcc/arm-none-eabi/6.3.1/thumb/v7e-m/fpv4-sp/hard/crtn.o
 *crtbegin.o(.ctors)
 *crtbegin?.o(.ctors)
 *(EXCLUDE_FILE(*crtend.o *crtend?.o) .ctors)
 *(SORT(.ctors.*))
 *(.ctors)
 *crtbegin.o(.dtors)
 *crtbegin?.o(.dtors)
 *(EXCLUDE_FILE(*crtend.o *crtend?.o) .dtors)
 *(SORT(.dtors.*))
 *(.dtors)
 *(.rodata*)
 .rodata        0x080044f0        0x8 ..\obj\mbutils.o
 .rodata        0x080044f8      0x200 ..\obj\mbcrc.o
 .rodata        0x080046f8       0x90 ..\obj\encoder.o
 .rodata.npio2_hw
                0x08004788       0x80 c:/program files (x86)/gnu tools arm embedded/6 2017-q1-update/bin/../lib/gcc/arm-none-eabi/6.3.1/../../../../arm-none-eabi/lib/thumb/v7e-m/fpv4-sp/hard\libm.a(lib_a-ef_rem_pio2.o)
 .rodata.two_over_pi
                0x08004808      0x318 c:/program files (x86)/gnu tools arm embedded/6 2017-q1-update/bin/../lib/gcc/arm-none-eabi/6.3.1/../../../../arm-none-eabi/lib/thumb/v7e-m/fpv4-sp/hard\libm.a(lib_a-ef_rem_pio2.o)
 .rodata.PIo2   0x08004b20       0x2c c:/program files (x86)/gnu tools arm embedded/6 2017-q1-update/bin/../lib/gcc/arm-none-eabi/6.3.1/../../../../arm-none-eabi/lib/thumb/v7e-m/fpv4-sp/hard\libm.a(lib_a-kf_rem_pio2.o)
 .rodata.init_jk
                0x08004b4c        0xc c:/program files (x86)/gnu tools arm embedded/6 2017-q1-update/bin/../lib/gcc/arm-none-eabi/6.3.1/../../../../arm-none-eabi/lib/thumb/v7e-m/fpv4-sp/hard\libm.a(lib_a-kf_rem_pio2.o)
 .rodata._global_impure_ptr
                0x08004b58        0x4 c:/program files (x86)/gnu tools arm embedded/6 2017-q1-update/bin/../lib/gcc/arm-none-eabi/6.3.1/../../../../arm-none-eabi/lib/thumb/v7e-m/fpv4-sp/hard\libc.a(lib_a-impure.o)
                0x08004b58                _global_impure_ptr
 *(.eh_fram e*)

.eh_frame       0x08004b5c        0x0
 .eh_frame      0x08004b5c        0x0 c:/program files (x86)/gnu tools arm embedded/6 2017-q1-update/bin/../lib/gcc/arm-none-eabi/6.3.1/thumb/v7e-m/fpv4-sp/hard/crtbegin.o

.glue_7         0x08004b5c        0x0
 .glue_7        0x08004b5c        0x0 linker stubs

.glue_7t        0x08004b5c        0x0
 .glue_7t       0x08004b5c        0x0 linker stubs

.vfp11_veneer   0x08004b5c        0x0
 .vfp11_veneer  0x08004b5c        0x0 linker stubs

.v4_bx          0x08004b5c        0x0
 .v4_bx         0x08004b5c        0x0 linker stubs

.iplt           0x08004b5c        0x0
 .iplt          0x08004b5c        0x0 c:/program files (x86)/gnu tools arm embedded/6 2017-q1-update/bin/../lib/gcc/arm-none-eabi/6.3.1/thumb/v7e-m/fpv4-sp/hard/crtbegin.o

.rel.dyn        0x08004b5c        0x0
 .rel.iplt      0x08004b5c        0x0 c:/program files (x86)/gnu tools arm embedded/6 2017-q1-update/bin/../lib/gcc/arm-none-eabi/6.3.1/thumb/v7e-m/fpv4-sp/hard/crtbegin.o

.ARM.extab
 *(.ARM.extab* .gnu.linkonce.armextab.*)
                0x08004b5c                __exidx_start = .

.ARM.exidx
 *(.ARM.exidx* .gnu.linkonce.armexidx.*)
                0x08004b5c                __exidx_end = .
                0x08004b5c                __etext = .
                0x08004b5c                _sidata = __etext

.data           0x20000000      0x4ec load address 0x08004b5c
                0x20000000                __data_start__ = .
                0x20000000                _sdata = __data_start__
 *(vtable)
 *(.data*)
 .data          0x20000000       0x84 ..\obj\mb.o
 .data          0x20000084        0x8 ..\obj\main.o
                0x20000084                current_a_offset
                0x20000088                current_b_offset
 .data          0x2000008c       0x10 ..\obj\stm32f4xx_rcc.o
 .data          0x2000009c       0x14 ..\obj\system_stm32f4xx.o
                0x2000009c                SystemCoreClock
                0x200000a0                AHBPrescTable
 .data.impure_data
                0x200000b0      0x428 c:/program files (x86)/gnu tools arm embedded/6 2017-q1-update/bin/../lib/gcc/arm-none-eabi/6.3.1/../../../../arm-none-eabi/lib/thumb/v7e-m/fpv4-sp/hard\libc.a(lib_a-impure.o)
 .data.__atexit_recursive_mutex
                0x200004d8        0x4 c:/program files (x86)/gnu tools arm embedded/6 2017-q1-update/bin/../lib/gcc/arm-none-eabi/6.3.1/../../../../arm-none-eabi/lib/thumb/v7e-m/fpv4-sp/hard\libc.a(lib_a-__call_atexit.o)
                0x200004d8                __atexit_recursive_mutex
                0x200004dc                . = ALIGN (0x4)
                0x200004dc                PROVIDE (__preinit_array_start, .)
 *(.preinit_array)
                0x200004dc                PROVIDE (__preinit_array_end, .)
                0x200004dc                . = ALIGN (0x4)
                0x200004dc                PROVIDE (__init_array_start, .)
 *(SORT(.init_array.*))
 .init_array.00000
                0x200004dc        0x4 c:/program files (x86)/gnu tools arm embedded/6 2017-q1-update/bin/../lib/gcc/arm-none-eabi/6.3.1/../../../../arm-none-eabi/lib/thumb/v7e-m/fpv4-sp/hard\libc.a(lib_a-__call_atexit.o)
 *(.init_array)
 .init_array    0x200004e0        0x4 c:/program files (x86)/gnu tools arm embedded/6 2017-q1-update/bin/../lib/gcc/arm-none-eabi/6.3.1/thumb/v7e-m/fpv4-sp/hard/crtbegin.o
                0x200004e4                PROVIDE (__init_array_end, .)
                0x200004e4                . = ALIGN (0x4)
                0x200004e4                PROVIDE (__fini_array_start, .)
 *(SORT(.fini_array.*))
 *(.fini_array)
 .fini_array    0x200004e4        0x4 c:/program files (x86)/gnu tools arm embedded/6 2017-q1-update/bin/../lib/gcc/arm-none-eabi/6.3.1/thumb/v7e-m/fpv4-sp/hard/crtbegin.o
                0x200004e8                PROVIDE (__fini_array_end, .)
 *(.jcr*)
 .jcr           0x200004e8        0x0 c:/program files (x86)/gnu tools arm embedded/6 2017-q1-update/bin/../lib/gcc/arm-none-eabi/6.3.1/thumb/v7e-m/fpv4-sp/hard/crtbegin.o
 .jcr           0x200004e8        0x4 c:/program files (x86)/gnu tools arm embedded/6 2017-q1-update/bin/../lib/gcc/arm-none-eabi/6.3.1/thumb/v7e-m/fpv4-sp/hard/crtend.o
                0x200004ec                . = ALIGN (0x4)
                0x200004ec                __data_end__ = .
                0x200004ec                _edata = __data_end__

.igot.plt       0x200004ec        0x0 load address 0x08005048
 .igot.plt      0x200004ec        0x0 c:/program files (x86)/gnu tools arm embedded/6 2017-q1-update/bin/../lib/gcc/arm-none-eabi/6.3.1/thumb/v7e-m/fpv4-sp/hard/crtbegin.o

.bss            0x200004ec     0x80a8 load address 0x08005048
                0x200004ec                . = ALIGN (0x4)
                0x200004ec                __bss_start__ = .
                0x200004ec                _sbss = __bss_start__
 *(.bss*)
 .bss           0x200004ec       0x1c c:/program files (x86)/gnu tools arm embedded/6 2017-q1-update/bin/../lib/gcc/arm-none-eabi/6.3.1/thumb/v7e-m/fpv4-sp/hard/crtbegin.o
 .bss           0x20000508       0x23 ..\obj\mb.o
 .bss           0x2000052b        0x2 ..\obj\portevent.o
 *fill*         0x2000052d        0x1 
 .bss           0x2000052e       0x22 ..\obj\mbfuncother.o
 .bss           0x20000550       0x28 ..\obj\main.o
                0x20000568                main_state
                0x2000056c                sp_counter
 .bss           0x20000578       0xac ..\obj\foc.o
 .bss           0x20000624     0x7d08 ..\obj\encoder.o
 .bss           0x2000832c        0xb ..\obj\mbrtu.o
 *fill*         0x20008337        0x1 
 .bss           0x20008338        0xd ..\obj\mbascii.o
 *(COMMON)
 *fill*         0x20008345        0x3 
 COMMON         0x20008348       0x14 ..\obj\mb.o
                0x20008348                pxMBFrameCBTransmitterEmpty
                0x2000834c                pxMBPortCBTimerExpired
                0x20008350                pxMBFrameCBByteReceived
                0x20008354                pxMBFrameCBTransmitFSMCur
                0x20008358                pxMBFrameCBReceiveFSMCur
 COMMON         0x2000835c       0xc4 ..\obj\main.o
                0x2000835c                stFoc
 COMMON         0x20008420       0x4e ..\obj\foc.o
                0x20008420                pidPos
                0x20008454                current_a
                0x20008456                ADC_values
                0x20008466                dc_voltage
                0x20008468                ai1
                0x2000846a                ai0
                0x2000846c                current_b
 COMMON         0x2000846e      0x100 ..\obj\mbrtu.o
                0x2000846e                ucRTUBuf
 *fill*         0x2000856e        0x2 
 COMMON         0x20008570       0x21 c:/program files (x86)/gnu tools arm embedded/6 2017-q1-update/bin/../lib/gcc/arm-none-eabi/6.3.1/../../../../arm-none-eabi/lib/thumb/v7e-m/fpv4-sp/hard\libc.a(lib_a-lock.o)
                0x20008570                __lock___atexit_recursive_mutex
                0x20008574                __lock___arc4random_mutex
                0x20008578                __lock___env_recursive_mutex
                0x2000857c                __lock___sinit_recursive_mutex
                0x20008580                __lock___malloc_recursive_mutex
                0x20008584                __lock___at_quick_exit_mutex
                0x20008588                __lock___dd_hash_mutex
                0x2000858c                __lock___tz_mutex
                0x20008590                __lock___sfp_recursive_mutex
                0x20008594                . = ALIGN (0x4)
 *fill*         0x20008591        0x3 
                0x20008594                __bss_end__ = .
                0x20008594                _ebss = __bss_end__

.heap           0x20008594        0x0
                0x20008594                __end__ = .
                0x20008594                _end = __end__
                0x20008594                end = __end__
 *(.heap*)
                0x20008594                __HeapLimit = .

.co_stack       0x20008594      0x804 load address 0x0800d0f0
                0x20008598                . = ALIGN (0x8)
 *fill*         0x20008594        0x4 
 *(.co_stack .co_stack.*)
 .co_stack      0x20008598      0x800 ..\obj\startup_stm32f4xx.o
                0x20008598                pulStack
                0x20020000                __StackTop = (ORIGIN (ram) + LENGTH (ram))
                0x2001f7fc                __StackLimit = (__StackTop - SIZEOF (.co_stack))
                0x20020000                PROVIDE (__stack, __StackTop)
                0x00000001                ASSERT ((__StackLimit >= __HeapLimit), region ram  overflowed with stack)
LOAD ..\obj\stm32f4xx_syscfg.o
LOAD ..\obj\mb.o
LOAD ..\obj\mbfuncdisc.o
LOAD ..\obj\portevent.o
LOAD ..\obj\mbfuncother.o
LOAD ..\obj\stm32f4xx_usart.o
LOAD ..\obj\stm32f4xx_can.o
LOAD ..\obj\mbutils.o
LOAD ..\obj\stm32f4xx_dac.o
LOAD ..\obj\startup_stm32f4xx.o
LOAD ..\obj\mbfuncholding.o
LOAD ..\obj\main.o
LOAD ..\obj\mbcrc.o
LOAD ..\obj\stm32f4xx_rcc.o
LOAD ..\obj\foc.o
LOAD ..\obj\stm32f4xx_adc.o
LOAD ..\obj\mbfuncinput.o
LOAD ..\obj\encoder.o
LOAD ..\obj\mbfuncdiag.o
LOAD ..\obj\stm32f4xx_gpio.o
LOAD ..\obj\porttimer.o
LOAD ..\obj\mbrtu.o
LOAD ..\obj\system_stm32f4xx.o
LOAD ..\obj\syscalls.o
LOAD ..\obj\stm32f4xx_dma.o
LOAD ..\obj\port.o
LOAD ..\obj\portserial.o
LOAD ..\obj\mbfunccoils.o
LOAD ..\obj\stm32f4xx_exti.o
LOAD ..\obj\misc.o
LOAD ..\obj\svpwm.o
LOAD ..\obj\mbtcp.o
LOAD ..\obj\mbascii.o
LOAD ..\obj\pid.o
LOAD ..\obj\stm32f4xx_tim.o
LOAD c:/program files (x86)/gnu tools arm embedded/6 2017-q1-update/bin/../lib/gcc/arm-none-eabi/6.3.1/../../../../arm-none-eabi/lib/thumb/v7e-m/fpv4-sp/hard\libm.a
LOAD c:/program files (x86)/gnu tools arm embedded/6 2017-q1-update/bin/../lib/gcc/arm-none-eabi/6.3.1/thumb/v7e-m/fpv4-sp/hard\libgcc.a
LOAD c:/program files (x86)/gnu tools arm embedded/6 2017-q1-update/bin/../lib/gcc/arm-none-eabi/6.3.1/../../../../arm-none-eabi/lib/thumb/v7e-m/fpv4-sp/hard\libc.a
START GROUP
LOAD c:/program files (x86)/gnu tools arm embedded/6 2017-q1-update/bin/../lib/gcc/arm-none-eabi/6.3.1/thumb/v7e-m/fpv4-sp/hard\libgcc.a
LOAD c:/program files (x86)/gnu tools arm embedded/6 2017-q1-update/bin/../lib/gcc/arm-none-eabi/6.3.1/../../../../arm-none-eabi/lib/thumb/v7e-m/fpv4-sp/hard\libg.a
LOAD c:/program files (x86)/gnu tools arm embedded/6 2017-q1-update/bin/../lib/gcc/arm-none-eabi/6.3.1/../../../../arm-none-eabi/lib/thumb/v7e-m/fpv4-sp/hard\libc.a
END GROUP
LOAD c:/program files (x86)/gnu tools arm embedded/6 2017-q1-update/bin/../lib/gcc/arm-none-eabi/6.3.1/thumb/v7e-m/fpv4-sp/hard/crtend.o
LOAD c:/program files (x86)/gnu tools arm embedded/6 2017-q1-update/bin/../lib/gcc/arm-none-eabi/6.3.1/thumb/v7e-m/fpv4-sp/hard/crtn.o
OUTPUT(main.elf elf32-littlearm)

.ARM.attributes
                0x00000000       0x30
 .ARM.attributes
                0x00000000       0x22 c:/program files (x86)/gnu tools arm embedded/6 2017-q1-update/bin/../lib/gcc/arm-none-eabi/6.3.1/thumb/v7e-m/fpv4-sp/hard/crti.o
 .ARM.attributes
                0x00000022       0x34 c:/program files (x86)/gnu tools arm embedded/6 2017-q1-update/bin/../lib/gcc/arm-none-eabi/6.3.1/thumb/v7e-m/fpv4-sp/hard/crtbegin.o
 .ARM.attributes
                0x00000056       0x39 ..\obj\stm32f4xx_syscfg.o
 .ARM.attributes
                0x0000008f       0x39 ..\obj\mb.o
 .ARM.attributes
                0x000000c8       0x39 ..\obj\mbfuncdisc.o
 .ARM.attributes
                0x00000101       0x39 ..\obj\portevent.o
 .ARM.attributes
                0x0000013a       0x39 ..\obj\mbfuncother.o
 .ARM.attributes
                0x00000173       0x39 ..\obj\stm32f4xx_usart.o
 .ARM.attributes
                0x000001ac       0x39 ..\obj\mbutils.o
 .ARM.attributes
                0x000001e5       0x39 ..\obj\stm32f4xx_dac.o
 .ARM.attributes
                0x0000021e       0x39 ..\obj\startup_stm32f4xx.o
 .ARM.attributes
                0x00000257       0x39 ..\obj\mbfuncholding.o
 .ARM.attributes
                0x00000290       0x39 ..\obj\main.o
 .ARM.attributes
                0x000002c9       0x39 ..\obj\mbcrc.o
 .ARM.attributes
                0x00000302       0x39 ..\obj\stm32f4xx_rcc.o
 .ARM.attributes
                0x0000033b       0x39 ..\obj\foc.o
 .ARM.attributes
                0x00000374       0x39 ..\obj\stm32f4xx_adc.o
 .ARM.attributes
                0x000003ad       0x39 ..\obj\mbfuncinput.o
 .ARM.attributes
                0x000003e6       0x39 ..\obj\encoder.o
 .ARM.attributes
                0x0000041f       0x39 ..\obj\stm32f4xx_gpio.o
 .ARM.attributes
                0x00000458       0x39 ..\obj\porttimer.o
 .ARM.attributes
                0x00000491       0x39 ..\obj\mbrtu.o
 .ARM.attributes
                0x000004ca       0x39 ..\obj\system_stm32f4xx.o
 .ARM.attributes
                0x00000503       0x39 ..\obj\stm32f4xx_dma.o
 .ARM.attributes
                0x0000053c       0x39 ..\obj\portserial.o
 .ARM.attributes
                0x00000575       0x39 ..\obj\mbfunccoils.o
 .ARM.attributes
                0x000005ae       0x39 ..\obj\stm32f4xx_exti.o
 .ARM.attributes
                0x000005e7       0x39 ..\obj\misc.o
 .ARM.attributes
                0x00000620       0x39 ..\obj\svpwm.o
 .ARM.attributes
                0x00000659       0x39 ..\obj\mbascii.o
 .ARM.attributes
                0x00000692       0x39 ..\obj\pid.o
 .ARM.attributes
                0x000006cb       0x39 ..\obj\stm32f4xx_tim.o
 .ARM.attributes
                0x00000704       0x34 c:/program files (x86)/gnu tools arm embedded/6 2017-q1-update/bin/../lib/gcc/arm-none-eabi/6.3.1/../../../../arm-none-eabi/lib/thumb/v7e-m/fpv4-sp/hard\libm.a(lib_a-sf_cos.o)
 .ARM.attributes
                0x00000738       0x34 c:/program files (x86)/gnu tools arm embedded/6 2017-q1-update/bin/../lib/gcc/arm-none-eabi/6.3.1/../../../../arm-none-eabi/lib/thumb/v7e-m/fpv4-sp/hard\libm.a(lib_a-sf_sin.o)
 .ARM.attributes
                0x0000076c       0x34 c:/program files (x86)/gnu tools arm embedded/6 2017-q1-update/bin/../lib/gcc/arm-none-eabi/6.3.1/../../../../arm-none-eabi/lib/thumb/v7e-m/fpv4-sp/hard\libm.a(lib_a-ef_rem_pio2.o)
 .ARM.attributes
                0x000007a0       0x34 c:/program files (x86)/gnu tools arm embedded/6 2017-q1-update/bin/../lib/gcc/arm-none-eabi/6.3.1/../../../../arm-none-eabi/lib/thumb/v7e-m/fpv4-sp/hard\libm.a(lib_a-kf_cos.o)
 .ARM.attributes
                0x000007d4       0x34 c:/program files (x86)/gnu tools arm embedded/6 2017-q1-update/bin/../lib/gcc/arm-none-eabi/6.3.1/../../../../arm-none-eabi/lib/thumb/v7e-m/fpv4-sp/hard\libm.a(lib_a-kf_rem_pio2.o)
 .ARM.attributes
                0x00000808       0x34 c:/program files (x86)/gnu tools arm embedded/6 2017-q1-update/bin/../lib/gcc/arm-none-eabi/6.3.1/../../../../arm-none-eabi/lib/thumb/v7e-m/fpv4-sp/hard\libm.a(lib_a-kf_sin.o)
 .ARM.attributes
                0x0000083c       0x34 c:/program files (x86)/gnu tools arm embedded/6 2017-q1-update/bin/../lib/gcc/arm-none-eabi/6.3.1/../../../../arm-none-eabi/lib/thumb/v7e-m/fpv4-sp/hard\libm.a(lib_a-sf_fabs.o)
 .ARM.attributes
                0x00000870       0x34 c:/program files (x86)/gnu tools arm embedded/6 2017-q1-update/bin/../lib/gcc/arm-none-eabi/6.3.1/../../../../arm-none-eabi/lib/thumb/v7e-m/fpv4-sp/hard\libm.a(lib_a-sf_floor.o)
 .ARM.attributes
                0x000008a4       0x34 c:/program files (x86)/gnu tools arm embedded/6 2017-q1-update/bin/../lib/gcc/arm-none-eabi/6.3.1/../../../../arm-none-eabi/lib/thumb/v7e-m/fpv4-sp/hard\libm.a(lib_a-sf_scalbn.o)
 .ARM.attributes
                0x000008d8       0x34 c:/program files (x86)/gnu tools arm embedded/6 2017-q1-update/bin/../lib/gcc/arm-none-eabi/6.3.1/../../../../arm-none-eabi/lib/thumb/v7e-m/fpv4-sp/hard\libm.a(lib_a-sf_copysign.o)
 .ARM.attributes
                0x0000090c       0x34 c:/program files (x86)/gnu tools arm embedded/6 2017-q1-update/bin/../lib/gcc/arm-none-eabi/6.3.1/../../../../arm-none-eabi/lib/thumb/v7e-m/fpv4-sp/hard\libc.a(lib_a-impure.o)
 .ARM.attributes
                0x00000940       0x20 c:/program files (x86)/gnu tools arm embedded/6 2017-q1-update/bin/../lib/gcc/arm-none-eabi/6.3.1/../../../../arm-none-eabi/lib/thumb/v7e-m/fpv4-sp/hard\libc.a(lib_a-memcpy.o)
 .ARM.attributes
                0x00000960       0x34 c:/program files (x86)/gnu tools arm embedded/6 2017-q1-update/bin/../lib/gcc/arm-none-eabi/6.3.1/../../../../arm-none-eabi/lib/thumb/v7e-m/fpv4-sp/hard\libc.a(lib_a-memset.o)
 .ARM.attributes
                0x00000994       0x34 c:/program files (x86)/gnu tools arm embedded/6 2017-q1-update/bin/../lib/gcc/arm-none-eabi/6.3.1/../../../../arm-none-eabi/lib/thumb/v7e-m/fpv4-sp/hard\libc.a(lib_a-__call_atexit.o)
 .ARM.attributes
                0x000009c8       0x34 c:/program files (x86)/gnu tools arm embedded/6 2017-q1-update/bin/../lib/gcc/arm-none-eabi/6.3.1/../../../../arm-none-eabi/lib/thumb/v7e-m/fpv4-sp/hard\libc.a(lib_a-atexit.o)
 .ARM.attributes
                0x000009fc       0x34 c:/program files (x86)/gnu tools arm embedded/6 2017-q1-update/bin/../lib/gcc/arm-none-eabi/6.3.1/../../../../arm-none-eabi/lib/thumb/v7e-m/fpv4-sp/hard\libc.a(lib_a-fini.o)
 .ARM.attributes
                0x00000a30       0x34 c:/program files (x86)/gnu tools arm embedded/6 2017-q1-update/bin/../lib/gcc/arm-none-eabi/6.3.1/../../../../arm-none-eabi/lib/thumb/v7e-m/fpv4-sp/hard\libc.a(lib_a-lock.o)
 .ARM.attributes
                0x00000a64       0x34 c:/program files (x86)/gnu tools arm embedded/6 2017-q1-update/bin/../lib/gcc/arm-none-eabi/6.3.1/../../../../arm-none-eabi/lib/thumb/v7e-m/fpv4-sp/hard\libc.a(lib_a-__atexit.o)
 .ARM.attributes
                0x00000a98       0x34 c:/program files (x86)/gnu tools arm embedded/6 2017-q1-update/bin/../lib/gcc/arm-none-eabi/6.3.1/thumb/v7e-m/fpv4-sp/hard/crtend.o
 .ARM.attributes
                0x00000acc       0x22 c:/program files (x86)/gnu tools arm embedded/6 2017-q1-update/bin/../lib/gcc/arm-none-eabi/6.3.1/thumb/v7e-m/fpv4-sp/hard/crtn.o

.comment        0x00000000       0x7f
 .comment       0x00000000       0x7f ..\obj\stm32f4xx_syscfg.o
                                 0x80 (size before relaxing)
 .comment       0x0000007f       0x80 ..\obj\mb.o
 .comment       0x0000007f       0x80 ..\obj\mbfuncdisc.o
 .comment       0x0000007f       0x80 ..\obj\portevent.o
 .comment       0x0000007f       0x80 ..\obj\mbfuncother.o
 .comment       0x0000007f       0x80 ..\obj\stm32f4xx_usart.o
 .comment       0x0000007f       0x80 ..\obj\mbutils.o
 .comment       0x0000007f       0x80 ..\obj\stm32f4xx_dac.o
 .comment       0x0000007f       0x80 ..\obj\startup_stm32f4xx.o
 .comment       0x0000007f       0x80 ..\obj\mbfuncholding.o
 .comment       0x0000007f       0x80 ..\obj\main.o
 .comment       0x0000007f       0x80 ..\obj\mbcrc.o
 .comment       0x0000007f       0x80 ..\obj\stm32f4xx_rcc.o
 .comment       0x0000007f       0x80 ..\obj\foc.o
 .comment       0x0000007f       0x80 ..\obj\stm32f4xx_adc.o
 .comment       0x0000007f       0x80 ..\obj\mbfuncinput.o
 .comment       0x0000007f       0x80 ..\obj\encoder.o
 .comment       0x0000007f       0x80 ..\obj\stm32f4xx_gpio.o
 .comment       0x0000007f       0x80 ..\obj\porttimer.o
 .comment       0x0000007f       0x80 ..\obj\mbrtu.o
 .comment       0x0000007f       0x80 ..\obj\system_stm32f4xx.o
 .comment       0x0000007f       0x80 ..\obj\stm32f4xx_dma.o
 .comment       0x0000007f       0x80 ..\obj\portserial.o
 .comment       0x0000007f       0x80 ..\obj\mbfunccoils.o
 .comment       0x0000007f       0x80 ..\obj\stm32f4xx_exti.o
 .comment       0x0000007f       0x80 ..\obj\misc.o
 .comment       0x0000007f       0x80 ..\obj\svpwm.o
 .comment       0x0000007f       0x80 ..\obj\mbascii.o
 .comment       0x0000007f       0x80 ..\obj\pid.o
 .comment       0x0000007f       0x80 ..\obj\stm32f4xx_tim.o

.debug_info     0x00000000    0x150ac
 .debug_info    0x00000000      0x2c1 ..\obj\stm32f4xx_syscfg.o
 .debug_info    0x000002c1      0xf3d ..\obj\mb.o
 .debug_info    0x000011fe      0xad5 ..\obj\mbfuncdisc.o
 .debug_info    0x00001cd3      0x1d9 ..\obj\portevent.o
 .debug_info    0x00001eac      0xb35 ..\obj\mbfuncother.o
 .debug_info    0x000029e1      0xaaf ..\obj\stm32f4xx_usart.o
 .debug_info    0x00003490      0xb56 ..\obj\mbutils.o
 .debug_info    0x00003fe6      0x68e ..\obj\stm32f4xx_dac.o
 .debug_info    0x00004674      0x121 ..\obj\startup_stm32f4xx.o
 .debug_info    0x00004795      0xd1a ..\obj\mbfuncholding.o
 .debug_info    0x000054af      0xedc ..\obj\main.o
 .debug_info    0x0000638b      0x191 ..\obj\mbcrc.o
 .debug_info    0x0000651c      0xca3 ..\obj\stm32f4xx_rcc.o
 .debug_info    0x000071bf     0x116b ..\obj\foc.o
 .debug_info    0x0000832a      0xc7e ..\obj\stm32f4xx_adc.o
 .debug_info    0x00008fa8      0xac6 ..\obj\mbfuncinput.o
 .debug_info    0x00009a6e     0x11b9 ..\obj\encoder.o
 .debug_info    0x0000ac27      0x712 ..\obj\stm32f4xx_gpio.o
 .debug_info    0x0000b339      0x838 ..\obj\porttimer.o
 .debug_info    0x0000bb71      0xf30 ..\obj\mbrtu.o
 .debug_info    0x0000caa1      0x5e9 ..\obj\system_stm32f4xx.o
 .debug_info    0x0000d08a      0x732 ..\obj\stm32f4xx_dma.o
 .debug_info    0x0000d7bc      0xca1 ..\obj\portserial.o
 .debug_info    0x0000e45d      0xc54 ..\obj\mbfunccoils.o
 .debug_info    0x0000f0b1      0x365 ..\obj\stm32f4xx_exti.o
 .debug_info    0x0000f416      0x54d ..\obj\misc.o
 .debug_info    0x0000f963     0x1b1b ..\obj\svpwm.o
 .debug_info    0x0001147e     0x111e ..\obj\mbascii.o
 .debug_info    0x0001259c      0xb03 ..\obj\pid.o
 .debug_info    0x0001309f     0x200d ..\obj\stm32f4xx_tim.o

.debug_abbrev   0x00000000     0x3f06
 .debug_abbrev  0x00000000      0x173 ..\obj\stm32f4xx_syscfg.o
 .debug_abbrev  0x00000173      0x2f7 ..\obj\mb.o
 .debug_abbrev  0x0000046a      0x238 ..\obj\mbfuncdisc.o
 .debug_abbrev  0x000006a2       0xeb ..\obj\portevent.o
 .debug_abbrev  0x0000078d      0x222 ..\obj\mbfuncother.o
 .debug_abbrev  0x000009af      0x1d8 ..\obj\stm32f4xx_usart.o
 .debug_abbrev  0x00000b87      0x225 ..\obj\mbutils.o
 .debug_abbrev  0x00000dac      0x231 ..\obj\stm32f4xx_dac.o
 .debug_abbrev  0x00000fdd       0xeb ..\obj\startup_stm32f4xx.o
 .debug_abbrev  0x000010c8      0x238 ..\obj\mbfuncholding.o
 .debug_abbrev  0x00001300      0x2b0 ..\obj\main.o
 .debug_abbrev  0x000015b0       0xc9 ..\obj\mbcrc.o
 .debug_abbrev  0x00001679      0x21c ..\obj\stm32f4xx_rcc.o
 .debug_abbrev  0x00001895      0x2ca ..\obj\foc.o
 .debug_abbrev  0x00001b5f      0x205 ..\obj\stm32f4xx_adc.o
 .debug_abbrev  0x00001d64      0x238 ..\obj\mbfuncinput.o
 .debug_abbrev  0x00001f9c      0x2ba ..\obj\encoder.o
 .debug_abbrev  0x00002256      0x1ff ..\obj\stm32f4xx_gpio.o
 .debug_abbrev  0x00002455      0x1be ..\obj\porttimer.o
 .debug_abbrev  0x00002613      0x2c1 ..\obj\mbrtu.o
 .debug_abbrev  0x000028d4      0x17b ..\obj\system_stm32f4xx.o
 .debug_abbrev  0x00002a4f      0x1af ..\obj\stm32f4xx_dma.o
 .debug_abbrev  0x00002bfe      0x210 ..\obj\portserial.o
 .debug_abbrev  0x00002e0e      0x252 ..\obj\mbfunccoils.o
 .debug_abbrev  0x00003060      0x206 ..\obj\stm32f4xx_exti.o
 .debug_abbrev  0x00003266      0x17f ..\obj\misc.o
 .debug_abbrev  0x000033e5      0x2d2 ..\obj\svpwm.o
 .debug_abbrev  0x000036b7      0x352 ..\obj\mbascii.o
 .debug_abbrev  0x00003a09      0x238 ..\obj\pid.o
 .debug_abbrev  0x00003c41      0x2c5 ..\obj\stm32f4xx_tim.o

.debug_loc      0x00000000     0x6ee3
 .debug_loc     0x00000000       0x97 ..\obj\stm32f4xx_syscfg.o
 .debug_loc     0x00000097      0x299 ..\obj\mb.o
 .debug_loc     0x00000330      0x183 ..\obj\mbfuncdisc.o
 .debug_loc     0x000004b3       0x6e ..\obj\portevent.o
 .debug_loc     0x00000521      0x124 ..\obj\mbfuncother.o
 .debug_loc     0x00000645      0x7d5 ..\obj\stm32f4xx_usart.o
 .debug_loc     0x00000e1a      0x3d2 ..\obj\mbutils.o
 .debug_loc     0x000011ec      0x3cd ..\obj\stm32f4xx_dac.o
 .debug_loc     0x000015b9       0x2b ..\obj\startup_stm32f4xx.o
 .debug_loc     0x000015e4      0x73d ..\obj\mbfuncholding.o
 .debug_loc     0x00001d21      0x3fa ..\obj\main.o
 .debug_loc     0x0000211b       0xb5 ..\obj\mbcrc.o
 .debug_loc     0x000021d0      0x9c7 ..\obj\stm32f4xx_rcc.o
 .debug_loc     0x00002b97      0x1a7 ..\obj\foc.o
 .debug_loc     0x00002d3e      0x9fe ..\obj\stm32f4xx_adc.o
 .debug_loc     0x0000373c      0x170 ..\obj\mbfuncinput.o
 .debug_loc     0x000038ac      0x293 ..\obj\encoder.o
 .debug_loc     0x00003b3f      0x30c ..\obj\stm32f4xx_gpio.o
 .debug_loc     0x00003e4b       0x21 ..\obj\porttimer.o
 .debug_loc     0x00003e6c      0x2e7 ..\obj\mbrtu.o
 .debug_loc     0x00004153      0x10b ..\obj\system_stm32f4xx.o
 .debug_loc     0x0000425e      0x415 ..\obj\stm32f4xx_dma.o
 .debug_loc     0x00004673      0x123 ..\obj\portserial.o
 .debug_loc     0x00004796      0x400 ..\obj\mbfunccoils.o
 .debug_loc     0x00004b96      0x188 ..\obj\stm32f4xx_exti.o
 .debug_loc     0x00004d1e      0x15c ..\obj\misc.o
 .debug_loc     0x00004e7a      0x24e ..\obj\svpwm.o
 .debug_loc     0x000050c8      0x411 ..\obj\mbascii.o
 .debug_loc     0x000054d9      0x11a ..\obj\pid.o
 .debug_loc     0x000055f3     0x18f0 ..\obj\stm32f4xx_tim.o

.debug_aranges  0x00000000      0xe20
 .debug_aranges
                0x00000000       0x48 ..\obj\stm32f4xx_syscfg.o
 .debug_aranges
                0x00000048       0x48 ..\obj\mb.o
 .debug_aranges
                0x00000090       0x20 ..\obj\mbfuncdisc.o
 .debug_aranges
                0x000000b0       0x30 ..\obj\portevent.o
 .debug_aranges
                0x000000e0       0x28 ..\obj\mbfuncother.o
 .debug_aranges
                0x00000108      0x100 ..\obj\stm32f4xx_usart.o
 .debug_aranges
                0x00000208       0x30 ..\obj\mbutils.o
 .debug_aranges
                0x00000238       0x90 ..\obj\stm32f4xx_dac.o
 .debug_aranges
                0x000002c8       0x28 ..\obj\startup_stm32f4xx.o
 .debug_aranges
                0x000002f0       0x38 ..\obj\mbfuncholding.o
 .debug_aranges
                0x00000328       0x48 ..\obj\main.o
 .debug_aranges
                0x00000370       0x20 ..\obj\mbcrc.o
 .debug_aranges
                0x00000390      0x178 ..\obj\stm32f4xx_rcc.o
 .debug_aranges
                0x00000508       0x60 ..\obj\foc.o
 .debug_aranges
                0x00000568      0x140 ..\obj\stm32f4xx_adc.o
 .debug_aranges
                0x000006a8       0x20 ..\obj\mbfuncinput.o
 .debug_aranges
                0x000006c8       0x90 ..\obj\encoder.o
 .debug_aranges
                0x00000758       0x88 ..\obj\stm32f4xx_gpio.o
 .debug_aranges
                0x000007e0       0x38 ..\obj\porttimer.o
 .debug_aranges
                0x00000818       0x58 ..\obj\mbrtu.o
 .debug_aranges
                0x00000870       0x28 ..\obj\system_stm32f4xx.o
 .debug_aranges
                0x00000898       0xa8 ..\obj\stm32f4xx_dma.o
 .debug_aranges
                0x00000940       0x40 ..\obj\portserial.o
 .debug_aranges
                0x00000980       0x30 ..\obj\mbfunccoils.o
 .debug_aranges
                0x000009b0       0x50 ..\obj\stm32f4xx_exti.o
 .debug_aranges
                0x00000a00       0x40 ..\obj\misc.o
 .debug_aranges
                0x00000a40       0x70 ..\obj\svpwm.o
 .debug_aranges
                0x00000ab0       0x58 ..\obj\mbascii.o
 .debug_aranges
                0x00000b08       0x40 ..\obj\pid.o
 .debug_aranges
                0x00000b48      0x2d8 ..\obj\stm32f4xx_tim.o

.debug_ranges   0x00000000      0xd98
 .debug_ranges  0x00000000       0x38 ..\obj\stm32f4xx_syscfg.o
 .debug_ranges  0x00000038       0x38 ..\obj\mb.o
 .debug_ranges  0x00000070       0x10 ..\obj\mbfuncdisc.o
 .debug_ranges  0x00000080       0x20 ..\obj\portevent.o
 .debug_ranges  0x000000a0       0x18 ..\obj\mbfuncother.o
 .debug_ranges  0x000000b8       0xf0 ..\obj\stm32f4xx_usart.o
 .debug_ranges  0x000001a8       0x20 ..\obj\mbutils.o
 .debug_ranges  0x000001c8       0x80 ..\obj\stm32f4xx_dac.o
 .debug_ranges  0x00000248       0x18 ..\obj\startup_stm32f4xx.o
 .debug_ranges  0x00000260       0x28 ..\obj\mbfuncholding.o
 .debug_ranges  0x00000288       0xc0 ..\obj\main.o
 .debug_ranges  0x00000348       0x10 ..\obj\mbcrc.o
 .debug_ranges  0x00000358      0x168 ..\obj\stm32f4xx_rcc.o
 .debug_ranges  0x000004c0       0x50 ..\obj\foc.o
 .debug_ranges  0x00000510      0x130 ..\obj\stm32f4xx_adc.o
 .debug_ranges  0x00000640       0x10 ..\obj\mbfuncinput.o
 .debug_ranges  0x00000650       0xa8 ..\obj\encoder.o
 .debug_ranges  0x000006f8       0x78 ..\obj\stm32f4xx_gpio.o
 .debug_ranges  0x00000770       0x28 ..\obj\porttimer.o
 .debug_ranges  0x00000798       0x48 ..\obj\mbrtu.o
 .debug_ranges  0x000007e0       0x30 ..\obj\system_stm32f4xx.o
 .debug_ranges  0x00000810       0x98 ..\obj\stm32f4xx_dma.o
 .debug_ranges  0x000008a8       0x48 ..\obj\portserial.o
 .debug_ranges  0x000008f0       0x20 ..\obj\mbfunccoils.o
 .debug_ranges  0x00000910       0x40 ..\obj\stm32f4xx_exti.o
 .debug_ranges  0x00000950       0x30 ..\obj\misc.o
 .debug_ranges  0x00000980       0x60 ..\obj\svpwm.o
 .debug_ranges  0x000009e0       0x88 ..\obj\mbascii.o
 .debug_ranges  0x00000a68       0x30 ..\obj\pid.o
 .debug_ranges  0x00000a98      0x300 ..\obj\stm32f4xx_tim.o

.debug_line     0x00000000     0x82bb
 .debug_line    0x00000000      0x307 ..\obj\stm32f4xx_syscfg.o
 .debug_line    0x00000307      0x5ac ..\obj\mb.o
 .debug_line    0x000008b3      0x423 ..\obj\mbfuncdisc.o
 .debug_line    0x00000cd6      0x2b1 ..\obj\portevent.o
 .debug_line    0x00000f87      0x410 ..\obj\mbfuncother.o
 .debug_line    0x00001397      0x580 ..\obj\stm32f4xx_usart.o
 .debug_line    0x00001917      0x42e ..\obj\mbutils.o
 .debug_line    0x00001d45      0x3e5 ..\obj\stm32f4xx_dac.o
 .debug_line    0x0000212a       0xbb ..\obj\startup_stm32f4xx.o
 .debug_line    0x000021e5      0x4cb ..\obj\mbfuncholding.o
 .debug_line    0x000026b0      0x511 ..\obj\main.o
 .debug_line    0x00002bc1      0x281 ..\obj\mbcrc.o
 .debug_line    0x00002e42      0x62e ..\obj\stm32f4xx_rcc.o
 .debug_line    0x00003470      0x4ec ..\obj\foc.o
 .debug_line    0x0000395c      0x603 ..\obj\stm32f4xx_adc.o
 .debug_line    0x00003f5f      0x415 ..\obj\mbfuncinput.o
 .debug_line    0x00004374      0x4e0 ..\obj\encoder.o
 .debug_line    0x00004854      0x3f7 ..\obj\stm32f4xx_gpio.o
 .debug_line    0x00004c4b      0x377 ..\obj\porttimer.o
 .debug_line    0x00004fc2      0x528 ..\obj\mbrtu.o
 .debug_line    0x000054ea      0x23f ..\obj\system_stm32f4xx.o
 .debug_line    0x00005729      0x494 ..\obj\stm32f4xx_dma.o
 .debug_line    0x00005bbd      0x3e2 ..\obj\portserial.o
 .debug_line    0x00005f9f      0x497 ..\obj\mbfunccoils.o
 .debug_line    0x00006436      0x337 ..\obj\stm32f4xx_exti.o
 .debug_line    0x0000676d      0x2ef ..\obj\misc.o
 .debug_line    0x00006a5c      0x50e ..\obj\svpwm.o
 .debug_line    0x00006f6a      0x59d ..\obj\mbascii.o
 .debug_line    0x00007507      0x233 ..\obj\pid.o
 .debug_line    0x0000773a      0xb81 ..\obj\stm32f4xx_tim.o

.debug_str      0x00000000     0x50fb
 .debug_str     0x00000000      0x2fc ..\obj\stm32f4xx_syscfg.o
                                0x35a (size before relaxing)
 .debug_str     0x000002fc      0x8b7 ..\obj\mb.o
                                0xaa3 (size before relaxing)
 .debug_str     0x00000bb3       0xed ..\obj\mbfuncdisc.o
                                0x82e (size before relaxing)
 .debug_str     0x00000ca0       0x86 ..\obj\portevent.o
                                0x2d6 (size before relaxing)
 .debug_str     0x00000d26       0xe2 ..\obj\mbfuncother.o
                                0x832 (size before relaxing)
 .debug_str     0x00000e08      0x51b ..\obj\stm32f4xx_usart.o
                                0x71e (size before relaxing)
 .debug_str     0x00001323       0xdf ..\obj\mbutils.o
                                0x836 (size before relaxing)
 .debug_str     0x00001402      0x2b7 ..\obj\stm32f4xx_dac.o
                                0x4b9 (size before relaxing)
 .debug_str     0x000016b9       0xe3 ..\obj\startup_stm32f4xx.o
                                0x19d (size before relaxing)
 .debug_str     0x0000179c      0x181 ..\obj\mbfuncholding.o
                                0x90b (size before relaxing)
 .debug_str     0x0000191d      0x576 ..\obj\main.o
                                0x8f6 (size before relaxing)
 .debug_str     0x00001e93       0x7a ..\obj\mbcrc.o
                                0x22e (size before relaxing)
 .debug_str     0x00001f0d      0x5a2 ..\obj\stm32f4xx_rcc.o
                                0x89f (size before relaxing)
 .debug_str     0x000024af      0x293 ..\obj\foc.o
                                0x8df (size before relaxing)
 .debug_str     0x00002742      0x5ac ..\obj\stm32f4xx_adc.o
                                0x86a (size before relaxing)
 .debug_str     0x00002cee       0x7c ..\obj\mbfuncinput.o
                                0x81f (size before relaxing)
 .debug_str     0x00002d6a      0x8f1 ..\obj\encoder.o
                                0xe9c (size before relaxing)
 .debug_str     0x0000365b      0x14a ..\obj\stm32f4xx_gpio.o
                                0x509 (size before relaxing)
 .debug_str     0x000037a5      0x11a ..\obj\porttimer.o
                                0xa3d (size before relaxing)
 .debug_str     0x000038bf      0x222 ..\obj\mbrtu.o
                                0x99f (size before relaxing)
 .debug_str     0x00003ae1      0x103 ..\obj\system_stm32f4xx.o
                                0x3e9 (size before relaxing)
 .debug_str     0x00003be4      0x3a0 ..\obj\stm32f4xx_dma.o
                                0x591 (size before relaxing)
 .debug_str     0x00003f84       0xca ..\obj\portserial.o
                                0xcd3 (size before relaxing)
 .debug_str     0x0000404e       0xd9 ..\obj\mbfunccoils.o
                                0x893 (size before relaxing)
 .debug_str     0x00004127       0xda ..\obj\stm32f4xx_exti.o
                                0x3a8 (size before relaxing)
 .debug_str     0x00004201      0x15c ..\obj\misc.o
                                0x41d (size before relaxing)
 .debug_str     0x0000435d      0x39d ..\obj\svpwm.o
                               0x13a4 (size before relaxing)
 .debug_str     0x000046fa      0x1ba ..\obj\mbascii.o
                                0xa35 (size before relaxing)
 .debug_str     0x000048b4       0xc8 ..\obj\pid.o
                                0x677 (size before relaxing)
 .debug_str     0x0000497c      0x77f ..\obj\stm32f4xx_tim.o
                                0xe4d (size before relaxing)

.debug_frame    0x00000000     0x23bc
 .debug_frame   0x00000000       0x84 ..\obj\stm32f4xx_syscfg.o
 .debug_frame   0x00000084       0xb8 ..\obj\mb.o
 .debug_frame   0x0000013c       0x38 ..\obj\mbfuncdisc.o
 .debug_frame   0x00000174       0x40 ..\obj\portevent.o
 .debug_frame   0x000001b4       0x48 ..\obj\mbfuncother.o
 .debug_frame   0x000001fc      0x224 ..\obj\stm32f4xx_usart.o
 .debug_frame   0x00000420       0x58 ..\obj\mbutils.o
 .debug_frame   0x00000478      0x150 ..\obj\stm32f4xx_dac.o
 .debug_frame   0x000005c8       0x30 ..\obj\startup_stm32f4xx.o
 .debug_frame   0x000005f8       0xac ..\obj\mbfuncholding.o
 .debug_frame   0x000006a4       0xc0 ..\obj\main.o
 .debug_frame   0x00000764       0x2c ..\obj\mbcrc.o
 .debug_frame   0x00000790      0x2e8 ..\obj\stm32f4xx_rcc.o
 .debug_frame   0x00000a78      0x154 ..\obj\foc.o
 .debug_frame   0x00000bcc      0x2b4 ..\obj\stm32f4xx_adc.o
 .debug_frame   0x00000e80       0x38 ..\obj\mbfuncinput.o
 .debug_frame   0x00000eb8      0x19c ..\obj\encoder.o
 .debug_frame   0x00001054      0x124 ..\obj\stm32f4xx_gpio.o
 .debug_frame   0x00001178       0x7c ..\obj\porttimer.o
 .debug_frame   0x000011f4       0xec ..\obj\mbrtu.o
 .debug_frame   0x000012e0       0x44 ..\obj\system_stm32f4xx.o
 .debug_frame   0x00001324      0x160 ..\obj\stm32f4xx_dma.o
 .debug_frame   0x00001484       0xac ..\obj\portserial.o
 .debug_frame   0x00001530       0x78 ..\obj\mbfunccoils.o
 .debug_frame   0x000015a8       0x9c ..\obj\stm32f4xx_exti.o
 .debug_frame   0x00001644       0x68 ..\obj\misc.o
 .debug_frame   0x000016ac      0x158 ..\obj\svpwm.o
 .debug_frame   0x00001804       0xf0 ..\obj\mbascii.o
 .debug_frame   0x000018f4       0x60 ..\obj\pid.o
 .debug_frame   0x00001954      0x6bc ..\obj\stm32f4xx_tim.o
 .debug_frame   0x00002010       0x34 c:/program files (x86)/gnu tools arm embedded/6 2017-q1-update/bin/../lib/gcc/arm-none-eabi/6.3.1/../../../../arm-none-eabi/lib/thumb/v7e-m/fpv4-sp/hard\libm.a(lib_a-sf_cos.o)
 .debug_frame   0x00002044       0x34 c:/program files (x86)/gnu tools arm embedded/6 2017-q1-update/bin/../lib/gcc/arm-none-eabi/6.3.1/../../../../arm-none-eabi/lib/thumb/v7e-m/fpv4-sp/hard\libm.a(lib_a-sf_sin.o)
 .debug_frame   0x00002078       0x3c c:/program files (x86)/gnu tools arm embedded/6 2017-q1-update/bin/../lib/gcc/arm-none-eabi/6.3.1/../../../../arm-none-eabi/lib/thumb/v7e-m/fpv4-sp/hard\libm.a(lib_a-ef_rem_pio2.o)
 .debug_frame   0x000020b4       0x20 c:/program files (x86)/gnu tools arm embedded/6 2017-q1-update/bin/../lib/gcc/arm-none-eabi/6.3.1/../../../../arm-none-eabi/lib/thumb/v7e-m/fpv4-sp/hard\libm.a(lib_a-kf_cos.o)
 .debug_frame   0x000020d4       0x5c c:/program files (x86)/gnu tools arm embedded/6 2017-q1-update/bin/../lib/gcc/arm-none-eabi/6.3.1/../../../../arm-none-eabi/lib/thumb/v7e-m/fpv4-sp/hard\libm.a(lib_a-kf_rem_pio2.o)
 .debug_frame   0x00002130       0x20 c:/program files (x86)/gnu tools arm embedded/6 2017-q1-update/bin/../lib/gcc/arm-none-eabi/6.3.1/../../../../arm-none-eabi/lib/thumb/v7e-m/fpv4-sp/hard\libm.a(lib_a-kf_sin.o)
 .debug_frame   0x00002150       0x20 c:/program files (x86)/gnu tools arm embedded/6 2017-q1-update/bin/../lib/gcc/arm-none-eabi/6.3.1/../../../../arm-none-eabi/lib/thumb/v7e-m/fpv4-sp/hard\libm.a(lib_a-sf_fabs.o)
 .debug_frame   0x00002170       0x20 c:/program files (x86)/gnu tools arm embedded/6 2017-q1-update/bin/../lib/gcc/arm-none-eabi/6.3.1/../../../../arm-none-eabi/lib/thumb/v7e-m/fpv4-sp/hard\libm.a(lib_a-sf_floor.o)
 .debug_frame   0x00002190       0x44 c:/program files (x86)/gnu tools arm embedded/6 2017-q1-update/bin/../lib/gcc/arm-none-eabi/6.3.1/../../../../arm-none-eabi/lib/thumb/v7e-m/fpv4-sp/hard\libm.a(lib_a-sf_scalbn.o)
 .debug_frame   0x000021d4       0x20 c:/program files (x86)/gnu tools arm embedded/6 2017-q1-update/bin/../lib/gcc/arm-none-eabi/6.3.1/../../../../arm-none-eabi/lib/thumb/v7e-m/fpv4-sp/hard\libm.a(lib_a-sf_copysign.o)
 .debug_frame   0x000021f4       0x34 c:/program files (x86)/gnu tools arm embedded/6 2017-q1-update/bin/../lib/gcc/arm-none-eabi/6.3.1/../../../../arm-none-eabi/lib/thumb/v7e-m/fpv4-sp/hard\libc.a(lib_a-memset.o)
 .debug_frame   0x00002228       0x5c c:/program files (x86)/gnu tools arm embedded/6 2017-q1-update/bin/../lib/gcc/arm-none-eabi/6.3.1/../../../../arm-none-eabi/lib/thumb/v7e-m/fpv4-sp/hard\libc.a(lib_a-__call_atexit.o)
 .debug_frame   0x00002284       0x20 c:/program files (x86)/gnu tools arm embedded/6 2017-q1-update/bin/../lib/gcc/arm-none-eabi/6.3.1/../../../../arm-none-eabi/lib/thumb/v7e-m/fpv4-sp/hard\libc.a(lib_a-atexit.o)
 .debug_frame   0x000022a4       0x34 c:/program files (x86)/gnu tools arm embedded/6 2017-q1-update/bin/../lib/gcc/arm-none-eabi/6.3.1/../../../../arm-none-eabi/lib/thumb/v7e-m/fpv4-sp/hard\libc.a(lib_a-fini.o)
 .debug_frame   0x000022d8       0xb0 c:/program files (x86)/gnu tools arm embedded/6 2017-q1-update/bin/../lib/gcc/arm-none-eabi/6.3.1/../../../../arm-none-eabi/lib/thumb/v7e-m/fpv4-sp/hard\libc.a(lib_a-lock.o)
 .debug_frame   0x00002388       0x34 c:/program files (x86)/gnu tools arm embedded/6 2017-q1-update/bin/../lib/gcc/arm-none-eabi/6.3.1/../../../../arm-none-eabi/lib/thumb/v7e-m/fpv4-sp/hard\libc.a(lib_a-__atexit.o)
