Archive member included to satisfy reference by file (symbol)

c:/program files (x86)/gnu tools arm embedded/6 2017-q1-update/bin/../lib/gcc/arm-none-eabi/6.3.1/../../../../arm-none-eabi/lib/thumb/v7e-m/fpv4-sp/hard\libm.a(lib_a-sf_cos.o)
                              ..\obj\encoder.o (cosf)
c:/program files (x86)/gnu tools arm embedded/6 2017-q1-update/bin/../lib/gcc/arm-none-eabi/6.3.1/../../../../arm-none-eabi/lib/thumb/v7e-m/fpv4-sp/hard\libm.a(lib_a-sf_sin.o)
                              ..\obj\encoder.o (sinf)
c:/program files (x86)/gnu tools arm embedded/6 2017-q1-update/bin/../lib/gcc/arm-none-eabi/6.3.1/../../../../arm-none-eabi/lib/thumb/v7e-m/fpv4-sp/hard\libm.a(lib_a-wf_sqrt.o)
                              ..\obj\main.o (sqrtf)
c:/program files (x86)/gnu tools arm embedded/6 2017-q1-update/bin/../lib/gcc/arm-none-eabi/6.3.1/../../../../arm-none-eabi/lib/thumb/v7e-m/fpv4-sp/hard\libm.a(lib_a-ef_rem_pio2.o)
                              c:/program files (x86)/gnu tools arm embedded/6 2017-q1-update/bin/../lib/gcc/arm-none-eabi/6.3.1/../../../../arm-none-eabi/lib/thumb/v7e-m/fpv4-sp/hard\libm.a(lib_a-sf_cos.o) (__ieee754_rem_pio2f)
c:/program files (x86)/gnu tools arm embedded/6 2017-q1-update/bin/../lib/gcc/arm-none-eabi/6.3.1/../../../../arm-none-eabi/lib/thumb/v7e-m/fpv4-sp/hard\libm.a(lib_a-ef_sqrt.o)
                              c:/program files (x86)/gnu tools arm embedded/6 2017-q1-update/bin/../lib/gcc/arm-none-eabi/6.3.1/../../../../arm-none-eabi/lib/thumb/v7e-m/fpv4-sp/hard\libm.a(lib_a-wf_sqrt.o) (__ieee754_sqrtf)
c:/program files (x86)/gnu tools arm embedded/6 2017-q1-update/bin/../lib/gcc/arm-none-eabi/6.3.1/../../../../arm-none-eabi/lib/thumb/v7e-m/fpv4-sp/hard\libm.a(lib_a-kf_cos.o)
                              c:/program files (x86)/gnu tools arm embedded/6 2017-q1-update/bin/../lib/gcc/arm-none-eabi/6.3.1/../../../../arm-none-eabi/lib/thumb/v7e-m/fpv4-sp/hard\libm.a(lib_a-sf_cos.o) (__kernel_cosf)
c:/program files (x86)/gnu tools arm embedded/6 2017-q1-update/bin/../lib/gcc/arm-none-eabi/6.3.1/../../../../arm-none-eabi/lib/thumb/v7e-m/fpv4-sp/hard\libm.a(lib_a-kf_rem_pio2.o)
                              c:/program files (x86)/gnu tools arm embedded/6 2017-q1-update/bin/../lib/gcc/arm-none-eabi/6.3.1/../../../../arm-none-eabi/lib/thumb/v7e-m/fpv4-sp/hard\libm.a(lib_a-ef_rem_pio2.o) (__kernel_rem_pio2f)
c:/program files (x86)/gnu tools arm embedded/6 2017-q1-update/bin/../lib/gcc/arm-none-eabi/6.3.1/../../../../arm-none-eabi/lib/thumb/v7e-m/fpv4-sp/hard\libm.a(lib_a-kf_sin.o)
                              c:/program files (x86)/gnu tools arm embedded/6 2017-q1-update/bin/../lib/gcc/arm-none-eabi/6.3.1/../../../../arm-none-eabi/lib/thumb/v7e-m/fpv4-sp/hard\libm.a(lib_a-sf_cos.o) (__kernel_sinf)
c:/program files (x86)/gnu tools arm embedded/6 2017-q1-update/bin/../lib/gcc/arm-none-eabi/6.3.1/../../../../arm-none-eabi/lib/thumb/v7e-m/fpv4-sp/hard\libm.a(lib_a-s_lib_ver.o)
                              c:/program files (x86)/gnu tools arm embedded/6 2017-q1-update/bin/../lib/gcc/arm-none-eabi/6.3.1/../../../../arm-none-eabi/lib/thumb/v7e-m/fpv4-sp/hard\libm.a(lib_a-wf_sqrt.o) (__fdlib_version)
c:/program files (x86)/gnu tools arm embedded/6 2017-q1-update/bin/../lib/gcc/arm-none-eabi/6.3.1/../../../../arm-none-eabi/lib/thumb/v7e-m/fpv4-sp/hard\libm.a(lib_a-s_matherr.o)
                              c:/program files (x86)/gnu tools arm embedded/6 2017-q1-update/bin/../lib/gcc/arm-none-eabi/6.3.1/../../../../arm-none-eabi/lib/thumb/v7e-m/fpv4-sp/hard\libm.a(lib_a-wf_sqrt.o) (matherr)
c:/program files (x86)/gnu tools arm embedded/6 2017-q1-update/bin/../lib/gcc/arm-none-eabi/6.3.1/../../../../arm-none-eabi/lib/thumb/v7e-m/fpv4-sp/hard\libm.a(lib_a-sf_fabs.o)
                              c:/program files (x86)/gnu tools arm embedded/6 2017-q1-update/bin/../lib/gcc/arm-none-eabi/6.3.1/../../../../arm-none-eabi/lib/thumb/v7e-m/fpv4-sp/hard\libm.a(lib_a-ef_rem_pio2.o) (fabsf)
c:/program files (x86)/gnu tools arm embedded/6 2017-q1-update/bin/../lib/gcc/arm-none-eabi/6.3.1/../../../../arm-none-eabi/lib/thumb/v7e-m/fpv4-sp/hard\libm.a(lib_a-sf_floor.o)
                              c:/program files (x86)/gnu tools arm embedded/6 2017-q1-update/bin/../lib/gcc/arm-none-eabi/6.3.1/../../../../arm-none-eabi/lib/thumb/v7e-m/fpv4-sp/hard\libm.a(lib_a-kf_rem_pio2.o) (floorf)
c:/program files (x86)/gnu tools arm embedded/6 2017-q1-update/bin/../lib/gcc/arm-none-eabi/6.3.1/../../../../arm-none-eabi/lib/thumb/v7e-m/fpv4-sp/hard\libm.a(lib_a-sf_scalbn.o)
                              c:/program files (x86)/gnu tools arm embedded/6 2017-q1-update/bin/../lib/gcc/arm-none-eabi/6.3.1/../../../../arm-none-eabi/lib/thumb/v7e-m/fpv4-sp/hard\libm.a(lib_a-kf_rem_pio2.o) (scalbnf)
c:/program files (x86)/gnu tools arm embedded/6 2017-q1-update/bin/../lib/gcc/arm-none-eabi/6.3.1/../../../../arm-none-eabi/lib/thumb/v7e-m/fpv4-sp/hard\libm.a(lib_a-sf_copysign.o)
[...]
Memory Configuration

Name             Origin             Length             Attributes
rom              0x08000000         0x00100000         xr
ram              0x20000000         0x00020000         xrw
ram1             0x10000000         0x00010000         xrw
*default*        0x00000000         0xffffffff

Linker script and memory map

LOAD c:/program files (x86)/gnu tools arm embedded/6 2017-q1-update/bin/../lib/gcc/arm-none-eabi/6.3.1/thumb/v7e-m/fpv4-sp/hard/crti.o
LOAD c:/program files (x86)/gnu tools arm embedded/6 2017-q1-update/bin/../lib/gcc/arm-none-eabi/6.3.1/thumb/v7e-m/fpv4-sp/hard/crtbegin.o
LOAD c:/program files (x86)/gnu tools arm embedded/6 2017-q1-update/bin/../lib/gcc/arm-none-eabi/6.3.1/../../../../arm-none-eabi/lib/thumb/v7e-m/fpv4-sp/hard/crt0.o
                0x20020000                _eram = 0x20020000

.text           0x08000000     0x58a0
 *(.isr_vector)
 .isr_vector    0x08000000      0x188 ..\obj\startup_stm32f4xx.o
                0x08000000                g_pfnVectors
 *(.text*)
 .text          0x08000188       0x6c c:/program files (x86)/gnu tools arm embedded/6 2017-q1-update/bin/../lib/gcc/arm-none-eabi/6.3.1/thumb/v7e-m/fpv4-sp/hard/crtbegin.o
 .text.SYSCFG_EXTILineConfig
                0x080001f4       0x2a ..\obj\stm32f4xx_syscfg.o
                0x080001f4                SYSCFG_EXTILineConfig
 *fill*         0x0800021e        0x2 
 .text.eMBInit  0x08000220       0xdc ..\obj\mb.o
                0x08000220                eMBInit
 .text.eMBEnable
                0x080002fc       0x24 ..\obj\mb.o
                0x080002fc                eMBEnable
 .text.eMBPoll  0x08000320       0xd4 ..\obj\mb.o
                0x08000320                eMBPoll
 .text.eMBFuncReadDiscreteInputs
                0x080003f4       0x6a ..\obj\mbfuncdisc.o
                0x080003f4                eMBFuncReadDiscreteInputs
 *fill*         0x0800045e        0x2 
 .text.xMBPortEventInit
                0x08000460       0x10 ..\obj\portevent.o
                0x08000460                xMBPortEventInit
 .text.xMBPortEventPost
                0x08000470       0x10 ..\obj\portevent.o
                0x08000470                xMBPortEventPost
 .text.xMBPortEventGet
                0x08000480       0x18 ..\obj\portevent.o
                0x08000480                xMBPortEventGet
 .text.eMBFuncReportSlaveID
                0x08000498       0x1c ..\obj\mbfuncother.o
                0x08000498                eMBFuncReportSlaveID
 .text.USART_DeInit
                0x080004b4       0xb0 ..\obj\stm32f4xx_usart.o
                0x080004b4                USART_DeInit
 .text.USART_Init
                0x08000564       0xb4 ..\obj\stm32f4xx_usart.o
                0x08000564                USART_Init
 .text.USART_ClockInit
                0x08000618       0x20 ..\obj\stm32f4xx_usart.o
                0x08000618                USART_ClockInit
 .text.USART_ClockStructInit
                0x08000638        0xc ..\obj\stm32f4xx_usart.o
                0x08000638                USART_ClockStructInit
 .text.USART_Cmd
                0x08000644       0x18 ..\obj\stm32f4xx_usart.o
                0x08000644                USART_Cmd
 .text.USART_SendData
                0x0800065c        0x8 ..\obj\stm32f4xx_usart.o
                0x0800065c                USART_SendData
 .text.USART_ReceiveData
                0x08000664        0x8 ..\obj\stm32f4xx_usart.o
                0x08000664                USART_ReceiveData
 .text.USART_ITConfig
                0x0800066c       0x32 ..\obj\stm32f4xx_usart.o
                0x0800066c                USART_ITConfig
 .text.USART_GetITStatus
                0x0800069e       0x40 ..\obj\stm32f4xx_usart.o
                0x0800069e                USART_GetITStatus
 .text.USART_ClearITPendingBit
                0x080006de        0xe ..\obj\stm32f4xx_usart.o
                0x080006de                USART_ClearITPendingBit
 .text.prveMBError2Exception
                0x080006ec       0x10 ..\obj\mbutils.o
                0x080006ec                prveMBError2Exception
 .text.DAC_Init
                0x080006fc       0x2c ..\obj\stm32f4xx_dac.o
                0x080006fc                DAC_Init
 .text.DAC_StructInit
                0x08000728        0xc ..\obj\stm32f4xx_dac.o
                0x08000728                DAC_StructInit
 .text.DAC_Cmd  0x08000734       0x20 ..\obj\stm32f4xx_dac.o
                0x08000734                DAC_Cmd
 .text.DAC_SetDualChannelData
                0x08000754       0x18 ..\obj\stm32f4xx_dac.o
                0x08000754                DAC_SetDualChannelData
 .text.Default_Handler
                0x0800076c        0x2 ..\obj\startup_stm32f4xx.o
                0x0800076c                RTC_Alarm_IRQHandler
                0x0800076c                HASH_RNG_IRQHandler
                0x0800076c                EXTI2_IRQHandler
                0x0800076c                TIM8_CC_IRQHandler
                0x0800076c                DebugMon_Handler
                0x0800076c                TIM1_CC_IRQHandler
                0x0800076c                DMA2_Stream5_IRQHandler
                0x0800076c                HardFault_Handler
                0x0800076c                DMA1_Stream5_IRQHandler
                0x0800076c                SysTick_Handler
                0x0800076c                PVD_IRQHandler
                0x0800076c                SDIO_IRQHandler
                0x0800076c                TAMP_STAMP_IRQHandler
                0x0800076c                PendSV_Handler
                0x0800076c                NMI_Handler
                0x0800076c                CAN2_RX1_IRQHandler
                0x0800076c                EXTI3_IRQHandler
                0x0800076c                TIM8_TRG_COM_TIM14_IRQHandler
                0x0800076c                TIM8_UP_TIM13_IRQHandler
                0x0800076c                I2C3_ER_IRQHandler
                0x0800076c                EXTI0_IRQHandler
                0x0800076c                I2C2_EV_IRQHandler
                0x0800076c                DMA1_Stream2_IRQHandler
                0x0800076c                CAN1_RX0_IRQHandler
                0x0800076c                FPU_IRQHandler
                0x0800076c                OTG_HS_WKUP_IRQHandler
                0x0800076c                UsageFault_Handler
                0x0800076c                CAN2_SCE_IRQHandler
                0x0800076c                DMA2_Stream2_IRQHandler
                0x0800076c                SPI1_IRQHandler
                0x0800076c                TIM6_DAC_IRQHandler
                0x0800076c                TIM1_BRK_TIM9_IRQHandler
                0x0800076c                DCMI_IRQHandler
                0x0800076c                CAN2_RX0_IRQHandler
                0x0800076c                DMA2_Stream3_IRQHandler
                0x0800076c                USART6_IRQHandler
                0x0800076c                CRYP_IRQHandler
                0x0800076c                CAN1_RX1_IRQHandler
                0x0800076c                UART5_IRQHandler
                0x0800076c                DMA2_Stream0_IRQHandler
                0x0800076c                TIM4_IRQHandler
                0x0800076c                I2C1_EV_IRQHandler
                0x0800076c                DMA1_Stream6_IRQHandler
                0x0800076c                UART4_IRQHandler
                0x0800076c                TIM3_IRQHandler
                0x0800076c                RCC_IRQHandler
                0x0800076c                TIM8_BRK_TIM12_IRQHandler
                0x0800076c                DMA1_Stream7_IRQHandler
                0x0800076c                CAN2_TX_IRQHandler
                0x0800076c                TIM5_IRQHandler
                0x0800076c                DMA2_Stream7_IRQHandler
                0x0800076c                I2C3_EV_IRQHandler
                0x0800076c                RTC_WKUP_IRQHandler
                0x0800076c                ETH_WKUP_IRQHandler
                0x0800076c                SPI2_IRQHandler
                0x0800076c                OTG_HS_EP1_IN_IRQHandler
                0x0800076c                MemManage_Handler
                0x0800076c                DMA1_Stream0_IRQHandler
                0x0800076c                CAN1_TX_IRQHandler
                0x0800076c                SVC_Handler
                0x0800076c                EXTI4_IRQHandler
                0x0800076c                FSMC_IRQHandler
                0x0800076c                ETH_IRQHandler
                0x0800076c                OTG_HS_EP1_OUT_IRQHandler
                0x0800076c                WWDG_IRQHandler
                0x0800076c                TIM2_IRQHandler
                0x0800076c                OTG_FS_WKUP_IRQHandler
                0x0800076c                TIM1_TRG_COM_TIM11_IRQHandler
                0x0800076c                OTG_HS_IRQHandler
                0x0800076c                EXTI1_IRQHandler
                0x0800076c                USART2_IRQHandler
                0x0800076c                I2C2_ER_IRQHandler
                0x0800076c                DMA2_Stream1_IRQHandler
                0x0800076c                CAN1_SCE_IRQHandler
                0x0800076c                FLASH_IRQHandler
                0x0800076c                DMA2_Stream4_IRQHandler
                0x0800076c                BusFault_Handler
                0x0800076c                USART1_IRQHandler
                0x0800076c                OTG_FS_IRQHandler
                0x0800076c                SPI3_IRQHandler
                0x0800076c                DMA1_Stream4_IRQHandler
                0x0800076c                I2C1_ER_IRQHandler
                0x0800076c                DMA2_Stream6_IRQHandler
                0x0800076c                DMA1_Stream3_IRQHandler
 *fill*         0x0800076e        0x2 
 .text.Default_Reset_Handler
                0x08000770       0x50 ..\obj\startup_stm32f4xx.o
                0x08000770                Default_Reset_Handler
                0x08000770                Reset_Handler
 .text.eMBFuncWriteHoldingRegister
                0x080007c0       0x2e ..\obj\mbfuncholding.o
                0x080007c0                eMBFuncWriteHoldingRegister
 .text.eMBFuncWriteMultipleHoldingRegister
                0x080007ee       0x4a ..\obj\mbfuncholding.o
                0x080007ee                eMBFuncWriteMultipleHoldingRegister
 .text.eMBFuncReadHoldingRegister
                0x08000838       0x58 ..\obj\mbfuncholding.o
                0x08000838                eMBFuncReadHoldingRegister
 .text.eMBFuncReadWriteMultipleHoldingRegister
                0x08000890       0x9c ..\obj\mbfuncholding.o
                0x08000890                eMBFuncReadWriteMultipleHoldingRegister
 .text.EXTI9_5_IRQHandler
                0x0800092c       0x48 ..\obj\main.o
                0x0800092c                EXTI9_5_IRQHandler
 .text.eMBRegHoldingCB
                0x08000974       0x70 ..\obj\main.o
                0x08000974                eMBRegHoldingCB
 .text.eMBRegCoilsCB
                0x080009e4        0x4 ..\obj\main.o
                0x080009e4                eMBRegCoilsCB
 .text.eMBRegDiscreteCB
                0x080009e8        0x4 ..\obj\main.o
                0x080009e8                eMBRegDiscreteCB
 .text.eMBRegInputCB
                0x080009ec        0x4 ..\obj\main.o
                0x080009ec                eMBRegInputCB
 .text.Configure_PC6
                0x080009f0       0x78 ..\obj\main.o
                0x080009f0                Configure_PC6
 .text.boardInit
                0x08000a68       0xcc ..\obj\main.o
                0x08000a68                boardInit
 .text.startup.main
                0x08000b34      0x2a8 ..\obj\main.o
                0x08000b34                main
 .text.usMBCRC16
                0x08000ddc       0x2c ..\obj\mbcrc.o
                0x08000ddc                usMBCRC16
 .text.RCC_GetClocksFreq
                0x08000e08       0x88 ..\obj\stm32f4xx_rcc.o
                0x08000e08                RCC_GetClocksFreq
 .text.RCC_AHB1PeriphClockCmd
                0x08000e90       0x18 ..\obj\stm32f4xx_rcc.o
                0x08000e90                RCC_AHB1PeriphClockCmd
 .text.RCC_APB1PeriphClockCmd
                0x08000ea8       0x18 ..\obj\stm32f4xx_rcc.o
                0x08000ea8                RCC_APB1PeriphClockCmd
 .text.RCC_APB2PeriphClockCmd
                0x08000ec0       0x18 ..\obj\stm32f4xx_rcc.o
                0x08000ec0                RCC_APB2PeriphClockCmd
 .text.RCC_APB1PeriphResetCmd
                0x08000ed8       0x18 ..\obj\stm32f4xx_rcc.o
                0x08000ed8                RCC_APB1PeriphResetCmd
 .text.RCC_APB2PeriphResetCmd
                0x08000ef0       0x18 ..\obj\stm32f4xx_rcc.o
                0x08000ef0                RCC_APB2PeriphResetCmd
 .text.initDAC  0x08000f08       0x5c ..\obj\foc.o
                0x08000f08                initDAC
 .text.focInit  0x08000f64      0x134 ..\obj\foc.o
                0x08000f64                focInit
 .text.mcFocSetAngle
                0x08001098       0x2a ..\obj\foc.o
                0x08001098                mcFocSetAngle
 .text.mcFocCalcCurrent
                0x080010c2       0x36 ..\obj\foc.o
                0x080010c2                mcFocCalcCurrent
 .text.mcClark  0x080010f8       0x28 ..\obj\foc.o
                0x080010f8                mcClark
 .text.mcPark   0x08001120       0x2a ..\obj\foc.o
                0x08001120                mcPark
 .text.mcInvPark
                0x0800114a       0x2a ..\obj\foc.o
                0x0800114a                mcInvPark
 .text.mcInvClark
                0x08001174       0x3c ..\obj\foc.o
                0x08001174                mcInvClark
 .text.adc_current_filter
                0x080011b0       0xd4 ..\obj\foc.o
                0x080011b0                adc_current_filter
 .text.ADC_IRQHandler
                0x08001284      0x388 ..\obj\foc.o
                0x08001284                ADC_IRQHandler
 .text.ADC_Init
                0x0800160c       0x4c ..\obj\stm32f4xx_adc.o
                0x0800160c                ADC_Init
 .text.ADC_StructInit
                0x08001658       0x14 ..\obj\stm32f4xx_adc.o
                0x08001658                ADC_StructInit
 .text.ADC_CommonInit
                0x0800166c       0x28 ..\obj\stm32f4xx_adc.o
                0x0800166c                ADC_CommonInit
 .text.ADC_CommonStructInit
                0x08001694        0xc ..\obj\stm32f4xx_adc.o
                0x08001694                ADC_CommonStructInit
 .text.ADC_Cmd  0x080016a0       0x12 ..\obj\stm32f4xx_adc.o
                0x080016a0                ADC_Cmd
 .text.ADC_RegularChannelConfig
                0x080016b2       0x8c ..\obj\stm32f4xx_adc.o
                0x080016b2                ADC_RegularChannelConfig
 .text.ADC_SoftwareStartConv
                0x0800173e        0xa ..\obj\stm32f4xx_adc.o
                0x0800173e                ADC_SoftwareStartConv
 .text.ADC_DMACmd
                0x08001748       0x12 ..\obj\stm32f4xx_adc.o
                0x08001748                ADC_DMACmd
 .text.ADC_DMARequestAfterLastTransferCmd
                0x0800175a       0x12 ..\obj\stm32f4xx_adc.o
                0x0800175a                ADC_DMARequestAfterLastTransferCmd
 .text.ADC_InjectedChannelConfig
                0x0800176c       0x58 ..\obj\stm32f4xx_adc.o
                0x0800176c                ADC_InjectedChannelConfig
 .text.ADC_InjectedSequencerLengthConfig
                0x080017c4       0x10 ..\obj\stm32f4xx_adc.o
                0x080017c4                ADC_InjectedSequencerLengthConfig
 .text.ADC_ExternalTrigInjectedConvConfig
                0x080017d4        0xc ..\obj\stm32f4xx_adc.o
                0x080017d4                ADC_ExternalTrigInjectedConvConfig
 .text.ADC_ExternalTrigInjectedConvEdgeConfig
                0x080017e0        0xc ..\obj\stm32f4xx_adc.o
                0x080017e0                ADC_ExternalTrigInjectedConvEdgeConfig
 .text.ADC_AutoInjectedConvCmd
                0x080017ec       0x12 ..\obj\stm32f4xx_adc.o
                0x080017ec                ADC_AutoInjectedConvCmd
 .text.ADC_InjectedDiscModeCmd
                0x080017fe       0x12 ..\obj\stm32f4xx_adc.o
                0x080017fe                ADC_InjectedDiscModeCmd
 .text.ADC_GetInjectedConversionValue
                0x08001810       0x1a ..\obj\stm32f4xx_adc.o
                0x08001810                ADC_GetInjectedConversionValue
 .text.ADC_ITConfig
                0x0800182a       0x18 ..\obj\stm32f4xx_adc.o
                0x0800182a                ADC_ITConfig
 .text.ADC_ClearITPendingBit
                0x08001842        0x8 ..\obj\stm32f4xx_adc.o
                0x08001842                ADC_ClearITPendingBit
 .text.eMBFuncReadInputRegister
                0x0800184a       0x58 ..\obj\mbfuncinput.o
                0x0800184a                eMBFuncReadInputRegister
 *fill*         0x080018a2        0x2 
 .text.encoderInitZ
                0x080018a4       0x80 ..\obj\encoder.o
                0x080018a4                encoderInitZ
 .text.initHall
                0x08001924       0x3c ..\obj\encoder.o
                0x08001924                initHall
 .text.iEncoderGetAbsPos
                0x08001960        0xa ..\obj\encoder.o
                0x08001960                iEncoderGetAbsPos
 .text.encoderAddOffset
                0x0800196a       0x20 ..\obj\encoder.o
                0x0800196a                encoderAddOffset
 *fill*         0x0800198a        0x2 
 .text.EXTI15_10_IRQHandler
                0x0800198c       0x28 ..\obj\encoder.o
                0x0800198c                EXTI15_10_IRQHandler
 .text.readRawHallInput
                0x080019b4       0x2c ..\obj\encoder.o
                0x080019b4                readRawHallInput
 .text.readHallMap
                0x080019e0       0x14 ..\obj\encoder.o
                0x080019e0                readHallMap
 .text.readRawEncoderWithUVW
                0x080019f4       0x9c ..\obj\encoder.o
                0x080019f4                readRawEncoderWithUVW
 .text.createSinCosTable
                0x08001a90       0x5c ..\obj\encoder.o
                0x08001a90                createSinCosTable
 .text.fSinAngle
                0x08001aec       0x10 ..\obj\encoder.o
                0x08001aec                fSinAngle
 .text.fCosAngle
                0x08001afc       0x10 ..\obj\encoder.o
                0x08001afc                fCosAngle
 .text.initTim10
                0x08001b0c       0xc0 ..\obj\encoder.o
                0x08001b0c                initTim10
 .text.initEncoder
                0x08001bcc      0x1a8 ..\obj\encoder.o
                0x08001bcc                initEncoder
 .text.TIM1_UP_TIM10_IRQHandler
                0x08001d74       0x34 ..\obj\encoder.o
                0x08001d74                TIM1_UP_TIM10_IRQHandler
 .text.GPIO_Init
                0x08001da8       0x9c ..\obj\stm32f4xx_gpio.o
                0x08001da8                GPIO_Init
 .text.GPIO_StructInit
                0x08001e44       0x12 ..\obj\stm32f4xx_gpio.o
                0x08001e44                GPIO_StructInit
 .text.GPIO_ReadInputData
                0x08001e56        0x6 ..\obj\stm32f4xx_gpio.o
                0x08001e56                GPIO_ReadInputData
 .text.GPIO_SetBits
                0x08001e5c        0x4 ..\obj\stm32f4xx_gpio.o
                0x08001e5c                GPIO_SetBits
 .text.GPIO_ResetBits
                0x08001e60        0x4 ..\obj\stm32f4xx_gpio.o
                0x08001e60                GPIO_ResetBits
 .text.GPIO_ToggleBits
                0x08001e64        0x8 ..\obj\stm32f4xx_gpio.o
                0x08001e64                GPIO_ToggleBits
 .text.GPIO_PinAFConfig
                0x08001e6c       0x24 ..\obj\stm32f4xx_gpio.o
                0x08001e6c                GPIO_PinAFConfig
 .text.xMBPortTimersInit
                0x08001e90       0x74 ..\obj\porttimer.o
                0x08001e90                xMBPortTimersInit
 .text.vMBPortTimersEnable
                0x08001f04       0x1c ..\obj\porttimer.o
                0x08001f04                vMBPortTimersEnable
 .text.vMBPortTimersDisable
                0x08001f20        0xc ..\obj\porttimer.o
                0x08001f20                vMBPortTimersDisable
 .text.TIM7_IRQHandler
                0x08001f2c       0x28 ..\obj\porttimer.o
                0x08001f2c                TIM7_IRQHandler
 .text.eMBRTUInit
                0x08001f54       0x3c ..\obj\mbrtu.o
                0x08001f54                eMBRTUInit
 .text.eMBRTUStart
                0x08001f90       0x1c ..\obj\mbrtu.o
                0x08001f90                eMBRTUStart
 .text.eMBRTUStop
                0x08001fac       0x14 ..\obj\mbrtu.o
                0x08001fac                eMBRTUStop
 .text.eMBRTUReceive
                0x08001fc0       0x48 ..\obj\mbrtu.o
                0x08001fc0                eMBRTUReceive
 .text.eMBRTUSend
                0x08002008       0x68 ..\obj\mbrtu.o
                0x08002008                eMBRTUSend
 .text.xMBRTUReceiveFSM
                0x08002070       0x68 ..\obj\mbrtu.o
                0x08002070                xMBRTUReceiveFSM
 .text.xMBRTUTransmitFSM
                0x080020d8       0x58 ..\obj\mbrtu.o
                0x080020d8                xMBRTUTransmitFSM
 .text.xMBRTUTimerT35Expired
                0x08002130       0x2c ..\obj\mbrtu.o
                0x08002130                xMBRTUTimerT35Expired
 .text.SystemInit
                0x0800215c       0xf8 ..\obj\system_stm32f4xx.o
                0x0800215c                SystemInit
 .text.SystemCoreClockUpdate
                0x08002254       0x70 ..\obj\system_stm32f4xx.o
                0x08002254                SystemCoreClockUpdate
 .text.DMA_Init
                0x080022c4       0x54 ..\obj\stm32f4xx_dma.o
                0x080022c4                DMA_Init
 .text.DMA_StructInit
                0x08002318       0x22 ..\obj\stm32f4xx_dma.o
                0x08002318                DMA_StructInit
 .text.DMA_Cmd  0x0800233a       0x12 ..\obj\stm32f4xx_dma.o
                0x0800233a                DMA_Cmd
 .text.vMBPortSerialEnable
                0x0800234c       0x54 ..\obj\portserial.o
                0x0800234c                vMBPortSerialEnable
 .text.xMBPortSerialInit
                0x080023a0      0x128 ..\obj\portserial.o
                0x080023a0                xMBPortSerialInit
 .text.USART3_IRQHandler
                0x080024c8       0x70 ..\obj\portserial.o
                0x080024c8                USART3_IRQHandler
 .text.xMBPortSerialPutByte
                0x08002538       0x14 ..\obj\portserial.o
                0x08002538                xMBPortSerialPutByte
 .text.xMBPortSerialGetByte
                0x0800254c       0x14 ..\obj\portserial.o
                0x0800254c                xMBPortSerialGetByte
 .text.eMBFuncReadCoils
                0x08002560       0x6c ..\obj\mbfunccoils.o
                0x08002560                eMBFuncReadCoils
 .text.eMBFuncWriteCoil
                0x080025cc       0x4a ..\obj\mbfunccoils.o
                0x080025cc                eMBFuncWriteCoil
 .text.eMBFuncWriteMultipleCoils
                0x08002616       0x58 ..\obj\mbfunccoils.o
                0x08002616                eMBFuncWriteMultipleCoils
 *fill*         0x0800266e        0x2 
 .text.EXTI_Init
                0x08002670       0x74 ..\obj\stm32f4xx_exti.o
                0x08002670                EXTI_Init
 .text.EXTI_GetITStatus
                0x080026e4       0x1c ..\obj\stm32f4xx_exti.o
                0x080026e4                EXTI_GetITStatus
 .text.EXTI_ClearITPendingBit
                0x08002700        0xc ..\obj\stm32f4xx_exti.o
                0x08002700                EXTI_ClearITPendingBit
 .text.NVIC_PriorityGroupConfig
                0x0800270c       0x14 ..\obj\misc.o
                0x0800270c                NVIC_PriorityGroupConfig
 .text.NVIC_Init
                0x08002720       0x68 ..\obj\misc.o
                0x08002720                NVIC_Init
 .text.svpwmInitGPIO
                0x08002788       0x94 ..\obj\svpwm.o
                0x08002788                svpwmInitGPIO
 .text.svpwmInitTIM
                0x0800281c      0x134 ..\obj\svpwm.o
                0x0800281c                svpwmInitTIM
 .text.RCC_Configuration_Adc1
                0x08002950       0x20 ..\obj\svpwm.o
                0x08002950                RCC_Configuration_Adc1
 .text.RCC_Configuration_Adc2
                0x08002970       0x18 ..\obj\svpwm.o
                0x08002970                RCC_Configuration_Adc2
 .text.GPIO_Configuration_Adc1
                0x08002988       0x60 ..\obj\svpwm.o
                0x08002988                GPIO_Configuration_Adc1
 .text.GPIO_Configuration_Adc2
                0x080029e8       0x3c ..\obj\svpwm.o
                0x080029e8                GPIO_Configuration_Adc2
 .text.DMAInit  0x08002a24       0x74 ..\obj\svpwm.o
                0x08002a24                DMAInit
 .text.svpwmInitADC
                0x08002a98      0x174 ..\obj\svpwm.o
                0x08002a98                svpwmInitADC
 .text.svpwmInit
                0x08002c0c        0xe ..\obj\svpwm.o
                0x08002c0c                svpwmInit
 .text.DMA1_Stream1_IRQHandler
                0x08002c1a        0x2 ..\obj\svpwm.o
                0x08002c1a                DMA1_Stream1_IRQHandler
 .text.mcFocSVPWM_TTHI
                0x08002c1c       0x90 ..\obj\svpwm.o
                0x08002c1c                mcFocSVPWM_TTHI
 .text.eMBASCIIInit
                0x08002cac       0x34 ..\obj\mbascii.o
                0x08002cac                eMBASCIIInit
 .text.eMBASCIIStart
                0x08002ce0       0x20 ..\obj\mbascii.o
                0x08002ce0                eMBASCIIStart
 .text.eMBASCIIStop
                0x08002d00       0x14 ..\obj\mbascii.o
                0x08002d00                eMBASCIIStop
 .text.eMBASCIIReceive
                0x08002d14       0x5c ..\obj\mbascii.o
                0x08002d14                eMBASCIIReceive
 .text.eMBASCIISend
                0x08002d70       0x6c ..\obj\mbascii.o
                0x08002d70                eMBASCIISend
 .text.xMBASCIIReceiveFSM
                0x08002ddc       0xf4 ..\obj\mbascii.o
                0x08002ddc                xMBASCIIReceiveFSM
 .text.xMBASCIITransmitFSM
                0x08002ed0       0xbc ..\obj\mbascii.o
                0x08002ed0                xMBASCIITransmitFSM
 .text.xMBASCIITimerT1SExpired
                0x08002f8c       0x1c ..\obj\mbascii.o
                0x08002f8c                xMBASCIITimerT1SExpired
 .text.pidInit_test
                0x08002fa8       0x18 ..\obj\pid.o
                0x08002fa8                pidInit_test
 .text.pidSetOutLimit_test
                0x08002fc0        0xa ..\obj\pid.o
                0x08002fc0                pidSetOutLimit_test
 .text.pidSetIntegralLimit_test
                0x08002fca        0x6 ..\obj\pid.o
                0x08002fca                pidSetIntegralLimit_test
 .text.pidTask_test
                0x08002fd0       0x92 ..\obj\pid.o
                0x08002fd0                pidTask_test
 .text.pidInit  0x08003062       0x18 ..\obj\pid.o
                0x08003062                pidInit
 .text.pidSetOutLimit
                0x0800307a        0xa ..\obj\pid.o
                0x0800307a                pidSetOutLimit
 .text.pidSetIntegralLimit
                0x08003084        0xe ..\obj\pid.o
                0x08003084                pidSetIntegralLimit
 .text.pidSetInputRange
                0x08003092        0xe ..\obj\pid.o
                0x08003092                pidSetInputRange
 .text.pidTask  0x080030a0       0xcc ..\obj\pid.o
                0x080030a0                pidTask
 .text.TI1_Config
                0x0800316c       0x36 ..\obj\stm32f4xx_tim.o
 .text.TI2_Config
                0x080031a2       0x3c ..\obj\stm32f4xx_tim.o
 *fill*         0x080031de        0x2 
 .text.TIM_DeInit
                0x080031e0      0x16c ..\obj\stm32f4xx_tim.o
                0x080031e0                TIM_DeInit
 .text.TIM_TimeBaseInit
                0x0800334c       0x7c ..\obj\stm32f4xx_tim.o
                0x0800334c                TIM_TimeBaseInit
 .text.TIM_TimeBaseStructInit
                0x080033c8       0x12 ..\obj\stm32f4xx_tim.o
                0x080033c8                TIM_TimeBaseStructInit
 .text.TIM_SetCounter
                0x080033da        0x4 ..\obj\stm32f4xx_tim.o
                0x080033da                TIM_SetCounter
 .text.TIM_ARRPreloadConfig
                0x080033de       0x18 ..\obj\stm32f4xx_tim.o
                0x080033de                TIM_ARRPreloadConfig
 .text.TIM_Cmd  0x080033f6       0x18 ..\obj\stm32f4xx_tim.o
                0x080033f6                TIM_Cmd
 *fill*         0x0800340e        0x2 
 .text.TIM_OC1Init
                0x08003410       0x70 ..\obj\stm32f4xx_tim.o
                0x08003410                TIM_OC1Init
 .text.TIM_OC2Init
                0x08003480       0x80 ..\obj\stm32f4xx_tim.o
                0x08003480                TIM_OC2Init
 .text.TIM_OC3Init
                0x08003500       0x7c ..\obj\stm32f4xx_tim.o
                0x08003500                TIM_OC3Init
 .text.TIM_OC4Init
                0x0800357c       0x64 ..\obj\stm32f4xx_tim.o
                0x0800357c                TIM_OC4Init
 .text.TIM_OCStructInit
                0x080035e0       0x14 ..\obj\stm32f4xx_tim.o
                0x080035e0                TIM_OCStructInit
 .text.TIM_SetCompare1
                0x080035f4        0x4 ..\obj\stm32f4xx_tim.o
                0x080035f4                TIM_SetCompare1
 .text.TIM_SetCompare2
                0x080035f8        0x4 ..\obj\stm32f4xx_tim.o
                0x080035f8                TIM_SetCompare2
 .text.TIM_SetCompare3
                0x080035fc        0x4 ..\obj\stm32f4xx_tim.o
                0x080035fc                TIM_SetCompare3
 .text.TIM_OC1PreloadConfig
                0x08003600       0x10 ..\obj\stm32f4xx_tim.o
                0x08003600                TIM_OC1PreloadConfig
 .text.TIM_OC2PreloadConfig
                0x08003610       0x14 ..\obj\stm32f4xx_tim.o
                0x08003610                TIM_OC2PreloadConfig
 .text.TIM_OC3PreloadConfig
                0x08003624       0x10 ..\obj\stm32f4xx_tim.o
                0x08003624                TIM_OC3PreloadConfig
 .text.TIM_OC4PreloadConfig
                0x08003634       0x14 ..\obj\stm32f4xx_tim.o
                0x08003634                TIM_OC4PreloadConfig
 .text.TIM_ICStructInit
                0x08003648       0x10 ..\obj\stm32f4xx_tim.o
                0x08003648                TIM_ICStructInit
 .text.TIM_GetCapture1
                0x08003658        0x4 ..\obj\stm32f4xx_tim.o
                0x08003658                TIM_GetCapture1
 .text.TIM_SetIC1Prescaler
                0x0800365c       0x16 ..\obj\stm32f4xx_tim.o
                0x0800365c                TIM_SetIC1Prescaler
 .text.TIM_SetIC2Prescaler
                0x08003672       0x1a ..\obj\stm32f4xx_tim.o
                0x08003672                TIM_SetIC2Prescaler
 .text.TIM_SetIC3Prescaler
                0x0800368c       0x16 ..\obj\stm32f4xx_tim.o
                0x0800368c                TIM_SetIC3Prescaler
 .text.TIM_SetIC4Prescaler
                0x080036a2       0x1a ..\obj\stm32f4xx_tim.o
                0x080036a2                TIM_SetIC4Prescaler
 .text.TIM_ICInit
                0x080036bc       0xae ..\obj\stm32f4xx_tim.o
                0x080036bc                TIM_ICInit
 .text.TIM_BDTRConfig
                0x0800376a       0x22 ..\obj\stm32f4xx_tim.o
                0x0800376a                TIM_BDTRConfig
 .text.TIM_GetITStatus
                0x0800378c       0x16 ..\obj\stm32f4xx_tim.o
                0x0800378c                TIM_GetITStatus
 .text.TIM_ClearITPendingBit
                0x080037a2        0x8 ..\obj\stm32f4xx_tim.o
                0x080037a2                TIM_ClearITPendingBit
 .text.TIM_DMACmd
                0x080037aa       0x12 ..\obj\stm32f4xx_tim.o
                0x080037aa                TIM_DMACmd
 .text.TIM_ITConfig
                0x080037bc        0x4 ..\obj\stm32f4xx_tim.o
                0x080037bc                TIM_ITConfig
 .text.TIM_SelectOutputTrigger
                0x080037c0       0x16 ..\obj\stm32f4xx_tim.o
                0x080037c0                TIM_SelectOutputTrigger
 .text.TIM_EncoderInterfaceConfig
                0x080037d6       0x3e ..\obj\stm32f4xx_tim.o
                0x080037d6                TIM_EncoderInterfaceConfig
 .text.cosf     0x08003814       0x90 c:/program files (x86)/gnu tools arm embedded/6 2017-q1-update/bin/../lib/gcc/arm-none-eabi/6.3.1/../../../../arm-none-eabi/lib/thumb/v7e-m/fpv4-sp/hard\libm.a(lib_a-sf_cos.o)
                0x08003814                cosf
 .text.sinf     0x080038a4       0x94 c:/program files (x86)/gnu tools arm embedded/6 2017-q1-update/bin/../lib/gcc/arm-none-eabi/6.3.1/../../../../arm-none-eabi/lib/thumb/v7e-m/fpv4-sp/hard\libm.a(lib_a-sf_sin.o)
                0x080038a4                sinf
 .text.sqrtf    0x08003938       0xac c:/program files (x86)/gnu tools arm embedded/6 2017-q1-update/bin/../lib/gcc/arm-none-eabi/6.3.1/../../../../arm-none-eabi/lib/thumb/v7e-m/fpv4-sp/hard\libm.a(lib_a-wf_sqrt.o)
                0x08003938                sqrtf
 .text.__ieee754_rem_pio2f
                0x080039e4      0x290 c:/program files (x86)/gnu tools arm embedded/6 2017-q1-update/bin/../lib/gcc/arm-none-eabi/6.3.1/../../../../arm-none-eabi/lib/thumb/v7e-m/fpv4-sp/hard\libm.a(lib_a-ef_rem_pio2.o)
                0x080039e4                __ieee754_rem_pio2f
 .text.__ieee754_sqrtf
                0x08003c74       0xa0 c:/program files (x86)/gnu tools arm embedded/6 2017-q1-update/bin/../lib/gcc/arm-none-eabi/6.3.1/../../../../arm-none-eabi/lib/thumb/v7e-m/fpv4-sp/hard\libm.a(lib_a-ef_sqrt.o)
                0x08003c74                __ieee754_sqrtf
 .text.__kernel_cosf
                0x08003d14      0x104 c:/program files (x86)/gnu tools arm embedded/6 2017-q1-update/bin/../lib/gcc/arm-none-eabi/6.3.1/../../../../arm-none-eabi/lib/thumb/v7e-m/fpv4-sp/hard\libm.a(lib_a-kf_cos.o)
                0x08003d14                __kernel_cosf
 .text.__kernel_rem_pio2f
                0x08003e18      0x690 c:/program files (x86)/gnu tools arm embedded/6 2017-q1-update/bin/../lib/gcc/arm-none-eabi/6.3.1/../../../../arm-none-eabi/lib/thumb/v7e-m/fpv4-sp/hard\libm.a(lib_a-kf_rem_pio2.o)
                0x08003e18                __kernel_rem_pio2f
 .text.__kernel_sinf
                0x080044a8       0x90 c:/program files (x86)/gnu tools arm embedded/6 2017-q1-update/bin/../lib/gcc/arm-none-eabi/6.3.1/../../../../arm-none-eabi/lib/thumb/v7e-m/fpv4-sp/hard\libm.a(lib_a-kf_sin.o)
                0x080044a8                __kernel_sinf
 .text.matherr  0x08004538        0x4 c:/program files (x86)/gnu tools arm embedded/6 2017-q1-update/bin/../lib/gcc/arm-none-eabi/6.3.1/../../../../arm-none-eabi/lib/thumb/v7e-m/fpv4-sp/hard\libm.a(lib_a-s_matherr.o)
                0x08004538                matherr
 .text.fabsf    0x0800453c       0x10 c:/program files (x86)/gnu tools arm embedded/6 2017-q1-update/bin/../lib/gcc/arm-none-eabi/6.3.1/../../../../arm-none-eabi/lib/thumb/v7e-m/fpv4-sp/hard\libm.a(lib_a-sf_fabs.o)
                0x0800453c                fabsf
 .text.floorf   0x0800454c       0x90 c:/program files (x86)/gnu tools arm embedded/6 2017-q1-update/bin/../lib/gcc/arm-none-eabi/6.3.1/../../../../arm-none-eabi/lib/thumb/v7e-m/fpv4-sp/hard\libm.a(lib_a-sf_floor.o)
                0x0800454c                floorf
 .text.scalbnf  0x080045dc       0xd0 c:/program files (x86)/gnu tools arm embedded/6 2017-q1-update/bin/../lib/gcc/arm-none-eabi/6.3.1/../../../../arm-none-eabi/lib/thumb/v7e-m/fpv4-sp/hard\libm.a(lib_a-sf_scalbn.o)
                0x080045dc                scalbnf
 .text.copysignf
                0x080046ac       0x18 c:/program files (x86)/gnu tools arm embedded/6 2017-q1-update/bin/../lib/gcc/arm-none-eabi/6.3.1/../../../../arm-none-eabi/lib/thumb/v7e-m/fpv4-sp/hard\libm.a(lib_a-sf_copysign.o)
                0x080046ac                copysignf
 .text          0x080046c4      0x370 c:/program files (x86)/gnu tools arm embedded/6 2017-q1-update/bin/../lib/gcc/arm-none-eabi/6.3.1/thumb/v7e-m/fpv4-sp/hard\libgcc.a(_arm_addsubdf3.o)
                0x080046c4                __aeabi_drsub
                0x080046cc                __aeabi_dsub
                0x080046cc                __subdf3
                0x080046d0                __aeabi_dadd
                0x080046d0                __adddf3
                0x08004948                __floatunsidf
                0x08004948                __aeabi_ui2d
                0x08004968                __floatsidf
                0x08004968                __aeabi_i2d
                0x0800498c                __aeabi_f2d
                0x0800498c                __extendsfdf2
                0x080049c8                __floatundidf
                0x080049c8                __aeabi_ul2d
                0x080049d8                __floatdidf
                0x080049d8                __aeabi_l2d
 .text          0x08004a34      0x424 c:/program files (x86)/gnu tools arm embedded/6 2017-q1-update/bin/../lib/gcc/arm-none-eabi/6.3.1/thumb/v7e-m/fpv4-sp/hard\libgcc.a(_arm_muldivdf3.o)
                0x08004a34                __aeabi_dmul
                0x08004a34                __muldf3
                0x08004c88                __divdf3
                0x08004c88                __aeabi_ddiv
 .text          0x08004e58       0xa0 c:/program files (x86)/gnu tools arm embedded/6 2017-q1-update/bin/../lib/gcc/arm-none-eabi/6.3.1/thumb/v7e-m/fpv4-sp/hard\libgcc.a(_arm_truncdfsf2.o)
                0x08004e58                __truncdfsf2
                0x08004e58                __aeabi_d2f
 .text.__errno  0x08004ef8        0xc c:/program files (x86)/gnu tools arm embedded/6 2017-q1-update/bin/../lib/gcc/arm-none-eabi/6.3.1/../../../../arm-none-eabi/lib/thumb/v7e-m/fpv4-sp/hard\libc.a(lib_a-errno.o)
                0x08004ef8                __errno
 .text          0x08004f04      0x134 c:/program files (x86)/gnu tools arm embedded/6 2017-q1-update/bin/../lib/gcc/arm-none-eabi/6.3.1/../../../../arm-none-eabi/lib/thumb/v7e-m/fpv4-sp/hard\libc.a(lib_a-memcpy.o)
                0x08004f04                memcpy
 .text.memset   0x08005038       0x9c c:/program files (x86)/gnu tools arm embedded/6 2017-q1-update/bin/../lib/gcc/arm-none-eabi/6.3.1/../../../../arm-none-eabi/lib/thumb/v7e-m/fpv4-sp/hard\libc.a(lib_a-memset.o)
                0x08005038                memset
 .text.startup.register_fini
                0x080050d4       0x14 c:/program files (x86)/gnu tools arm embedded/6 2017-q1-update/bin/../lib/gcc/arm-none-eabi/6.3.1/../../../../arm-none-eabi/lib/thumb/v7e-m/fpv4-sp/hard\libc.a(lib_a-__call_atexit.o)
 .text.atexit   0x080050e8        0xc c:/program files (x86)/gnu tools arm embedded/6 2017-q1-update/bin/../lib/gcc/arm-none-eabi/6.3.1/../../../../arm-none-eabi/lib/thumb/v7e-m/fpv4-sp/hard\libc.a(lib_a-atexit.o)
                0x080050e8                atexit
 .text.__libc_fini_array
                0x080050f4       0x34 c:/program files (x86)/gnu tools arm embedded/6 2017-q1-update/bin/../lib/gcc/arm-none-eabi/6.3.1/../../../../arm-none-eabi/lib/thumb/v7e-m/fpv4-sp/hard\libc.a(lib_a-fini.o)
                0x080050f4                __libc_fini_array
 .text.__retarget_lock_acquire_recursive
                0x08005128        0x4 c:/program files (x86)/gnu tools arm embedded/6 2017-q1-update/bin/../lib/gcc/arm-none-eabi/6.3.1/../../../../arm-none-eabi/lib/thumb/v7e-m/fpv4-sp/hard\libc.a(lib_a-lock.o)
                0x08005128                __retarget_lock_acquire_recursive
 .text.__retarget_lock_release_recursive
                0x0800512c        0x4 c:/program files (x86)/gnu tools arm embedded/6 2017-q1-update/bin/../lib/gcc/arm-none-eabi/6.3.1/../../../../arm-none-eabi/lib/thumb/v7e-m/fpv4-sp/hard\libc.a(lib_a-lock.o)
                0x0800512c                __retarget_lock_release_recursive
 .text.__register_exitproc
                0x08005130       0xc4 c:/program files (x86)/gnu tools arm embedded/6 2017-q1-update/bin/../lib/gcc/arm-none-eabi/6.3.1/../../../../arm-none-eabi/lib/thumb/v7e-m/fpv4-sp/hard\libc.a(lib_a-__atexit.o)
                0x08005130                __register_exitproc
 *(.init)
 .init          0x080051f4        0x4 c:/program files (x86)/gnu tools arm embedded/6 2017-q1-update/bin/../lib/gcc/arm-none-eabi/6.3.1/thumb/v7e-m/fpv4-sp/hard/crti.o
                0x080051f4                _init
 .init          0x080051f8        0x8 c:/program files (x86)/gnu tools arm embedded/6 2017-q1-update/bin/../lib/gcc/arm-none-eabi/6.3.1/thumb/v7e-m/fpv4-sp/hard/crtn.o
 *(.fini)
 .fini          0x08005200        0x4 c:/program files (x86)/gnu tools arm embedded/6 2017-q1-update/bin/../lib/gcc/arm-none-eabi/6.3.1/thumb/v7e-m/fpv4-sp/hard/crti.o
                0x08005200                _fini
 .fini          0x08005204        0x8 c:/program files (x86)/gnu tools arm embedded/6 2017-q1-update/bin/../lib/gcc/arm-none-eabi/6.3.1/thumb/v7e-m/fpv4-sp/hard/crtn.o
 *crtbegin.o(.ctors)
 *crtbegin?.o(.ctors)
 *(EXCLUDE_FILE(*crtend.o *crtend?.o) .ctors)
 *(SORT(.ctors.*))
 *(.ctors)
 *crtbegin.o(.dtors)
 *crtbegin?.o(.dtors)
 *(EXCLUDE_FILE(*crtend.o *crtend?.o) .dtors)
 *(SORT(.dtors.*))
 *(.dtors)
 *(.rodata*)
 .rodata        0x0800520c        0x8 ..\obj\mbutils.o
 .rodata        0x08005214      0x200 ..\obj\mbcrc.o
 .rodata        0x08005414       0xb0 ..\obj\encoder.o
 .rodata.sqrtf.str1.4
                0x080054c4        0x8 c:/program files (x86)/gnu tools arm embedded/6 2017-q1-update/bin/../lib/gcc/arm-none-eabi/6.3.1/../../../../arm-none-eabi/lib/thumb/v7e-m/fpv4-sp/hard\libm.a(lib_a-wf_sqrt.o)
                                  0x6 (size before relaxing)
 .rodata.npio2_hw
                0x080054cc       0x80 c:/program files (x86)/gnu tools arm embedded/6 2017-q1-update/bin/../lib/gcc/arm-none-eabi/6.3.1/../../../../arm-none-eabi/lib/thumb/v7e-m/fpv4-sp/hard\libm.a(lib_a-ef_rem_pio2.o)
 .rodata.two_over_pi
                0x0800554c      0x318 c:/program files (x86)/gnu tools arm embedded/6 2017-q1-update/bin/../lib/gcc/arm-none-eabi/6.3.1/../../../../arm-none-eabi/lib/thumb/v7e-m/fpv4-sp/hard\libm.a(lib_a-ef_rem_pio2.o)
 .rodata.PIo2   0x08005864       0x2c c:/program files (x86)/gnu tools arm embedded/6 2017-q1-update/bin/../lib/gcc/arm-none-eabi/6.3.1/../../../../arm-none-eabi/lib/thumb/v7e-m/fpv4-sp/hard\libm.a(lib_a-kf_rem_pio2.o)
 .rodata.init_jk
                0x08005890        0xc c:/program files (x86)/gnu tools arm embedded/6 2017-q1-update/bin/../lib/gcc/arm-none-eabi/6.3.1/../../../../arm-none-eabi/lib/thumb/v7e-m/fpv4-sp/hard\libm.a(lib_a-kf_rem_pio2.o)
 .rodata._global_impure_ptr
                0x0800589c        0x4 c:/program files (x86)/gnu tools arm embedded/6 2017-q1-update/bin/../lib/gcc/arm-none-eabi/6.3.1/../../../../arm-none-eabi/lib/thumb/v7e-m/fpv4-sp/hard\libc.a(lib_a-impure.o)
                0x0800589c                _global_impure_ptr
 *(.eh_fram e*)

.eh_frame       0x080058a0        0x0
 .eh_frame      0x080058a0        0x0 c:/program files (x86)/gnu tools arm embedded/6 2017-q1-update/bin/../lib/gcc/arm-none-eabi/6.3.1/thumb/v7e-m/fpv4-sp/hard/crtbegin.o

.glue_7         0x080058a0        0x0
 .glue_7        0x080058a0        0x0 linker stubs

.glue_7t        0x080058a0        0x0
 .glue_7t       0x080058a0        0x0 linker stubs

.vfp11_veneer   0x080058a0        0x0
 .vfp11_veneer  0x080058a0        0x0 linker stubs

.v4_bx          0x080058a0        0x0
 .v4_bx         0x080058a0        0x0 linker stubs

.iplt           0x080058a0        0x0
 .iplt          0x080058a0        0x0 c:/program files (x86)/gnu tools arm embedded/6 2017-q1-update/bin/../lib/gcc/arm-none-eabi/6.3.1/thumb/v7e-m/fpv4-sp/hard/crtbegin.o

.rel.dyn        0x080058a0        0x0
 .rel.iplt      0x080058a0        0x0 c:/program files (x86)/gnu tools arm embedded/6 2017-q1-update/bin/../lib/gcc/arm-none-eabi/6.3.1/thumb/v7e-m/fpv4-sp/hard/crtbegin.o

.ARM.extab
 *(.ARM.extab* .gnu.linkonce.armextab.*)
                0x080058a0                __exidx_start = .

.ARM.exidx
 *(.ARM.exidx* .gnu.linkonce.armexidx.*)
                0x080058a0                __exidx_end = .
                0x080058a0                __etext = .
                0x080058a0                _sidata = __etext

.data           0x20000000      0x4ec load address 0x080058a0
                0x20000000                __data_start__ = .
                0x20000000                _sdata = __data_start__
 *(vtable)
 *(.data*)
 .data          0x20000000       0x84 ..\obj\mb.o
 .data          0x20000084       0x10 ..\obj\stm32f4xx_rcc.o
 .data          0x20000094       0x14 ..\obj\system_stm32f4xx.o
                0x20000094                SystemCoreClock
                0x20000098                AHBPrescTable
 .data.__fdlib_version
                0x200000a8        0x1 c:/program files (x86)/gnu tools arm embedded/6 2017-q1-update/bin/../lib/gcc/arm-none-eabi/6.3.1/../../../../arm-none-eabi/lib/thumb/v7e-m/fpv4-sp/hard\libm.a(lib_a-s_lib_ver.o)
                0x200000a8                __fdlib_version
 *fill*         0x200000a9        0x3 
 .data._impure_ptr
                0x200000ac        0x4 c:/program files (x86)/gnu tools arm embedded/6 2017-q1-update/bin/../lib/gcc/arm-none-eabi/6.3.1/../../../../arm-none-eabi/lib/thumb/v7e-m/fpv4-sp/hard\libc.a(lib_a-impure.o)
                0x200000ac                _impure_ptr
 .data.impure_data
                0x200000b0      0x428 c:/program files (x86)/gnu tools arm embedded/6 2017-q1-update/bin/../lib/gcc/arm-none-eabi/6.3.1/../../../../arm-none-eabi/lib/thumb/v7e-m/fpv4-sp/hard\libc.a(lib_a-impure.o)
 .data.__atexit_recursive_mutex
                0x200004d8        0x4 c:/program files (x86)/gnu tools arm embedded/6 2017-q1-update/bin/../lib/gcc/arm-none-eabi/6.3.1/../../../../arm-none-eabi/lib/thumb/v7e-m/fpv4-sp/hard\libc.a(lib_a-__call_atexit.o)
                0x200004d8                __atexit_recursive_mutex
                0x200004dc                . = ALIGN (0x4)
                0x200004dc                PROVIDE (__preinit_array_start, .)
 *(.preinit_array)
                0x200004dc                PROVIDE (__preinit_array_end, .)
                0x200004dc                . = ALIGN (0x4)
                0x200004dc                PROVIDE (__init_array_start, .)
 *(SORT(.init_array.*))
 .init_array.00000
                0x200004dc        0x4 c:/program files (x86)/gnu tools arm embedded/6 2017-q1-update/bin/../lib/gcc/arm-none-eabi/6.3.1/../../../../arm-none-eabi/lib/thumb/v7e-m/fpv4-sp/hard\libc.a(lib_a-__call_atexit.o)
 *(.init_array)
 .init_array    0x200004e0        0x4 c:/program files (x86)/gnu tools arm embedded/6 2017-q1-update/bin/../lib/gcc/arm-none-eabi/6.3.1/thumb/v7e-m/fpv4-sp/hard/crtbegin.o
                0x200004e4                PROVIDE (__init_array_end, .)
                0x200004e4                . = ALIGN (0x4)
                0x200004e4                PROVIDE (__fini_array_start, .)
 *(SORT(.fini_array.*))
 *(.fini_array)
 .fini_array    0x200004e4        0x4 c:/program files (x86)/gnu tools arm embedded/6 2017-q1-update/bin/../lib/gcc/arm-none-eabi/6.3.1/thumb/v7e-m/fpv4-sp/hard/crtbegin.o
                0x200004e8                PROVIDE (__fini_array_end, .)
 *(.jcr*)
 .jcr           0x200004e8        0x0 c:/program files (x86)/gnu tools arm embedded/6 2017-q1-update/bin/../lib/gcc/arm-none-eabi/6.3.1/thumb/v7e-m/fpv4-sp/hard/crtbegin.o
 .jcr           0x200004e8        0x4 c:/program files (x86)/gnu tools arm embedded/6 2017-q1-update/bin/../lib/gcc/arm-none-eabi/6.3.1/thumb/v7e-m/fpv4-sp/hard/crtend.o
                0x200004ec                . = ALIGN (0x4)
                0x200004ec                __data_end__ = .
                0x200004ec                _edata = __data_end__

.igot.plt       0x200004ec        0x0 load address 0x08005d8c
 .igot.plt      0x200004ec        0x0 c:/program files (x86)/gnu tools arm embedded/6 2017-q1-update/bin/../lib/gcc/arm-none-eabi/6.3.1/thumb/v7e-m/fpv4-sp/hard/crtbegin.o

.bss            0x200004ec     0x8410 load address 0x08005d8c
                0x200004ec                . = ALIGN (0x4)
                0x200004ec                __bss_start__ = .
                0x200004ec                _sbss = __bss_start__
 *(.bss*)
 .bss           0x200004ec       0x1c c:/program files (x86)/gnu tools arm embedded/6 2017-q1-update/bin/../lib/gcc/arm-none-eabi/6.3.1/thumb/v7e-m/fpv4-sp/hard/crtbegin.o
 .bss           0x20000508       0x23 ..\obj\mb.o
 .bss           0x2000052b        0x2 ..\obj\portevent.o
 *fill*         0x2000052d        0x1 
 .bss           0x2000052e       0x22 ..\obj\mbfuncother.o
 .bss           0x20000550       0x30 ..\obj\main.o
                0x20000554                sp_counter
 .bss           0x20000580       0x98 ..\obj\foc.o
 .bss           0x20000618     0x8010 ..\obj\encoder.o
                0x20000618                sanyo_uvw
                0x20008624                uwTIM10PulseLength
 .bss           0x20008628        0xb ..\obj\mbrtu.o
 *fill*         0x20008633        0x1 
 .bss           0x20008634        0xd ..\obj\mbascii.o
 *(COMMON)
 *fill*         0x20008641        0x3 
 COMMON         0x20008644       0x14 ..\obj\mb.o
                0x20008644                pxMBFrameCBTransmitterEmpty
                0x20008648                pxMBPortCBTimerExpired
                0x2000864c                pxMBFrameCBByteReceived
                0x20008650                pxMBFrameCBTransmitFSMCur
                0x20008654                pxMBFrameCBReceiveFSMCur
 COMMON         0x20008658       0xf4 ..\obj\main.o
                0x20008658                stFoc
 COMMON         0x2000874c       0x8c ..\obj\foc.o
                0x2000874c                pidPos
                0x20008780                sp_speed
                0x20008784                pv_speed
                0x20008788                pidSpeed
                0x200087bc                ADC_values
                0x200087cc                enc_delta
                0x200087ce                ai1
                0x200087d0                ai0
                0x200087d4                ai0_filtered_value
 COMMON         0x200087d8      0x100 ..\obj\mbrtu.o
                0x200087d8                ucRTUBuf
 COMMON         0x200088d8       0x21 c:/program files (x86)/gnu tools arm embedded/6 2017-q1-update/bin/../lib/gcc/arm-none-eabi/6.3.1/../../../../arm-none-eabi/lib/thumb/v7e-m/fpv4-sp/hard\libc.a(lib_a-lock.o)
                0x200088d8                __lock___atexit_recursive_mutex
                0x200088dc                __lock___arc4random_mutex
                0x200088e0                __lock___env_recursive_mutex
                0x200088e4                __lock___sinit_recursive_mutex
                0x200088e8                __lock___malloc_recursive_mutex
                0x200088ec                __lock___at_quick_exit_mutex
                0x200088f0                __lock___dd_hash_mutex
                0x200088f4                __lock___tz_mutex
                0x200088f8                __lock___sfp_recursive_mutex
                0x200088fc                . = ALIGN (0x4)
 *fill*         0x200088f9        0x3 
                0x200088fc                __bss_end__ = .
                0x200088fc                _ebss = __bss_end__

.heap           0x200088fc        0x0
                0x200088fc                __end__ = .
                0x200088fc                _end = __end__
                0x200088fc                end = __end__
 *(.heap*)
                0x200088fc                __HeapLimit = .

.co_stack       0x200088fc      0x804 load address 0x0800e19c
                0x20008900                . = ALIGN (0x8)
 *fill*         0x200088fc        0x4 
 *(.co_stack .co_stack.*)
 .co_stack      0x20008900      0x800 ..\obj\startup_stm32f4xx.o
                0x20008900                pulStack
                0x20020000                __StackTop = (ORIGIN (ram) + LENGTH (ram))
                0x2001f7fc                __StackLimit = (__StackTop - SIZEOF (.co_stack))
                0x20020000                PROVIDE (__stack, __StackTop)
                0x00000001                ASSERT ((__StackLimit >= __HeapLimit), region ram  overflowed with stack)
LOAD ..\obj\stm32f4xx_syscfg.o
LOAD ..\obj\mb.o
LOAD ..\obj\mbfuncdisc.o
LOAD ..\obj\portevent.o
LOAD ..\obj\mbfuncother.o
LOAD ..\obj\stm32f4xx_usart.o
LOAD ..\obj\stm32f4xx_can.o
LOAD ..\obj\mbutils.o
LOAD ..\obj\stm32f4xx_dac.o
LOAD ..\obj\startup_stm32f4xx.o
LOAD ..\obj\mbfuncholding.o
LOAD ..\obj\main.o
LOAD ..\obj\mbcrc.o
LOAD ..\obj\stm32f4xx_rcc.o
LOAD ..\obj\foc.o
LOAD ..\obj\stm32f4xx_adc.o
LOAD ..\obj\mbfuncinput.o
LOAD ..\obj\encoder.o
LOAD ..\obj\mbfuncdiag.o
LOAD ..\obj\stm32f4xx_gpio.o
LOAD ..\obj\porttimer.o
LOAD ..\obj\mbrtu.o
LOAD ..\obj\system_stm32f4xx.o
LOAD ..\obj\syscalls.o
LOAD ..\obj\stm32f4xx_dma.o
LOAD ..\obj\port.o
LOAD ..\obj\portserial.o
LOAD ..\obj\mbfunccoils.o
LOAD ..\obj\stm32f4xx_exti.o
LOAD ..\obj\misc.o
LOAD ..\obj\svpwm.o
LOAD ..\obj\mbtcp.o
LOAD ..\obj\mbascii.o
LOAD ..\obj\pid.o
LOAD ..\obj\stm32f4xx_tim.o
LOAD c:/program files (x86)/gnu tools arm embedded/6 2017-q1-update/bin/../lib/gcc/arm-none-eabi/6.3.1/../../../../arm-none-eabi/lib/thumb/v7e-m/fpv4-sp/hard\libm.a
LOAD c:/program files (x86)/gnu tools arm embedded/6 2017-q1-update/bin/../lib/gcc/arm-none-eabi/6.3.1/thumb/v7e-m/fpv4-sp/hard\libgcc.a
LOAD c:/program files (x86)/gnu tools arm embedded/6 2017-q1-update/bin/../lib/gcc/arm-none-eabi/6.3.1/../../../../arm-none-eabi/lib/thumb/v7e-m/fpv4-sp/hard\libc.a
START GROUP
LOAD c:/program files (x86)/gnu tools arm embedded/6 2017-q1-update/bin/../lib/gcc/arm-none-eabi/6.3.1/thumb/v7e-m/fpv4-sp/hard\libgcc.a
LOAD c:/program files (x86)/gnu tools arm embedded/6 2017-q1-update/bin/../lib/gcc/arm-none-eabi/6.3.1/../../../../arm-none-eabi/lib/thumb/v7e-m/fpv4-sp/hard\libg.a
LOAD c:/program files (x86)/gnu tools arm embedded/6 2017-q1-update/bin/../lib/gcc/arm-none-eabi/6.3.1/../../../../arm-none-eabi/lib/thumb/v7e-m/fpv4-sp/hard\libc.a
END GROUP
LOAD c:/program files (x86)/gnu tools arm embedded/6 2017-q1-update/bin/../lib/gcc/arm-none-eabi/6.3.1/thumb/v7e-m/fpv4-sp/hard/crtend.o
LOAD c:/program files (x86)/gnu tools arm embedded/6 2017-q1-update/bin/../lib/gcc/arm-none-eabi/6.3.1/thumb/v7e-m/fpv4-sp/hard/crtn.o
OUTPUT(main.elf elf32-littlearm)

.ARM.attributes
                0x00000000       0x30
 .ARM.attributes
                0x00000000       0x22 c:/program files (x86)/gnu tools arm embedded/6 2017-q1-update/bin/../lib/gcc/arm-none-eabi/6.3.1/thumb/v7e-m/fpv4-sp/hard/crti.o
 .ARM.attributes
                0x00000022       0x34 c:/program files (x86)/gnu tools arm embedded/6 2017-q1-update/bin/../lib/gcc/arm-none-eabi/6.3.1/thumb/v7e-m/fpv4-sp/hard/crtbegin.o
 .ARM.attributes
                0x00000056       0x39 ..\obj\stm32f4xx_syscfg.o
 .ARM.attributes
                0x0000008f       0x39 ..\obj\mb.o
 .ARM.attributes
                0x000000c8       0x39 ..\obj\mbfuncdisc.o
 .ARM.attributes
                0x00000101       0x39 ..\obj\portevent.o
 .ARM.attributes
                0x0000013a       0x39 ..\obj\mbfuncother.o
 .ARM.attributes
                0x00000173       0x39 ..\obj\stm32f4xx_usart.o
 .ARM.attributes
                0x000001ac       0x39 ..\obj\mbutils.o
 .ARM.attributes
                0x000001e5       0x39 ..\obj\stm32f4xx_dac.o
 .ARM.attributes
                0x0000021e       0x39 ..\obj\startup_stm32f4xx.o
 .ARM.attributes
                0x00000257       0x39 ..\obj\mbfuncholding.o
 .ARM.attributes
                0x00000290       0x39 ..\obj\main.o
 .ARM.attributes
                0x000002c9       0x39 ..\obj\mbcrc.o
 .ARM.attributes
                0x00000302       0x39 ..\obj\stm32f4xx_rcc.o
 .ARM.attributes
                0x0000033b       0x39 ..\obj\foc.o
 .ARM.attributes
                0x00000374       0x39 ..\obj\stm32f4xx_adc.o
 .ARM.attributes
                0x000003ad       0x39 ..\obj\mbfuncinput.o
 .ARM.attributes
                0x000003e6       0x39 ..\obj\encoder.o
 .ARM.attributes
                0x0000041f       0x39 ..\obj\stm32f4xx_gpio.o
 .ARM.attributes
                0x00000458       0x39 ..\obj\porttimer.o
 .ARM.attributes
                0x00000491       0x39 ..\obj\mbrtu.o
 .ARM.attributes
                0x000004ca       0x39 ..\obj\system_stm32f4xx.o
 .ARM.attributes
                0x00000503       0x39 ..\obj\stm32f4xx_dma.o
 .ARM.attributes
                0x0000053c       0x39 ..\obj\portserial.o
 .ARM.attributes
                0x00000575       0x39 ..\obj\mbfunccoils.o
 .ARM.attributes
                0x000005ae       0x39 ..\obj\stm32f4xx_exti.o
 .ARM.attributes
                0x000005e7       0x39 ..\obj\misc.o
 .ARM.attributes
                0x00000620       0x39 ..\obj\svpwm.o
 .ARM.attributes
                0x00000659       0x39 ..\obj\mbascii.o
 .ARM.attributes
                0x00000692       0x39 ..\obj\pid.o
 .ARM.attributes
                0x000006cb       0x39 ..\obj\stm32f4xx_tim.o
 .ARM.attributes
                0x00000704       0x34 c:/program files (x86)/gnu tools arm embedded/6 2017-q1-update/bin/../lib/gcc/arm-none-eabi/6.3.1/../../../../arm-none-eabi/lib/thumb/v7e-m/fpv4-sp/hard\libm.a(lib_a-sf_cos.o)
 .ARM.attributes
                0x00000738       0x34 c:/program files (x86)/gnu tools arm embedded/6 2017-q1-update/bin/../lib/gcc/arm-none-eabi/6.3.1/../../../../arm-none-eabi/lib/thumb/v7e-m/fpv4-sp/hard\libm.a(lib_a-sf_sin.o)
 .ARM.attributes
                0x0000076c       0x34 c:/program files (x86)/gnu tools arm embedded/6 2017-q1-update/bin/../lib/gcc/arm-none-eabi/6.3.1/../../../../arm-none-eabi/lib/thumb/v7e-m/fpv4-sp/hard\libm.a(lib_a-wf_sqrt.o)
 .ARM.attributes
                0x000007a0       0x34 c:/program files (x86)/gnu tools arm embedded/6 2017-q1-update/bin/../lib/gcc/arm-none-eabi/6.3.1/../../../../arm-none-eabi/lib/thumb/v7e-m/fpv4-sp/hard\libm.a(lib_a-ef_rem_pio2.o)
 .ARM.attributes
                0x000007d4       0x34 c:/program files (x86)/gnu tools arm embedded/6 2017-q1-update/bin/../lib/gcc/arm-none-eabi/6.3.1/../../../../arm-none-eabi/lib/thumb/v7e-m/fpv4-sp/hard\libm.a(lib_a-ef_sqrt.o)
 .ARM.attributes
                0x00000808       0x34 c:/program files (x86)/gnu tools arm embedded/6 2017-q1-update/bin/../lib/gcc/arm-none-eabi/6.3.1/../../../../arm-none-eabi/lib/thumb/v7e-m/fpv4-sp/hard\libm.a(lib_a-kf_cos.o)
 .ARM.attributes
                0x0000083c       0x34 c:/program files (x86)/gnu tools arm embedded/6 2017-q1-update/bin/../lib/gcc/arm-none-eabi/6.3.1/../../../../arm-none-eabi/lib/thumb/v7e-m/fpv4-sp/hard\libm.a(lib_a-kf_rem_pio2.o)
 .ARM.attributes
                0x00000870       0x34 c:/program files (x86)/gnu tools arm embedded/6 2017-q1-update/bin/../lib/gcc/arm-none-eabi/6.3.1/../../../../arm-none-eabi/lib/thumb/v7e-m/fpv4-sp/hard\libm.a(lib_a-kf_sin.o)
 .ARM.attributes
                0x000008a4       0x34 c:/program files (x86)/gnu tools arm embedded/6 2017-q1-update/bin/../lib/gcc/arm-none-eabi/6.3.1/../../../../arm-none-eabi/lib/thumb/v7e-m/fpv4-sp/hard\libm.a(lib_a-s_lib_ver.o)
 .ARM.attributes
                0x000008d8       0x34 c:/program files (x86)/gnu tools arm embedded/6 2017-q1-update/bin/../lib/gcc/arm-none-eabi/6.3.1/../../../../arm-none-eabi/lib/thumb/v7e-m/fpv4-sp/hard\libm.a(lib_a-s_matherr.o)
 .ARM.attributes
                0x0000090c       0x34 c:/program files (x86)/gnu tools arm embedded/6 2017-q1-update/bin/../lib/gcc/arm-none-eabi/6.3.1/../../../../arm-none-eabi/lib/thumb/v7e-m/fpv4-sp/hard\libm.a(lib_a-sf_fabs.o)
 .ARM.attributes
                0x00000940       0x34 c:/program files (x86)/gnu tools arm embedded/6 2017-q1-update/bin/../lib/gcc/arm-none-eabi/6.3.1/../../../../arm-none-eabi/lib/thumb/v7e-m/fpv4-sp/hard\libm.a(lib_a-sf_floor.o)
 .ARM.attributes
                0x00000974       0x34 c:/program files (x86)/gnu tools arm embedded/6 2017-q1-update/bin/../lib/gcc/arm-none-eabi/6.3.1/../../../../arm-none-eabi/lib/thumb/v7e-m/fpv4-sp/hard\libm.a(lib_a-sf_scalbn.o)
 .ARM.attributes
                0x000009a8       0x34 c:/program files (x86)/gnu tools arm embedded/6 2017-q1-update/bin/../lib/gcc/arm-none-eabi/6.3.1/../../../../arm-none-eabi/lib/thumb/v7e-m/fpv4-sp/hard\libm.a(lib_a-sf_copysign.o)
 .ARM.attributes
                0x000009dc       0x22 c:/program files (x86)/gnu tools arm embedded/6 2017-q1-update/bin/../lib/gcc/arm-none-eabi/6.3.1/thumb/v7e-m/fpv4-sp/hard\libgcc.a(_arm_addsubdf3.o)
 .ARM.attributes
                0x000009fe       0x22 c:/program files (x86)/gnu tools arm embedded/6 2017-q1-update/bin/../lib/gcc/arm-none-eabi/6.3.1/thumb/v7e-m/fpv4-sp/hard\libgcc.a(_arm_muldivdf3.o)
 .ARM.attributes
                0x00000a20       0x22 c:/program files (x86)/gnu tools arm embedded/6 2017-q1-update/bin/../lib/gcc/arm-none-eabi/6.3.1/thumb/v7e-m/fpv4-sp/hard\libgcc.a(_arm_truncdfsf2.o)
 .ARM.attributes
                0x00000a42       0x34 c:/program files (x86)/gnu tools arm embedded/6 2017-q1-update/bin/../lib/gcc/arm-none-eabi/6.3.1/../../../../arm-none-eabi/lib/thumb/v7e-m/fpv4-sp/hard\libc.a(lib_a-errno.o)
 .ARM.attributes
                0x00000a76       0x34 c:/program files (x86)/gnu tools arm embedded/6 2017-q1-update/bin/../lib/gcc/arm-none-eabi/6.3.1/../../../../arm-none-eabi/lib/thumb/v7e-m/fpv4-sp/hard\libc.a(lib_a-impure.o)
 .ARM.attributes
                0x00000aaa       0x20 c:/program files (x86)/gnu tools arm embedded/6 2017-q1-update/bin/../lib/gcc/arm-none-eabi/6.3.1/../../../../arm-none-eabi/lib/thumb/v7e-m/fpv4-sp/hard\libc.a(lib_a-memcpy.o)
 .ARM.attributes
                0x00000aca       0x34 c:/program files (x86)/gnu tools arm embedded/6 2017-q1-update/bin/../lib/gcc/arm-none-eabi/6.3.1/../../../../arm-none-eabi/lib/thumb/v7e-m/fpv4-sp/hard\libc.a(lib_a-memset.o)
 .ARM.attributes
                0x00000afe       0x34 c:/program files (x86)/gnu tools arm embedded/6 2017-q1-update/bin/../lib/gcc/arm-none-eabi/6.3.1/../../../../arm-none-eabi/lib/thumb/v7e-m/fpv4-sp/hard\libc.a(lib_a-__call_atexit.o)
 .ARM.attributes
                0x00000b32       0x34 c:/program files (x86)/gnu tools arm embedded/6 2017-q1-update/bin/../lib/gcc/arm-none-eabi/6.3.1/../../../../arm-none-eabi/lib/thumb/v7e-m/fpv4-sp/hard\libc.a(lib_a-atexit.o)
 .ARM.attributes
                0x00000b66       0x34 c:/program files (x86)/gnu tools arm embedded/6 2017-q1-update/bin/../lib/gcc/arm-none-eabi/6.3.1/../../../../arm-none-eabi/lib/thumb/v7e-m/fpv4-sp/hard\libc.a(lib_a-fini.o)
 .ARM.attributes
                0x00000b9a       0x34 c:/program files (x86)/gnu tools arm embedded/6 2017-q1-update/bin/../lib/gcc/arm-none-eabi/6.3.1/../../../../arm-none-eabi/lib/thumb/v7e-m/fpv4-sp/hard\libc.a(lib_a-lock.o)
 .ARM.attributes
                0x00000bce       0x34 c:/program files (x86)/gnu tools arm embedded/6 2017-q1-update/bin/../lib/gcc/arm-none-eabi/6.3.1/../../../../arm-none-eabi/lib/thumb/v7e-m/fpv4-sp/hard\libc.a(lib_a-__atexit.o)
 .ARM.attributes
                0x00000c02       0x34 c:/program files (x86)/gnu tools arm embedded/6 2017-q1-update/bin/../lib/gcc/arm-none-eabi/6.3.1/thumb/v7e-m/fpv4-sp/hard/crtend.o
 .ARM.attributes
                0x00000c36       0x22 c:/program files (x86)/gnu tools arm embedded/6 2017-q1-update/bin/../lib/gcc/arm-none-eabi/6.3.1/thumb/v7e-m/fpv4-sp/hard/crtn.o

.comment        0x00000000       0x7f
 .comment       0x00000000       0x7f ..\obj\stm32f4xx_syscfg.o
                                 0x80 (size before relaxing)
 .comment       0x0000007f       0x80 ..\obj\mb.o
 .comment       0x0000007f       0x80 ..\obj\mbfuncdisc.o
 .comment       0x0000007f       0x80 ..\obj\portevent.o
 .comment       0x0000007f       0x80 ..\obj\mbfuncother.o
 .comment       0x0000007f       0x80 ..\obj\stm32f4xx_usart.o
 .comment       0x0000007f       0x80 ..\obj\mbutils.o
 .comment       0x0000007f       0x80 ..\obj\stm32f4xx_dac.o
 .comment       0x0000007f       0x80 ..\obj\startup_stm32f4xx.o
 .comment       0x0000007f       0x80 ..\obj\mbfuncholding.o
 .comment       0x0000007f       0x80 ..\obj\main.o
 .comment       0x0000007f       0x80 ..\obj\mbcrc.o
 .comment       0x0000007f       0x80 ..\obj\stm32f4xx_rcc.o
 .comment       0x0000007f       0x80 ..\obj\foc.o
 .comment       0x0000007f       0x80 ..\obj\stm32f4xx_adc.o
 .comment       0x0000007f       0x80 ..\obj\mbfuncinput.o
 .comment       0x0000007f       0x80 ..\obj\encoder.o
 .comment       0x0000007f       0x80 ..\obj\stm32f4xx_gpio.o
 .comment       0x0000007f       0x80 ..\obj\porttimer.o
 .comment       0x0000007f       0x80 ..\obj\mbrtu.o
 .comment       0x0000007f       0x80 ..\obj\system_stm32f4xx.o
 .comment       0x0000007f       0x80 ..\obj\stm32f4xx_dma.o
 .comment       0x0000007f       0x80 ..\obj\portserial.o
 .comment       0x0000007f       0x80 ..\obj\mbfunccoils.o
 .comment       0x0000007f       0x80 ..\obj\stm32f4xx_exti.o
 .comment       0x0000007f       0x80 ..\obj\misc.o
 .comment       0x0000007f       0x80 ..\obj\svpwm.o
 .comment       0x0000007f       0x80 ..\obj\mbascii.o
 .comment       0x0000007f       0x80 ..\obj\pid.o
 .comment       0x0000007f       0x80 ..\obj\stm32f4xx_tim.o

.debug_info     0x00000000    0x167de
 .debug_info    0x00000000      0x2c1 ..\obj\stm32f4xx_syscfg.o
 .debug_info    0x000002c1      0xf3d ..\obj\mb.o
 .debug_info    0x000011fe      0xad5 ..\obj\mbfuncdisc.o
 .debug_info    0x00001cd3      0x1d9 ..\obj\portevent.o
 .debug_info    0x00001eac      0xb35 ..\obj\mbfuncother.o
 .debug_info    0x000029e1      0xaaf ..\obj\stm32f4xx_usart.o
 .debug_info    0x00003490      0xb56 ..\obj\mbutils.o
 .debug_info    0x00003fe6      0x68e ..\obj\stm32f4xx_dac.o
 .debug_info    0x00004674      0x121 ..\obj\startup_stm32f4xx.o
 .debug_info    0x00004795      0xd1a ..\obj\mbfuncholding.o
 .debug_info    0x000054af     0x1520 ..\obj\main.o
 .debug_info    0x000069cf      0x191 ..\obj\mbcrc.o
 .debug_info    0x00006b60      0xca3 ..\obj\stm32f4xx_rcc.o
 .debug_info    0x00007803     0x1ac4 ..\obj\foc.o
 .debug_info    0x000092c7      0xc7e ..\obj\stm32f4xx_adc.o
 .debug_info    0x00009f45      0xac6 ..\obj\mbfuncinput.o
 .debug_info    0x0000aa0b     0x1584 ..\obj\encoder.o
 .debug_info    0x0000bf8f      0x712 ..\obj\stm32f4xx_gpio.o
 .debug_info    0x0000c6a1      0x836 ..\obj\porttimer.o
 .debug_info    0x0000ced7      0xf30 ..\obj\mbrtu.o
 .debug_info    0x0000de07      0x5e9 ..\obj\system_stm32f4xx.o
 .debug_info    0x0000e3f0      0x732 ..\obj\stm32f4xx_dma.o
 .debug_info    0x0000eb22      0xca1 ..\obj\portserial.o
 .debug_info    0x0000f7c3      0xc54 ..\obj\mbfunccoils.o
 .debug_info    0x00010417      0x365 ..\obj\stm32f4xx_exti.o
 .debug_info    0x0001077c      0x54d ..\obj\misc.o
 .debug_info    0x00010cc9     0x1dba ..\obj\svpwm.o
 .debug_info    0x00012a83     0x111e ..\obj\mbascii.o
 .debug_info    0x00013ba1      0xc30 ..\obj\pid.o
 .debug_info    0x000147d1     0x200d ..\obj\stm32f4xx_tim.o

.debug_abbrev   0x00000000     0x40da
 .debug_abbrev  0x00000000      0x173 ..\obj\stm32f4xx_syscfg.o
 .debug_abbrev  0x00000173      0x2f7 ..\obj\mb.o
 .debug_abbrev  0x0000046a      0x238 ..\obj\mbfuncdisc.o
 .debug_abbrev  0x000006a2       0xeb ..\obj\portevent.o
 .debug_abbrev  0x0000078d      0x222 ..\obj\mbfuncother.o
 .debug_abbrev  0x000009af      0x1d8 ..\obj\stm32f4xx_usart.o
 .debug_abbrev  0x00000b87      0x225 ..\obj\mbutils.o
 .debug_abbrev  0x00000dac      0x231 ..\obj\stm32f4xx_dac.o
 .debug_abbrev  0x00000fdd       0xeb ..\obj\startup_stm32f4xx.o
 .debug_abbrev  0x000010c8      0x238 ..\obj\mbfuncholding.o
 .debug_abbrev  0x00001300      0x35f ..\obj\main.o
 .debug_abbrev  0x0000165f       0xc9 ..\obj\mbcrc.o
 .debug_abbrev  0x00001728      0x21c ..\obj\stm32f4xx_rcc.o
 .debug_abbrev  0x00001944      0x318 ..\obj\foc.o
 .debug_abbrev  0x00001c5c      0x205 ..\obj\stm32f4xx_adc.o
 .debug_abbrev  0x00001e61      0x238 ..\obj\mbfuncinput.o
 .debug_abbrev  0x00002099      0x331 ..\obj\encoder.o
 .debug_abbrev  0x000023ca      0x1ff ..\obj\stm32f4xx_gpio.o
 .debug_abbrev  0x000025c9      0x1be ..\obj\porttimer.o
 .debug_abbrev  0x00002787      0x2c1 ..\obj\mbrtu.o
 .debug_abbrev  0x00002a48      0x17b ..\obj\system_stm32f4xx.o
 .debug_abbrev  0x00002bc3      0x1af ..\obj\stm32f4xx_dma.o
 .debug_abbrev  0x00002d72      0x210 ..\obj\portserial.o
 .debug_abbrev  0x00002f82      0x252 ..\obj\mbfunccoils.o
 .debug_abbrev  0x000031d4      0x206 ..\obj\stm32f4xx_exti.o
 .debug_abbrev  0x000033da      0x17f ..\obj\misc.o
 .debug_abbrev  0x00003559      0x2e1 ..\obj\svpwm.o
 .debug_abbrev  0x0000383a      0x352 ..\obj\mbascii.o
 .debug_abbrev  0x00003b8c      0x289 ..\obj\pid.o
 .debug_abbrev  0x00003e15      0x2c5 ..\obj\stm32f4xx_tim.o

.debug_loc      0x00000000     0x7581
 .debug_loc     0x00000000       0x97 ..\obj\stm32f4xx_syscfg.o
 .debug_loc     0x00000097      0x299 ..\obj\mb.o
 .debug_loc     0x00000330      0x183 ..\obj\mbfuncdisc.o
 .debug_loc     0x000004b3       0x6e ..\obj\portevent.o
 .debug_loc     0x00000521      0x124 ..\obj\mbfuncother.o
 .debug_loc     0x00000645      0x7d5 ..\obj\stm32f4xx_usart.o
 .debug_loc     0x00000e1a      0x3d2 ..\obj\mbutils.o
 .debug_loc     0x000011ec      0x3cd ..\obj\stm32f4xx_dac.o
 .debug_loc     0x000015b9       0x2b ..\obj\startup_stm32f4xx.o
 .debug_loc     0x000015e4      0x73d ..\obj\mbfuncholding.o
 .debug_loc     0x00001d21      0x5d1 ..\obj\main.o
 .debug_loc     0x000022f2       0xb5 ..\obj\mbcrc.o
 .debug_loc     0x000023a7      0x9c7 ..\obj\stm32f4xx_rcc.o
 .debug_loc     0x00002d6e       0xb7 ..\obj\foc.o
 .debug_loc     0x00002e25      0x9fe ..\obj\stm32f4xx_adc.o
 .debug_loc     0x00003823      0x170 ..\obj\mbfuncinput.o
 .debug_loc     0x00003993      0x31b ..\obj\encoder.o
 .debug_loc     0x00003cae      0x30c ..\obj\stm32f4xx_gpio.o
 .debug_loc     0x00003fba       0x21 ..\obj\porttimer.o
 .debug_loc     0x00003fdb      0x2e7 ..\obj\mbrtu.o
 .debug_loc     0x000042c2      0x10b ..\obj\system_stm32f4xx.o
 .debug_loc     0x000043cd      0x415 ..\obj\stm32f4xx_dma.o
 .debug_loc     0x000047e2      0x123 ..\obj\portserial.o
 .debug_loc     0x00004905      0x400 ..\obj\mbfunccoils.o
 .debug_loc     0x00004d05      0x188 ..\obj\stm32f4xx_exti.o
 .debug_loc     0x00004e8d      0x15c ..\obj\misc.o
 .debug_loc     0x00004fe9      0x721 ..\obj\svpwm.o
 .debug_loc     0x0000570a      0x411 ..\obj\mbascii.o
 .debug_loc     0x00005b1b      0x176 ..\obj\pid.o
 .debug_loc     0x00005c91     0x18f0 ..\obj\stm32f4xx_tim.o

.debug_aranges  0x00000000      0xe80
 .debug_aranges
                0x00000000       0x48 ..\obj\stm32f4xx_syscfg.o
 .debug_aranges
                0x00000048       0x48 ..\obj\mb.o
 .debug_aranges
                0x00000090       0x20 ..\obj\mbfuncdisc.o
 .debug_aranges
                0x000000b0       0x30 ..\obj\portevent.o
 .debug_aranges
                0x000000e0       0x28 ..\obj\mbfuncother.o
 .debug_aranges
                0x00000108      0x100 ..\obj\stm32f4xx_usart.o
 .debug_aranges
                0x00000208       0x30 ..\obj\mbutils.o
 .debug_aranges
                0x00000238       0x90 ..\obj\stm32f4xx_dac.o
 .debug_aranges
                0x000002c8       0x28 ..\obj\startup_stm32f4xx.o
 .debug_aranges
                0x000002f0       0x38 ..\obj\mbfuncholding.o
 .debug_aranges
                0x00000328       0x58 ..\obj\main.o
 .debug_aranges
                0x00000380       0x20 ..\obj\mbcrc.o
 .debug_aranges
                0x000003a0      0x178 ..\obj\stm32f4xx_rcc.o
 .debug_aranges
                0x00000518       0x68 ..\obj\foc.o
 .debug_aranges
                0x00000580      0x140 ..\obj\stm32f4xx_adc.o
 .debug_aranges
                0x000006c0       0x20 ..\obj\mbfuncinput.o
 .debug_aranges
                0x000006e0       0xb0 ..\obj\encoder.o
 .debug_aranges
                0x00000790       0x88 ..\obj\stm32f4xx_gpio.o
 .debug_aranges
                0x00000818       0x38 ..\obj\porttimer.o
 .debug_aranges
                0x00000850       0x58 ..\obj\mbrtu.o
 .debug_aranges
                0x000008a8       0x28 ..\obj\system_stm32f4xx.o
 .debug_aranges
                0x000008d0       0xa8 ..\obj\stm32f4xx_dma.o
 .debug_aranges
                0x00000978       0x40 ..\obj\portserial.o
 .debug_aranges
                0x000009b8       0x30 ..\obj\mbfunccoils.o
 .debug_aranges
                0x000009e8       0x50 ..\obj\stm32f4xx_exti.o
 .debug_aranges
                0x00000a38       0x40 ..\obj\misc.o
 .debug_aranges
                0x00000a78       0x88 ..\obj\svpwm.o
 .debug_aranges
                0x00000b00       0x58 ..\obj\mbascii.o
 .debug_aranges
                0x00000b58       0x50 ..\obj\pid.o
 .debug_aranges
                0x00000ba8      0x2d8 ..\obj\stm32f4xx_tim.o

.debug_ranges   0x00000000      0xee0
 .debug_ranges  0x00000000       0x38 ..\obj\stm32f4xx_syscfg.o
 .debug_ranges  0x00000038       0x38 ..\obj\mb.o
 .debug_ranges  0x00000070       0x10 ..\obj\mbfuncdisc.o
 .debug_ranges  0x00000080       0x20 ..\obj\portevent.o
 .debug_ranges  0x000000a0       0x18 ..\obj\mbfuncother.o
 .debug_ranges  0x000000b8       0xf0 ..\obj\stm32f4xx_usart.o
 .debug_ranges  0x000001a8       0x20 ..\obj\mbutils.o
 .debug_ranges  0x000001c8       0x80 ..\obj\stm32f4xx_dac.o
 .debug_ranges  0x00000248       0x18 ..\obj\startup_stm32f4xx.o
 .debug_ranges  0x00000260       0x28 ..\obj\mbfuncholding.o
 .debug_ranges  0x00000288      0x1a0 ..\obj\main.o
 .debug_ranges  0x00000428       0x10 ..\obj\mbcrc.o
 .debug_ranges  0x00000438      0x168 ..\obj\stm32f4xx_rcc.o
 .debug_ranges  0x000005a0       0x70 ..\obj\foc.o
 .debug_ranges  0x00000610      0x130 ..\obj\stm32f4xx_adc.o
 .debug_ranges  0x00000740       0x10 ..\obj\mbfuncinput.o
 .debug_ranges  0x00000750       0xc8 ..\obj\encoder.o
 .debug_ranges  0x00000818       0x78 ..\obj\stm32f4xx_gpio.o
 .debug_ranges  0x00000890       0x28 ..\obj\porttimer.o
 .debug_ranges  0x000008b8       0x48 ..\obj\mbrtu.o
 .debug_ranges  0x00000900       0x30 ..\obj\system_stm32f4xx.o
 .debug_ranges  0x00000930       0x98 ..\obj\stm32f4xx_dma.o
 .debug_ranges  0x000009c8       0x48 ..\obj\portserial.o
 .debug_ranges  0x00000a10       0x20 ..\obj\mbfunccoils.o
 .debug_ranges  0x00000a30       0x40 ..\obj\stm32f4xx_exti.o
 .debug_ranges  0x00000a70       0x30 ..\obj\misc.o
 .debug_ranges  0x00000aa0       0x78 ..\obj\svpwm.o
 .debug_ranges  0x00000b18       0x88 ..\obj\mbascii.o
 .debug_ranges  0x00000ba0       0x40 ..\obj\pid.o
 .debug_ranges  0x00000be0      0x300 ..\obj\stm32f4xx_tim.o

.debug_line     0x00000000     0x85bc
 .debug_line    0x00000000      0x307 ..\obj\stm32f4xx_syscfg.o
 .debug_line    0x00000307      0x5ac ..\obj\mb.o
 .debug_line    0x000008b3      0x423 ..\obj\mbfuncdisc.o
 .debug_line    0x00000cd6      0x2b1 ..\obj\portevent.o
 .debug_line    0x00000f87      0x410 ..\obj\mbfuncother.o
 .debug_line    0x00001397      0x580 ..\obj\stm32f4xx_usart.o
 .debug_line    0x00001917      0x42e ..\obj\mbutils.o
 .debug_line    0x00001d45      0x3e5 ..\obj\stm32f4xx_dac.o
 .debug_line    0x0000212a       0xbb ..\obj\startup_stm32f4xx.o
 .debug_line    0x000021e5      0x4cb ..\obj\mbfuncholding.o
 .debug_line    0x000026b0      0x60c ..\obj\main.o
 .debug_line    0x00002cbc      0x281 ..\obj\mbcrc.o
 .debug_line    0x00002f3d      0x62e ..\obj\stm32f4xx_rcc.o
 .debug_line    0x0000356b      0x54e ..\obj\foc.o
 .debug_line    0x00003ab9      0x603 ..\obj\stm32f4xx_adc.o
 .debug_line    0x000040bc      0x415 ..\obj\mbfuncinput.o
 .debug_line    0x000044d1      0x581 ..\obj\encoder.o
 .debug_line    0x00004a52      0x3f7 ..\obj\stm32f4xx_gpio.o
 .debug_line    0x00004e49      0x377 ..\obj\porttimer.o
 .debug_line    0x000051c0      0x528 ..\obj\mbrtu.o
 .debug_line    0x000056e8      0x23f ..\obj\system_stm32f4xx.o
 .debug_line    0x00005927      0x494 ..\obj\stm32f4xx_dma.o
 .debug_line    0x00005dbb      0x3e2 ..\obj\portserial.o
 .debug_line    0x0000619d      0x497 ..\obj\mbfunccoils.o
 .debug_line    0x00006634      0x337 ..\obj\stm32f4xx_exti.o
 .debug_line    0x0000696b      0x2ef ..\obj\misc.o
 .debug_line    0x00006c5a      0x5cb ..\obj\svpwm.o
 .debug_line    0x00007225      0x59d ..\obj\mbascii.o
 .debug_line    0x000077c2      0x279 ..\obj\pid.o
 .debug_line    0x00007a3b      0xb81 ..\obj\stm32f4xx_tim.o

.debug_str      0x00000000     0x53f1
 .debug_str     0x00000000      0x2fc ..\obj\stm32f4xx_syscfg.o
                                0x35a (size before relaxing)
 .debug_str     0x000002fc      0x8b7 ..\obj\mb.o
                                0xaa3 (size before relaxing)
 .debug_str     0x00000bb3       0xed ..\obj\mbfuncdisc.o
                                0x82e (size before relaxing)
 .debug_str     0x00000ca0       0x86 ..\obj\portevent.o
                                0x2d6 (size before relaxing)
 .debug_str     0x00000d26       0xe2 ..\obj\mbfuncother.o
                                0x832 (size before relaxing)
 .debug_str     0x00000e08      0x51b ..\obj\stm32f4xx_usart.o
                                0x71e (size before relaxing)
 .debug_str     0x00001323       0xdf ..\obj\mbutils.o
                                0x836 (size before relaxing)
 .debug_str     0x00001402      0x2b7 ..\obj\stm32f4xx_dac.o
                                0x4b9 (size before relaxing)
 .debug_str     0x000016b9       0xe3 ..\obj\startup_stm32f4xx.o
                                0x19d (size before relaxing)
 .debug_str     0x0000179c      0x181 ..\obj\mbfuncholding.o
                                0x90b (size before relaxing)
 .debug_str     0x0000191d      0xddf ..\obj\main.o
                               0x1192 (size before relaxing)
 .debug_str     0x000026fc       0x7a ..\obj\mbcrc.o
                                0x22e (size before relaxing)
 .debug_str     0x00002776      0x58b ..\obj\stm32f4xx_rcc.o
                                0x89f (size before relaxing)
 .debug_str     0x00002d01      0x2e1 ..\obj\foc.o
                                0xdf9 (size before relaxing)
 .debug_str     0x00002fe2      0x5ac ..\obj\stm32f4xx_adc.o
                                0x86a (size before relaxing)
 .debug_str     0x0000358e       0x7c ..\obj\mbfuncinput.o
                                0x81f (size before relaxing)
 .debug_str     0x0000360a      0x352 ..\obj\encoder.o
                                0xfa7 (size before relaxing)
 .debug_str     0x0000395c      0x13a ..\obj\stm32f4xx_gpio.o
                                0x509 (size before relaxing)
 .debug_str     0x00003a96       0xd4 ..\obj\porttimer.o
                                0xa3d (size before relaxing)
 .debug_str     0x00003b6a      0x222 ..\obj\mbrtu.o
                                0x99f (size before relaxing)
 .debug_str     0x00003d8c      0x103 ..\obj\system_stm32f4xx.o
                                0x3e9 (size before relaxing)
 .debug_str     0x00003e8f      0x3a0 ..\obj\stm32f4xx_dma.o
                                0x591 (size before relaxing)
 .debug_str     0x0000422f       0xca ..\obj\portserial.o
                                0xcd3 (size before relaxing)
 .debug_str     0x000042f9       0xd9 ..\obj\mbfunccoils.o
                                0x893 (size before relaxing)
 .debug_str     0x000043d2       0xda ..\obj\stm32f4xx_exti.o
                                0x3a8 (size before relaxing)
 .debug_str     0x000044ac      0x15c ..\obj\misc.o
                                0x41d (size before relaxing)
 .debug_str     0x00004608      0x3f8 ..\obj\svpwm.o
                               0x14e7 (size before relaxing)
 .debug_str     0x00004a00      0x1ba ..\obj\mbascii.o
                                0xa35 (size before relaxing)
 .debug_str     0x00004bba       0xc8 ..\obj\pid.o
                                0x6be (size before relaxing)
 .debug_str     0x00004c82      0x76f ..\obj\stm32f4xx_tim.o
                                0xe4d (size before relaxing)

.debug_frame    0x00000000     0x26c8
 .debug_frame   0x00000000       0x84 ..\obj\stm32f4xx_syscfg.o
 .debug_frame   0x00000084       0xb8 ..\obj\mb.o
 .debug_frame   0x0000013c       0x38 ..\obj\mbfuncdisc.o
 .debug_frame   0x00000174       0x40 ..\obj\portevent.o
 .debug_frame   0x000001b4       0x48 ..\obj\mbfuncother.o
 .debug_frame   0x000001fc      0x224 ..\obj\stm32f4xx_usart.o
 .debug_frame   0x00000420       0x58 ..\obj\mbutils.o
 .debug_frame   0x00000478      0x150 ..\obj\stm32f4xx_dac.o
 .debug_frame   0x000005c8       0x30 ..\obj\startup_stm32f4xx.o
 .debug_frame   0x000005f8       0xac ..\obj\mbfuncholding.o
 .debug_frame   0x000006a4      0x100 ..\obj\main.o
 .debug_frame   0x000007a4       0x2c ..\obj\mbcrc.o
 .debug_frame   0x000007d0      0x2e8 ..\obj\stm32f4xx_rcc.o
 .debug_frame   0x00000ab8      0x154 ..\obj\foc.o
 .debug_frame   0x00000c0c      0x2b4 ..\obj\stm32f4xx_adc.o
 .debug_frame   0x00000ec0       0x38 ..\obj\mbfuncinput.o
 .debug_frame   0x00000ef8      0x200 ..\obj\encoder.o
 .debug_frame   0x000010f8      0x124 ..\obj\stm32f4xx_gpio.o
 .debug_frame   0x0000121c       0x7c ..\obj\porttimer.o
 .debug_frame   0x00001298       0xec ..\obj\mbrtu.o
 .debug_frame   0x00001384       0x44 ..\obj\system_stm32f4xx.o
 .debug_frame   0x000013c8      0x160 ..\obj\stm32f4xx_dma.o
 .debug_frame   0x00001528       0xac ..\obj\portserial.o
 .debug_frame   0x000015d4       0x78 ..\obj\mbfunccoils.o
 .debug_frame   0x0000164c       0x9c ..\obj\stm32f4xx_exti.o
 .debug_frame   0x000016e8       0x68 ..\obj\misc.o
 .debug_frame   0x00001750      0x188 ..\obj\svpwm.o
 .debug_frame   0x000018d8       0xf0 ..\obj\mbascii.o
 .debug_frame   0x000019c8       0xa0 ..\obj\pid.o
 .debug_frame   0x00001a68      0x6bc ..\obj\stm32f4xx_tim.o
 .debug_frame   0x00002124       0x34 c:/program files (x86)/gnu tools arm embedded/6 2017-q1-update/bin/../lib/gcc/arm-none-eabi/6.3.1/../../../../arm-none-eabi/lib/thumb/v7e-m/fpv4-sp/hard\libm.a(lib_a-sf_cos.o)
 .debug_frame   0x00002158       0x34 c:/program files (x86)/gnu tools arm embedded/6 2017-q1-update/bin/../lib/gcc/arm-none-eabi/6.3.1/../../../../arm-none-eabi/lib/thumb/v7e-m/fpv4-sp/hard\libm.a(lib_a-sf_sin.o)
 .debug_frame   0x0000218c       0x50 c:/program files (x86)/gnu tools arm embedded/6 2017-q1-update/bin/../lib/gcc/arm-none-eabi/6.3.1/../../../../arm-none-eabi/lib/thumb/v7e-m/fpv4-sp/hard\libm.a(lib_a-wf_sqrt.o)
 .debug_frame   0x000021dc       0x3c c:/program files (x86)/gnu tools arm embedded/6 2017-q1-update/bin/../lib/gcc/arm-none-eabi/6.3.1/../../../../arm-none-eabi/lib/thumb/v7e-m/fpv4-sp/hard\libm.a(lib_a-ef_rem_pio2.o)
 .debug_frame   0x00002218       0x48 c:/program files (x86)/gnu tools arm embedded/6 2017-q1-update/bin/../lib/gcc/arm-none-eabi/6.3.1/../../../../arm-none-eabi/lib/thumb/v7e-m/fpv4-sp/hard\libm.a(lib_a-ef_sqrt.o)
 .debug_frame   0x00002260       0x20 c:/program files (x86)/gnu tools arm embedded/6 2017-q1-update/bin/../lib/gcc/arm-none-eabi/6.3.1/../../../../arm-none-eabi/lib/thumb/v7e-m/fpv4-sp/hard\libm.a(lib_a-kf_cos.o)
 .debug_frame   0x00002280       0x5c c:/program files (x86)/gnu tools arm embedded/6 2017-q1-update/bin/../lib/gcc/arm-none-eabi/6.3.1/../../../../arm-none-eabi/lib/thumb/v7e-m/fpv4-sp/hard\libm.a(lib_a-kf_rem_pio2.o)
 .debug_frame   0x000022dc       0x20 c:/program files (x86)/gnu tools arm embedded/6 2017-q1-update/bin/../lib/gcc/arm-none-eabi/6.3.1/../../../../arm-none-eabi/lib/thumb/v7e-m/fpv4-sp/hard\libm.a(lib_a-kf_sin.o)
 .debug_frame   0x000022fc       0x20 c:/program files (x86)/gnu tools arm embedded/6 2017-q1-update/bin/../lib/gcc/arm-none-eabi/6.3.1/../../../../arm-none-eabi/lib/thumb/v7e-m/fpv4-sp/hard\libm.a(lib_a-s_matherr.o)
 .debug_frame   0x0000231c       0x20 c:/program files (x86)/gnu tools arm embedded/6 2017-q1-update/bin/../lib/gcc/arm-none-eabi/6.3.1/../../../../arm-none-eabi/lib/thumb/v7e-m/fpv4-sp/hard\libm.a(lib_a-sf_fabs.o)
 .debug_frame   0x0000233c       0x20 c:/program files (x86)/gnu tools arm embedded/6 2017-q1-update/bin/../lib/gcc/arm-none-eabi/6.3.1/../../../../arm-none-eabi/lib/thumb/v7e-m/fpv4-sp/hard\libm.a(lib_a-sf_floor.o)
 .debug_frame   0x0000235c       0x44 c:/program files (x86)/gnu tools arm embedded/6 2017-q1-update/bin/../lib/gcc/arm-none-eabi/6.3.1/../../../../arm-none-eabi/lib/thumb/v7e-m/fpv4-sp/hard\libm.a(lib_a-sf_scalbn.o)
 .debug_frame   0x000023a0       0x20 c:/program files (x86)/gnu tools arm embedded/6 2017-q1-update/bin/../lib/gcc/arm-none-eabi/6.3.1/../../../../arm-none-eabi/lib/thumb/v7e-m/fpv4-sp/hard\libm.a(lib_a-sf_copysign.o)
 .debug_frame   0x000023c0       0xac c:/program files (x86)/gnu tools arm embedded/6 2017-q1-update/bin/../lib/gcc/arm-none-eabi/6.3.1/thumb/v7e-m/fpv4-sp/hard\libgcc.a(_arm_addsubdf3.o)
 .debug_frame   0x0000246c       0x50 c:/program files (x86)/gnu tools arm embedded/6 2017-q1-update/bin/../lib/gcc/arm-none-eabi/6.3.1/thumb/v7e-m/fpv4-sp/hard\libgcc.a(_arm_muldivdf3.o)
 .debug_frame   0x000024bc       0x24 c:/program files (x86)/gnu tools arm embedded/6 2017-q1-update/bin/../lib/gcc/arm-none-eabi/6.3.1/thumb/v7e-m/fpv4-sp/hard\libgcc.a(_arm_truncdfsf2.o)
 .debug_frame   0x000024e0       0x20 c:/program files (x86)/gnu tools arm embedded/6 2017-q1-update/bin/../lib/gcc/arm-none-eabi/6.3.1/../../../../arm-none-eabi/lib/thumb/v7e-m/fpv4-sp/hard\libc.a(lib_a-errno.o)
 .debug_frame   0x00002500       0x34 c:/program files (x86)/gnu tools arm embedded/6 2017-q1-update/bin/../lib/gcc/arm-none-eabi/6.3.1/../../../../arm-none-eabi/lib/thumb/v7e-m/fpv4-sp/hard\libc.a(lib_a-memset.o)
 .debug_frame   0x00002534       0x5c c:/program files (x86)/gnu tools arm embedded/6 2017-q1-update/bin/../lib/gcc/arm-none-eabi/6.3.1/../../../../arm-none-eabi/lib/thumb/v7e-m/fpv4-sp/hard\libc.a(lib_a-__call_atexit.o)
 .debug_frame   0x00002590       0x20 c:/program files (x86)/gnu tools arm embedded/6 2017-q1-update/bin/../lib/gcc/arm-none-eabi/6.3.1/../../../../arm-none-eabi/lib/thumb/v7e-m/fpv4-sp/hard\libc.a(lib_a-atexit.o)
 .debug_frame   0x000025b0       0x34 c:/program files (x86)/gnu tools arm embedded/6 2017-q1-update/bin/../lib/gcc/arm-none-eabi/6.3.1/../../../../arm-none-eabi/lib/thumb/v7e-m/fpv4-sp/hard\libc.a(lib_a-fini.o)
 .debug_frame   0x000025e4       0xb0 c:/program files (x86)/gnu tools arm embedded/6 2017-q1-update/bin/../lib/gcc/arm-none-eabi/6.3.1/../../../../arm-none-eabi/lib/thumb/v7e-m/fpv4-sp/hard\libc.a(lib_a-lock.o)
 .debug_frame   0x00002694       0x34 c:/program files (x86)/gnu tools arm embedded/6 2017-q1-update/bin/../lib/gcc/arm-none-eabi/6.3.1/../../../../arm-none-eabi/lib/thumb/v7e-m/fpv4-sp/hard\libc.a(lib_a-__atexit.o)
