Archive member included to satisfy reference by file (symbol)

c:/program files (x86)/gnu tools arm embedded/6 2017-q1-update/bin/../lib/gcc/arm-none-eabi/6.3.1/../../../../arm-none-eabi/lib/thumb/v7e-m/fpv4-sp/hard\libm.a(lib_a-sf_cos.o)
                              ..\obj\encoder.o (cosf)
c:/program files (x86)/gnu tools arm embedded/6 2017-q1-update/bin/../lib/gcc/arm-none-eabi/6.3.1/../../../../arm-none-eabi/lib/thumb/v7e-m/fpv4-sp/hard\libm.a(lib_a-sf_sin.o)
                              ..\obj\encoder.o (sinf)
c:/program files (x86)/gnu tools arm embedded/6 2017-q1-update/bin/../lib/gcc/arm-none-eabi/6.3.1/../../../../arm-none-eabi/lib/thumb/v7e-m/fpv4-sp/hard\libm.a(lib_a-wf_sqrt.o)
                              ..\obj\main.o (sqrtf)
c:/program files (x86)/gnu tools arm embedded/6 2017-q1-update/bin/../lib/gcc/arm-none-eabi/6.3.1/../../../../arm-none-eabi/lib/thumb/v7e-m/fpv4-sp/hard\libm.a(lib_a-ef_rem_pio2.o)
                              c:/program files (x86)/gnu tools arm embedded/6 2017-q1-update/bin/../lib/gcc/arm-none-eabi/6.3.1/../../../../arm-none-eabi/lib/thumb/v7e-m/fpv4-sp/hard\libm.a(lib_a-sf_cos.o) (__ieee754_rem_pio2f)
c:/program files (x86)/gnu tools arm embedded/6 2017-q1-update/bin/../lib/gcc/arm-none-eabi/6.3.1/../../../../arm-none-eabi/lib/thumb/v7e-m/fpv4-sp/hard\libm.a(lib_a-ef_sqrt.o)
                              c:/program files (x86)/gnu tools arm embedded/6 2017-q1-update/bin/../lib/gcc/arm-none-eabi/6.3.1/../../../../arm-none-eabi/lib/thumb/v7e-m/fpv4-sp/hard\libm.a(lib_a-wf_sqrt.o) (__ieee754_sqrtf)
c:/program files (x86)/gnu tools arm embedded/6 2017-q1-update/bin/../lib/gcc/arm-none-eabi/6.3.1/../../../../arm-none-eabi/lib/thumb/v7e-m/fpv4-sp/hard\libm.a(lib_a-kf_cos.o)
                              c:/program files (x86)/gnu tools arm embedded/6 2017-q1-update/bin/../lib/gcc/arm-none-eabi/6.3.1/../../../../arm-none-eabi/lib/thumb/v7e-m/fpv4-sp/hard\libm.a(lib_a-sf_cos.o) (__kernel_cosf)
c:/program files (x86)/gnu tools arm embedded/6 2017-q1-update/bin/../lib/gcc/arm-none-eabi/6.3.1/../../../../arm-none-eabi/lib/thumb/v7e-m/fpv4-sp/hard\libm.a(lib_a-kf_rem_pio2.o)
                              c:/program files (x86)/gnu tools arm embedded/6 2017-q1-update/bin/../lib/gcc/arm-none-eabi/6.3.1/../../../../arm-none-eabi/lib/thumb/v7e-m/fpv4-sp/hard\libm.a(lib_a-ef_rem_pio2.o) (__kernel_rem_pio2f)
c:/program files (x86)/gnu tools arm embedded/6 2017-q1-update/bin/../lib/gcc/arm-none-eabi/6.3.1/../../../../arm-none-eabi/lib/thumb/v7e-m/fpv4-sp/hard\libm.a(lib_a-kf_sin.o)
                              c:/program files (x86)/gnu tools arm embedded/6 2017-q1-update/bin/../lib/gcc/arm-none-eabi/6.3.1/../../../../arm-none-eabi/lib/thumb/v7e-m/fpv4-sp/hard\libm.a(lib_a-sf_cos.o) (__kernel_sinf)
c:/program files (x86)/gnu tools arm embedded/6 2017-q1-update/bin/../lib/gcc/arm-none-eabi/6.3.1/../../../../arm-none-eabi/lib/thumb/v7e-m/fpv4-sp/hard\libm.a(lib_a-s_lib_ver.o)
                              c:/program files (x86)/gnu tools arm embedded/6 2017-q1-update/bin/../lib/gcc/arm-none-eabi/6.3.1/../../../../arm-none-eabi/lib/thumb/v7e-m/fpv4-sp/hard\libm.a(lib_a-wf_sqrt.o) (__fdlib_version)
c:/program files (x86)/gnu tools arm embedded/6 2017-q1-update/bin/../lib/gcc/arm-none-eabi/6.3.1/../../../../arm-none-eabi/lib/thumb/v7e-m/fpv4-sp/hard\libm.a(lib_a-s_matherr.o)
                              c:/program files (x86)/gnu tools arm embedded/6 2017-q1-update/bin/../lib/gcc/arm-none-eabi/6.3.1/../../../../arm-none-eabi/lib/thumb/v7e-m/fpv4-sp/hard\libm.a(lib_a-wf_sqrt.o) (matherr)
c:/program files (x86)/gnu tools arm embedded/6 2017-q1-update/bin/../lib/gcc/arm-none-eabi/6.3.1/../../../../arm-none-eabi/lib/thumb/v7e-m/fpv4-sp/hard\libm.a(lib_a-sf_fabs.o)
                              c:/program files (x86)/gnu tools arm embedded/6 2017-q1-update/bin/../lib/gcc/arm-none-eabi/6.3.1/../../../../arm-none-eabi/lib/thumb/v7e-m/fpv4-sp/hard\libm.a(lib_a-ef_rem_pio2.o) (fabsf)
c:/program files (x86)/gnu tools arm embedded/6 2017-q1-update/bin/../lib/gcc/arm-none-eabi/6.3.1/../../../../arm-none-eabi/lib/thumb/v7e-m/fpv4-sp/hard\libm.a(lib_a-sf_floor.o)
                              c:/program files (x86)/gnu tools arm embedded/6 2017-q1-update/bin/../lib/gcc/arm-none-eabi/6.3.1/../../../../arm-none-eabi/lib/thumb/v7e-m/fpv4-sp/hard\libm.a(lib_a-kf_rem_pio2.o) (floorf)
c:/program files (x86)/gnu tools arm embedded/6 2017-q1-update/bin/../lib/gcc/arm-none-eabi/6.3.1/../../../../arm-none-eabi/lib/thumb/v7e-m/fpv4-sp/hard\libm.a(lib_a-sf_scalbn.o)
                              c:/program files (x86)/gnu tools arm embedded/6 2017-q1-update/bin/../lib/gcc/arm-none-eabi/6.3.1/../../../../arm-none-eabi/lib/thumb/v7e-m/fpv4-sp/hard\libm.a(lib_a-kf_rem_pio2.o) (scalbnf)
c:/program files (x86)/gnu tools arm embedded/6 2017-q1-update/bin/../lib/gcc/arm-none-eabi/6.3.1/../../../../arm-none-eabi/lib/thumb/v7e-m/fpv4-sp/hard\libm.a(lib_a-sf_copysign.o)
[...]
Memory Configuration

Name             Origin             Length             Attributes
rom              0x08000000         0x00100000         xr
ram              0x20000000         0x00020000         xrw
ram1             0x10000000         0x00010000         xrw
*default*        0x00000000         0xffffffff

Linker script and memory map

LOAD c:/program files (x86)/gnu tools arm embedded/6 2017-q1-update/bin/../lib/gcc/arm-none-eabi/6.3.1/thumb/v7e-m/fpv4-sp/hard/crti.o
LOAD c:/program files (x86)/gnu tools arm embedded/6 2017-q1-update/bin/../lib/gcc/arm-none-eabi/6.3.1/thumb/v7e-m/fpv4-sp/hard/crtbegin.o
LOAD c:/program files (x86)/gnu tools arm embedded/6 2017-q1-update/bin/../lib/gcc/arm-none-eabi/6.3.1/../../../../arm-none-eabi/lib/thumb/v7e-m/fpv4-sp/hard/crt0.o
                0x20020000                _eram = 0x20020000

.text           0x08000000     0x5838
 *(.isr_vector)
 .isr_vector    0x08000000      0x188 ..\obj\startup_stm32f4xx.o
                0x08000000                g_pfnVectors
 *(.text*)
 .text          0x08000188       0x6c c:/program files (x86)/gnu tools arm embedded/6 2017-q1-update/bin/../lib/gcc/arm-none-eabi/6.3.1/thumb/v7e-m/fpv4-sp/hard/crtbegin.o
 .text.SYSCFG_EXTILineConfig
                0x080001f4       0x2a ..\obj\stm32f4xx_syscfg.o
                0x080001f4                SYSCFG_EXTILineConfig
 *fill*         0x0800021e        0x2 
 .text.eMBInit  0x08000220       0xdc ..\obj\mb.o
                0x08000220                eMBInit
 .text.eMBEnable
                0x080002fc       0x24 ..\obj\mb.o
                0x080002fc                eMBEnable
 .text.eMBPoll  0x08000320       0xd4 ..\obj\mb.o
                0x08000320                eMBPoll
 .text.eMBFuncReadDiscreteInputs
                0x080003f4       0x6a ..\obj\mbfuncdisc.o
                0x080003f4                eMBFuncReadDiscreteInputs
 *fill*         0x0800045e        0x2 
 .text.xMBPortEventInit
                0x08000460       0x10 ..\obj\portevent.o
                0x08000460                xMBPortEventInit
 .text.xMBPortEventPost
                0x08000470       0x10 ..\obj\portevent.o
                0x08000470                xMBPortEventPost
 .text.xMBPortEventGet
                0x08000480       0x18 ..\obj\portevent.o
                0x08000480                xMBPortEventGet
 .text.eMBFuncReportSlaveID
                0x08000498       0x1c ..\obj\mbfuncother.o
                0x08000498                eMBFuncReportSlaveID
 .text.USART_DeInit
                0x080004b4       0xb0 ..\obj\stm32f4xx_usart.o
                0x080004b4                USART_DeInit
 .text.USART_Init
                0x08000564       0xb4 ..\obj\stm32f4xx_usart.o
                0x08000564                USART_Init
 .text.USART_ClockInit
                0x08000618       0x20 ..\obj\stm32f4xx_usart.o
                0x08000618                USART_ClockInit
 .text.USART_ClockStructInit
                0x08000638        0xc ..\obj\stm32f4xx_usart.o
                0x08000638                USART_ClockStructInit
 .text.USART_Cmd
                0x08000644       0x18 ..\obj\stm32f4xx_usart.o
                0x08000644                USART_Cmd
 .text.USART_SendData
                0x0800065c        0x8 ..\obj\stm32f4xx_usart.o
                0x0800065c                USART_SendData
 .text.USART_ReceiveData
                0x08000664        0x8 ..\obj\stm32f4xx_usart.o
                0x08000664                USART_ReceiveData
 .text.USART_ITConfig
                0x0800066c       0x32 ..\obj\stm32f4xx_usart.o
                0x0800066c                USART_ITConfig
 .text.USART_GetITStatus
                0x0800069e       0x40 ..\obj\stm32f4xx_usart.o
                0x0800069e                USART_GetITStatus
 .text.USART_ClearITPendingBit
                0x080006de        0xe ..\obj\stm32f4xx_usart.o
                0x080006de                USART_ClearITPendingBit
 .text.prveMBError2Exception
                0x080006ec       0x10 ..\obj\mbutils.o
                0x080006ec                prveMBError2Exception
 .text.DAC_Init
                0x080006fc       0x2c ..\obj\stm32f4xx_dac.o
                0x080006fc                DAC_Init
 .text.DAC_StructInit
                0x08000728        0xc ..\obj\stm32f4xx_dac.o
                0x08000728                DAC_StructInit
 .text.DAC_Cmd  0x08000734       0x20 ..\obj\stm32f4xx_dac.o
                0x08000734                DAC_Cmd
 .text.DAC_SetDualChannelData
                0x08000754       0x18 ..\obj\stm32f4xx_dac.o
                0x08000754                DAC_SetDualChannelData
 .text.Default_Handler
                0x0800076c        0x2 ..\obj\startup_stm32f4xx.o
                0x0800076c                RTC_Alarm_IRQHandler
                0x0800076c                HASH_RNG_IRQHandler
                0x0800076c                EXTI2_IRQHandler
                0x0800076c                TIM8_CC_IRQHandler
                0x0800076c                DebugMon_Handler
                0x0800076c                TIM1_CC_IRQHandler
                0x0800076c                DMA2_Stream5_IRQHandler
                0x0800076c                HardFault_Handler
                0x0800076c                DMA1_Stream5_IRQHandler
                0x0800076c                SysTick_Handler
                0x0800076c                PVD_IRQHandler
                0x0800076c                SDIO_IRQHandler
                0x0800076c                TAMP_STAMP_IRQHandler
                0x0800076c                PendSV_Handler
                0x0800076c                NMI_Handler
                0x0800076c                CAN2_RX1_IRQHandler
                0x0800076c                EXTI3_IRQHandler
                0x0800076c                TIM8_TRG_COM_TIM14_IRQHandler
                0x0800076c                TIM8_UP_TIM13_IRQHandler
                0x0800076c                I2C3_ER_IRQHandler
                0x0800076c                EXTI0_IRQHandler
                0x0800076c                I2C2_EV_IRQHandler
                0x0800076c                DMA1_Stream2_IRQHandler
                0x0800076c                CAN1_RX0_IRQHandler
                0x0800076c                FPU_IRQHandler
                0x0800076c                OTG_HS_WKUP_IRQHandler
                0x0800076c                UsageFault_Handler
                0x0800076c                CAN2_SCE_IRQHandler
                0x0800076c                DMA2_Stream2_IRQHandler
                0x0800076c                SPI1_IRQHandler
                0x0800076c                TIM6_DAC_IRQHandler
                0x0800076c                TIM1_BRK_TIM9_IRQHandler
                0x0800076c                DCMI_IRQHandler
                0x0800076c                CAN2_RX0_IRQHandler
                0x0800076c                DMA2_Stream3_IRQHandler
                0x0800076c                USART6_IRQHandler
                0x0800076c                CRYP_IRQHandler
                0x0800076c                CAN1_RX1_IRQHandler
                0x0800076c                UART5_IRQHandler
                0x0800076c                DMA2_Stream0_IRQHandler
                0x0800076c                TIM4_IRQHandler
                0x0800076c                I2C1_EV_IRQHandler
                0x0800076c                DMA1_Stream6_IRQHandler
                0x0800076c                UART4_IRQHandler
                0x0800076c                TIM3_IRQHandler
                0x0800076c                RCC_IRQHandler
                0x0800076c                TIM8_BRK_TIM12_IRQHandler
                0x0800076c                DMA1_Stream7_IRQHandler
                0x0800076c                CAN2_TX_IRQHandler
                0x0800076c                TIM5_IRQHandler
                0x0800076c                DMA2_Stream7_IRQHandler
                0x0800076c                I2C3_EV_IRQHandler
                0x0800076c                RTC_WKUP_IRQHandler
                0x0800076c                ETH_WKUP_IRQHandler
                0x0800076c                SPI2_IRQHandler
                0x0800076c                OTG_HS_EP1_IN_IRQHandler
                0x0800076c                MemManage_Handler
                0x0800076c                DMA1_Stream0_IRQHandler
                0x0800076c                CAN1_TX_IRQHandler
                0x0800076c                SVC_Handler
                0x0800076c                EXTI4_IRQHandler
                0x0800076c                FSMC_IRQHandler
                0x0800076c                ETH_IRQHandler
                0x0800076c                OTG_HS_EP1_OUT_IRQHandler
                0x0800076c                WWDG_IRQHandler
                0x0800076c                TIM2_IRQHandler
                0x0800076c                OTG_FS_WKUP_IRQHandler
                0x0800076c                TIM1_TRG_COM_TIM11_IRQHandler
                0x0800076c                OTG_HS_IRQHandler
                0x0800076c                EXTI1_IRQHandler
                0x0800076c                USART2_IRQHandler
                0x0800076c                I2C2_ER_IRQHandler
                0x0800076c                DMA2_Stream1_IRQHandler
                0x0800076c                CAN1_SCE_IRQHandler
                0x0800076c                FLASH_IRQHandler
                0x0800076c                DMA2_Stream4_IRQHandler
                0x0800076c                BusFault_Handler
                0x0800076c                USART1_IRQHandler
                0x0800076c                OTG_FS_IRQHandler
                0x0800076c                SPI3_IRQHandler
                0x0800076c                DMA1_Stream4_IRQHandler
                0x0800076c                I2C1_ER_IRQHandler
                0x0800076c                DMA2_Stream6_IRQHandler
                0x0800076c                DMA1_Stream3_IRQHandler
 *fill*         0x0800076e        0x2 
 .text.Default_Reset_Handler
                0x08000770       0x50 ..\obj\startup_stm32f4xx.o
                0x08000770                Default_Reset_Handler
                0x08000770                Reset_Handler
 .text.eMBFuncWriteHoldingRegister
                0x080007c0       0x2e ..\obj\mbfuncholding.o
                0x080007c0                eMBFuncWriteHoldingRegister
 .text.eMBFuncWriteMultipleHoldingRegister
                0x080007ee       0x4a ..\obj\mbfuncholding.o
                0x080007ee                eMBFuncWriteMultipleHoldingRegister
 .text.eMBFuncReadHoldingRegister
                0x08000838       0x58 ..\obj\mbfuncholding.o
                0x08000838                eMBFuncReadHoldingRegister
 .text.eMBFuncReadWriteMultipleHoldingRegister
                0x08000890       0x9c ..\obj\mbfuncholding.o
                0x08000890                eMBFuncReadWriteMultipleHoldingRegister
 .text.EXTI9_5_IRQHandler
                0x0800092c       0x48 ..\obj\main.o
                0x0800092c                EXTI9_5_IRQHandler
 .text.eMBRegHoldingCB
                0x08000974       0x70 ..\obj\main.o
                0x08000974                eMBRegHoldingCB
 .text.eMBRegCoilsCB
                0x080009e4        0x4 ..\obj\main.o
                0x080009e4                eMBRegCoilsCB
 .text.eMBRegDiscreteCB
                0x080009e8        0x4 ..\obj\main.o
                0x080009e8                eMBRegDiscreteCB
 .text.eMBRegInputCB
                0x080009ec        0x4 ..\obj\main.o
                0x080009ec                eMBRegInputCB
 .text.Configure_PC6
                0x080009f0       0x78 ..\obj\main.o
                0x080009f0                Configure_PC6
 .text.boardInit
                0x08000a68       0xcc ..\obj\main.o
                0x08000a68                boardInit
 .text.startup.main
                0x08000b34      0x298 ..\obj\main.o
                0x08000b34                main
 .text.usMBCRC16
                0x08000dcc       0x2c ..\obj\mbcrc.o
                0x08000dcc                usMBCRC16
 .text.RCC_GetClocksFreq
                0x08000df8       0x88 ..\obj\stm32f4xx_rcc.o
                0x08000df8                RCC_GetClocksFreq
 .text.RCC_AHB1PeriphClockCmd
                0x08000e80       0x18 ..\obj\stm32f4xx_rcc.o
                0x08000e80                RCC_AHB1PeriphClockCmd
 .text.RCC_APB1PeriphClockCmd
                0x08000e98       0x18 ..\obj\stm32f4xx_rcc.o
                0x08000e98                RCC_APB1PeriphClockCmd
 .text.RCC_APB2PeriphClockCmd
                0x08000eb0       0x18 ..\obj\stm32f4xx_rcc.o
                0x08000eb0                RCC_APB2PeriphClockCmd
 .text.RCC_APB1PeriphResetCmd
                0x08000ec8       0x18 ..\obj\stm32f4xx_rcc.o
                0x08000ec8                RCC_APB1PeriphResetCmd
 .text.RCC_APB2PeriphResetCmd
                0x08000ee0       0x18 ..\obj\stm32f4xx_rcc.o
                0x08000ee0                RCC_APB2PeriphResetCmd
 .text.initDAC  0x08000ef8       0x5c ..\obj\foc.o
                0x08000ef8                initDAC
 .text.focInit  0x08000f54      0x134 ..\obj\foc.o
                0x08000f54                focInit
 .text.mcFocSetAngle
                0x08001088       0x2a ..\obj\foc.o
                0x08001088                mcFocSetAngle
 .text.mcFocCalcCurrent
                0x080010b2       0x36 ..\obj\foc.o
                0x080010b2                mcFocCalcCurrent
 .text.mcClark  0x080010e8       0x28 ..\obj\foc.o
                0x080010e8                mcClark
 .text.mcPark   0x08001110       0x2a ..\obj\foc.o
                0x08001110                mcPark
 .text.mcInvPark
                0x0800113a       0x2a ..\obj\foc.o
                0x0800113a                mcInvPark
 .text.mcInvClark
                0x08001164       0x3c ..\obj\foc.o
                0x08001164                mcInvClark
 .text.adc_current_filter
                0x080011a0       0xd4 ..\obj\foc.o
                0x080011a0                adc_current_filter
 .text.ADC_IRQHandler
                0x08001274      0x310 ..\obj\foc.o
                0x08001274                ADC_IRQHandler
 .text.ADC_Init
                0x08001584       0x4c ..\obj\stm32f4xx_adc.o
                0x08001584                ADC_Init
 .text.ADC_StructInit
                0x080015d0       0x14 ..\obj\stm32f4xx_adc.o
                0x080015d0                ADC_StructInit
 .text.ADC_CommonInit
                0x080015e4       0x28 ..\obj\stm32f4xx_adc.o
                0x080015e4                ADC_CommonInit
 .text.ADC_CommonStructInit
                0x0800160c        0xc ..\obj\stm32f4xx_adc.o
                0x0800160c                ADC_CommonStructInit
 .text.ADC_Cmd  0x08001618       0x12 ..\obj\stm32f4xx_adc.o
                0x08001618                ADC_Cmd
 .text.ADC_RegularChannelConfig
                0x0800162a       0x8c ..\obj\stm32f4xx_adc.o
                0x0800162a                ADC_RegularChannelConfig
 .text.ADC_SoftwareStartConv
                0x080016b6        0xa ..\obj\stm32f4xx_adc.o
                0x080016b6                ADC_SoftwareStartConv
 .text.ADC_DMACmd
                0x080016c0       0x12 ..\obj\stm32f4xx_adc.o
                0x080016c0                ADC_DMACmd
 .text.ADC_DMARequestAfterLastTransferCmd
                0x080016d2       0x12 ..\obj\stm32f4xx_adc.o
                0x080016d2                ADC_DMARequestAfterLastTransferCmd
 .text.ADC_InjectedChannelConfig
                0x080016e4       0x58 ..\obj\stm32f4xx_adc.o
                0x080016e4                ADC_InjectedChannelConfig
 .text.ADC_InjectedSequencerLengthConfig
                0x0800173c       0x10 ..\obj\stm32f4xx_adc.o
                0x0800173c                ADC_InjectedSequencerLengthConfig
 .text.ADC_ExternalTrigInjectedConvConfig
                0x0800174c        0xc ..\obj\stm32f4xx_adc.o
                0x0800174c                ADC_ExternalTrigInjectedConvConfig
 .text.ADC_ExternalTrigInjectedConvEdgeConfig
                0x08001758        0xc ..\obj\stm32f4xx_adc.o
                0x08001758                ADC_ExternalTrigInjectedConvEdgeConfig
 .text.ADC_AutoInjectedConvCmd
                0x08001764       0x12 ..\obj\stm32f4xx_adc.o
                0x08001764                ADC_AutoInjectedConvCmd
 .text.ADC_InjectedDiscModeCmd
                0x08001776       0x12 ..\obj\stm32f4xx_adc.o
                0x08001776                ADC_InjectedDiscModeCmd
 .text.ADC_GetInjectedConversionValue
                0x08001788       0x1a ..\obj\stm32f4xx_adc.o
                0x08001788                ADC_GetInjectedConversionValue
 .text.ADC_ITConfig
                0x080017a2       0x18 ..\obj\stm32f4xx_adc.o
                0x080017a2                ADC_ITConfig
 .text.ADC_ClearITPendingBit
                0x080017ba        0x8 ..\obj\stm32f4xx_adc.o
                0x080017ba                ADC_ClearITPendingBit
 .text.eMBFuncReadInputRegister
                0x080017c2       0x58 ..\obj\mbfuncinput.o
                0x080017c2                eMBFuncReadInputRegister
 *fill*         0x0800181a        0x2 
 .text.encoderInitZ
                0x0800181c       0x80 ..\obj\encoder.o
                0x0800181c                encoderInitZ
 .text.initHall
                0x0800189c       0x3c ..\obj\encoder.o
                0x0800189c                initHall
 .text.iEncoderGetAbsPos
                0x080018d8        0xa ..\obj\encoder.o
                0x080018d8                iEncoderGetAbsPos
 .text.encoderAddOffset
                0x080018e2       0x20 ..\obj\encoder.o
                0x080018e2                encoderAddOffset
 *fill*         0x08001902        0x2 
 .text.EXTI15_10_IRQHandler
                0x08001904       0x34 ..\obj\encoder.o
                0x08001904                EXTI15_10_IRQHandler
 .text.readRawHallInput
                0x08001938       0x2c ..\obj\encoder.o
                0x08001938                readRawHallInput
 .text.readHallMap
                0x08001964       0x14 ..\obj\encoder.o
                0x08001964                readHallMap
 .text.readRawEncoderWithUVW
                0x08001978       0x9c ..\obj\encoder.o
                0x08001978                readRawEncoderWithUVW
 .text.createSinCosTable
                0x08001a14       0x5c ..\obj\encoder.o
                0x08001a14                createSinCosTable
 .text.fSinAngle
                0x08001a70       0x10 ..\obj\encoder.o
                0x08001a70                fSinAngle
 .text.fCosAngle
                0x08001a80       0x10 ..\obj\encoder.o
                0x08001a80                fCosAngle
 .text.initTim10
                0x08001a90       0xc0 ..\obj\encoder.o
                0x08001a90                initTim10
 .text.initEncoder
                0x08001b50      0x1ac ..\obj\encoder.o
                0x08001b50                initEncoder
 .text.TIM1_UP_TIM10_IRQHandler
                0x08001cfc       0x34 ..\obj\encoder.o
                0x08001cfc                TIM1_UP_TIM10_IRQHandler
 .text.GPIO_Init
                0x08001d30       0x9c ..\obj\stm32f4xx_gpio.o
                0x08001d30                GPIO_Init
 .text.GPIO_StructInit
                0x08001dcc       0x12 ..\obj\stm32f4xx_gpio.o
                0x08001dcc                GPIO_StructInit
 .text.GPIO_ReadInputData
                0x08001dde        0x6 ..\obj\stm32f4xx_gpio.o
                0x08001dde                GPIO_ReadInputData
 .text.GPIO_SetBits
                0x08001de4        0x4 ..\obj\stm32f4xx_gpio.o
                0x08001de4                GPIO_SetBits
 .text.GPIO_ResetBits
                0x08001de8        0x4 ..\obj\stm32f4xx_gpio.o
                0x08001de8                GPIO_ResetBits
 .text.GPIO_ToggleBits
                0x08001dec        0x8 ..\obj\stm32f4xx_gpio.o
                0x08001dec                GPIO_ToggleBits
 .text.GPIO_PinAFConfig
                0x08001df4       0x24 ..\obj\stm32f4xx_gpio.o
                0x08001df4                GPIO_PinAFConfig
 .text.xMBPortTimersInit
                0x08001e18       0x74 ..\obj\porttimer.o
                0x08001e18                xMBPortTimersInit
 .text.vMBPortTimersEnable
                0x08001e8c       0x1c ..\obj\porttimer.o
                0x08001e8c                vMBPortTimersEnable
 .text.vMBPortTimersDisable
                0x08001ea8        0xc ..\obj\porttimer.o
                0x08001ea8                vMBPortTimersDisable
 .text.TIM7_IRQHandler
                0x08001eb4       0x28 ..\obj\porttimer.o
                0x08001eb4                TIM7_IRQHandler
 .text.eMBRTUInit
                0x08001edc       0x3c ..\obj\mbrtu.o
                0x08001edc                eMBRTUInit
 .text.eMBRTUStart
                0x08001f18       0x1c ..\obj\mbrtu.o
                0x08001f18                eMBRTUStart
 .text.eMBRTUStop
                0x08001f34       0x14 ..\obj\mbrtu.o
                0x08001f34                eMBRTUStop
 .text.eMBRTUReceive
                0x08001f48       0x48 ..\obj\mbrtu.o
                0x08001f48                eMBRTUReceive
 .text.eMBRTUSend
                0x08001f90       0x68 ..\obj\mbrtu.o
                0x08001f90                eMBRTUSend
 .text.xMBRTUReceiveFSM
                0x08001ff8       0x68 ..\obj\mbrtu.o
                0x08001ff8                xMBRTUReceiveFSM
 .text.xMBRTUTransmitFSM
                0x08002060       0x58 ..\obj\mbrtu.o
                0x08002060                xMBRTUTransmitFSM
 .text.xMBRTUTimerT35Expired
                0x080020b8       0x2c ..\obj\mbrtu.o
                0x080020b8                xMBRTUTimerT35Expired
 .text.SystemInit
                0x080020e4       0xf8 ..\obj\system_stm32f4xx.o
                0x080020e4                SystemInit
 .text.SystemCoreClockUpdate
                0x080021dc       0x70 ..\obj\system_stm32f4xx.o
                0x080021dc                SystemCoreClockUpdate
 .text.DMA_Init
                0x0800224c       0x54 ..\obj\stm32f4xx_dma.o
                0x0800224c                DMA_Init
 .text.DMA_StructInit
                0x080022a0       0x22 ..\obj\stm32f4xx_dma.o
                0x080022a0                DMA_StructInit
 .text.DMA_Cmd  0x080022c2       0x12 ..\obj\stm32f4xx_dma.o
                0x080022c2                DMA_Cmd
 .text.vMBPortSerialEnable
                0x080022d4       0x54 ..\obj\portserial.o
                0x080022d4                vMBPortSerialEnable
 .text.xMBPortSerialInit
                0x08002328      0x128 ..\obj\portserial.o
                0x08002328                xMBPortSerialInit
 .text.USART3_IRQHandler
                0x08002450       0x70 ..\obj\portserial.o
                0x08002450                USART3_IRQHandler
 .text.xMBPortSerialPutByte
                0x080024c0       0x14 ..\obj\portserial.o
                0x080024c0                xMBPortSerialPutByte
 .text.xMBPortSerialGetByte
                0x080024d4       0x14 ..\obj\portserial.o
                0x080024d4                xMBPortSerialGetByte
 .text.eMBFuncReadCoils
                0x080024e8       0x6c ..\obj\mbfunccoils.o
                0x080024e8                eMBFuncReadCoils
 .text.eMBFuncWriteCoil
                0x08002554       0x4a ..\obj\mbfunccoils.o
                0x08002554                eMBFuncWriteCoil
 .text.eMBFuncWriteMultipleCoils
                0x0800259e       0x58 ..\obj\mbfunccoils.o
                0x0800259e                eMBFuncWriteMultipleCoils
 *fill*         0x080025f6        0x2 
 .text.EXTI_Init
                0x080025f8       0x74 ..\obj\stm32f4xx_exti.o
                0x080025f8                EXTI_Init
 .text.EXTI_GetITStatus
                0x0800266c       0x1c ..\obj\stm32f4xx_exti.o
                0x0800266c                EXTI_GetITStatus
 .text.EXTI_ClearITPendingBit
                0x08002688        0xc ..\obj\stm32f4xx_exti.o
                0x08002688                EXTI_ClearITPendingBit
 .text.NVIC_PriorityGroupConfig
                0x08002694       0x14 ..\obj\misc.o
                0x08002694                NVIC_PriorityGroupConfig
 .text.NVIC_Init
                0x080026a8       0x68 ..\obj\misc.o
                0x080026a8                NVIC_Init
 .text.svpwmInitGPIO
                0x08002710       0x94 ..\obj\svpwm.o
                0x08002710                svpwmInitGPIO
 .text.svpwmInitTIM
                0x080027a4      0x134 ..\obj\svpwm.o
                0x080027a4                svpwmInitTIM
 .text.RCC_Configuration_Adc1
                0x080028d8       0x20 ..\obj\svpwm.o
                0x080028d8                RCC_Configuration_Adc1
 .text.RCC_Configuration_Adc2
                0x080028f8       0x18 ..\obj\svpwm.o
                0x080028f8                RCC_Configuration_Adc2
 .text.GPIO_Configuration_Adc1
                0x08002910       0x60 ..\obj\svpwm.o
                0x08002910                GPIO_Configuration_Adc1
 .text.GPIO_Configuration_Adc2
                0x08002970       0x3c ..\obj\svpwm.o
                0x08002970                GPIO_Configuration_Adc2
 .text.DMAInit  0x080029ac       0x74 ..\obj\svpwm.o
                0x080029ac                DMAInit
 .text.svpwmInitADC
                0x08002a20      0x174 ..\obj\svpwm.o
                0x08002a20                svpwmInitADC
 .text.svpwmInit
                0x08002b94        0xe ..\obj\svpwm.o
                0x08002b94                svpwmInit
 .text.DMA1_Stream1_IRQHandler
                0x08002ba2        0x2 ..\obj\svpwm.o
                0x08002ba2                DMA1_Stream1_IRQHandler
 .text.mcFocSVPWM_TTHI
                0x08002ba4       0x90 ..\obj\svpwm.o
                0x08002ba4                mcFocSVPWM_TTHI
 .text.eMBASCIIInit
                0x08002c34       0x34 ..\obj\mbascii.o
                0x08002c34                eMBASCIIInit
 .text.eMBASCIIStart
                0x08002c68       0x20 ..\obj\mbascii.o
                0x08002c68                eMBASCIIStart
 .text.eMBASCIIStop
                0x08002c88       0x14 ..\obj\mbascii.o
                0x08002c88                eMBASCIIStop
 .text.eMBASCIIReceive
                0x08002c9c       0x5c ..\obj\mbascii.o
                0x08002c9c                eMBASCIIReceive
 .text.eMBASCIISend
                0x08002cf8       0x6c ..\obj\mbascii.o
                0x08002cf8                eMBASCIISend
 .text.xMBASCIIReceiveFSM
                0x08002d64       0xf4 ..\obj\mbascii.o
                0x08002d64                xMBASCIIReceiveFSM
 .text.xMBASCIITransmitFSM
                0x08002e58       0xbc ..\obj\mbascii.o
                0x08002e58                xMBASCIITransmitFSM
 .text.xMBASCIITimerT1SExpired
                0x08002f14       0x1c ..\obj\mbascii.o
                0x08002f14                xMBASCIITimerT1SExpired
 .text.pidInit_test
                0x08002f30       0x18 ..\obj\pid.o
                0x08002f30                pidInit_test
 .text.pidSetOutLimit_test
                0x08002f48        0xa ..\obj\pid.o
                0x08002f48                pidSetOutLimit_test
 .text.pidSetIntegralLimit_test
                0x08002f52        0x6 ..\obj\pid.o
                0x08002f52                pidSetIntegralLimit_test
 .text.pidTask_test
                0x08002f58       0x92 ..\obj\pid.o
                0x08002f58                pidTask_test
 .text.pidInit  0x08002fea       0x18 ..\obj\pid.o
                0x08002fea                pidInit
 .text.pidSetOutLimit
                0x08003002        0xa ..\obj\pid.o
                0x08003002                pidSetOutLimit
 .text.pidSetIntegralLimit
                0x0800300c        0xe ..\obj\pid.o
                0x0800300c                pidSetIntegralLimit
 .text.pidSetInputRange
                0x0800301a        0xe ..\obj\pid.o
                0x0800301a                pidSetInputRange
 .text.pidTask  0x08003028       0xcc ..\obj\pid.o
                0x08003028                pidTask
 .text.TI1_Config
                0x080030f4       0x36 ..\obj\stm32f4xx_tim.o
 .text.TI2_Config
                0x0800312a       0x3c ..\obj\stm32f4xx_tim.o
 *fill*         0x08003166        0x2 
 .text.TIM_DeInit
                0x08003168      0x16c ..\obj\stm32f4xx_tim.o
                0x08003168                TIM_DeInit
 .text.TIM_TimeBaseInit
                0x080032d4       0x7c ..\obj\stm32f4xx_tim.o
                0x080032d4                TIM_TimeBaseInit
 .text.TIM_TimeBaseStructInit
                0x08003350       0x12 ..\obj\stm32f4xx_tim.o
                0x08003350                TIM_TimeBaseStructInit
 .text.TIM_SetCounter
                0x08003362        0x4 ..\obj\stm32f4xx_tim.o
                0x08003362                TIM_SetCounter
 .text.TIM_ARRPreloadConfig
                0x08003366       0x18 ..\obj\stm32f4xx_tim.o
                0x08003366                TIM_ARRPreloadConfig
 .text.TIM_Cmd  0x0800337e       0x18 ..\obj\stm32f4xx_tim.o
                0x0800337e                TIM_Cmd
 *fill*         0x08003396        0x2 
 .text.TIM_OC1Init
                0x08003398       0x70 ..\obj\stm32f4xx_tim.o
                0x08003398                TIM_OC1Init
 .text.TIM_OC2Init
                0x08003408       0x80 ..\obj\stm32f4xx_tim.o
                0x08003408                TIM_OC2Init
 .text.TIM_OC3Init
                0x08003488       0x7c ..\obj\stm32f4xx_tim.o
                0x08003488                TIM_OC3Init
 .text.TIM_OC4Init
                0x08003504       0x64 ..\obj\stm32f4xx_tim.o
                0x08003504                TIM_OC4Init
 .text.TIM_OCStructInit
                0x08003568       0x14 ..\obj\stm32f4xx_tim.o
                0x08003568                TIM_OCStructInit
 .text.TIM_SetCompare1
                0x0800357c        0x4 ..\obj\stm32f4xx_tim.o
                0x0800357c                TIM_SetCompare1
 .text.TIM_SetCompare2
                0x08003580        0x4 ..\obj\stm32f4xx_tim.o
                0x08003580                TIM_SetCompare2
 .text.TIM_SetCompare3
                0x08003584        0x4 ..\obj\stm32f4xx_tim.o
                0x08003584                TIM_SetCompare3
 .text.TIM_OC1PreloadConfig
                0x08003588       0x10 ..\obj\stm32f4xx_tim.o
                0x08003588                TIM_OC1PreloadConfig
 .text.TIM_OC2PreloadConfig
                0x08003598       0x14 ..\obj\stm32f4xx_tim.o
                0x08003598                TIM_OC2PreloadConfig
 .text.TIM_OC3PreloadConfig
                0x080035ac       0x10 ..\obj\stm32f4xx_tim.o
                0x080035ac                TIM_OC3PreloadConfig
 .text.TIM_OC4PreloadConfig
                0x080035bc       0x14 ..\obj\stm32f4xx_tim.o
                0x080035bc                TIM_OC4PreloadConfig
 .text.TIM_ICStructInit
                0x080035d0       0x10 ..\obj\stm32f4xx_tim.o
                0x080035d0                TIM_ICStructInit
 .text.TIM_GetCapture1
                0x080035e0        0x4 ..\obj\stm32f4xx_tim.o
                0x080035e0                TIM_GetCapture1
 .text.TIM_SetIC1Prescaler
                0x080035e4       0x16 ..\obj\stm32f4xx_tim.o
                0x080035e4                TIM_SetIC1Prescaler
 .text.TIM_SetIC2Prescaler
                0x080035fa       0x1a ..\obj\stm32f4xx_tim.o
                0x080035fa                TIM_SetIC2Prescaler
 .text.TIM_SetIC3Prescaler
                0x08003614       0x16 ..\obj\stm32f4xx_tim.o
                0x08003614                TIM_SetIC3Prescaler
 .text.TIM_SetIC4Prescaler
                0x0800362a       0x1a ..\obj\stm32f4xx_tim.o
                0x0800362a                TIM_SetIC4Prescaler
 .text.TIM_ICInit
                0x08003644       0xae ..\obj\stm32f4xx_tim.o
                0x08003644                TIM_ICInit
 .text.TIM_BDTRConfig
                0x080036f2       0x22 ..\obj\stm32f4xx_tim.o
                0x080036f2                TIM_BDTRConfig
 .text.TIM_GetITStatus
                0x08003714       0x16 ..\obj\stm32f4xx_tim.o
                0x08003714                TIM_GetITStatus
 .text.TIM_ClearITPendingBit
                0x0800372a        0x8 ..\obj\stm32f4xx_tim.o
                0x0800372a                TIM_ClearITPendingBit
 .text.TIM_DMACmd
                0x08003732       0x12 ..\obj\stm32f4xx_tim.o
                0x08003732                TIM_DMACmd
 .text.TIM_ITConfig
                0x08003744        0x4 ..\obj\stm32f4xx_tim.o
                0x08003744                TIM_ITConfig
 .text.TIM_SelectOutputTrigger
                0x08003748       0x16 ..\obj\stm32f4xx_tim.o
                0x08003748                TIM_SelectOutputTrigger
 .text.TIM_EncoderInterfaceConfig
                0x0800375e       0x3e ..\obj\stm32f4xx_tim.o
                0x0800375e                TIM_EncoderInterfaceConfig
 .text.cosf     0x0800379c       0x90 c:/program files (x86)/gnu tools arm embedded/6 2017-q1-update/bin/../lib/gcc/arm-none-eabi/6.3.1/../../../../arm-none-eabi/lib/thumb/v7e-m/fpv4-sp/hard\libm.a(lib_a-sf_cos.o)
                0x0800379c                cosf
 .text.sinf     0x0800382c       0x94 c:/program files (x86)/gnu tools arm embedded/6 2017-q1-update/bin/../lib/gcc/arm-none-eabi/6.3.1/../../../../arm-none-eabi/lib/thumb/v7e-m/fpv4-sp/hard\libm.a(lib_a-sf_sin.o)
                0x0800382c                sinf
 .text.sqrtf    0x080038c0       0xac c:/program files (x86)/gnu tools arm embedded/6 2017-q1-update/bin/../lib/gcc/arm-none-eabi/6.3.1/../../../../arm-none-eabi/lib/thumb/v7e-m/fpv4-sp/hard\libm.a(lib_a-wf_sqrt.o)
                0x080038c0                sqrtf
 .text.__ieee754_rem_pio2f
                0x0800396c      0x290 c:/program files (x86)/gnu tools arm embedded/6 2017-q1-update/bin/../lib/gcc/arm-none-eabi/6.3.1/../../../../arm-none-eabi/lib/thumb/v7e-m/fpv4-sp/hard\libm.a(lib_a-ef_rem_pio2.o)
                0x0800396c                __ieee754_rem_pio2f
 .text.__ieee754_sqrtf
                0x08003bfc       0xa0 c:/program files (x86)/gnu tools arm embedded/6 2017-q1-update/bin/../lib/gcc/arm-none-eabi/6.3.1/../../../../arm-none-eabi/lib/thumb/v7e-m/fpv4-sp/hard\libm.a(lib_a-ef_sqrt.o)
                0x08003bfc                __ieee754_sqrtf
 .text.__kernel_cosf
                0x08003c9c      0x104 c:/program files (x86)/gnu tools arm embedded/6 2017-q1-update/bin/../lib/gcc/arm-none-eabi/6.3.1/../../../../arm-none-eabi/lib/thumb/v7e-m/fpv4-sp/hard\libm.a(lib_a-kf_cos.o)
                0x08003c9c                __kernel_cosf
 .text.__kernel_rem_pio2f
                0x08003da0      0x690 c:/program files (x86)/gnu tools arm embedded/6 2017-q1-update/bin/../lib/gcc/arm-none-eabi/6.3.1/../../../../arm-none-eabi/lib/thumb/v7e-m/fpv4-sp/hard\libm.a(lib_a-kf_rem_pio2.o)
                0x08003da0                __kernel_rem_pio2f
 .text.__kernel_sinf
                0x08004430       0x90 c:/program files (x86)/gnu tools arm embedded/6 2017-q1-update/bin/../lib/gcc/arm-none-eabi/6.3.1/../../../../arm-none-eabi/lib/thumb/v7e-m/fpv4-sp/hard\libm.a(lib_a-kf_sin.o)
                0x08004430                __kernel_sinf
 .text.matherr  0x080044c0        0x4 c:/program files (x86)/gnu tools arm embedded/6 2017-q1-update/bin/../lib/gcc/arm-none-eabi/6.3.1/../../../../arm-none-eabi/lib/thumb/v7e-m/fpv4-sp/hard\libm.a(lib_a-s_matherr.o)
                0x080044c0                matherr
 .text.fabsf    0x080044c4       0x10 c:/program files (x86)/gnu tools arm embedded/6 2017-q1-update/bin/../lib/gcc/arm-none-eabi/6.3.1/../../../../arm-none-eabi/lib/thumb/v7e-m/fpv4-sp/hard\libm.a(lib_a-sf_fabs.o)
                0x080044c4                fabsf
 .text.floorf   0x080044d4       0x90 c:/program files (x86)/gnu tools arm embedded/6 2017-q1-update/bin/../lib/gcc/arm-none-eabi/6.3.1/../../../../arm-none-eabi/lib/thumb/v7e-m/fpv4-sp/hard\libm.a(lib_a-sf_floor.o)
                0x080044d4                floorf
 .text.scalbnf  0x08004564       0xd0 c:/program files (x86)/gnu tools arm embedded/6 2017-q1-update/bin/../lib/gcc/arm-none-eabi/6.3.1/../../../../arm-none-eabi/lib/thumb/v7e-m/fpv4-sp/hard\libm.a(lib_a-sf_scalbn.o)
                0x08004564                scalbnf
 .text.copysignf
                0x08004634       0x18 c:/program files (x86)/gnu tools arm embedded/6 2017-q1-update/bin/../lib/gcc/arm-none-eabi/6.3.1/../../../../arm-none-eabi/lib/thumb/v7e-m/fpv4-sp/hard\libm.a(lib_a-sf_copysign.o)
                0x08004634                copysignf
 .text          0x0800464c      0x370 c:/program files (x86)/gnu tools arm embedded/6 2017-q1-update/bin/../lib/gcc/arm-none-eabi/6.3.1/thumb/v7e-m/fpv4-sp/hard\libgcc.a(_arm_addsubdf3.o)
                0x0800464c                __aeabi_drsub
                0x08004654                __aeabi_dsub
                0x08004654                __subdf3
                0x08004658                __aeabi_dadd
                0x08004658                __adddf3
                0x080048d0                __floatunsidf
                0x080048d0                __aeabi_ui2d
                0x080048f0                __floatsidf
                0x080048f0                __aeabi_i2d
                0x08004914                __aeabi_f2d
                0x08004914                __extendsfdf2
                0x08004950                __floatundidf
                0x08004950                __aeabi_ul2d
                0x08004960                __floatdidf
                0x08004960                __aeabi_l2d
 .text          0x080049bc      0x424 c:/program files (x86)/gnu tools arm embedded/6 2017-q1-update/bin/../lib/gcc/arm-none-eabi/6.3.1/thumb/v7e-m/fpv4-sp/hard\libgcc.a(_arm_muldivdf3.o)
                0x080049bc                __aeabi_dmul
                0x080049bc                __muldf3
                0x08004c10                __divdf3
                0x08004c10                __aeabi_ddiv
 .text          0x08004de0       0xa0 c:/program files (x86)/gnu tools arm embedded/6 2017-q1-update/bin/../lib/gcc/arm-none-eabi/6.3.1/thumb/v7e-m/fpv4-sp/hard\libgcc.a(_arm_truncdfsf2.o)
                0x08004de0                __truncdfsf2
                0x08004de0                __aeabi_d2f
 .text.__errno  0x08004e80        0xc c:/program files (x86)/gnu tools arm embedded/6 2017-q1-update/bin/../lib/gcc/arm-none-eabi/6.3.1/../../../../arm-none-eabi/lib/thumb/v7e-m/fpv4-sp/hard\libc.a(lib_a-errno.o)
                0x08004e80                __errno
 .text          0x08004e8c      0x134 c:/program files (x86)/gnu tools arm embedded/6 2017-q1-update/bin/../lib/gcc/arm-none-eabi/6.3.1/../../../../arm-none-eabi/lib/thumb/v7e-m/fpv4-sp/hard\libc.a(lib_a-memcpy.o)
                0x08004e8c                memcpy
 .text.memset   0x08004fc0       0x9c c:/program files (x86)/gnu tools arm embedded/6 2017-q1-update/bin/../lib/gcc/arm-none-eabi/6.3.1/../../../../arm-none-eabi/lib/thumb/v7e-m/fpv4-sp/hard\libc.a(lib_a-memset.o)
                0x08004fc0                memset
 .text.startup.register_fini
                0x0800505c       0x14 c:/program files (x86)/gnu tools arm embedded/6 2017-q1-update/bin/../lib/gcc/arm-none-eabi/6.3.1/../../../../arm-none-eabi/lib/thumb/v7e-m/fpv4-sp/hard\libc.a(lib_a-__call_atexit.o)
 .text.atexit   0x08005070        0xc c:/program files (x86)/gnu tools arm embedded/6 2017-q1-update/bin/../lib/gcc/arm-none-eabi/6.3.1/../../../../arm-none-eabi/lib/thumb/v7e-m/fpv4-sp/hard\libc.a(lib_a-atexit.o)
                0x08005070                atexit
 .text.__libc_fini_array
                0x0800507c       0x34 c:/program files (x86)/gnu tools arm embedded/6 2017-q1-update/bin/../lib/gcc/arm-none-eabi/6.3.1/../../../../arm-none-eabi/lib/thumb/v7e-m/fpv4-sp/hard\libc.a(lib_a-fini.o)
                0x0800507c                __libc_fini_array
 .text.__retarget_lock_acquire_recursive
                0x080050b0        0x4 c:/program files (x86)/gnu tools arm embedded/6 2017-q1-update/bin/../lib/gcc/arm-none-eabi/6.3.1/../../../../arm-none-eabi/lib/thumb/v7e-m/fpv4-sp/hard\libc.a(lib_a-lock.o)
                0x080050b0                __retarget_lock_acquire_recursive
 .text.__retarget_lock_release_recursive
                0x080050b4        0x4 c:/program files (x86)/gnu tools arm embedded/6 2017-q1-update/bin/../lib/gcc/arm-none-eabi/6.3.1/../../../../arm-none-eabi/lib/thumb/v7e-m/fpv4-sp/hard\libc.a(lib_a-lock.o)
                0x080050b4                __retarget_lock_release_recursive
 .text.__register_exitproc
                0x080050b8       0xc4 c:/program files (x86)/gnu tools arm embedded/6 2017-q1-update/bin/../lib/gcc/arm-none-eabi/6.3.1/../../../../arm-none-eabi/lib/thumb/v7e-m/fpv4-sp/hard\libc.a(lib_a-__atexit.o)
                0x080050b8                __register_exitproc
 *(.init)
 .init          0x0800517c        0x4 c:/program files (x86)/gnu tools arm embedded/6 2017-q1-update/bin/../lib/gcc/arm-none-eabi/6.3.1/thumb/v7e-m/fpv4-sp/hard/crti.o
                0x0800517c                _init
 .init          0x08005180        0x8 c:/program files (x86)/gnu tools arm embedded/6 2017-q1-update/bin/../lib/gcc/arm-none-eabi/6.3.1/thumb/v7e-m/fpv4-sp/hard/crtn.o
 *(.fini)
 .fini          0x08005188        0x4 c:/program files (x86)/gnu tools arm embedded/6 2017-q1-update/bin/../lib/gcc/arm-none-eabi/6.3.1/thumb/v7e-m/fpv4-sp/hard/crti.o
                0x08005188                _fini
 .fini          0x0800518c        0x8 c:/program files (x86)/gnu tools arm embedded/6 2017-q1-update/bin/../lib/gcc/arm-none-eabi/6.3.1/thumb/v7e-m/fpv4-sp/hard/crtn.o
 *crtbegin.o(.ctors)
 *crtbegin?.o(.ctors)
 *(EXCLUDE_FILE(*crtend.o *crtend?.o) .ctors)
 *(SORT(.ctors.*))
 *(.ctors)
 *crtbegin.o(.dtors)
 *crtbegin?.o(.dtors)
 *(EXCLUDE_FILE(*crtend.o *crtend?.o) .dtors)
 *(SORT(.dtors.*))
 *(.dtors)
 *(.rodata*)
 .rodata        0x08005194        0x8 ..\obj\mbutils.o
 .rodata        0x0800519c      0x200 ..\obj\mbcrc.o
 .rodata        0x0800539c       0xc0 ..\obj\encoder.o
 .rodata.sqrtf.str1.4
                0x0800545c        0x8 c:/program files (x86)/gnu tools arm embedded/6 2017-q1-update/bin/../lib/gcc/arm-none-eabi/6.3.1/../../../../arm-none-eabi/lib/thumb/v7e-m/fpv4-sp/hard\libm.a(lib_a-wf_sqrt.o)
                                  0x6 (size before relaxing)
 .rodata.npio2_hw
                0x08005464       0x80 c:/program files (x86)/gnu tools arm embedded/6 2017-q1-update/bin/../lib/gcc/arm-none-eabi/6.3.1/../../../../arm-none-eabi/lib/thumb/v7e-m/fpv4-sp/hard\libm.a(lib_a-ef_rem_pio2.o)
 .rodata.two_over_pi
                0x080054e4      0x318 c:/program files (x86)/gnu tools arm embedded/6 2017-q1-update/bin/../lib/gcc/arm-none-eabi/6.3.1/../../../../arm-none-eabi/lib/thumb/v7e-m/fpv4-sp/hard\libm.a(lib_a-ef_rem_pio2.o)
 .rodata.PIo2   0x080057fc       0x2c c:/program files (x86)/gnu tools arm embedded/6 2017-q1-update/bin/../lib/gcc/arm-none-eabi/6.3.1/../../../../arm-none-eabi/lib/thumb/v7e-m/fpv4-sp/hard\libm.a(lib_a-kf_rem_pio2.o)
 .rodata.init_jk
                0x08005828        0xc c:/program files (x86)/gnu tools arm embedded/6 2017-q1-update/bin/../lib/gcc/arm-none-eabi/6.3.1/../../../../arm-none-eabi/lib/thumb/v7e-m/fpv4-sp/hard\libm.a(lib_a-kf_rem_pio2.o)
 .rodata._global_impure_ptr
                0x08005834        0x4 c:/program files (x86)/gnu tools arm embedded/6 2017-q1-update/bin/../lib/gcc/arm-none-eabi/6.3.1/../../../../arm-none-eabi/lib/thumb/v7e-m/fpv4-sp/hard\libc.a(lib_a-impure.o)
                0x08005834                _global_impure_ptr
 *(.eh_fram e*)

.eh_frame       0x08005838        0x0
 .eh_frame      0x08005838        0x0 c:/program files (x86)/gnu tools arm embedded/6 2017-q1-update/bin/../lib/gcc/arm-none-eabi/6.3.1/thumb/v7e-m/fpv4-sp/hard/crtbegin.o

.glue_7         0x08005838        0x0
 .glue_7        0x08005838        0x0 linker stubs

.glue_7t        0x08005838        0x0
 .glue_7t       0x08005838        0x0 linker stubs

.vfp11_veneer   0x08005838        0x0
 .vfp11_veneer  0x08005838        0x0 linker stubs

.v4_bx          0x08005838        0x0
 .v4_bx         0x08005838        0x0 linker stubs

.iplt           0x08005838        0x0
 .iplt          0x08005838        0x0 c:/program files (x86)/gnu tools arm embedded/6 2017-q1-update/bin/../lib/gcc/arm-none-eabi/6.3.1/thumb/v7e-m/fpv4-sp/hard/crtbegin.o

.rel.dyn        0x08005838        0x0
 .rel.iplt      0x08005838        0x0 c:/program files (x86)/gnu tools arm embedded/6 2017-q1-update/bin/../lib/gcc/arm-none-eabi/6.3.1/thumb/v7e-m/fpv4-sp/hard/crtbegin.o

.ARM.extab
 *(.ARM.extab* .gnu.linkonce.armextab.*)
                0x08005838                __exidx_start = .

.ARM.exidx
 *(.ARM.exidx* .gnu.linkonce.armexidx.*)
                0x08005838                __exidx_end = .
                0x08005838                __etext = .
                0x08005838                _sidata = __etext

.data           0x20000000      0x4f4 load address 0x08005838
                0x20000000                __data_start__ = .
                0x20000000                _sdata = __data_start__
 *(vtable)
 *(.data*)
 .data          0x20000000       0x84 ..\obj\mb.o
 .data          0x20000084       0x10 ..\obj\stm32f4xx_rcc.o
 .data          0x20000094        0x4 ..\obj\encoder.o
 .data          0x20000098       0x14 ..\obj\system_stm32f4xx.o
                0x20000098                SystemCoreClock
                0x2000009c                AHBPrescTable
 .data.__fdlib_version
                0x200000ac        0x1 c:/program files (x86)/gnu tools arm embedded/6 2017-q1-update/bin/../lib/gcc/arm-none-eabi/6.3.1/../../../../arm-none-eabi/lib/thumb/v7e-m/fpv4-sp/hard\libm.a(lib_a-s_lib_ver.o)
                0x200000ac                __fdlib_version
 *fill*         0x200000ad        0x3 
 .data._impure_ptr
                0x200000b0        0x4 c:/program files (x86)/gnu tools arm embedded/6 2017-q1-update/bin/../lib/gcc/arm-none-eabi/6.3.1/../../../../arm-none-eabi/lib/thumb/v7e-m/fpv4-sp/hard\libc.a(lib_a-impure.o)
                0x200000b0                _impure_ptr
 *fill*         0x200000b4        0x4 
 .data.impure_data
                0x200000b8      0x428 c:/program files (x86)/gnu tools arm embedded/6 2017-q1-update/bin/../lib/gcc/arm-none-eabi/6.3.1/../../../../arm-none-eabi/lib/thumb/v7e-m/fpv4-sp/hard\libc.a(lib_a-impure.o)
 .data.__atexit_recursive_mutex
                0x200004e0        0x4 c:/program files (x86)/gnu tools arm embedded/6 2017-q1-update/bin/../lib/gcc/arm-none-eabi/6.3.1/../../../../arm-none-eabi/lib/thumb/v7e-m/fpv4-sp/hard\libc.a(lib_a-__call_atexit.o)
                0x200004e0                __atexit_recursive_mutex
                0x200004e4                . = ALIGN (0x4)
                0x200004e4                PROVIDE (__preinit_array_start, .)
 *(.preinit_array)
                0x200004e4                PROVIDE (__preinit_array_end, .)
                0x200004e4                . = ALIGN (0x4)
                0x200004e4                PROVIDE (__init_array_start, .)
 *(SORT(.init_array.*))
 .init_array.00000
                0x200004e4        0x4 c:/program files (x86)/gnu tools arm embedded/6 2017-q1-update/bin/../lib/gcc/arm-none-eabi/6.3.1/../../../../arm-none-eabi/lib/thumb/v7e-m/fpv4-sp/hard\libc.a(lib_a-__call_atexit.o)
 *(.init_array)
 .init_array    0x200004e8        0x4 c:/program files (x86)/gnu tools arm embedded/6 2017-q1-update/bin/../lib/gcc/arm-none-eabi/6.3.1/thumb/v7e-m/fpv4-sp/hard/crtbegin.o
                0x200004ec                PROVIDE (__init_array_end, .)
                0x200004ec                . = ALIGN (0x4)
                0x200004ec                PROVIDE (__fini_array_start, .)
 *(SORT(.fini_array.*))
 *(.fini_array)
 .fini_array    0x200004ec        0x4 c:/program files (x86)/gnu tools arm embedded/6 2017-q1-update/bin/../lib/gcc/arm-none-eabi/6.3.1/thumb/v7e-m/fpv4-sp/hard/crtbegin.o
                0x200004f0                PROVIDE (__fini_array_end, .)
 *(.jcr*)
 .jcr           0x200004f0        0x0 c:/program files (x86)/gnu tools arm embedded/6 2017-q1-update/bin/../lib/gcc/arm-none-eabi/6.3.1/thumb/v7e-m/fpv4-sp/hard/crtbegin.o
 .jcr           0x200004f0        0x4 c:/program files (x86)/gnu tools arm embedded/6 2017-q1-update/bin/../lib/gcc/arm-none-eabi/6.3.1/thumb/v7e-m/fpv4-sp/hard/crtend.o
                0x200004f4                . = ALIGN (0x4)
                0x200004f4                __data_end__ = .
                0x200004f4                _edata = __data_end__

.igot.plt       0x200004f4        0x0 load address 0x08005d2c
 .igot.plt      0x200004f4        0x0 c:/program files (x86)/gnu tools arm embedded/6 2017-q1-update/bin/../lib/gcc/arm-none-eabi/6.3.1/thumb/v7e-m/fpv4-sp/hard/crtbegin.o

.bss            0x200004f4     0xa048 load address 0x08005d2c
                0x200004f4                . = ALIGN (0x4)
                0x200004f4                __bss_start__ = .
                0x200004f4                _sbss = __bss_start__
 *(.bss*)
 .bss           0x200004f4       0x1c c:/program files (x86)/gnu tools arm embedded/6 2017-q1-update/bin/../lib/gcc/arm-none-eabi/6.3.1/thumb/v7e-m/fpv4-sp/hard/crtbegin.o
 .bss           0x20000510       0x23 ..\obj\mb.o
 .bss           0x20000533        0x2 ..\obj\portevent.o
 *fill*         0x20000535        0x1 
 .bss           0x20000536       0x22 ..\obj\mbfuncother.o
 .bss           0x20000558       0x30 ..\obj\main.o
                0x2000055c                sp_counter
 .bss           0x20000588       0x98 ..\obj\foc.o
 .bss           0x20000620     0x9c4c ..\obj\encoder.o
                0x2000a268                uwTIM10PulseLength
 .bss           0x2000a26c        0xb ..\obj\mbrtu.o
 *fill*         0x2000a277        0x1 
 .bss           0x2000a278        0xd ..\obj\mbascii.o
 *(COMMON)
 *fill*         0x2000a285        0x3 
 COMMON         0x2000a288       0x14 ..\obj\mb.o
                0x2000a288                pxMBFrameCBTransmitterEmpty
                0x2000a28c                pxMBPortCBTimerExpired
                0x2000a290                pxMBFrameCBByteReceived
                0x2000a294                pxMBFrameCBTransmitFSMCur
                0x2000a298                pxMBFrameCBReceiveFSMCur
 COMMON         0x2000a29c       0xf0 ..\obj\main.o
                0x2000a29c                stFoc
 COMMON         0x2000a38c       0x8c ..\obj\foc.o
                0x2000a38c                pidPos
                0x2000a3c0                sp_speed
                0x2000a3c4                pv_speed
                0x2000a3c8                pidSpeed
                0x2000a3fc                ADC_values
                0x2000a40c                enc_delta
                0x2000a40e                ai1
                0x2000a410                ai0
                0x2000a414                ai0_filtered_value
 COMMON         0x2000a418      0x100 ..\obj\mbrtu.o
                0x2000a418                ucRTUBuf
 COMMON         0x2000a518       0x21 c:/program files (x86)/gnu tools arm embedded/6 2017-q1-update/bin/../lib/gcc/arm-none-eabi/6.3.1/../../../../arm-none-eabi/lib/thumb/v7e-m/fpv4-sp/hard\libc.a(lib_a-lock.o)
                0x2000a518                __lock___atexit_recursive_mutex
                0x2000a51c                __lock___arc4random_mutex
                0x2000a520                __lock___env_recursive_mutex
                0x2000a524                __lock___sinit_recursive_mutex
                0x2000a528                __lock___malloc_recursive_mutex
                0x2000a52c                __lock___at_quick_exit_mutex
                0x2000a530                __lock___dd_hash_mutex
                0x2000a534                __lock___tz_mutex
                0x2000a538                __lock___sfp_recursive_mutex
                0x2000a53c                . = ALIGN (0x4)
 *fill*         0x2000a539        0x3 
                0x2000a53c                __bss_end__ = .
                0x2000a53c                _ebss = __bss_end__

.heap           0x2000a53c        0x0
                0x2000a53c                __end__ = .
                0x2000a53c                _end = __end__
                0x2000a53c                end = __end__
 *(.heap*)
                0x2000a53c                __HeapLimit = .

.co_stack       0x2000a53c      0x804 load address 0x0800fd74
                0x2000a540                . = ALIGN (0x8)
 *fill*         0x2000a53c        0x4 
 *(.co_stack .co_stack.*)
 .co_stack      0x2000a540      0x800 ..\obj\startup_stm32f4xx.o
                0x2000a540                pulStack
                0x20020000                __StackTop = (ORIGIN (ram) + LENGTH (ram))
                0x2001f7fc                __StackLimit = (__StackTop - SIZEOF (.co_stack))
                0x20020000                PROVIDE (__stack, __StackTop)
                0x00000001                ASSERT ((__StackLimit >= __HeapLimit), region ram  overflowed with stack)
LOAD ..\obj\stm32f4xx_syscfg.o
LOAD ..\obj\mb.o
LOAD ..\obj\mbfuncdisc.o
LOAD ..\obj\portevent.o
LOAD ..\obj\mbfuncother.o
LOAD ..\obj\stm32f4xx_usart.o
LOAD ..\obj\stm32f4xx_can.o
LOAD ..\obj\mbutils.o
LOAD ..\obj\stm32f4xx_dac.o
LOAD ..\obj\startup_stm32f4xx.o
LOAD ..\obj\mbfuncholding.o
LOAD ..\obj\main.o
LOAD ..\obj\mbcrc.o
LOAD ..\obj\stm32f4xx_rcc.o
LOAD ..\obj\foc.o
LOAD ..\obj\stm32f4xx_adc.o
LOAD ..\obj\mbfuncinput.o
LOAD ..\obj\encoder.o
LOAD ..\obj\mbfuncdiag.o
LOAD ..\obj\stm32f4xx_gpio.o
LOAD ..\obj\porttimer.o
LOAD ..\obj\mbrtu.o
LOAD ..\obj\system_stm32f4xx.o
LOAD ..\obj\syscalls.o
LOAD ..\obj\stm32f4xx_dma.o
LOAD ..\obj\port.o
LOAD ..\obj\portserial.o
LOAD ..\obj\mbfunccoils.o
LOAD ..\obj\stm32f4xx_exti.o
LOAD ..\obj\misc.o
LOAD ..\obj\svpwm.o
LOAD ..\obj\mbtcp.o
LOAD ..\obj\mbascii.o
LOAD ..\obj\pid.o
LOAD ..\obj\stm32f4xx_tim.o
LOAD c:/program files (x86)/gnu tools arm embedded/6 2017-q1-update/bin/../lib/gcc/arm-none-eabi/6.3.1/../../../../arm-none-eabi/lib/thumb/v7e-m/fpv4-sp/hard\libm.a
LOAD c:/program files (x86)/gnu tools arm embedded/6 2017-q1-update/bin/../lib/gcc/arm-none-eabi/6.3.1/thumb/v7e-m/fpv4-sp/hard\libgcc.a
LOAD c:/program files (x86)/gnu tools arm embedded/6 2017-q1-update/bin/../lib/gcc/arm-none-eabi/6.3.1/../../../../arm-none-eabi/lib/thumb/v7e-m/fpv4-sp/hard\libc.a
START GROUP
LOAD c:/program files (x86)/gnu tools arm embedded/6 2017-q1-update/bin/../lib/gcc/arm-none-eabi/6.3.1/thumb/v7e-m/fpv4-sp/hard\libgcc.a
LOAD c:/program files (x86)/gnu tools arm embedded/6 2017-q1-update/bin/../lib/gcc/arm-none-eabi/6.3.1/../../../../arm-none-eabi/lib/thumb/v7e-m/fpv4-sp/hard\libg.a
LOAD c:/program files (x86)/gnu tools arm embedded/6 2017-q1-update/bin/../lib/gcc/arm-none-eabi/6.3.1/../../../../arm-none-eabi/lib/thumb/v7e-m/fpv4-sp/hard\libc.a
END GROUP
LOAD c:/program files (x86)/gnu tools arm embedded/6 2017-q1-update/bin/../lib/gcc/arm-none-eabi/6.3.1/thumb/v7e-m/fpv4-sp/hard/crtend.o
LOAD c:/program files (x86)/gnu tools arm embedded/6 2017-q1-update/bin/../lib/gcc/arm-none-eabi/6.3.1/thumb/v7e-m/fpv4-sp/hard/crtn.o
OUTPUT(main.elf elf32-littlearm)

.ARM.attributes
                0x00000000       0x30
 .ARM.attributes
                0x00000000       0x22 c:/program files (x86)/gnu tools arm embedded/6 2017-q1-update/bin/../lib/gcc/arm-none-eabi/6.3.1/thumb/v7e-m/fpv4-sp/hard/crti.o
 .ARM.attributes
                0x00000022       0x34 c:/program files (x86)/gnu tools arm embedded/6 2017-q1-update/bin/../lib/gcc/arm-none-eabi/6.3.1/thumb/v7e-m/fpv4-sp/hard/crtbegin.o
 .ARM.attributes
                0x00000056       0x39 ..\obj\stm32f4xx_syscfg.o
 .ARM.attributes
                0x0000008f       0x39 ..\obj\mb.o
 .ARM.attributes
                0x000000c8       0x39 ..\obj\mbfuncdisc.o
 .ARM.attributes
                0x00000101       0x39 ..\obj\portevent.o
 .ARM.attributes
                0x0000013a       0x39 ..\obj\mbfuncother.o
 .ARM.attributes
                0x00000173       0x39 ..\obj\stm32f4xx_usart.o
 .ARM.attributes
                0x000001ac       0x39 ..\obj\mbutils.o
 .ARM.attributes
                0x000001e5       0x39 ..\obj\stm32f4xx_dac.o
 .ARM.attributes
                0x0000021e       0x39 ..\obj\startup_stm32f4xx.o
 .ARM.attributes
                0x00000257       0x39 ..\obj\mbfuncholding.o
 .ARM.attributes
                0x00000290       0x39 ..\obj\main.o
 .ARM.attributes
                0x000002c9       0x39 ..\obj\mbcrc.o
 .ARM.attributes
                0x00000302       0x39 ..\obj\stm32f4xx_rcc.o
 .ARM.attributes
                0x0000033b       0x39 ..\obj\foc.o
 .ARM.attributes
                0x00000374       0x39 ..\obj\stm32f4xx_adc.o
 .ARM.attributes
                0x000003ad       0x39 ..\obj\mbfuncinput.o
 .ARM.attributes
                0x000003e6       0x39 ..\obj\encoder.o
 .ARM.attributes
                0x0000041f       0x39 ..\obj\stm32f4xx_gpio.o
 .ARM.attributes
                0x00000458       0x39 ..\obj\porttimer.o
 .ARM.attributes
                0x00000491       0x39 ..\obj\mbrtu.o
 .ARM.attributes
                0x000004ca       0x39 ..\obj\system_stm32f4xx.o
 .ARM.attributes
                0x00000503       0x39 ..\obj\stm32f4xx_dma.o
 .ARM.attributes
                0x0000053c       0x39 ..\obj\portserial.o
 .ARM.attributes
                0x00000575       0x39 ..\obj\mbfunccoils.o
 .ARM.attributes
                0x000005ae       0x39 ..\obj\stm32f4xx_exti.o
 .ARM.attributes
                0x000005e7       0x39 ..\obj\misc.o
 .ARM.attributes
                0x00000620       0x39 ..\obj\svpwm.o
 .ARM.attributes
                0x00000659       0x39 ..\obj\mbascii.o
 .ARM.attributes
                0x00000692       0x39 ..\obj\pid.o
 .ARM.attributes
                0x000006cb       0x39 ..\obj\stm32f4xx_tim.o
 .ARM.attributes
                0x00000704       0x34 c:/program files (x86)/gnu tools arm embedded/6 2017-q1-update/bin/../lib/gcc/arm-none-eabi/6.3.1/../../../../arm-none-eabi/lib/thumb/v7e-m/fpv4-sp/hard\libm.a(lib_a-sf_cos.o)
 .ARM.attributes
                0x00000738       0x34 c:/program files (x86)/gnu tools arm embedded/6 2017-q1-update/bin/../lib/gcc/arm-none-eabi/6.3.1/../../../../arm-none-eabi/lib/thumb/v7e-m/fpv4-sp/hard\libm.a(lib_a-sf_sin.o)
 .ARM.attributes
                0x0000076c       0x34 c:/program files (x86)/gnu tools arm embedded/6 2017-q1-update/bin/../lib/gcc/arm-none-eabi/6.3.1/../../../../arm-none-eabi/lib/thumb/v7e-m/fpv4-sp/hard\libm.a(lib_a-wf_sqrt.o)
 .ARM.attributes
                0x000007a0       0x34 c:/program files (x86)/gnu tools arm embedded/6 2017-q1-update/bin/../lib/gcc/arm-none-eabi/6.3.1/../../../../arm-none-eabi/lib/thumb/v7e-m/fpv4-sp/hard\libm.a(lib_a-ef_rem_pio2.o)
 .ARM.attributes
                0x000007d4       0x34 c:/program files (x86)/gnu tools arm embedded/6 2017-q1-update/bin/../lib/gcc/arm-none-eabi/6.3.1/../../../../arm-none-eabi/lib/thumb/v7e-m/fpv4-sp/hard\libm.a(lib_a-ef_sqrt.o)
 .ARM.attributes
                0x00000808       0x34 c:/program files (x86)/gnu tools arm embedded/6 2017-q1-update/bin/../lib/gcc/arm-none-eabi/6.3.1/../../../../arm-none-eabi/lib/thumb/v7e-m/fpv4-sp/hard\libm.a(lib_a-kf_cos.o)
 .ARM.attributes
                0x0000083c       0x34 c:/program files (x86)/gnu tools arm embedded/6 2017-q1-update/bin/../lib/gcc/arm-none-eabi/6.3.1/../../../../arm-none-eabi/lib/thumb/v7e-m/fpv4-sp/hard\libm.a(lib_a-kf_rem_pio2.o)
 .ARM.attributes
                0x00000870       0x34 c:/program files (x86)/gnu tools arm embedded/6 2017-q1-update/bin/../lib/gcc/arm-none-eabi/6.3.1/../../../../arm-none-eabi/lib/thumb/v7e-m/fpv4-sp/hard\libm.a(lib_a-kf_sin.o)
 .ARM.attributes
                0x000008a4       0x34 c:/program files (x86)/gnu tools arm embedded/6 2017-q1-update/bin/../lib/gcc/arm-none-eabi/6.3.1/../../../../arm-none-eabi/lib/thumb/v7e-m/fpv4-sp/hard\libm.a(lib_a-s_lib_ver.o)
 .ARM.attributes
                0x000008d8       0x34 c:/program files (x86)/gnu tools arm embedded/6 2017-q1-update/bin/../lib/gcc/arm-none-eabi/6.3.1/../../../../arm-none-eabi/lib/thumb/v7e-m/fpv4-sp/hard\libm.a(lib_a-s_matherr.o)
 .ARM.attributes
                0x0000090c       0x34 c:/program files (x86)/gnu tools arm embedded/6 2017-q1-update/bin/../lib/gcc/arm-none-eabi/6.3.1/../../../../arm-none-eabi/lib/thumb/v7e-m/fpv4-sp/hard\libm.a(lib_a-sf_fabs.o)
 .ARM.attributes
                0x00000940       0x34 c:/program files (x86)/gnu tools arm embedded/6 2017-q1-update/bin/../lib/gcc/arm-none-eabi/6.3.1/../../../../arm-none-eabi/lib/thumb/v7e-m/fpv4-sp/hard\libm.a(lib_a-sf_floor.o)
 .ARM.attributes
                0x00000974       0x34 c:/program files (x86)/gnu tools arm embedded/6 2017-q1-update/bin/../lib/gcc/arm-none-eabi/6.3.1/../../../../arm-none-eabi/lib/thumb/v7e-m/fpv4-sp/hard\libm.a(lib_a-sf_scalbn.o)
 .ARM.attributes
                0x000009a8       0x34 c:/program files (x86)/gnu tools arm embedded/6 2017-q1-update/bin/../lib/gcc/arm-none-eabi/6.3.1/../../../../arm-none-eabi/lib/thumb/v7e-m/fpv4-sp/hard\libm.a(lib_a-sf_copysign.o)
 .ARM.attributes
                0x000009dc       0x22 c:/program files (x86)/gnu tools arm embedded/6 2017-q1-update/bin/../lib/gcc/arm-none-eabi/6.3.1/thumb/v7e-m/fpv4-sp/hard\libgcc.a(_arm_addsubdf3.o)
 .ARM.attributes
                0x000009fe       0x22 c:/program files (x86)/gnu tools arm embedded/6 2017-q1-update/bin/../lib/gcc/arm-none-eabi/6.3.1/thumb/v7e-m/fpv4-sp/hard\libgcc.a(_arm_muldivdf3.o)
 .ARM.attributes
                0x00000a20       0x22 c:/program files (x86)/gnu tools arm embedded/6 2017-q1-update/bin/../lib/gcc/arm-none-eabi/6.3.1/thumb/v7e-m/fpv4-sp/hard\libgcc.a(_arm_truncdfsf2.o)
 .ARM.attributes
                0x00000a42       0x34 c:/program files (x86)/gnu tools arm embedded/6 2017-q1-update/bin/../lib/gcc/arm-none-eabi/6.3.1/../../../../arm-none-eabi/lib/thumb/v7e-m/fpv4-sp/hard\libc.a(lib_a-errno.o)
 .ARM.attributes
                0x00000a76       0x34 c:/program files (x86)/gnu tools arm embedded/6 2017-q1-update/bin/../lib/gcc/arm-none-eabi/6.3.1/../../../../arm-none-eabi/lib/thumb/v7e-m/fpv4-sp/hard\libc.a(lib_a-impure.o)
 .ARM.attributes
                0x00000aaa       0x20 c:/program files (x86)/gnu tools arm embedded/6 2017-q1-update/bin/../lib/gcc/arm-none-eabi/6.3.1/../../../../arm-none-eabi/lib/thumb/v7e-m/fpv4-sp/hard\libc.a(lib_a-memcpy.o)
 .ARM.attributes
                0x00000aca       0x34 c:/program files (x86)/gnu tools arm embedded/6 2017-q1-update/bin/../lib/gcc/arm-none-eabi/6.3.1/../../../../arm-none-eabi/lib/thumb/v7e-m/fpv4-sp/hard\libc.a(lib_a-memset.o)
 .ARM.attributes
                0x00000afe       0x34 c:/program files (x86)/gnu tools arm embedded/6 2017-q1-update/bin/../lib/gcc/arm-none-eabi/6.3.1/../../../../arm-none-eabi/lib/thumb/v7e-m/fpv4-sp/hard\libc.a(lib_a-__call_atexit.o)
 .ARM.attributes
                0x00000b32       0x34 c:/program files (x86)/gnu tools arm embedded/6 2017-q1-update/bin/../lib/gcc/arm-none-eabi/6.3.1/../../../../arm-none-eabi/lib/thumb/v7e-m/fpv4-sp/hard\libc.a(lib_a-atexit.o)
 .ARM.attributes
                0x00000b66       0x34 c:/program files (x86)/gnu tools arm embedded/6 2017-q1-update/bin/../lib/gcc/arm-none-eabi/6.3.1/../../../../arm-none-eabi/lib/thumb/v7e-m/fpv4-sp/hard\libc.a(lib_a-fini.o)
 .ARM.attributes
                0x00000b9a       0x34 c:/program files (x86)/gnu tools arm embedded/6 2017-q1-update/bin/../lib/gcc/arm-none-eabi/6.3.1/../../../../arm-none-eabi/lib/thumb/v7e-m/fpv4-sp/hard\libc.a(lib_a-lock.o)
 .ARM.attributes
                0x00000bce       0x34 c:/program files (x86)/gnu tools arm embedded/6 2017-q1-update/bin/../lib/gcc/arm-none-eabi/6.3.1/../../../../arm-none-eabi/lib/thumb/v7e-m/fpv4-sp/hard\libc.a(lib_a-__atexit.o)
 .ARM.attributes
                0x00000c02       0x34 c:/program files (x86)/gnu tools arm embedded/6 2017-q1-update/bin/../lib/gcc/arm-none-eabi/6.3.1/thumb/v7e-m/fpv4-sp/hard/crtend.o
 .ARM.attributes
                0x00000c36       0x22 c:/program files (x86)/gnu tools arm embedded/6 2017-q1-update/bin/../lib/gcc/arm-none-eabi/6.3.1/thumb/v7e-m/fpv4-sp/hard/crtn.o

.comment        0x00000000       0x7f
 .comment       0x00000000       0x7f ..\obj\stm32f4xx_syscfg.o
                                 0x80 (size before relaxing)
 .comment       0x0000007f       0x80 ..\obj\mb.o
 .comment       0x0000007f       0x80 ..\obj\mbfuncdisc.o
 .comment       0x0000007f       0x80 ..\obj\portevent.o
 .comment       0x0000007f       0x80 ..\obj\mbfuncother.o
 .comment       0x0000007f       0x80 ..\obj\stm32f4xx_usart.o
 .comment       0x0000007f       0x80 ..\obj\mbutils.o
 .comment       0x0000007f       0x80 ..\obj\stm32f4xx_dac.o
 .comment       0x0000007f       0x80 ..\obj\startup_stm32f4xx.o
 .comment       0x0000007f       0x80 ..\obj\mbfuncholding.o
 .comment       0x0000007f       0x80 ..\obj\main.o
 .comment       0x0000007f       0x80 ..\obj\mbcrc.o
 .comment       0x0000007f       0x80 ..\obj\stm32f4xx_rcc.o
 .comment       0x0000007f       0x80 ..\obj\foc.o
 .comment       0x0000007f       0x80 ..\obj\stm32f4xx_adc.o
 .comment       0x0000007f       0x80 ..\obj\mbfuncinput.o
 .comment       0x0000007f       0x80 ..\obj\encoder.o
 .comment       0x0000007f       0x80 ..\obj\stm32f4xx_gpio.o
 .comment       0x0000007f       0x80 ..\obj\porttimer.o
 .comment       0x0000007f       0x80 ..\obj\mbrtu.o
 .comment       0x0000007f       0x80 ..\obj\system_stm32f4xx.o
 .comment       0x0000007f       0x80 ..\obj\stm32f4xx_dma.o
 .comment       0x0000007f       0x80 ..\obj\portserial.o
 .comment       0x0000007f       0x80 ..\obj\mbfunccoils.o
 .comment       0x0000007f       0x80 ..\obj\stm32f4xx_exti.o
 .comment       0x0000007f       0x80 ..\obj\misc.o
 .comment       0x0000007f       0x80 ..\obj\svpwm.o
 .comment       0x0000007f       0x80 ..\obj\mbascii.o
 .comment       0x0000007f       0x80 ..\obj\pid.o
 .comment       0x0000007f       0x80 ..\obj\stm32f4xx_tim.o

.debug_info     0x00000000    0x16746
 .debug_info    0x00000000      0x2c1 ..\obj\stm32f4xx_syscfg.o
 .debug_info    0x000002c1      0xf3d ..\obj\mb.o
 .debug_info    0x000011fe      0xad5 ..\obj\mbfuncdisc.o
 .debug_info    0x00001cd3      0x1d9 ..\obj\portevent.o
 .debug_info    0x00001eac      0xb35 ..\obj\mbfuncother.o
 .debug_info    0x000029e1      0xaaf ..\obj\stm32f4xx_usart.o
 .debug_info    0x00003490      0xb56 ..\obj\mbutils.o
 .debug_info    0x00003fe6      0x68e ..\obj\stm32f4xx_dac.o
 .debug_info    0x00004674      0x121 ..\obj\startup_stm32f4xx.o
 .debug_info    0x00004795      0xd1a ..\obj\mbfuncholding.o
 .debug_info    0x000054af     0x1512 ..\obj\main.o
 .debug_info    0x000069c1      0x191 ..\obj\mbcrc.o
 .debug_info    0x00006b52      0xca3 ..\obj\stm32f4xx_rcc.o
 .debug_info    0x000077f5     0x1a55 ..\obj\foc.o
 .debug_info    0x0000924a      0xc7e ..\obj\stm32f4xx_adc.o
 .debug_info    0x00009ec8      0xac6 ..\obj\mbfuncinput.o
 .debug_info    0x0000a98e     0x1575 ..\obj\encoder.o
 .debug_info    0x0000bf03      0x712 ..\obj\stm32f4xx_gpio.o
 .debug_info    0x0000c615      0x836 ..\obj\porttimer.o
 .debug_info    0x0000ce4b      0xf30 ..\obj\mbrtu.o
 .debug_info    0x0000dd7b      0x5e9 ..\obj\system_stm32f4xx.o
 .debug_info    0x0000e364      0x732 ..\obj\stm32f4xx_dma.o
 .debug_info    0x0000ea96      0xca1 ..\obj\portserial.o
 .debug_info    0x0000f737      0xc54 ..\obj\mbfunccoils.o
 .debug_info    0x0001038b      0x365 ..\obj\stm32f4xx_exti.o
 .debug_info    0x000106f0      0x54d ..\obj\misc.o
 .debug_info    0x00010c3d     0x1dae ..\obj\svpwm.o
 .debug_info    0x000129eb     0x111e ..\obj\mbascii.o
 .debug_info    0x00013b09      0xc30 ..\obj\pid.o
 .debug_info    0x00014739     0x200d ..\obj\stm32f4xx_tim.o

.debug_abbrev   0x00000000     0x40c6
 .debug_abbrev  0x00000000      0x173 ..\obj\stm32f4xx_syscfg.o
 .debug_abbrev  0x00000173      0x2f7 ..\obj\mb.o
 .debug_abbrev  0x0000046a      0x238 ..\obj\mbfuncdisc.o
 .debug_abbrev  0x000006a2       0xeb ..\obj\portevent.o
 .debug_abbrev  0x0000078d      0x222 ..\obj\mbfuncother.o
 .debug_abbrev  0x000009af      0x1d8 ..\obj\stm32f4xx_usart.o
 .debug_abbrev  0x00000b87      0x225 ..\obj\mbutils.o
 .debug_abbrev  0x00000dac      0x231 ..\obj\stm32f4xx_dac.o
 .debug_abbrev  0x00000fdd       0xeb ..\obj\startup_stm32f4xx.o
 .debug_abbrev  0x000010c8      0x238 ..\obj\mbfuncholding.o
 .debug_abbrev  0x00001300      0x35f ..\obj\main.o
 .debug_abbrev  0x0000165f       0xc9 ..\obj\mbcrc.o
 .debug_abbrev  0x00001728      0x21c ..\obj\stm32f4xx_rcc.o
 .debug_abbrev  0x00001944      0x327 ..\obj\foc.o
 .debug_abbrev  0x00001c6b      0x205 ..\obj\stm32f4xx_adc.o
 .debug_abbrev  0x00001e70      0x238 ..\obj\mbfuncinput.o
 .debug_abbrev  0x000020a8      0x30e ..\obj\encoder.o
 .debug_abbrev  0x000023b6      0x1ff ..\obj\stm32f4xx_gpio.o
 .debug_abbrev  0x000025b5      0x1be ..\obj\porttimer.o
 .debug_abbrev  0x00002773      0x2c1 ..\obj\mbrtu.o
 .debug_abbrev  0x00002a34      0x17b ..\obj\system_stm32f4xx.o
 .debug_abbrev  0x00002baf      0x1af ..\obj\stm32f4xx_dma.o
 .debug_abbrev  0x00002d5e      0x210 ..\obj\portserial.o
 .debug_abbrev  0x00002f6e      0x252 ..\obj\mbfunccoils.o
 .debug_abbrev  0x000031c0      0x206 ..\obj\stm32f4xx_exti.o
 .debug_abbrev  0x000033c6      0x17f ..\obj\misc.o
 .debug_abbrev  0x00003545      0x2e1 ..\obj\svpwm.o
 .debug_abbrev  0x00003826      0x352 ..\obj\mbascii.o
 .debug_abbrev  0x00003b78      0x289 ..\obj\pid.o
 .debug_abbrev  0x00003e01      0x2c5 ..\obj\stm32f4xx_tim.o

.debug_loc      0x00000000     0x7581
 .debug_loc     0x00000000       0x97 ..\obj\stm32f4xx_syscfg.o
 .debug_loc     0x00000097      0x299 ..\obj\mb.o
 .debug_loc     0x00000330      0x183 ..\obj\mbfuncdisc.o
 .debug_loc     0x000004b3       0x6e ..\obj\portevent.o
 .debug_loc     0x00000521      0x124 ..\obj\mbfuncother.o
 .debug_loc     0x00000645      0x7d5 ..\obj\stm32f4xx_usart.o
 .debug_loc     0x00000e1a      0x3d2 ..\obj\mbutils.o
 .debug_loc     0x000011ec      0x3cd ..\obj\stm32f4xx_dac.o
 .debug_loc     0x000015b9       0x2b ..\obj\startup_stm32f4xx.o
 .debug_loc     0x000015e4      0x73d ..\obj\mbfuncholding.o
 .debug_loc     0x00001d21      0x5d1 ..\obj\main.o
 .debug_loc     0x000022f2       0xb5 ..\obj\mbcrc.o
 .debug_loc     0x000023a7      0x9c7 ..\obj\stm32f4xx_rcc.o
 .debug_loc     0x00002d6e       0xb7 ..\obj\foc.o
 .debug_loc     0x00002e25      0x9fe ..\obj\stm32f4xx_adc.o
 .debug_loc     0x00003823      0x170 ..\obj\mbfuncinput.o
 .debug_loc     0x00003993      0x31b ..\obj\encoder.o
 .debug_loc     0x00003cae      0x30c ..\obj\stm32f4xx_gpio.o
 .debug_loc     0x00003fba       0x21 ..\obj\porttimer.o
 .debug_loc     0x00003fdb      0x2e7 ..\obj\mbrtu.o
 .debug_loc     0x000042c2      0x10b ..\obj\system_stm32f4xx.o
 .debug_loc     0x000043cd      0x415 ..\obj\stm32f4xx_dma.o
 .debug_loc     0x000047e2      0x123 ..\obj\portserial.o
 .debug_loc     0x00004905      0x400 ..\obj\mbfunccoils.o
 .debug_loc     0x00004d05      0x188 ..\obj\stm32f4xx_exti.o
 .debug_loc     0x00004e8d      0x15c ..\obj\misc.o
 .debug_loc     0x00004fe9      0x721 ..\obj\svpwm.o
 .debug_loc     0x0000570a      0x411 ..\obj\mbascii.o
 .debug_loc     0x00005b1b      0x176 ..\obj\pid.o
 .debug_loc     0x00005c91     0x18f0 ..\obj\stm32f4xx_tim.o

.debug_aranges  0x00000000      0xe80
 .debug_aranges
                0x00000000       0x48 ..\obj\stm32f4xx_syscfg.o
 .debug_aranges
                0x00000048       0x48 ..\obj\mb.o
 .debug_aranges
                0x00000090       0x20 ..\obj\mbfuncdisc.o
 .debug_aranges
                0x000000b0       0x30 ..\obj\portevent.o
 .debug_aranges
                0x000000e0       0x28 ..\obj\mbfuncother.o
 .debug_aranges
                0x00000108      0x100 ..\obj\stm32f4xx_usart.o
 .debug_aranges
                0x00000208       0x30 ..\obj\mbutils.o
 .debug_aranges
                0x00000238       0x90 ..\obj\stm32f4xx_dac.o
 .debug_aranges
                0x000002c8       0x28 ..\obj\startup_stm32f4xx.o
 .debug_aranges
                0x000002f0       0x38 ..\obj\mbfuncholding.o
 .debug_aranges
                0x00000328       0x58 ..\obj\main.o
 .debug_aranges
                0x00000380       0x20 ..\obj\mbcrc.o
 .debug_aranges
                0x000003a0      0x178 ..\obj\stm32f4xx_rcc.o
 .debug_aranges
                0x00000518       0x68 ..\obj\foc.o
 .debug_aranges
                0x00000580      0x140 ..\obj\stm32f4xx_adc.o
 .debug_aranges
                0x000006c0       0x20 ..\obj\mbfuncinput.o
 .debug_aranges
                0x000006e0       0xb0 ..\obj\encoder.o
 .debug_aranges
                0x00000790       0x88 ..\obj\stm32f4xx_gpio.o
 .debug_aranges
                0x00000818       0x38 ..\obj\porttimer.o
 .debug_aranges
                0x00000850       0x58 ..\obj\mbrtu.o
 .debug_aranges
                0x000008a8       0x28 ..\obj\system_stm32f4xx.o
 .debug_aranges
                0x000008d0       0xa8 ..\obj\stm32f4xx_dma.o
 .debug_aranges
                0x00000978       0x40 ..\obj\portserial.o
 .debug_aranges
                0x000009b8       0x30 ..\obj\mbfunccoils.o
 .debug_aranges
                0x000009e8       0x50 ..\obj\stm32f4xx_exti.o
 .debug_aranges
                0x00000a38       0x40 ..\obj\misc.o
 .debug_aranges
                0x00000a78       0x88 ..\obj\svpwm.o
 .debug_aranges
                0x00000b00       0x58 ..\obj\mbascii.o
 .debug_aranges
                0x00000b58       0x50 ..\obj\pid.o
 .debug_aranges
                0x00000ba8      0x2d8 ..\obj\stm32f4xx_tim.o

.debug_ranges   0x00000000      0xee0
 .debug_ranges  0x00000000       0x38 ..\obj\stm32f4xx_syscfg.o
 .debug_ranges  0x00000038       0x38 ..\obj\mb.o
 .debug_ranges  0x00000070       0x10 ..\obj\mbfuncdisc.o
 .debug_ranges  0x00000080       0x20 ..\obj\portevent.o
 .debug_ranges  0x000000a0       0x18 ..\obj\mbfuncother.o
 .debug_ranges  0x000000b8       0xf0 ..\obj\stm32f4xx_usart.o
 .debug_ranges  0x000001a8       0x20 ..\obj\mbutils.o
 .debug_ranges  0x000001c8       0x80 ..\obj\stm32f4xx_dac.o
 .debug_ranges  0x00000248       0x18 ..\obj\startup_stm32f4xx.o
 .debug_ranges  0x00000260       0x28 ..\obj\mbfuncholding.o
 .debug_ranges  0x00000288      0x1a0 ..\obj\main.o
 .debug_ranges  0x00000428       0x10 ..\obj\mbcrc.o
 .debug_ranges  0x00000438      0x168 ..\obj\stm32f4xx_rcc.o
 .debug_ranges  0x000005a0       0x70 ..\obj\foc.o
 .debug_ranges  0x00000610      0x130 ..\obj\stm32f4xx_adc.o
 .debug_ranges  0x00000740       0x10 ..\obj\mbfuncinput.o
 .debug_ranges  0x00000750       0xc8 ..\obj\encoder.o
 .debug_ranges  0x00000818       0x78 ..\obj\stm32f4xx_gpio.o
 .debug_ranges  0x00000890       0x28 ..\obj\porttimer.o
 .debug_ranges  0x000008b8       0x48 ..\obj\mbrtu.o
 .debug_ranges  0x00000900       0x30 ..\obj\system_stm32f4xx.o
 .debug_ranges  0x00000930       0x98 ..\obj\stm32f4xx_dma.o
 .debug_ranges  0x000009c8       0x48 ..\obj\portserial.o
 .debug_ranges  0x00000a10       0x20 ..\obj\mbfunccoils.o
 .debug_ranges  0x00000a30       0x40 ..\obj\stm32f4xx_exti.o
 .debug_ranges  0x00000a70       0x30 ..\obj\misc.o
 .debug_ranges  0x00000aa0       0x78 ..\obj\svpwm.o
 .debug_ranges  0x00000b18       0x88 ..\obj\mbascii.o
 .debug_ranges  0x00000ba0       0x40 ..\obj\pid.o
 .debug_ranges  0x00000be0      0x300 ..\obj\stm32f4xx_tim.o

.debug_line     0x00000000     0x85aa
 .debug_line    0x00000000      0x307 ..\obj\stm32f4xx_syscfg.o
 .debug_line    0x00000307      0x5ac ..\obj\mb.o
 .debug_line    0x000008b3      0x423 ..\obj\mbfuncdisc.o
 .debug_line    0x00000cd6      0x2b1 ..\obj\portevent.o
 .debug_line    0x00000f87      0x410 ..\obj\mbfuncother.o
 .debug_line    0x00001397      0x580 ..\obj\stm32f4xx_usart.o
 .debug_line    0x00001917      0x42e ..\obj\mbutils.o
 .debug_line    0x00001d45      0x3e5 ..\obj\stm32f4xx_dac.o
 .debug_line    0x0000212a       0xbb ..\obj\startup_stm32f4xx.o
 .debug_line    0x000021e5      0x4cb ..\obj\mbfuncholding.o
 .debug_line    0x000026b0      0x602 ..\obj\main.o
 .debug_line    0x00002cb2      0x281 ..\obj\mbcrc.o
 .debug_line    0x00002f33      0x62e ..\obj\stm32f4xx_rcc.o
 .debug_line    0x00003561      0x545 ..\obj\foc.o
 .debug_line    0x00003aa6      0x603 ..\obj\stm32f4xx_adc.o
 .debug_line    0x000040a9      0x415 ..\obj\mbfuncinput.o
 .debug_line    0x000044be      0x582 ..\obj\encoder.o
 .debug_line    0x00004a40      0x3f7 ..\obj\stm32f4xx_gpio.o
 .debug_line    0x00004e37      0x377 ..\obj\porttimer.o
 .debug_line    0x000051ae      0x528 ..\obj\mbrtu.o
 .debug_line    0x000056d6      0x23f ..\obj\system_stm32f4xx.o
 .debug_line    0x00005915      0x494 ..\obj\stm32f4xx_dma.o
 .debug_line    0x00005da9      0x3e2 ..\obj\portserial.o
 .debug_line    0x0000618b      0x497 ..\obj\mbfunccoils.o
 .debug_line    0x00006622      0x337 ..\obj\stm32f4xx_exti.o
 .debug_line    0x00006959      0x2ef ..\obj\misc.o
 .debug_line    0x00006c48      0x5cb ..\obj\svpwm.o
 .debug_line    0x00007213      0x59d ..\obj\mbascii.o
 .debug_line    0x000077b0      0x279 ..\obj\pid.o
 .debug_line    0x00007a29      0xb81 ..\obj\stm32f4xx_tim.o

.debug_str      0x00000000     0x53ce
 .debug_str     0x00000000      0x2fc ..\obj\stm32f4xx_syscfg.o
                                0x35a (size before relaxing)
 .debug_str     0x000002fc      0x8b7 ..\obj\mb.o
                                0xaa3 (size before relaxing)
 .debug_str     0x00000bb3       0xed ..\obj\mbfuncdisc.o
                                0x82e (size before relaxing)
 .debug_str     0x00000ca0       0x86 ..\obj\portevent.o
                                0x2d6 (size before relaxing)
 .debug_str     0x00000d26       0xe2 ..\obj\mbfuncother.o
                                0x832 (size before relaxing)
 .debug_str     0x00000e08      0x51b ..\obj\stm32f4xx_usart.o
                                0x71e (size before relaxing)
 .debug_str     0x00001323       0xdf ..\obj\mbutils.o
                                0x836 (size before relaxing)
 .debug_str     0x00001402      0x2b7 ..\obj\stm32f4xx_dac.o
                                0x4b9 (size before relaxing)
 .debug_str     0x000016b9       0xe3 ..\obj\startup_stm32f4xx.o
                                0x19d (size before relaxing)
 .debug_str     0x0000179c      0x181 ..\obj\mbfuncholding.o
                                0x90b (size before relaxing)
 .debug_str     0x0000191d      0xdd5 ..\obj\main.o
                               0x1181 (size before relaxing)
 .debug_str     0x000026f2       0x7a ..\obj\mbcrc.o
                                0x22e (size before relaxing)
 .debug_str     0x0000276c      0x58b ..\obj\stm32f4xx_rcc.o
                                0x89f (size before relaxing)
 .debug_str     0x00002cf7      0x2c8 ..\obj\foc.o
                                0xde1 (size before relaxing)
 .debug_str     0x00002fbf      0x5ac ..\obj\stm32f4xx_adc.o
                                0x86a (size before relaxing)
 .debug_str     0x0000356b       0x7c ..\obj\mbfuncinput.o
                                0x81f (size before relaxing)
 .debug_str     0x000035e7      0x352 ..\obj\encoder.o
                                0xf9d (size before relaxing)
 .debug_str     0x00003939      0x13a ..\obj\stm32f4xx_gpio.o
                                0x509 (size before relaxing)
 .debug_str     0x00003a73       0xd4 ..\obj\porttimer.o
                                0xa3d (size before relaxing)
 .debug_str     0x00003b47      0x222 ..\obj\mbrtu.o
                                0x99f (size before relaxing)
 .debug_str     0x00003d69      0x103 ..\obj\system_stm32f4xx.o
                                0x3e9 (size before relaxing)
 .debug_str     0x00003e6c      0x3a0 ..\obj\stm32f4xx_dma.o
                                0x591 (size before relaxing)
 .debug_str     0x0000420c       0xca ..\obj\portserial.o
                                0xcd3 (size before relaxing)
 .debug_str     0x000042d6       0xd9 ..\obj\mbfunccoils.o
                                0x893 (size before relaxing)
 .debug_str     0x000043af       0xda ..\obj\stm32f4xx_exti.o
                                0x3a8 (size before relaxing)
 .debug_str     0x00004489      0x15c ..\obj\misc.o
                                0x41d (size before relaxing)
 .debug_str     0x000045e5      0x3f8 ..\obj\svpwm.o
                               0x14e0 (size before relaxing)
 .debug_str     0x000049dd      0x1ba ..\obj\mbascii.o
                                0xa35 (size before relaxing)
 .debug_str     0x00004b97       0xc8 ..\obj\pid.o
                                0x6be (size before relaxing)
 .debug_str     0x00004c5f      0x76f ..\obj\stm32f4xx_tim.o
                                0xe4d (size before relaxing)

.debug_frame    0x00000000     0x26d4
 .debug_frame   0x00000000       0x84 ..\obj\stm32f4xx_syscfg.o
 .debug_frame   0x00000084       0xb8 ..\obj\mb.o
 .debug_frame   0x0000013c       0x38 ..\obj\mbfuncdisc.o
 .debug_frame   0x00000174       0x40 ..\obj\portevent.o
 .debug_frame   0x000001b4       0x48 ..\obj\mbfuncother.o
 .debug_frame   0x000001fc      0x224 ..\obj\stm32f4xx_usart.o
 .debug_frame   0x00000420       0x58 ..\obj\mbutils.o
 .debug_frame   0x00000478      0x150 ..\obj\stm32f4xx_dac.o
 .debug_frame   0x000005c8       0x30 ..\obj\startup_stm32f4xx.o
 .debug_frame   0x000005f8       0xac ..\obj\mbfuncholding.o
 .debug_frame   0x000006a4      0x104 ..\obj\main.o
 .debug_frame   0x000007a8       0x2c ..\obj\mbcrc.o
 .debug_frame   0x000007d4      0x2e8 ..\obj\stm32f4xx_rcc.o
 .debug_frame   0x00000abc      0x154 ..\obj\foc.o
 .debug_frame   0x00000c10      0x2b4 ..\obj\stm32f4xx_adc.o
 .debug_frame   0x00000ec4       0x38 ..\obj\mbfuncinput.o
 .debug_frame   0x00000efc      0x208 ..\obj\encoder.o
 .debug_frame   0x00001104      0x124 ..\obj\stm32f4xx_gpio.o
 .debug_frame   0x00001228       0x7c ..\obj\porttimer.o
 .debug_frame   0x000012a4       0xec ..\obj\mbrtu.o
 .debug_frame   0x00001390       0x44 ..\obj\system_stm32f4xx.o
 .debug_frame   0x000013d4      0x160 ..\obj\stm32f4xx_dma.o
 .debug_frame   0x00001534       0xac ..\obj\portserial.o
 .debug_frame   0x000015e0       0x78 ..\obj\mbfunccoils.o
 .debug_frame   0x00001658       0x9c ..\obj\stm32f4xx_exti.o
 .debug_frame   0x000016f4       0x68 ..\obj\misc.o
 .debug_frame   0x0000175c      0x188 ..\obj\svpwm.o
 .debug_frame   0x000018e4       0xf0 ..\obj\mbascii.o
 .debug_frame   0x000019d4       0xa0 ..\obj\pid.o
 .debug_frame   0x00001a74      0x6bc ..\obj\stm32f4xx_tim.o
 .debug_frame   0x00002130       0x34 c:/program files (x86)/gnu tools arm embedded/6 2017-q1-update/bin/../lib/gcc/arm-none-eabi/6.3.1/../../../../arm-none-eabi/lib/thumb/v7e-m/fpv4-sp/hard\libm.a(lib_a-sf_cos.o)
 .debug_frame   0x00002164       0x34 c:/program files (x86)/gnu tools arm embedded/6 2017-q1-update/bin/../lib/gcc/arm-none-eabi/6.3.1/../../../../arm-none-eabi/lib/thumb/v7e-m/fpv4-sp/hard\libm.a(lib_a-sf_sin.o)
 .debug_frame   0x00002198       0x50 c:/program files (x86)/gnu tools arm embedded/6 2017-q1-update/bin/../lib/gcc/arm-none-eabi/6.3.1/../../../../arm-none-eabi/lib/thumb/v7e-m/fpv4-sp/hard\libm.a(lib_a-wf_sqrt.o)
 .debug_frame   0x000021e8       0x3c c:/program files (x86)/gnu tools arm embedded/6 2017-q1-update/bin/../lib/gcc/arm-none-eabi/6.3.1/../../../../arm-none-eabi/lib/thumb/v7e-m/fpv4-sp/hard\libm.a(lib_a-ef_rem_pio2.o)
 .debug_frame   0x00002224       0x48 c:/program files (x86)/gnu tools arm embedded/6 2017-q1-update/bin/../lib/gcc/arm-none-eabi/6.3.1/../../../../arm-none-eabi/lib/thumb/v7e-m/fpv4-sp/hard\libm.a(lib_a-ef_sqrt.o)
 .debug_frame   0x0000226c       0x20 c:/program files (x86)/gnu tools arm embedded/6 2017-q1-update/bin/../lib/gcc/arm-none-eabi/6.3.1/../../../../arm-none-eabi/lib/thumb/v7e-m/fpv4-sp/hard\libm.a(lib_a-kf_cos.o)
 .debug_frame   0x0000228c       0x5c c:/program files (x86)/gnu tools arm embedded/6 2017-q1-update/bin/../lib/gcc/arm-none-eabi/6.3.1/../../../../arm-none-eabi/lib/thumb/v7e-m/fpv4-sp/hard\libm.a(lib_a-kf_rem_pio2.o)
 .debug_frame   0x000022e8       0x20 c:/program files (x86)/gnu tools arm embedded/6 2017-q1-update/bin/../lib/gcc/arm-none-eabi/6.3.1/../../../../arm-none-eabi/lib/thumb/v7e-m/fpv4-sp/hard\libm.a(lib_a-kf_sin.o)
 .debug_frame   0x00002308       0x20 c:/program files (x86)/gnu tools arm embedded/6 2017-q1-update/bin/../lib/gcc/arm-none-eabi/6.3.1/../../../../arm-none-eabi/lib/thumb/v7e-m/fpv4-sp/hard\libm.a(lib_a-s_matherr.o)
 .debug_frame   0x00002328       0x20 c:/program files (x86)/gnu tools arm embedded/6 2017-q1-update/bin/../lib/gcc/arm-none-eabi/6.3.1/../../../../arm-none-eabi/lib/thumb/v7e-m/fpv4-sp/hard\libm.a(lib_a-sf_fabs.o)
 .debug_frame   0x00002348       0x20 c:/program files (x86)/gnu tools arm embedded/6 2017-q1-update/bin/../lib/gcc/arm-none-eabi/6.3.1/../../../../arm-none-eabi/lib/thumb/v7e-m/fpv4-sp/hard\libm.a(lib_a-sf_floor.o)
 .debug_frame   0x00002368       0x44 c:/program files (x86)/gnu tools arm embedded/6 2017-q1-update/bin/../lib/gcc/arm-none-eabi/6.3.1/../../../../arm-none-eabi/lib/thumb/v7e-m/fpv4-sp/hard\libm.a(lib_a-sf_scalbn.o)
 .debug_frame   0x000023ac       0x20 c:/program files (x86)/gnu tools arm embedded/6 2017-q1-update/bin/../lib/gcc/arm-none-eabi/6.3.1/../../../../arm-none-eabi/lib/thumb/v7e-m/fpv4-sp/hard\libm.a(lib_a-sf_copysign.o)
 .debug_frame   0x000023cc       0xac c:/program files (x86)/gnu tools arm embedded/6 2017-q1-update/bin/../lib/gcc/arm-none-eabi/6.3.1/thumb/v7e-m/fpv4-sp/hard\libgcc.a(_arm_addsubdf3.o)
 .debug_frame   0x00002478       0x50 c:/program files (x86)/gnu tools arm embedded/6 2017-q1-update/bin/../lib/gcc/arm-none-eabi/6.3.1/thumb/v7e-m/fpv4-sp/hard\libgcc.a(_arm_muldivdf3.o)
 .debug_frame   0x000024c8       0x24 c:/program files (x86)/gnu tools arm embedded/6 2017-q1-update/bin/../lib/gcc/arm-none-eabi/6.3.1/thumb/v7e-m/fpv4-sp/hard\libgcc.a(_arm_truncdfsf2.o)
 .debug_frame   0x000024ec       0x20 c:/program files (x86)/gnu tools arm embedded/6 2017-q1-update/bin/../lib/gcc/arm-none-eabi/6.3.1/../../../../arm-none-eabi/lib/thumb/v7e-m/fpv4-sp/hard\libc.a(lib_a-errno.o)
 .debug_frame   0x0000250c       0x34 c:/program files (x86)/gnu tools arm embedded/6 2017-q1-update/bin/../lib/gcc/arm-none-eabi/6.3.1/../../../../arm-none-eabi/lib/thumb/v7e-m/fpv4-sp/hard\libc.a(lib_a-memset.o)
 .debug_frame   0x00002540       0x5c c:/program files (x86)/gnu tools arm embedded/6 2017-q1-update/bin/../lib/gcc/arm-none-eabi/6.3.1/../../../../arm-none-eabi/lib/thumb/v7e-m/fpv4-sp/hard\libc.a(lib_a-__call_atexit.o)
 .debug_frame   0x0000259c       0x20 c:/program files (x86)/gnu tools arm embedded/6 2017-q1-update/bin/../lib/gcc/arm-none-eabi/6.3.1/../../../../arm-none-eabi/lib/thumb/v7e-m/fpv4-sp/hard\libc.a(lib_a-atexit.o)
 .debug_frame   0x000025bc       0x34 c:/program files (x86)/gnu tools arm embedded/6 2017-q1-update/bin/../lib/gcc/arm-none-eabi/6.3.1/../../../../arm-none-eabi/lib/thumb/v7e-m/fpv4-sp/hard\libc.a(lib_a-fini.o)
 .debug_frame   0x000025f0       0xb0 c:/program files (x86)/gnu tools arm embedded/6 2017-q1-update/bin/../lib/gcc/arm-none-eabi/6.3.1/../../../../arm-none-eabi/lib/thumb/v7e-m/fpv4-sp/hard\libc.a(lib_a-lock.o)
 .debug_frame   0x000026a0       0x34 c:/program files (x86)/gnu tools arm embedded/6 2017-q1-update/bin/../lib/gcc/arm-none-eabi/6.3.1/../../../../arm-none-eabi/lib/thumb/v7e-m/fpv4-sp/hard\libc.a(lib_a-__atexit.o)
