Archive member included to satisfy reference by file (symbol)

c:/program files (x86)/gnu tools arm embedded/6 2017-q1-update/bin/../lib/gcc/arm-none-eabi/6.3.1/../../../../arm-none-eabi/lib/thumb/v7e-m/fpv4-sp/hard\libm.a(lib_a-sf_cos.o)
                              ..\obj\encoder.o (cosf)
c:/program files (x86)/gnu tools arm embedded/6 2017-q1-update/bin/../lib/gcc/arm-none-eabi/6.3.1/../../../../arm-none-eabi/lib/thumb/v7e-m/fpv4-sp/hard\libm.a(lib_a-sf_sin.o)
                              ..\obj\encoder.o (sinf)
c:/program files (x86)/gnu tools arm embedded/6 2017-q1-update/bin/../lib/gcc/arm-none-eabi/6.3.1/../../../../arm-none-eabi/lib/thumb/v7e-m/fpv4-sp/hard\libm.a(lib_a-wf_sqrt.o)
                              ..\obj\main.o (sqrtf)
c:/program files (x86)/gnu tools arm embedded/6 2017-q1-update/bin/../lib/gcc/arm-none-eabi/6.3.1/../../../../arm-none-eabi/lib/thumb/v7e-m/fpv4-sp/hard\libm.a(lib_a-ef_rem_pio2.o)
                              c:/program files (x86)/gnu tools arm embedded/6 2017-q1-update/bin/../lib/gcc/arm-none-eabi/6.3.1/../../../../arm-none-eabi/lib/thumb/v7e-m/fpv4-sp/hard\libm.a(lib_a-sf_cos.o) (__ieee754_rem_pio2f)
c:/program files (x86)/gnu tools arm embedded/6 2017-q1-update/bin/../lib/gcc/arm-none-eabi/6.3.1/../../../../arm-none-eabi/lib/thumb/v7e-m/fpv4-sp/hard\libm.a(lib_a-ef_sqrt.o)
                              c:/program files (x86)/gnu tools arm embedded/6 2017-q1-update/bin/../lib/gcc/arm-none-eabi/6.3.1/../../../../arm-none-eabi/lib/thumb/v7e-m/fpv4-sp/hard\libm.a(lib_a-wf_sqrt.o) (__ieee754_sqrtf)
c:/program files (x86)/gnu tools arm embedded/6 2017-q1-update/bin/../lib/gcc/arm-none-eabi/6.3.1/../../../../arm-none-eabi/lib/thumb/v7e-m/fpv4-sp/hard\libm.a(lib_a-kf_cos.o)
                              c:/program files (x86)/gnu tools arm embedded/6 2017-q1-update/bin/../lib/gcc/arm-none-eabi/6.3.1/../../../../arm-none-eabi/lib/thumb/v7e-m/fpv4-sp/hard\libm.a(lib_a-sf_cos.o) (__kernel_cosf)
c:/program files (x86)/gnu tools arm embedded/6 2017-q1-update/bin/../lib/gcc/arm-none-eabi/6.3.1/../../../../arm-none-eabi/lib/thumb/v7e-m/fpv4-sp/hard\libm.a(lib_a-kf_rem_pio2.o)
                              c:/program files (x86)/gnu tools arm embedded/6 2017-q1-update/bin/../lib/gcc/arm-none-eabi/6.3.1/../../../../arm-none-eabi/lib/thumb/v7e-m/fpv4-sp/hard\libm.a(lib_a-ef_rem_pio2.o) (__kernel_rem_pio2f)
c:/program files (x86)/gnu tools arm embedded/6 2017-q1-update/bin/../lib/gcc/arm-none-eabi/6.3.1/../../../../arm-none-eabi/lib/thumb/v7e-m/fpv4-sp/hard\libm.a(lib_a-kf_sin.o)
                              c:/program files (x86)/gnu tools arm embedded/6 2017-q1-update/bin/../lib/gcc/arm-none-eabi/6.3.1/../../../../arm-none-eabi/lib/thumb/v7e-m/fpv4-sp/hard\libm.a(lib_a-sf_cos.o) (__kernel_sinf)
c:/program files (x86)/gnu tools arm embedded/6 2017-q1-update/bin/../lib/gcc/arm-none-eabi/6.3.1/../../../../arm-none-eabi/lib/thumb/v7e-m/fpv4-sp/hard\libm.a(lib_a-s_lib_ver.o)
                              c:/program files (x86)/gnu tools arm embedded/6 2017-q1-update/bin/../lib/gcc/arm-none-eabi/6.3.1/../../../../arm-none-eabi/lib/thumb/v7e-m/fpv4-sp/hard\libm.a(lib_a-wf_sqrt.o) (__fdlib_version)
c:/program files (x86)/gnu tools arm embedded/6 2017-q1-update/bin/../lib/gcc/arm-none-eabi/6.3.1/../../../../arm-none-eabi/lib/thumb/v7e-m/fpv4-sp/hard\libm.a(lib_a-s_matherr.o)
                              c:/program files (x86)/gnu tools arm embedded/6 2017-q1-update/bin/../lib/gcc/arm-none-eabi/6.3.1/../../../../arm-none-eabi/lib/thumb/v7e-m/fpv4-sp/hard\libm.a(lib_a-wf_sqrt.o) (matherr)
c:/program files (x86)/gnu tools arm embedded/6 2017-q1-update/bin/../lib/gcc/arm-none-eabi/6.3.1/../../../../arm-none-eabi/lib/thumb/v7e-m/fpv4-sp/hard\libm.a(lib_a-sf_fabs.o)
                              c:/program files (x86)/gnu tools arm embedded/6 2017-q1-update/bin/../lib/gcc/arm-none-eabi/6.3.1/../../../../arm-none-eabi/lib/thumb/v7e-m/fpv4-sp/hard\libm.a(lib_a-ef_rem_pio2.o) (fabsf)
c:/program files (x86)/gnu tools arm embedded/6 2017-q1-update/bin/../lib/gcc/arm-none-eabi/6.3.1/../../../../arm-none-eabi/lib/thumb/v7e-m/fpv4-sp/hard\libm.a(lib_a-sf_floor.o)
                              c:/program files (x86)/gnu tools arm embedded/6 2017-q1-update/bin/../lib/gcc/arm-none-eabi/6.3.1/../../../../arm-none-eabi/lib/thumb/v7e-m/fpv4-sp/hard\libm.a(lib_a-kf_rem_pio2.o) (floorf)
c:/program files (x86)/gnu tools arm embedded/6 2017-q1-update/bin/../lib/gcc/arm-none-eabi/6.3.1/../../../../arm-none-eabi/lib/thumb/v7e-m/fpv4-sp/hard\libm.a(lib_a-sf_scalbn.o)
                              c:/program files (x86)/gnu tools arm embedded/6 2017-q1-update/bin/../lib/gcc/arm-none-eabi/6.3.1/../../../../arm-none-eabi/lib/thumb/v7e-m/fpv4-sp/hard\libm.a(lib_a-kf_rem_pio2.o) (scalbnf)
c:/program files (x86)/gnu tools arm embedded/6 2017-q1-update/bin/../lib/gcc/arm-none-eabi/6.3.1/../../../../arm-none-eabi/lib/thumb/v7e-m/fpv4-sp/hard\libm.a(lib_a-sf_copysign.o)
[...]
Memory Configuration

Name             Origin             Length             Attributes
rom              0x08000000         0x00100000         xr
ram              0x20000000         0x00020000         xrw
ram1             0x10000000         0x00010000         xrw
*default*        0x00000000         0xffffffff

Linker script and memory map

LOAD c:/program files (x86)/gnu tools arm embedded/6 2017-q1-update/bin/../lib/gcc/arm-none-eabi/6.3.1/thumb/v7e-m/fpv4-sp/hard/crti.o
LOAD c:/program files (x86)/gnu tools arm embedded/6 2017-q1-update/bin/../lib/gcc/arm-none-eabi/6.3.1/thumb/v7e-m/fpv4-sp/hard/crtbegin.o
LOAD c:/program files (x86)/gnu tools arm embedded/6 2017-q1-update/bin/../lib/gcc/arm-none-eabi/6.3.1/../../../../arm-none-eabi/lib/thumb/v7e-m/fpv4-sp/hard/crt0.o
                0x20020000                _eram = 0x20020000

.text           0x08000000     0x5c18
 *(.isr_vector)
 .isr_vector    0x08000000      0x188 ..\obj\startup_stm32f4xx.o
                0x08000000                g_pfnVectors
 *(.text*)
 .text          0x08000188       0x6c c:/program files (x86)/gnu tools arm embedded/6 2017-q1-update/bin/../lib/gcc/arm-none-eabi/6.3.1/thumb/v7e-m/fpv4-sp/hard/crtbegin.o
 .text.SYSCFG_EXTILineConfig
                0x080001f4       0x2a ..\obj\stm32f4xx_syscfg.o
                0x080001f4                SYSCFG_EXTILineConfig
 *fill*         0x0800021e        0x2 
 .text.eMBInit  0x08000220       0xdc ..\obj\mb.o
                0x08000220                eMBInit
 .text.eMBEnable
                0x080002fc       0x24 ..\obj\mb.o
                0x080002fc                eMBEnable
 .text.eMBPoll  0x08000320       0xd4 ..\obj\mb.o
                0x08000320                eMBPoll
 .text.eMBFuncReadDiscreteInputs
                0x080003f4       0x6a ..\obj\mbfuncdisc.o
                0x080003f4                eMBFuncReadDiscreteInputs
 *fill*         0x0800045e        0x2 
 .text.xMBPortEventInit
                0x08000460       0x10 ..\obj\portevent.o
                0x08000460                xMBPortEventInit
 .text.xMBPortEventPost
                0x08000470       0x10 ..\obj\portevent.o
                0x08000470                xMBPortEventPost
 .text.xMBPortEventGet
                0x08000480       0x18 ..\obj\portevent.o
                0x08000480                xMBPortEventGet
 .text.eMBFuncReportSlaveID
                0x08000498       0x1c ..\obj\mbfuncother.o
                0x08000498                eMBFuncReportSlaveID
 .text.USART_DeInit
                0x080004b4       0xb0 ..\obj\stm32f4xx_usart.o
                0x080004b4                USART_DeInit
 .text.USART_Init
                0x08000564       0xb4 ..\obj\stm32f4xx_usart.o
                0x08000564                USART_Init
 .text.USART_ClockInit
                0x08000618       0x20 ..\obj\stm32f4xx_usart.o
                0x08000618                USART_ClockInit
 .text.USART_ClockStructInit
                0x08000638        0xc ..\obj\stm32f4xx_usart.o
                0x08000638                USART_ClockStructInit
 .text.USART_Cmd
                0x08000644       0x18 ..\obj\stm32f4xx_usart.o
                0x08000644                USART_Cmd
 .text.USART_SendData
                0x0800065c        0x8 ..\obj\stm32f4xx_usart.o
                0x0800065c                USART_SendData
 .text.USART_ReceiveData
                0x08000664        0x8 ..\obj\stm32f4xx_usart.o
                0x08000664                USART_ReceiveData
 .text.USART_ITConfig
                0x0800066c       0x32 ..\obj\stm32f4xx_usart.o
                0x0800066c                USART_ITConfig
 .text.USART_GetITStatus
                0x0800069e       0x40 ..\obj\stm32f4xx_usart.o
                0x0800069e                USART_GetITStatus
 .text.USART_ClearITPendingBit
                0x080006de        0xe ..\obj\stm32f4xx_usart.o
                0x080006de                USART_ClearITPendingBit
 .text.prveMBError2Exception
                0x080006ec       0x10 ..\obj\mbutils.o
                0x080006ec                prveMBError2Exception
 .text.DAC_Init
                0x080006fc       0x2c ..\obj\stm32f4xx_dac.o
                0x080006fc                DAC_Init
 .text.DAC_StructInit
                0x08000728        0xc ..\obj\stm32f4xx_dac.o
                0x08000728                DAC_StructInit
 .text.DAC_Cmd  0x08000734       0x20 ..\obj\stm32f4xx_dac.o
                0x08000734                DAC_Cmd
 .text.DAC_SetDualChannelData
                0x08000754       0x18 ..\obj\stm32f4xx_dac.o
                0x08000754                DAC_SetDualChannelData
 .text.Default_Handler
                0x0800076c        0x2 ..\obj\startup_stm32f4xx.o
                0x0800076c                RTC_Alarm_IRQHandler
                0x0800076c                HASH_RNG_IRQHandler
                0x0800076c                EXTI2_IRQHandler
                0x0800076c                TIM8_CC_IRQHandler
                0x0800076c                DebugMon_Handler
                0x0800076c                TIM1_CC_IRQHandler
                0x0800076c                DMA2_Stream5_IRQHandler
                0x0800076c                HardFault_Handler
                0x0800076c                DMA1_Stream5_IRQHandler
                0x0800076c                SysTick_Handler
                0x0800076c                PVD_IRQHandler
                0x0800076c                SDIO_IRQHandler
                0x0800076c                TAMP_STAMP_IRQHandler
                0x0800076c                PendSV_Handler
                0x0800076c                NMI_Handler
                0x0800076c                CAN2_RX1_IRQHandler
                0x0800076c                EXTI3_IRQHandler
                0x0800076c                TIM8_TRG_COM_TIM14_IRQHandler
                0x0800076c                I2C3_ER_IRQHandler
                0x0800076c                EXTI0_IRQHandler
                0x0800076c                I2C2_EV_IRQHandler
                0x0800076c                DMA1_Stream2_IRQHandler
                0x0800076c                CAN1_RX0_IRQHandler
                0x0800076c                FPU_IRQHandler
                0x0800076c                OTG_HS_WKUP_IRQHandler
                0x0800076c                UsageFault_Handler
                0x0800076c                CAN2_SCE_IRQHandler
                0x0800076c                DMA2_Stream2_IRQHandler
                0x0800076c                SPI1_IRQHandler
                0x0800076c                TIM6_DAC_IRQHandler
                0x0800076c                TIM1_BRK_TIM9_IRQHandler
                0x0800076c                DCMI_IRQHandler
                0x0800076c                CAN2_RX0_IRQHandler
                0x0800076c                DMA2_Stream3_IRQHandler
                0x0800076c                USART6_IRQHandler
                0x0800076c                CRYP_IRQHandler
                0x0800076c                CAN1_RX1_IRQHandler
                0x0800076c                UART5_IRQHandler
                0x0800076c                DMA2_Stream0_IRQHandler
                0x0800076c                TIM4_IRQHandler
                0x0800076c                I2C1_EV_IRQHandler
                0x0800076c                DMA1_Stream6_IRQHandler
                0x0800076c                UART4_IRQHandler
                0x0800076c                TIM3_IRQHandler
                0x0800076c                RCC_IRQHandler
                0x0800076c                TIM8_BRK_TIM12_IRQHandler
                0x0800076c                DMA1_Stream7_IRQHandler
                0x0800076c                CAN2_TX_IRQHandler
                0x0800076c                TIM5_IRQHandler
                0x0800076c                DMA2_Stream7_IRQHandler
                0x0800076c                I2C3_EV_IRQHandler
                0x0800076c                EXTI9_5_IRQHandler
                0x0800076c                RTC_WKUP_IRQHandler
                0x0800076c                ETH_WKUP_IRQHandler
                0x0800076c                SPI2_IRQHandler
                0x0800076c                OTG_HS_EP1_IN_IRQHandler
                0x0800076c                MemManage_Handler
                0x0800076c                DMA1_Stream0_IRQHandler
                0x0800076c                CAN1_TX_IRQHandler
                0x0800076c                SVC_Handler
                0x0800076c                EXTI4_IRQHandler
                0x0800076c                FSMC_IRQHandler
                0x0800076c                ETH_IRQHandler
                0x0800076c                OTG_HS_EP1_OUT_IRQHandler
                0x0800076c                WWDG_IRQHandler
                0x0800076c                TIM2_IRQHandler
                0x0800076c                OTG_FS_WKUP_IRQHandler
                0x0800076c                TIM1_TRG_COM_TIM11_IRQHandler
                0x0800076c                OTG_HS_IRQHandler
                0x0800076c                EXTI1_IRQHandler
                0x0800076c                USART2_IRQHandler
                0x0800076c                I2C2_ER_IRQHandler
                0x0800076c                DMA2_Stream1_IRQHandler
                0x0800076c                CAN1_SCE_IRQHandler
                0x0800076c                FLASH_IRQHandler
                0x0800076c                DMA2_Stream4_IRQHandler
                0x0800076c                BusFault_Handler
                0x0800076c                USART1_IRQHandler
                0x0800076c                OTG_FS_IRQHandler
                0x0800076c                SPI3_IRQHandler
                0x0800076c                DMA1_Stream4_IRQHandler
                0x0800076c                I2C1_ER_IRQHandler
                0x0800076c                DMA2_Stream6_IRQHandler
                0x0800076c                DMA1_Stream3_IRQHandler
 *fill*         0x0800076e        0x2 
 .text.Default_Reset_Handler
                0x08000770       0x50 ..\obj\startup_stm32f4xx.o
                0x08000770                Default_Reset_Handler
                0x08000770                Reset_Handler
 .text.eMBFuncWriteHoldingRegister
                0x080007c0       0x2e ..\obj\mbfuncholding.o
                0x080007c0                eMBFuncWriteHoldingRegister
 .text.eMBFuncWriteMultipleHoldingRegister
                0x080007ee       0x4a ..\obj\mbfuncholding.o
                0x080007ee                eMBFuncWriteMultipleHoldingRegister
 .text.eMBFuncReadHoldingRegister
                0x08000838       0x58 ..\obj\mbfuncholding.o
                0x08000838                eMBFuncReadHoldingRegister
 .text.eMBFuncReadWriteMultipleHoldingRegister
                0x08000890       0x9c ..\obj\mbfuncholding.o
                0x08000890                eMBFuncReadWriteMultipleHoldingRegister
 .text.eMBRegHoldingCB
                0x0800092c       0x70 ..\obj\main.o
                0x0800092c                eMBRegHoldingCB
 .text.eMBRegCoilsCB
                0x0800099c        0x4 ..\obj\main.o
                0x0800099c                eMBRegCoilsCB
 .text.eMBRegDiscreteCB
                0x080009a0        0x4 ..\obj\main.o
                0x080009a0                eMBRegDiscreteCB
 .text.eMBRegInputCB
                0x080009a4        0x4 ..\obj\main.o
                0x080009a4                eMBRegInputCB
 .text.boardInit
                0x080009a8       0xc8 ..\obj\main.o
                0x080009a8                boardInit
 .text.startup.main
                0x08000a70      0x358 ..\obj\main.o
                0x08000a70                main
 .text.usMBCRC16
                0x08000dc8       0x2c ..\obj\mbcrc.o
                0x08000dc8                usMBCRC16
 .text.RCC_GetClocksFreq
                0x08000df4       0x88 ..\obj\stm32f4xx_rcc.o
                0x08000df4                RCC_GetClocksFreq
 .text.RCC_AHB1PeriphClockCmd
                0x08000e7c       0x18 ..\obj\stm32f4xx_rcc.o
                0x08000e7c                RCC_AHB1PeriphClockCmd
 .text.RCC_APB1PeriphClockCmd
                0x08000e94       0x18 ..\obj\stm32f4xx_rcc.o
                0x08000e94                RCC_APB1PeriphClockCmd
 .text.RCC_APB2PeriphClockCmd
                0x08000eac       0x18 ..\obj\stm32f4xx_rcc.o
                0x08000eac                RCC_APB2PeriphClockCmd
 .text.RCC_APB1PeriphResetCmd
                0x08000ec4       0x18 ..\obj\stm32f4xx_rcc.o
                0x08000ec4                RCC_APB1PeriphResetCmd
 .text.RCC_APB2PeriphResetCmd
                0x08000edc       0x18 ..\obj\stm32f4xx_rcc.o
                0x08000edc                RCC_APB2PeriphResetCmd
 .text.initDAC  0x08000ef4       0x5c ..\obj\foc.o
                0x08000ef4                initDAC
 .text.focInit  0x08000f50      0x208 ..\obj\foc.o
                0x08000f50                focInit
 .text.mcFocSetAngle
                0x08001158       0x2a ..\obj\foc.o
                0x08001158                mcFocSetAngle
 .text.mcFocCalcCurrent
                0x08001182       0x36 ..\obj\foc.o
                0x08001182                mcFocCalcCurrent
 .text.mcClark  0x080011b8       0x28 ..\obj\foc.o
                0x080011b8                mcClark
 .text.mcPark   0x080011e0       0x2a ..\obj\foc.o
                0x080011e0                mcPark
 .text.mcInvPark
                0x0800120a       0x2a ..\obj\foc.o
                0x0800120a                mcInvPark
 .text.mcInvClark
                0x08001234       0x3c ..\obj\foc.o
                0x08001234                mcInvClark
 .text.mcPMSM_QD_PID
                0x08001270       0x8c ..\obj\foc.o
                0x08001270                mcPMSM_QD_PID
 .text.mcUsrefLimit
                0x080012fc       0x4c ..\obj\foc.o
                0x080012fc                mcUsrefLimit
 .text.adc_current_filter
                0x08001348       0x9c ..\obj\foc.o
                0x08001348                adc_current_filter
 .text.ADC_IRQHandler
                0x080013e4      0x470 ..\obj\foc.o
                0x080013e4                ADC_IRQHandler
 .text.ADC_Init
                0x08001854       0x4c ..\obj\stm32f4xx_adc.o
                0x08001854                ADC_Init
 .text.ADC_StructInit
                0x080018a0       0x14 ..\obj\stm32f4xx_adc.o
                0x080018a0                ADC_StructInit
 .text.ADC_CommonInit
                0x080018b4       0x28 ..\obj\stm32f4xx_adc.o
                0x080018b4                ADC_CommonInit
 .text.ADC_CommonStructInit
                0x080018dc        0xc ..\obj\stm32f4xx_adc.o
                0x080018dc                ADC_CommonStructInit
 .text.ADC_Cmd  0x080018e8       0x12 ..\obj\stm32f4xx_adc.o
                0x080018e8                ADC_Cmd
 .text.ADC_RegularChannelConfig
                0x080018fa       0x8c ..\obj\stm32f4xx_adc.o
                0x080018fa                ADC_RegularChannelConfig
 .text.ADC_DMACmd
                0x08001986       0x12 ..\obj\stm32f4xx_adc.o
                0x08001986                ADC_DMACmd
 .text.ADC_DMARequestAfterLastTransferCmd
                0x08001998       0x12 ..\obj\stm32f4xx_adc.o
                0x08001998                ADC_DMARequestAfterLastTransferCmd
 .text.ADC_InjectedChannelConfig
                0x080019aa       0x58 ..\obj\stm32f4xx_adc.o
                0x080019aa                ADC_InjectedChannelConfig
 .text.ADC_InjectedSequencerLengthConfig
                0x08001a02       0x10 ..\obj\stm32f4xx_adc.o
                0x08001a02                ADC_InjectedSequencerLengthConfig
 .text.ADC_ExternalTrigInjectedConvConfig
                0x08001a12        0xc ..\obj\stm32f4xx_adc.o
                0x08001a12                ADC_ExternalTrigInjectedConvConfig
 .text.ADC_ExternalTrigInjectedConvEdgeConfig
                0x08001a1e        0xc ..\obj\stm32f4xx_adc.o
                0x08001a1e                ADC_ExternalTrigInjectedConvEdgeConfig
 .text.ADC_AutoInjectedConvCmd
                0x08001a2a       0x12 ..\obj\stm32f4xx_adc.o
                0x08001a2a                ADC_AutoInjectedConvCmd
 .text.ADC_InjectedDiscModeCmd
                0x08001a3c       0x12 ..\obj\stm32f4xx_adc.o
                0x08001a3c                ADC_InjectedDiscModeCmd
 .text.ADC_GetInjectedConversionValue
                0x08001a4e       0x1a ..\obj\stm32f4xx_adc.o
                0x08001a4e                ADC_GetInjectedConversionValue
 .text.ADC_ITConfig
                0x08001a68       0x18 ..\obj\stm32f4xx_adc.o
                0x08001a68                ADC_ITConfig
 .text.ADC_ClearITPendingBit
                0x08001a80        0x8 ..\obj\stm32f4xx_adc.o
                0x08001a80                ADC_ClearITPendingBit
 .text.eMBFuncReadInputRegister
                0x08001a88       0x58 ..\obj\mbfuncinput.o
                0x08001a88                eMBFuncReadInputRegister
 .text.encoderInitZ
                0x08001ae0       0x80 ..\obj\encoder.o
                0x08001ae0                encoderInitZ
 .text.initHall
                0x08001b60       0x3c ..\obj\encoder.o
                0x08001b60                initHall
 .text.iEncoderGetAbsPos
                0x08001b9c        0x8 ..\obj\encoder.o
                0x08001b9c                iEncoderGetAbsPos
 .text.encoderAddOffset
                0x08001ba4       0x20 ..\obj\encoder.o
                0x08001ba4                encoderAddOffset
 .text.EXTI15_10_IRQHandler
                0x08001bc4       0x28 ..\obj\encoder.o
                0x08001bc4                EXTI15_10_IRQHandler
 .text.readRawHallInput
                0x08001bec       0x2c ..\obj\encoder.o
                0x08001bec                readRawHallInput
 .text.readHallMap
                0x08001c18       0x14 ..\obj\encoder.o
                0x08001c18                readHallMap
 .text.readRawEncoderWithUVW
                0x08001c2c       0xa4 ..\obj\encoder.o
                0x08001c2c                readRawEncoderWithUVW
 .text.createSinCosTable
                0x08001cd0       0x5c ..\obj\encoder.o
                0x08001cd0                createSinCosTable
 .text.fSinAngle
                0x08001d2c       0x10 ..\obj\encoder.o
                0x08001d2c                fSinAngle
 .text.fCosAngle
                0x08001d3c       0x10 ..\obj\encoder.o
                0x08001d3c                fCosAngle
 .text.initTim10
                0x08001d4c       0xc0 ..\obj\encoder.o
                0x08001d4c                initTim10
 .text.TIM1_UP_TIM10_IRQHandler
                0x08001e0c       0x34 ..\obj\encoder.o
                0x08001e0c                TIM1_UP_TIM10_IRQHandler
 .text.initTim8_IRQ
                0x08001e40       0x3c ..\obj\encoder.o
                0x08001e40                initTim8_IRQ
 .text.initEncoder
                0x08001e7c      0x21c ..\obj\encoder.o
                0x08001e7c                initEncoder
 .text.TIM8_UP_TIM13_IRQHandler
                0x08002098       0x3c ..\obj\encoder.o
                0x08002098                TIM8_UP_TIM13_IRQHandler
 .text.GPIO_Init
                0x080020d4       0x9c ..\obj\stm32f4xx_gpio.o
                0x080020d4                GPIO_Init
 .text.GPIO_StructInit
                0x08002170       0x12 ..\obj\stm32f4xx_gpio.o
                0x08002170                GPIO_StructInit
 .text.GPIO_ReadInputData
                0x08002182        0x6 ..\obj\stm32f4xx_gpio.o
                0x08002182                GPIO_ReadInputData
 .text.GPIO_SetBits
                0x08002188        0x4 ..\obj\stm32f4xx_gpio.o
                0x08002188                GPIO_SetBits
 .text.GPIO_ResetBits
                0x0800218c        0x4 ..\obj\stm32f4xx_gpio.o
                0x0800218c                GPIO_ResetBits
 .text.GPIO_ToggleBits
                0x08002190        0x8 ..\obj\stm32f4xx_gpio.o
                0x08002190                GPIO_ToggleBits
 .text.GPIO_PinAFConfig
                0x08002198       0x24 ..\obj\stm32f4xx_gpio.o
                0x08002198                GPIO_PinAFConfig
 .text.xMBPortTimersInit
                0x080021bc       0x74 ..\obj\porttimer.o
                0x080021bc                xMBPortTimersInit
 .text.vMBPortTimersEnable
                0x08002230       0x1c ..\obj\porttimer.o
                0x08002230                vMBPortTimersEnable
 .text.vMBPortTimersDisable
                0x0800224c        0xc ..\obj\porttimer.o
                0x0800224c                vMBPortTimersDisable
 .text.TIM7_IRQHandler
                0x08002258       0x28 ..\obj\porttimer.o
                0x08002258                TIM7_IRQHandler
 .text.eMBRTUInit
                0x08002280       0x3c ..\obj\mbrtu.o
                0x08002280                eMBRTUInit
 .text.eMBRTUStart
                0x080022bc       0x1c ..\obj\mbrtu.o
                0x080022bc                eMBRTUStart
 .text.eMBRTUStop
                0x080022d8       0x14 ..\obj\mbrtu.o
                0x080022d8                eMBRTUStop
 .text.eMBRTUReceive
                0x080022ec       0x48 ..\obj\mbrtu.o
                0x080022ec                eMBRTUReceive
 .text.eMBRTUSend
                0x08002334       0x68 ..\obj\mbrtu.o
                0x08002334                eMBRTUSend
 .text.xMBRTUReceiveFSM
                0x0800239c       0x68 ..\obj\mbrtu.o
                0x0800239c                xMBRTUReceiveFSM
 .text.xMBRTUTransmitFSM
                0x08002404       0x58 ..\obj\mbrtu.o
                0x08002404                xMBRTUTransmitFSM
 .text.xMBRTUTimerT35Expired
                0x0800245c       0x2c ..\obj\mbrtu.o
                0x0800245c                xMBRTUTimerT35Expired
 .text.SystemInit
                0x08002488       0xf8 ..\obj\system_stm32f4xx.o
                0x08002488                SystemInit
 .text.SystemCoreClockUpdate
                0x08002580       0x70 ..\obj\system_stm32f4xx.o
                0x08002580                SystemCoreClockUpdate
 .text.DMA_Init
                0x080025f0       0x54 ..\obj\stm32f4xx_dma.o
                0x080025f0                DMA_Init
 .text.DMA_StructInit
                0x08002644       0x22 ..\obj\stm32f4xx_dma.o
                0x08002644                DMA_StructInit
 .text.DMA_Cmd  0x08002666       0x12 ..\obj\stm32f4xx_dma.o
                0x08002666                DMA_Cmd
 .text.vMBPortSerialEnable
                0x08002678       0x54 ..\obj\portserial.o
                0x08002678                vMBPortSerialEnable
 .text.xMBPortSerialInit
                0x080026cc      0x128 ..\obj\portserial.o
                0x080026cc                xMBPortSerialInit
 .text.USART3_IRQHandler
                0x080027f4       0x70 ..\obj\portserial.o
                0x080027f4                USART3_IRQHandler
 .text.xMBPortSerialPutByte
                0x08002864       0x14 ..\obj\portserial.o
                0x08002864                xMBPortSerialPutByte
 .text.xMBPortSerialGetByte
                0x08002878       0x14 ..\obj\portserial.o
                0x08002878                xMBPortSerialGetByte
 .text.eMBFuncReadCoils
                0x0800288c       0x6c ..\obj\mbfunccoils.o
                0x0800288c                eMBFuncReadCoils
 .text.eMBFuncWriteCoil
                0x080028f8       0x4a ..\obj\mbfunccoils.o
                0x080028f8                eMBFuncWriteCoil
 .text.eMBFuncWriteMultipleCoils
                0x08002942       0x58 ..\obj\mbfunccoils.o
                0x08002942                eMBFuncWriteMultipleCoils
 *fill*         0x0800299a        0x2 
 .text.EXTI_Init
                0x0800299c       0x74 ..\obj\stm32f4xx_exti.o
                0x0800299c                EXTI_Init
 .text.EXTI_GetITStatus
                0x08002a10       0x1c ..\obj\stm32f4xx_exti.o
                0x08002a10                EXTI_GetITStatus
 .text.EXTI_ClearITPendingBit
                0x08002a2c        0xc ..\obj\stm32f4xx_exti.o
                0x08002a2c                EXTI_ClearITPendingBit
 .text.NVIC_PriorityGroupConfig
                0x08002a38       0x14 ..\obj\misc.o
                0x08002a38                NVIC_PriorityGroupConfig
 .text.NVIC_Init
                0x08002a4c       0x68 ..\obj\misc.o
                0x08002a4c                NVIC_Init
 .text.svpwmGetFrq
                0x08002ab4        0x6 ..\obj\svpwm.o
                0x08002ab4                svpwmGetFrq
 *fill*         0x08002aba        0x2 
 .text.svpwmInitGPIO
                0x08002abc       0x94 ..\obj\svpwm.o
                0x08002abc                svpwmInitGPIO
 .text.RCC_Configuration_Adc1
                0x08002b50       0x20 ..\obj\svpwm.o
                0x08002b50                RCC_Configuration_Adc1
 .text.RCC_Configuration_Adc2
                0x08002b70       0x18 ..\obj\svpwm.o
                0x08002b70                RCC_Configuration_Adc2
 .text.GPIO_Configuration_Adc1
                0x08002b88       0x60 ..\obj\svpwm.o
                0x08002b88                GPIO_Configuration_Adc1
 .text.GPIO_Configuration_Adc2
                0x08002be8       0x3c ..\obj\svpwm.o
                0x08002be8                GPIO_Configuration_Adc2
 .text.DMAInit  0x08002c24       0x74 ..\obj\svpwm.o
                0x08002c24                DMAInit
 .text.svpwmInitADC
                0x08002c98      0x160 ..\obj\svpwm.o
                0x08002c98                svpwmInitADC
 .text.DMA1_Stream1_IRQHandler
                0x08002df8        0x2 ..\obj\svpwm.o
                0x08002df8                DMA1_Stream1_IRQHandler
 *fill*         0x08002dfa        0x2 
 .text.mcFocSVPWM_TTHI
                0x08002dfc       0xe4 ..\obj\svpwm.o
                0x08002dfc                mcFocSVPWM_TTHI
 .text.svpwmInitSinTable
                0x08002ee0       0x58 ..\obj\svpwm.o
                0x08002ee0                svpwmInitSinTable
 .text.svpwmInitTIM
                0x08002f38      0x138 ..\obj\svpwm.o
                0x08002f38                svpwmInitTIM
 .text.svpwmInit
                0x08003070        0xe ..\obj\svpwm.o
                0x08003070                svpwmInit
 .text.FirstOrderLagFilter
                0x0800307e       0x1a ..\obj\filter.o
                0x0800307e                FirstOrderLagFilter
 .text.ffilter  0x08003098       0x44 ..\obj\filter.o
                0x08003098                ffilter
 .text.eMBASCIIInit
                0x080030dc       0x34 ..\obj\mbascii.o
                0x080030dc                eMBASCIIInit
 .text.eMBASCIIStart
                0x08003110       0x20 ..\obj\mbascii.o
                0x08003110                eMBASCIIStart
 .text.eMBASCIIStop
                0x08003130       0x14 ..\obj\mbascii.o
                0x08003130                eMBASCIIStop
 .text.eMBASCIIReceive
                0x08003144       0x5c ..\obj\mbascii.o
                0x08003144                eMBASCIIReceive
 .text.eMBASCIISend
                0x080031a0       0x6c ..\obj\mbascii.o
                0x080031a0                eMBASCIISend
 .text.xMBASCIIReceiveFSM
                0x0800320c       0xf4 ..\obj\mbascii.o
                0x0800320c                xMBASCIIReceiveFSM
 .text.xMBASCIITransmitFSM
                0x08003300       0xbc ..\obj\mbascii.o
                0x08003300                xMBASCIITransmitFSM
 .text.xMBASCIITimerT1SExpired
                0x080033bc       0x1c ..\obj\mbascii.o
                0x080033bc                xMBASCIITimerT1SExpired
 .text.pidInit  0x080033d8       0x18 ..\obj\pid.o
                0x080033d8                pidInit
 .text.pidSetOutLimit
                0x080033f0        0xa ..\obj\pid.o
                0x080033f0                pidSetOutLimit
 .text.pidSetIntegralLimit
                0x080033fa        0xe ..\obj\pid.o
                0x080033fa                pidSetIntegralLimit
 .text.pidSetInputRange
                0x08003408        0xe ..\obj\pid.o
                0x08003408                pidSetInputRange
 *fill*         0x08003416        0x2 
 .text.pidTask  0x08003418       0xcc ..\obj\pid.o
                0x08003418                pidTask
 .text.TI1_Config
                0x080034e4       0x36 ..\obj\stm32f4xx_tim.o
 .text.TI2_Config
                0x0800351a       0x3c ..\obj\stm32f4xx_tim.o
 *fill*         0x08003556        0x2 
 .text.TIM_DeInit
                0x08003558      0x16c ..\obj\stm32f4xx_tim.o
                0x08003558                TIM_DeInit
 .text.TIM_TimeBaseInit
                0x080036c4       0x7c ..\obj\stm32f4xx_tim.o
                0x080036c4                TIM_TimeBaseInit
 .text.TIM_TimeBaseStructInit
                0x08003740       0x12 ..\obj\stm32f4xx_tim.o
                0x08003740                TIM_TimeBaseStructInit
 .text.TIM_SetCounter
                0x08003752        0x4 ..\obj\stm32f4xx_tim.o
                0x08003752                TIM_SetCounter
 .text.TIM_ARRPreloadConfig
                0x08003756       0x18 ..\obj\stm32f4xx_tim.o
                0x08003756                TIM_ARRPreloadConfig
 .text.TIM_Cmd  0x0800376e       0x18 ..\obj\stm32f4xx_tim.o
                0x0800376e                TIM_Cmd
 *fill*         0x08003786        0x2 
 .text.TIM_OC1Init
                0x08003788       0x70 ..\obj\stm32f4xx_tim.o
                0x08003788                TIM_OC1Init
 .text.TIM_OC2Init
                0x080037f8       0x80 ..\obj\stm32f4xx_tim.o
                0x080037f8                TIM_OC2Init
 .text.TIM_OC3Init
                0x08003878       0x7c ..\obj\stm32f4xx_tim.o
                0x08003878                TIM_OC3Init
 .text.TIM_OC4Init
                0x080038f4       0x64 ..\obj\stm32f4xx_tim.o
                0x080038f4                TIM_OC4Init
 .text.TIM_OCStructInit
                0x08003958       0x14 ..\obj\stm32f4xx_tim.o
                0x08003958                TIM_OCStructInit
 .text.TIM_SetCompare1
                0x0800396c        0x4 ..\obj\stm32f4xx_tim.o
                0x0800396c                TIM_SetCompare1
 .text.TIM_SetCompare2
                0x08003970        0x4 ..\obj\stm32f4xx_tim.o
                0x08003970                TIM_SetCompare2
 .text.TIM_SetCompare3
                0x08003974        0x4 ..\obj\stm32f4xx_tim.o
                0x08003974                TIM_SetCompare3
 .text.TIM_OC1PreloadConfig
                0x08003978       0x10 ..\obj\stm32f4xx_tim.o
                0x08003978                TIM_OC1PreloadConfig
 .text.TIM_OC2PreloadConfig
                0x08003988       0x14 ..\obj\stm32f4xx_tim.o
                0x08003988                TIM_OC2PreloadConfig
 .text.TIM_OC3PreloadConfig
                0x0800399c       0x10 ..\obj\stm32f4xx_tim.o
                0x0800399c                TIM_OC3PreloadConfig
 .text.TIM_OC4PreloadConfig
                0x080039ac       0x14 ..\obj\stm32f4xx_tim.o
                0x080039ac                TIM_OC4PreloadConfig
 .text.TIM_ICStructInit
                0x080039c0       0x10 ..\obj\stm32f4xx_tim.o
                0x080039c0                TIM_ICStructInit
 .text.TIM_GetCapture1
                0x080039d0        0x4 ..\obj\stm32f4xx_tim.o
                0x080039d0                TIM_GetCapture1
 .text.TIM_SetIC1Prescaler
                0x080039d4       0x16 ..\obj\stm32f4xx_tim.o
                0x080039d4                TIM_SetIC1Prescaler
 .text.TIM_SetIC2Prescaler
                0x080039ea       0x1a ..\obj\stm32f4xx_tim.o
                0x080039ea                TIM_SetIC2Prescaler
 .text.TIM_SetIC3Prescaler
                0x08003a04       0x16 ..\obj\stm32f4xx_tim.o
                0x08003a04                TIM_SetIC3Prescaler
 .text.TIM_SetIC4Prescaler
                0x08003a1a       0x1a ..\obj\stm32f4xx_tim.o
                0x08003a1a                TIM_SetIC4Prescaler
 .text.TIM_ICInit
                0x08003a34       0xae ..\obj\stm32f4xx_tim.o
                0x08003a34                TIM_ICInit
 .text.TIM_BDTRConfig
                0x08003ae2       0x22 ..\obj\stm32f4xx_tim.o
                0x08003ae2                TIM_BDTRConfig
 .text.TIM_GetITStatus
                0x08003b04       0x16 ..\obj\stm32f4xx_tim.o
                0x08003b04                TIM_GetITStatus
 .text.TIM_ClearITPendingBit
                0x08003b1a        0x8 ..\obj\stm32f4xx_tim.o
                0x08003b1a                TIM_ClearITPendingBit
 .text.TIM_DMACmd
                0x08003b22       0x12 ..\obj\stm32f4xx_tim.o
                0x08003b22                TIM_DMACmd
 .text.TIM_ITConfig
                0x08003b34        0x4 ..\obj\stm32f4xx_tim.o
                0x08003b34                TIM_ITConfig
 .text.TIM_SelectOutputTrigger
                0x08003b38       0x16 ..\obj\stm32f4xx_tim.o
                0x08003b38                TIM_SelectOutputTrigger
 .text.TIM_EncoderInterfaceConfig
                0x08003b4e       0x3e ..\obj\stm32f4xx_tim.o
                0x08003b4e                TIM_EncoderInterfaceConfig
 .text.cosf     0x08003b8c       0x90 c:/program files (x86)/gnu tools arm embedded/6 2017-q1-update/bin/../lib/gcc/arm-none-eabi/6.3.1/../../../../arm-none-eabi/lib/thumb/v7e-m/fpv4-sp/hard\libm.a(lib_a-sf_cos.o)
                0x08003b8c                cosf
 .text.sinf     0x08003c1c       0x94 c:/program files (x86)/gnu tools arm embedded/6 2017-q1-update/bin/../lib/gcc/arm-none-eabi/6.3.1/../../../../arm-none-eabi/lib/thumb/v7e-m/fpv4-sp/hard\libm.a(lib_a-sf_sin.o)
                0x08003c1c                sinf
 .text.sqrtf    0x08003cb0       0xac c:/program files (x86)/gnu tools arm embedded/6 2017-q1-update/bin/../lib/gcc/arm-none-eabi/6.3.1/../../../../arm-none-eabi/lib/thumb/v7e-m/fpv4-sp/hard\libm.a(lib_a-wf_sqrt.o)
                0x08003cb0                sqrtf
 .text.__ieee754_rem_pio2f
                0x08003d5c      0x290 c:/program files (x86)/gnu tools arm embedded/6 2017-q1-update/bin/../lib/gcc/arm-none-eabi/6.3.1/../../../../arm-none-eabi/lib/thumb/v7e-m/fpv4-sp/hard\libm.a(lib_a-ef_rem_pio2.o)
                0x08003d5c                __ieee754_rem_pio2f
 .text.__ieee754_sqrtf
                0x08003fec       0xa0 c:/program files (x86)/gnu tools arm embedded/6 2017-q1-update/bin/../lib/gcc/arm-none-eabi/6.3.1/../../../../arm-none-eabi/lib/thumb/v7e-m/fpv4-sp/hard\libm.a(lib_a-ef_sqrt.o)
                0x08003fec                __ieee754_sqrtf
 .text.__kernel_cosf
                0x0800408c      0x104 c:/program files (x86)/gnu tools arm embedded/6 2017-q1-update/bin/../lib/gcc/arm-none-eabi/6.3.1/../../../../arm-none-eabi/lib/thumb/v7e-m/fpv4-sp/hard\libm.a(lib_a-kf_cos.o)
                0x0800408c                __kernel_cosf
 .text.__kernel_rem_pio2f
                0x08004190      0x690 c:/program files (x86)/gnu tools arm embedded/6 2017-q1-update/bin/../lib/gcc/arm-none-eabi/6.3.1/../../../../arm-none-eabi/lib/thumb/v7e-m/fpv4-sp/hard\libm.a(lib_a-kf_rem_pio2.o)
                0x08004190                __kernel_rem_pio2f
 .text.__kernel_sinf
                0x08004820       0x90 c:/program files (x86)/gnu tools arm embedded/6 2017-q1-update/bin/../lib/gcc/arm-none-eabi/6.3.1/../../../../arm-none-eabi/lib/thumb/v7e-m/fpv4-sp/hard\libm.a(lib_a-kf_sin.o)
                0x08004820                __kernel_sinf
 .text.matherr  0x080048b0        0x4 c:/program files (x86)/gnu tools arm embedded/6 2017-q1-update/bin/../lib/gcc/arm-none-eabi/6.3.1/../../../../arm-none-eabi/lib/thumb/v7e-m/fpv4-sp/hard\libm.a(lib_a-s_matherr.o)
                0x080048b0                matherr
 .text.fabsf    0x080048b4       0x10 c:/program files (x86)/gnu tools arm embedded/6 2017-q1-update/bin/../lib/gcc/arm-none-eabi/6.3.1/../../../../arm-none-eabi/lib/thumb/v7e-m/fpv4-sp/hard\libm.a(lib_a-sf_fabs.o)
                0x080048b4                fabsf
 .text.floorf   0x080048c4       0x90 c:/program files (x86)/gnu tools arm embedded/6 2017-q1-update/bin/../lib/gcc/arm-none-eabi/6.3.1/../../../../arm-none-eabi/lib/thumb/v7e-m/fpv4-sp/hard\libm.a(lib_a-sf_floor.o)
                0x080048c4                floorf
 .text.scalbnf  0x08004954       0xd0 c:/program files (x86)/gnu tools arm embedded/6 2017-q1-update/bin/../lib/gcc/arm-none-eabi/6.3.1/../../../../arm-none-eabi/lib/thumb/v7e-m/fpv4-sp/hard\libm.a(lib_a-sf_scalbn.o)
                0x08004954                scalbnf
 .text.copysignf
                0x08004a24       0x18 c:/program files (x86)/gnu tools arm embedded/6 2017-q1-update/bin/../lib/gcc/arm-none-eabi/6.3.1/../../../../arm-none-eabi/lib/thumb/v7e-m/fpv4-sp/hard\libm.a(lib_a-sf_copysign.o)
                0x08004a24                copysignf
 .text          0x08004a3c      0x370 c:/program files (x86)/gnu tools arm embedded/6 2017-q1-update/bin/../lib/gcc/arm-none-eabi/6.3.1/thumb/v7e-m/fpv4-sp/hard\libgcc.a(_arm_addsubdf3.o)
                0x08004a3c                __aeabi_drsub
                0x08004a44                __aeabi_dsub
                0x08004a44                __subdf3
                0x08004a48                __aeabi_dadd
                0x08004a48                __adddf3
                0x08004cc0                __floatunsidf
                0x08004cc0                __aeabi_ui2d
                0x08004ce0                __floatsidf
                0x08004ce0                __aeabi_i2d
                0x08004d04                __aeabi_f2d
                0x08004d04                __extendsfdf2
                0x08004d40                __floatundidf
                0x08004d40                __aeabi_ul2d
                0x08004d50                __floatdidf
                0x08004d50                __aeabi_l2d
 .text          0x08004dac      0x424 c:/program files (x86)/gnu tools arm embedded/6 2017-q1-update/bin/../lib/gcc/arm-none-eabi/6.3.1/thumb/v7e-m/fpv4-sp/hard\libgcc.a(_arm_muldivdf3.o)
                0x08004dac                __aeabi_dmul
                0x08004dac                __muldf3
                0x08005000                __divdf3
                0x08005000                __aeabi_ddiv
 .text          0x080051d0       0xa0 c:/program files (x86)/gnu tools arm embedded/6 2017-q1-update/bin/../lib/gcc/arm-none-eabi/6.3.1/thumb/v7e-m/fpv4-sp/hard\libgcc.a(_arm_truncdfsf2.o)
                0x080051d0                __truncdfsf2
                0x080051d0                __aeabi_d2f
 .text.__errno  0x08005270        0xc c:/program files (x86)/gnu tools arm embedded/6 2017-q1-update/bin/../lib/gcc/arm-none-eabi/6.3.1/../../../../arm-none-eabi/lib/thumb/v7e-m/fpv4-sp/hard\libc.a(lib_a-errno.o)
                0x08005270                __errno
 .text          0x0800527c      0x134 c:/program files (x86)/gnu tools arm embedded/6 2017-q1-update/bin/../lib/gcc/arm-none-eabi/6.3.1/../../../../arm-none-eabi/lib/thumb/v7e-m/fpv4-sp/hard\libc.a(lib_a-memcpy.o)
                0x0800527c                memcpy
 .text.memset   0x080053b0       0x9c c:/program files (x86)/gnu tools arm embedded/6 2017-q1-update/bin/../lib/gcc/arm-none-eabi/6.3.1/../../../../arm-none-eabi/lib/thumb/v7e-m/fpv4-sp/hard\libc.a(lib_a-memset.o)
                0x080053b0                memset
 .text.startup.register_fini
                0x0800544c       0x14 c:/program files (x86)/gnu tools arm embedded/6 2017-q1-update/bin/../lib/gcc/arm-none-eabi/6.3.1/../../../../arm-none-eabi/lib/thumb/v7e-m/fpv4-sp/hard\libc.a(lib_a-__call_atexit.o)
 .text.atexit   0x08005460        0xc c:/program files (x86)/gnu tools arm embedded/6 2017-q1-update/bin/../lib/gcc/arm-none-eabi/6.3.1/../../../../arm-none-eabi/lib/thumb/v7e-m/fpv4-sp/hard\libc.a(lib_a-atexit.o)
                0x08005460                atexit
 .text.__libc_fini_array
                0x0800546c       0x34 c:/program files (x86)/gnu tools arm embedded/6 2017-q1-update/bin/../lib/gcc/arm-none-eabi/6.3.1/../../../../arm-none-eabi/lib/thumb/v7e-m/fpv4-sp/hard\libc.a(lib_a-fini.o)
                0x0800546c                __libc_fini_array
 .text.__retarget_lock_acquire_recursive
                0x080054a0        0x4 c:/program files (x86)/gnu tools arm embedded/6 2017-q1-update/bin/../lib/gcc/arm-none-eabi/6.3.1/../../../../arm-none-eabi/lib/thumb/v7e-m/fpv4-sp/hard\libc.a(lib_a-lock.o)
                0x080054a0                __retarget_lock_acquire_recursive
 .text.__retarget_lock_release_recursive
                0x080054a4        0x4 c:/program files (x86)/gnu tools arm embedded/6 2017-q1-update/bin/../lib/gcc/arm-none-eabi/6.3.1/../../../../arm-none-eabi/lib/thumb/v7e-m/fpv4-sp/hard\libc.a(lib_a-lock.o)
                0x080054a4                __retarget_lock_release_recursive
 .text.__register_exitproc
                0x080054a8       0xc4 c:/program files (x86)/gnu tools arm embedded/6 2017-q1-update/bin/../lib/gcc/arm-none-eabi/6.3.1/../../../../arm-none-eabi/lib/thumb/v7e-m/fpv4-sp/hard\libc.a(lib_a-__atexit.o)
                0x080054a8                __register_exitproc
 *(.init)
 .init          0x0800556c        0x4 c:/program files (x86)/gnu tools arm embedded/6 2017-q1-update/bin/../lib/gcc/arm-none-eabi/6.3.1/thumb/v7e-m/fpv4-sp/hard/crti.o
                0x0800556c                _init
 .init          0x08005570        0x8 c:/program files (x86)/gnu tools arm embedded/6 2017-q1-update/bin/../lib/gcc/arm-none-eabi/6.3.1/thumb/v7e-m/fpv4-sp/hard/crtn.o
 *(.fini)
 .fini          0x08005578        0x4 c:/program files (x86)/gnu tools arm embedded/6 2017-q1-update/bin/../lib/gcc/arm-none-eabi/6.3.1/thumb/v7e-m/fpv4-sp/hard/crti.o
                0x08005578                _fini
 .fini          0x0800557c        0x8 c:/program files (x86)/gnu tools arm embedded/6 2017-q1-update/bin/../lib/gcc/arm-none-eabi/6.3.1/thumb/v7e-m/fpv4-sp/hard/crtn.o
 *crtbegin.o(.ctors)
 *crtbegin?.o(.ctors)
 *(EXCLUDE_FILE(*crtend.o *crtend?.o) .ctors)
 *(SORT(.ctors.*))
 *(.ctors)
 *crtbegin.o(.dtors)
 *crtbegin?.o(.dtors)
 *(EXCLUDE_FILE(*crtend.o *crtend?.o) .dtors)
 *(SORT(.dtors.*))
 *(.dtors)
 *(.rodata*)
 .rodata        0x08005584        0x8 ..\obj\mbutils.o
 .rodata        0x0800558c      0x200 ..\obj\mbcrc.o
 .rodata        0x0800578c       0xb0 ..\obj\encoder.o
 .rodata.sqrtf.str1.4
                0x0800583c        0x8 c:/program files (x86)/gnu tools arm embedded/6 2017-q1-update/bin/../lib/gcc/arm-none-eabi/6.3.1/../../../../arm-none-eabi/lib/thumb/v7e-m/fpv4-sp/hard\libm.a(lib_a-wf_sqrt.o)
                                  0x6 (size before relaxing)
 .rodata.npio2_hw
                0x08005844       0x80 c:/program files (x86)/gnu tools arm embedded/6 2017-q1-update/bin/../lib/gcc/arm-none-eabi/6.3.1/../../../../arm-none-eabi/lib/thumb/v7e-m/fpv4-sp/hard\libm.a(lib_a-ef_rem_pio2.o)
 .rodata.two_over_pi
                0x080058c4      0x318 c:/program files (x86)/gnu tools arm embedded/6 2017-q1-update/bin/../lib/gcc/arm-none-eabi/6.3.1/../../../../arm-none-eabi/lib/thumb/v7e-m/fpv4-sp/hard\libm.a(lib_a-ef_rem_pio2.o)
 .rodata.PIo2   0x08005bdc       0x2c c:/program files (x86)/gnu tools arm embedded/6 2017-q1-update/bin/../lib/gcc/arm-none-eabi/6.3.1/../../../../arm-none-eabi/lib/thumb/v7e-m/fpv4-sp/hard\libm.a(lib_a-kf_rem_pio2.o)
 .rodata.init_jk
                0x08005c08        0xc c:/program files (x86)/gnu tools arm embedded/6 2017-q1-update/bin/../lib/gcc/arm-none-eabi/6.3.1/../../../../arm-none-eabi/lib/thumb/v7e-m/fpv4-sp/hard\libm.a(lib_a-kf_rem_pio2.o)
 .rodata._global_impure_ptr
                0x08005c14        0x4 c:/program files (x86)/gnu tools arm embedded/6 2017-q1-update/bin/../lib/gcc/arm-none-eabi/6.3.1/../../../../arm-none-eabi/lib/thumb/v7e-m/fpv4-sp/hard\libc.a(lib_a-impure.o)
                0x08005c14                _global_impure_ptr
 *(.eh_fram e*)

.eh_frame       0x08005c18        0x0
 .eh_frame      0x08005c18        0x0 c:/program files (x86)/gnu tools arm embedded/6 2017-q1-update/bin/../lib/gcc/arm-none-eabi/6.3.1/thumb/v7e-m/fpv4-sp/hard/crtbegin.o

.glue_7         0x08005c18        0x0
 .glue_7        0x08005c18        0x0 linker stubs

.glue_7t        0x08005c18        0x0
 .glue_7t       0x08005c18        0x0 linker stubs

.vfp11_veneer   0x08005c18        0x0
 .vfp11_veneer  0x08005c18        0x0 linker stubs

.v4_bx          0x08005c18        0x0
 .v4_bx         0x08005c18        0x0 linker stubs

.iplt           0x08005c18        0x0
 .iplt          0x08005c18        0x0 c:/program files (x86)/gnu tools arm embedded/6 2017-q1-update/bin/../lib/gcc/arm-none-eabi/6.3.1/thumb/v7e-m/fpv4-sp/hard/crtbegin.o

.rel.dyn        0x08005c18        0x0
 .rel.iplt      0x08005c18        0x0 c:/program files (x86)/gnu tools arm embedded/6 2017-q1-update/bin/../lib/gcc/arm-none-eabi/6.3.1/thumb/v7e-m/fpv4-sp/hard/crtbegin.o

.ARM.extab
 *(.ARM.extab* .gnu.linkonce.armextab.*)
                0x08005c18                __exidx_start = .

.ARM.exidx
 *(.ARM.exidx* .gnu.linkonce.armexidx.*)
                0x08005c18                __exidx_end = .
                0x08005c18                __etext = .
                0x08005c18                _sidata = __etext

.data           0x20000000      0x4f4 load address 0x08005c18
                0x20000000                __data_start__ = .
                0x20000000                _sdata = __data_start__
 *(vtable)
 *(.data*)
 .data          0x20000000       0x84 ..\obj\mb.o
 .data          0x20000084       0x10 ..\obj\stm32f4xx_rcc.o
 .data          0x20000094        0x4 ..\obj\encoder.o
 .data          0x20000098       0x14 ..\obj\system_stm32f4xx.o
                0x20000098                SystemCoreClock
                0x2000009c                AHBPrescTable
 .data.__fdlib_version
                0x200000ac        0x1 c:/program files (x86)/gnu tools arm embedded/6 2017-q1-update/bin/../lib/gcc/arm-none-eabi/6.3.1/../../../../arm-none-eabi/lib/thumb/v7e-m/fpv4-sp/hard\libm.a(lib_a-s_lib_ver.o)
                0x200000ac                __fdlib_version
 *fill*         0x200000ad        0x3 
 .data._impure_ptr
                0x200000b0        0x4 c:/program files (x86)/gnu tools arm embedded/6 2017-q1-update/bin/../lib/gcc/arm-none-eabi/6.3.1/../../../../arm-none-eabi/lib/thumb/v7e-m/fpv4-sp/hard\libc.a(lib_a-impure.o)
                0x200000b0                _impure_ptr
 *fill*         0x200000b4        0x4 
 .data.impure_data
                0x200000b8      0x428 c:/program files (x86)/gnu tools arm embedded/6 2017-q1-update/bin/../lib/gcc/arm-none-eabi/6.3.1/../../../../arm-none-eabi/lib/thumb/v7e-m/fpv4-sp/hard\libc.a(lib_a-impure.o)
 .data.__atexit_recursive_mutex
                0x200004e0        0x4 c:/program files (x86)/gnu tools arm embedded/6 2017-q1-update/bin/../lib/gcc/arm-none-eabi/6.3.1/../../../../arm-none-eabi/lib/thumb/v7e-m/fpv4-sp/hard\libc.a(lib_a-__call_atexit.o)
                0x200004e0                __atexit_recursive_mutex
                0x200004e4                . = ALIGN (0x4)
                0x200004e4                PROVIDE (__preinit_array_start, .)
 *(.preinit_array)
                0x200004e4                PROVIDE (__preinit_array_end, .)
                0x200004e4                . = ALIGN (0x4)
                0x200004e4                PROVIDE (__init_array_start, .)
 *(SORT(.init_array.*))
 .init_array.00000
                0x200004e4        0x4 c:/program files (x86)/gnu tools arm embedded/6 2017-q1-update/bin/../lib/gcc/arm-none-eabi/6.3.1/../../../../arm-none-eabi/lib/thumb/v7e-m/fpv4-sp/hard\libc.a(lib_a-__call_atexit.o)
 *(.init_array)
 .init_array    0x200004e8        0x4 c:/program files (x86)/gnu tools arm embedded/6 2017-q1-update/bin/../lib/gcc/arm-none-eabi/6.3.1/thumb/v7e-m/fpv4-sp/hard/crtbegin.o
                0x200004ec                PROVIDE (__init_array_end, .)
                0x200004ec                . = ALIGN (0x4)
                0x200004ec                PROVIDE (__fini_array_start, .)
 *(SORT(.fini_array.*))
 *(.fini_array)
 .fini_array    0x200004ec        0x4 c:/program files (x86)/gnu tools arm embedded/6 2017-q1-update/bin/../lib/gcc/arm-none-eabi/6.3.1/thumb/v7e-m/fpv4-sp/hard/crtbegin.o
                0x200004f0                PROVIDE (__fini_array_end, .)
 *(.jcr*)
 .jcr           0x200004f0        0x0 c:/program files (x86)/gnu tools arm embedded/6 2017-q1-update/bin/../lib/gcc/arm-none-eabi/6.3.1/thumb/v7e-m/fpv4-sp/hard/crtbegin.o
 .jcr           0x200004f0        0x4 c:/program files (x86)/gnu tools arm embedded/6 2017-q1-update/bin/../lib/gcc/arm-none-eabi/6.3.1/thumb/v7e-m/fpv4-sp/hard/crtend.o
                0x200004f4                . = ALIGN (0x4)
                0x200004f4                __data_end__ = .
                0x200004f4                _edata = __data_end__

.igot.plt       0x200004f4        0x0 load address 0x0800610c
 .igot.plt      0x200004f4        0x0 c:/program files (x86)/gnu tools arm embedded/6 2017-q1-update/bin/../lib/gcc/arm-none-eabi/6.3.1/thumb/v7e-m/fpv4-sp/hard/crtbegin.o

.bss            0x200004f4     0xc50c load address 0x0800610c
                0x200004f4                . = ALIGN (0x4)
                0x200004f4                __bss_start__ = .
                0x200004f4                _sbss = __bss_start__
 *(.bss*)
 .bss           0x200004f4       0x1c c:/program files (x86)/gnu tools arm embedded/6 2017-q1-update/bin/../lib/gcc/arm-none-eabi/6.3.1/thumb/v7e-m/fpv4-sp/hard/crtbegin.o
 .bss           0x20000510       0x23 ..\obj\mb.o
 .bss           0x20000533        0x2 ..\obj\portevent.o
 *fill*         0x20000535        0x1 
 .bss           0x20000536       0x22 ..\obj\mbfuncother.o
 .bss           0x20000558       0x64 ..\obj\main.o
 .bss           0x200005bc      0x128 ..\obj\foc.o
 .bss           0x200006e4     0x8012 ..\obj\encoder.o
                0x200006e4                sanyo_uvw
                0x200086f0                uwTIM10PulseLength
                0x200086f4                tim8_overflow
 *fill*         0x200086f6        0x2 
 .bss           0x200086f8        0xb ..\obj\mbrtu.o
 *fill*         0x20008703        0x1 
 .bss           0x20008704     0x4000 ..\obj\svpwm.o
 .bss           0x2000c704        0xd ..\obj\mbascii.o
 *(COMMON)
 *fill*         0x2000c711        0x3 
 COMMON         0x2000c714       0x14 ..\obj\mb.o
                0x2000c714                pxMBFrameCBTransmitterEmpty
                0x2000c718                pxMBPortCBTimerExpired
                0x2000c71c                pxMBFrameCBByteReceived
                0x2000c720                pxMBFrameCBTransmitFSMCur
                0x2000c724                pxMBFrameCBReceiveFSMCur
 COMMON         0x2000c728      0x114 ..\obj\main.o
                0x2000c728                stFoc
 COMMON         0x2000c83c       0xa0 ..\obj\foc.o
                0x2000c83c                pidPos
                0x2000c870                sp_speed
                0x2000c874                pv_speed
                0x2000c878                sp_pos
                0x2000c87c                Ts
                0x2000c880                pidSpeed
                0x2000c8b4                enc_delta_temp
                0x2000c8b8                ADC_values
                0x2000c8c8                enc_delta
                0x2000c8ca                ai1
                0x2000c8cc                pv_pos
                0x2000c8d0                ai0
                0x2000c8d4                ai0_filtered_value
                0x2000c8d8                sp_counter
 COMMON         0x2000c8dc      0x100 ..\obj\mbrtu.o
                0x2000c8dc                ucRTUBuf
 COMMON         0x2000c9dc       0x21 c:/program files (x86)/gnu tools arm embedded/6 2017-q1-update/bin/../lib/gcc/arm-none-eabi/6.3.1/../../../../arm-none-eabi/lib/thumb/v7e-m/fpv4-sp/hard\libc.a(lib_a-lock.o)
                0x2000c9dc                __lock___atexit_recursive_mutex
                0x2000c9e0                __lock___arc4random_mutex
                0x2000c9e4                __lock___env_recursive_mutex
                0x2000c9e8                __lock___sinit_recursive_mutex
                0x2000c9ec                __lock___malloc_recursive_mutex
                0x2000c9f0                __lock___at_quick_exit_mutex
                0x2000c9f4                __lock___dd_hash_mutex
                0x2000c9f8                __lock___tz_mutex
                0x2000c9fc                __lock___sfp_recursive_mutex
                0x2000ca00                . = ALIGN (0x4)
 *fill*         0x2000c9fd        0x3 
                0x2000ca00                __bss_end__ = .
                0x2000ca00                _ebss = __bss_end__

.heap           0x2000ca00        0x0
                0x2000ca00                __end__ = .
                0x2000ca00                _end = __end__
                0x2000ca00                end = __end__
 *(.heap*)
                0x2000ca00                __HeapLimit = .

.co_stack       0x2000ca00      0x800 load address 0x08012618
                0x2000ca00                . = ALIGN (0x8)
 *(.co_stack .co_stack.*)
 .co_stack      0x2000ca00      0x800 ..\obj\startup_stm32f4xx.o
                0x2000ca00                pulStack
                0x20020000                __StackTop = (ORIGIN (ram) + LENGTH (ram))
                0x2001f800                __StackLimit = (__StackTop - SIZEOF (.co_stack))
                0x20020000                PROVIDE (__stack, __StackTop)
                0x00000001                ASSERT ((__StackLimit >= __HeapLimit), region ram  overflowed with stack)
LOAD ..\obj\stm32f4xx_syscfg.o
LOAD ..\obj\mb.o
LOAD ..\obj\mbfuncdisc.o
LOAD ..\obj\portevent.o
LOAD ..\obj\mbfuncother.o
LOAD ..\obj\stm32f4xx_usart.o
LOAD ..\obj\stm32f4xx_can.o
LOAD ..\obj\mbutils.o
LOAD ..\obj\stm32f4xx_dac.o
LOAD ..\obj\startup_stm32f4xx.o
LOAD ..\obj\mbfuncholding.o
LOAD ..\obj\main.o
LOAD ..\obj\mbcrc.o
LOAD ..\obj\stm32f4xx_rcc.o
LOAD ..\obj\foc.o
LOAD ..\obj\stm32f4xx_adc.o
LOAD ..\obj\mbfuncinput.o
LOAD ..\obj\encoder.o
LOAD ..\obj\mbfuncdiag.o
LOAD ..\obj\stm32f4xx_gpio.o
LOAD ..\obj\porttimer.o
LOAD ..\obj\mbrtu.o
LOAD ..\obj\system_stm32f4xx.o
LOAD ..\obj\syscalls.o
LOAD ..\obj\stm32f4xx_dma.o
LOAD ..\obj\port.o
LOAD ..\obj\portserial.o
LOAD ..\obj\mbfunccoils.o
LOAD ..\obj\stm32f4xx_exti.o
LOAD ..\obj\misc.o
LOAD ..\obj\svpwm.o
LOAD ..\obj\mbtcp.o
LOAD ..\obj\filter.o
LOAD ..\obj\mbascii.o
LOAD ..\obj\pid.o
LOAD ..\obj\stm32f4xx_tim.o
LOAD c:/program files (x86)/gnu tools arm embedded/6 2017-q1-update/bin/../lib/gcc/arm-none-eabi/6.3.1/../../../../arm-none-eabi/lib/thumb/v7e-m/fpv4-sp/hard\libm.a
LOAD c:/program files (x86)/gnu tools arm embedded/6 2017-q1-update/bin/../lib/gcc/arm-none-eabi/6.3.1/thumb/v7e-m/fpv4-sp/hard\libgcc.a
LOAD c:/program files (x86)/gnu tools arm embedded/6 2017-q1-update/bin/../lib/gcc/arm-none-eabi/6.3.1/../../../../arm-none-eabi/lib/thumb/v7e-m/fpv4-sp/hard\libc.a
START GROUP
LOAD c:/program files (x86)/gnu tools arm embedded/6 2017-q1-update/bin/../lib/gcc/arm-none-eabi/6.3.1/thumb/v7e-m/fpv4-sp/hard\libgcc.a
LOAD c:/program files (x86)/gnu tools arm embedded/6 2017-q1-update/bin/../lib/gcc/arm-none-eabi/6.3.1/../../../../arm-none-eabi/lib/thumb/v7e-m/fpv4-sp/hard\libg.a
LOAD c:/program files (x86)/gnu tools arm embedded/6 2017-q1-update/bin/../lib/gcc/arm-none-eabi/6.3.1/../../../../arm-none-eabi/lib/thumb/v7e-m/fpv4-sp/hard\libc.a
END GROUP
LOAD c:/program files (x86)/gnu tools arm embedded/6 2017-q1-update/bin/../lib/gcc/arm-none-eabi/6.3.1/thumb/v7e-m/fpv4-sp/hard/crtend.o
LOAD c:/program files (x86)/gnu tools arm embedded/6 2017-q1-update/bin/../lib/gcc/arm-none-eabi/6.3.1/thumb/v7e-m/fpv4-sp/hard/crtn.o
OUTPUT(main.elf elf32-littlearm)

.ARM.attributes
                0x00000000       0x30
 .ARM.attributes
                0x00000000       0x22 c:/program files (x86)/gnu tools arm embedded/6 2017-q1-update/bin/../lib/gcc/arm-none-eabi/6.3.1/thumb/v7e-m/fpv4-sp/hard/crti.o
 .ARM.attributes
                0x00000022       0x34 c:/program files (x86)/gnu tools arm embedded/6 2017-q1-update/bin/../lib/gcc/arm-none-eabi/6.3.1/thumb/v7e-m/fpv4-sp/hard/crtbegin.o
 .ARM.attributes
                0x00000056       0x39 ..\obj\stm32f4xx_syscfg.o
 .ARM.attributes
                0x0000008f       0x39 ..\obj\mb.o
 .ARM.attributes
                0x000000c8       0x39 ..\obj\mbfuncdisc.o
 .ARM.attributes
                0x00000101       0x39 ..\obj\portevent.o
 .ARM.attributes
                0x0000013a       0x39 ..\obj\mbfuncother.o
 .ARM.attributes
                0x00000173       0x39 ..\obj\stm32f4xx_usart.o
 .ARM.attributes
                0x000001ac       0x39 ..\obj\mbutils.o
 .ARM.attributes
                0x000001e5       0x39 ..\obj\stm32f4xx_dac.o
 .ARM.attributes
                0x0000021e       0x39 ..\obj\startup_stm32f4xx.o
 .ARM.attributes
                0x00000257       0x39 ..\obj\mbfuncholding.o
 .ARM.attributes
                0x00000290       0x39 ..\obj\main.o
 .ARM.attributes
                0x000002c9       0x39 ..\obj\mbcrc.o
 .ARM.attributes
                0x00000302       0x39 ..\obj\stm32f4xx_rcc.o
 .ARM.attributes
                0x0000033b       0x39 ..\obj\foc.o
 .ARM.attributes
                0x00000374       0x39 ..\obj\stm32f4xx_adc.o
 .ARM.attributes
                0x000003ad       0x39 ..\obj\mbfuncinput.o
 .ARM.attributes
                0x000003e6       0x39 ..\obj\encoder.o
 .ARM.attributes
                0x0000041f       0x39 ..\obj\stm32f4xx_gpio.o
 .ARM.attributes
                0x00000458       0x39 ..\obj\porttimer.o
 .ARM.attributes
                0x00000491       0x39 ..\obj\mbrtu.o
 .ARM.attributes
                0x000004ca       0x39 ..\obj\system_stm32f4xx.o
 .ARM.attributes
                0x00000503       0x39 ..\obj\stm32f4xx_dma.o
 .ARM.attributes
                0x0000053c       0x39 ..\obj\portserial.o
 .ARM.attributes
                0x00000575       0x39 ..\obj\mbfunccoils.o
 .ARM.attributes
                0x000005ae       0x39 ..\obj\stm32f4xx_exti.o
 .ARM.attributes
                0x000005e7       0x39 ..\obj\misc.o
 .ARM.attributes
                0x00000620       0x39 ..\obj\svpwm.o
 .ARM.attributes
                0x00000659       0x39 ..\obj\filter.o
 .ARM.attributes
                0x00000692       0x39 ..\obj\mbascii.o
 .ARM.attributes
                0x000006cb       0x39 ..\obj\pid.o
 .ARM.attributes
                0x00000704       0x39 ..\obj\stm32f4xx_tim.o
 .ARM.attributes
                0x0000073d       0x34 c:/program files (x86)/gnu tools arm embedded/6 2017-q1-update/bin/../lib/gcc/arm-none-eabi/6.3.1/../../../../arm-none-eabi/lib/thumb/v7e-m/fpv4-sp/hard\libm.a(lib_a-sf_cos.o)
 .ARM.attributes
                0x00000771       0x34 c:/program files (x86)/gnu tools arm embedded/6 2017-q1-update/bin/../lib/gcc/arm-none-eabi/6.3.1/../../../../arm-none-eabi/lib/thumb/v7e-m/fpv4-sp/hard\libm.a(lib_a-sf_sin.o)
 .ARM.attributes
                0x000007a5       0x34 c:/program files (x86)/gnu tools arm embedded/6 2017-q1-update/bin/../lib/gcc/arm-none-eabi/6.3.1/../../../../arm-none-eabi/lib/thumb/v7e-m/fpv4-sp/hard\libm.a(lib_a-wf_sqrt.o)
 .ARM.attributes
                0x000007d9       0x34 c:/program files (x86)/gnu tools arm embedded/6 2017-q1-update/bin/../lib/gcc/arm-none-eabi/6.3.1/../../../../arm-none-eabi/lib/thumb/v7e-m/fpv4-sp/hard\libm.a(lib_a-ef_rem_pio2.o)
 .ARM.attributes
                0x0000080d       0x34 c:/program files (x86)/gnu tools arm embedded/6 2017-q1-update/bin/../lib/gcc/arm-none-eabi/6.3.1/../../../../arm-none-eabi/lib/thumb/v7e-m/fpv4-sp/hard\libm.a(lib_a-ef_sqrt.o)
 .ARM.attributes
                0x00000841       0x34 c:/program files (x86)/gnu tools arm embedded/6 2017-q1-update/bin/../lib/gcc/arm-none-eabi/6.3.1/../../../../arm-none-eabi/lib/thumb/v7e-m/fpv4-sp/hard\libm.a(lib_a-kf_cos.o)
 .ARM.attributes
                0x00000875       0x34 c:/program files (x86)/gnu tools arm embedded/6 2017-q1-update/bin/../lib/gcc/arm-none-eabi/6.3.1/../../../../arm-none-eabi/lib/thumb/v7e-m/fpv4-sp/hard\libm.a(lib_a-kf_rem_pio2.o)
 .ARM.attributes
                0x000008a9       0x34 c:/program files (x86)/gnu tools arm embedded/6 2017-q1-update/bin/../lib/gcc/arm-none-eabi/6.3.1/../../../../arm-none-eabi/lib/thumb/v7e-m/fpv4-sp/hard\libm.a(lib_a-kf_sin.o)
 .ARM.attributes
                0x000008dd       0x34 c:/program files (x86)/gnu tools arm embedded/6 2017-q1-update/bin/../lib/gcc/arm-none-eabi/6.3.1/../../../../arm-none-eabi/lib/thumb/v7e-m/fpv4-sp/hard\libm.a(lib_a-s_lib_ver.o)
 .ARM.attributes
                0x00000911       0x34 c:/program files (x86)/gnu tools arm embedded/6 2017-q1-update/bin/../lib/gcc/arm-none-eabi/6.3.1/../../../../arm-none-eabi/lib/thumb/v7e-m/fpv4-sp/hard\libm.a(lib_a-s_matherr.o)
 .ARM.attributes
                0x00000945       0x34 c:/program files (x86)/gnu tools arm embedded/6 2017-q1-update/bin/../lib/gcc/arm-none-eabi/6.3.1/../../../../arm-none-eabi/lib/thumb/v7e-m/fpv4-sp/hard\libm.a(lib_a-sf_fabs.o)
 .ARM.attributes
                0x00000979       0x34 c:/program files (x86)/gnu tools arm embedded/6 2017-q1-update/bin/../lib/gcc/arm-none-eabi/6.3.1/../../../../arm-none-eabi/lib/thumb/v7e-m/fpv4-sp/hard\libm.a(lib_a-sf_floor.o)
 .ARM.attributes
                0x000009ad       0x34 c:/program files (x86)/gnu tools arm embedded/6 2017-q1-update/bin/../lib/gcc/arm-none-eabi/6.3.1/../../../../arm-none-eabi/lib/thumb/v7e-m/fpv4-sp/hard\libm.a(lib_a-sf_scalbn.o)
 .ARM.attributes
                0x000009e1       0x34 c:/program files (x86)/gnu tools arm embedded/6 2017-q1-update/bin/../lib/gcc/arm-none-eabi/6.3.1/../../../../arm-none-eabi/lib/thumb/v7e-m/fpv4-sp/hard\libm.a(lib_a-sf_copysign.o)
 .ARM.attributes
                0x00000a15       0x22 c:/program files (x86)/gnu tools arm embedded/6 2017-q1-update/bin/../lib/gcc/arm-none-eabi/6.3.1/thumb/v7e-m/fpv4-sp/hard\libgcc.a(_arm_addsubdf3.o)
 .ARM.attributes
                0x00000a37       0x22 c:/program files (x86)/gnu tools arm embedded/6 2017-q1-update/bin/../lib/gcc/arm-none-eabi/6.3.1/thumb/v7e-m/fpv4-sp/hard\libgcc.a(_arm_muldivdf3.o)
 .ARM.attributes
                0x00000a59       0x22 c:/program files (x86)/gnu tools arm embedded/6 2017-q1-update/bin/../lib/gcc/arm-none-eabi/6.3.1/thumb/v7e-m/fpv4-sp/hard\libgcc.a(_arm_truncdfsf2.o)
 .ARM.attributes
                0x00000a7b       0x34 c:/program files (x86)/gnu tools arm embedded/6 2017-q1-update/bin/../lib/gcc/arm-none-eabi/6.3.1/../../../../arm-none-eabi/lib/thumb/v7e-m/fpv4-sp/hard\libc.a(lib_a-errno.o)
 .ARM.attributes
                0x00000aaf       0x34 c:/program files (x86)/gnu tools arm embedded/6 2017-q1-update/bin/../lib/gcc/arm-none-eabi/6.3.1/../../../../arm-none-eabi/lib/thumb/v7e-m/fpv4-sp/hard\libc.a(lib_a-impure.o)
 .ARM.attributes
                0x00000ae3       0x20 c:/program files (x86)/gnu tools arm embedded/6 2017-q1-update/bin/../lib/gcc/arm-none-eabi/6.3.1/../../../../arm-none-eabi/lib/thumb/v7e-m/fpv4-sp/hard\libc.a(lib_a-memcpy.o)
 .ARM.attributes
                0x00000b03       0x34 c:/program files (x86)/gnu tools arm embedded/6 2017-q1-update/bin/../lib/gcc/arm-none-eabi/6.3.1/../../../../arm-none-eabi/lib/thumb/v7e-m/fpv4-sp/hard\libc.a(lib_a-memset.o)
 .ARM.attributes
                0x00000b37       0x34 c:/program files (x86)/gnu tools arm embedded/6 2017-q1-update/bin/../lib/gcc/arm-none-eabi/6.3.1/../../../../arm-none-eabi/lib/thumb/v7e-m/fpv4-sp/hard\libc.a(lib_a-__call_atexit.o)
 .ARM.attributes
                0x00000b6b       0x34 c:/program files (x86)/gnu tools arm embedded/6 2017-q1-update/bin/../lib/gcc/arm-none-eabi/6.3.1/../../../../arm-none-eabi/lib/thumb/v7e-m/fpv4-sp/hard\libc.a(lib_a-atexit.o)
 .ARM.attributes
                0x00000b9f       0x34 c:/program files (x86)/gnu tools arm embedded/6 2017-q1-update/bin/../lib/gcc/arm-none-eabi/6.3.1/../../../../arm-none-eabi/lib/thumb/v7e-m/fpv4-sp/hard\libc.a(lib_a-fini.o)
 .ARM.attributes
                0x00000bd3       0x34 c:/program files (x86)/gnu tools arm embedded/6 2017-q1-update/bin/../lib/gcc/arm-none-eabi/6.3.1/../../../../arm-none-eabi/lib/thumb/v7e-m/fpv4-sp/hard\libc.a(lib_a-lock.o)
 .ARM.attributes
                0x00000c07       0x34 c:/program files (x86)/gnu tools arm embedded/6 2017-q1-update/bin/../lib/gcc/arm-none-eabi/6.3.1/../../../../arm-none-eabi/lib/thumb/v7e-m/fpv4-sp/hard\libc.a(lib_a-__atexit.o)
 .ARM.attributes
                0x00000c3b       0x34 c:/program files (x86)/gnu tools arm embedded/6 2017-q1-update/bin/../lib/gcc/arm-none-eabi/6.3.1/thumb/v7e-m/fpv4-sp/hard/crtend.o
 .ARM.attributes
                0x00000c6f       0x22 c:/program files (x86)/gnu tools arm embedded/6 2017-q1-update/bin/../lib/gcc/arm-none-eabi/6.3.1/thumb/v7e-m/fpv4-sp/hard/crtn.o

.comment        0x00000000       0x7f
 .comment       0x00000000       0x7f ..\obj\stm32f4xx_syscfg.o
                                 0x80 (size before relaxing)
 .comment       0x0000007f       0x80 ..\obj\mb.o
 .comment       0x0000007f       0x80 ..\obj\mbfuncdisc.o
 .comment       0x0000007f       0x80 ..\obj\portevent.o
 .comment       0x0000007f       0x80 ..\obj\mbfuncother.o
 .comment       0x0000007f       0x80 ..\obj\stm32f4xx_usart.o
 .comment       0x0000007f       0x80 ..\obj\mbutils.o
 .comment       0x0000007f       0x80 ..\obj\stm32f4xx_dac.o
 .comment       0x0000007f       0x80 ..\obj\startup_stm32f4xx.o
 .comment       0x0000007f       0x80 ..\obj\mbfuncholding.o
 .comment       0x0000007f       0x80 ..\obj\main.o
 .comment       0x0000007f       0x80 ..\obj\mbcrc.o
 .comment       0x0000007f       0x80 ..\obj\stm32f4xx_rcc.o
 .comment       0x0000007f       0x80 ..\obj\foc.o
 .comment       0x0000007f       0x80 ..\obj\stm32f4xx_adc.o
 .comment       0x0000007f       0x80 ..\obj\mbfuncinput.o
 .comment       0x0000007f       0x80 ..\obj\encoder.o
 .comment       0x0000007f       0x80 ..\obj\stm32f4xx_gpio.o
 .comment       0x0000007f       0x80 ..\obj\porttimer.o
 .comment       0x0000007f       0x80 ..\obj\mbrtu.o
 .comment       0x0000007f       0x80 ..\obj\system_stm32f4xx.o
 .comment       0x0000007f       0x80 ..\obj\stm32f4xx_dma.o
 .comment       0x0000007f       0x80 ..\obj\portserial.o
 .comment       0x0000007f       0x80 ..\obj\mbfunccoils.o
 .comment       0x0000007f       0x80 ..\obj\stm32f4xx_exti.o
 .comment       0x0000007f       0x80 ..\obj\misc.o
 .comment       0x0000007f       0x80 ..\obj\svpwm.o
 .comment       0x0000007f       0x80 ..\obj\filter.o
 .comment       0x0000007f       0x80 ..\obj\mbascii.o
 .comment       0x0000007f       0x80 ..\obj\pid.o
 .comment       0x0000007f       0x80 ..\obj\stm32f4xx_tim.o

.debug_info     0x00000000    0x16b4d
 .debug_info    0x00000000      0x2c1 ..\obj\stm32f4xx_syscfg.o
 .debug_info    0x000002c1      0xf3d ..\obj\mb.o
 .debug_info    0x000011fe      0xad5 ..\obj\mbfuncdisc.o
 .debug_info    0x00001cd3      0x1d9 ..\obj\portevent.o
 .debug_info    0x00001eac      0xb35 ..\obj\mbfuncother.o
 .debug_info    0x000029e1      0xaaf ..\obj\stm32f4xx_usart.o
 .debug_info    0x00003490      0xb56 ..\obj\mbutils.o
 .debug_info    0x00003fe6      0x68e ..\obj\stm32f4xx_dac.o
 .debug_info    0x00004674      0x121 ..\obj\startup_stm32f4xx.o
 .debug_info    0x00004795      0xd1a ..\obj\mbfuncholding.o
 .debug_info    0x000054af     0x1043 ..\obj\main.o
 .debug_info    0x000064f2      0x191 ..\obj\mbcrc.o
 .debug_info    0x00006683      0xca3 ..\obj\stm32f4xx_rcc.o
 .debug_info    0x00007326     0x1da8 ..\obj\foc.o
 .debug_info    0x000090ce      0xc7e ..\obj\stm32f4xx_adc.o
 .debug_info    0x00009d4c      0xac6 ..\obj\mbfuncinput.o
 .debug_info    0x0000a812     0x1722 ..\obj\encoder.o
 .debug_info    0x0000bf34      0x712 ..\obj\stm32f4xx_gpio.o
 .debug_info    0x0000c646      0x836 ..\obj\porttimer.o
 .debug_info    0x0000ce7c      0xf30 ..\obj\mbrtu.o
 .debug_info    0x0000ddac      0x5e9 ..\obj\system_stm32f4xx.o
 .debug_info    0x0000e395      0x732 ..\obj\stm32f4xx_dma.o
 .debug_info    0x0000eac7      0xca1 ..\obj\portserial.o
 .debug_info    0x0000f768      0xc54 ..\obj\mbfunccoils.o
 .debug_info    0x000103bc      0x365 ..\obj\stm32f4xx_exti.o
 .debug_info    0x00010721      0x54d ..\obj\misc.o
 .debug_info    0x00010c6e     0x202a ..\obj\svpwm.o
 .debug_info    0x00012c98      0x15e ..\obj\filter.o
 .debug_info    0x00012df6     0x111e ..\obj\mbascii.o
 .debug_info    0x00013f14      0xc2c ..\obj\pid.o
 .debug_info    0x00014b40     0x200d ..\obj\stm32f4xx_tim.o

.debug_abbrev   0x00000000     0x42ca
 .debug_abbrev  0x00000000      0x173 ..\obj\stm32f4xx_syscfg.o
 .debug_abbrev  0x00000173      0x2f7 ..\obj\mb.o
 .debug_abbrev  0x0000046a      0x238 ..\obj\mbfuncdisc.o
 .debug_abbrev  0x000006a2       0xeb ..\obj\portevent.o
 .debug_abbrev  0x0000078d      0x222 ..\obj\mbfuncother.o
 .debug_abbrev  0x000009af      0x1d8 ..\obj\stm32f4xx_usart.o
 .debug_abbrev  0x00000b87      0x225 ..\obj\mbutils.o
 .debug_abbrev  0x00000dac      0x231 ..\obj\stm32f4xx_dac.o
 .debug_abbrev  0x00000fdd       0xeb ..\obj\startup_stm32f4xx.o
 .debug_abbrev  0x000010c8      0x238 ..\obj\mbfuncholding.o
 .debug_abbrev  0x00001300      0x2db ..\obj\main.o
 .debug_abbrev  0x000015db       0xc9 ..\obj\mbcrc.o
 .debug_abbrev  0x000016a4      0x21c ..\obj\stm32f4xx_rcc.o
 .debug_abbrev  0x000018c0      0x421 ..\obj\foc.o
 .debug_abbrev  0x00001ce1      0x205 ..\obj\stm32f4xx_adc.o
 .debug_abbrev  0x00001ee6      0x238 ..\obj\mbfuncinput.o
 .debug_abbrev  0x0000211e      0x315 ..\obj\encoder.o
 .debug_abbrev  0x00002433      0x1ff ..\obj\stm32f4xx_gpio.o
 .debug_abbrev  0x00002632      0x1be ..\obj\porttimer.o
 .debug_abbrev  0x000027f0      0x2c1 ..\obj\mbrtu.o
 .debug_abbrev  0x00002ab1      0x17b ..\obj\system_stm32f4xx.o
 .debug_abbrev  0x00002c2c      0x1af ..\obj\stm32f4xx_dma.o
 .debug_abbrev  0x00002ddb      0x210 ..\obj\portserial.o
 .debug_abbrev  0x00002feb      0x252 ..\obj\mbfunccoils.o
 .debug_abbrev  0x0000323d      0x206 ..\obj\stm32f4xx_exti.o
 .debug_abbrev  0x00003443      0x17f ..\obj\misc.o
 .debug_abbrev  0x000035c2      0x388 ..\obj\svpwm.o
 .debug_abbrev  0x0000394a       0xd7 ..\obj\filter.o
 .debug_abbrev  0x00003a21      0x352 ..\obj\mbascii.o
 .debug_abbrev  0x00003d73      0x292 ..\obj\pid.o
 .debug_abbrev  0x00004005      0x2c5 ..\obj\stm32f4xx_tim.o

.debug_loc      0x00000000     0x7522
 .debug_loc     0x00000000       0x97 ..\obj\stm32f4xx_syscfg.o
 .debug_loc     0x00000097      0x299 ..\obj\mb.o
 .debug_loc     0x00000330      0x183 ..\obj\mbfuncdisc.o
 .debug_loc     0x000004b3       0x6e ..\obj\portevent.o
 .debug_loc     0x00000521      0x124 ..\obj\mbfuncother.o
 .debug_loc     0x00000645      0x7d5 ..\obj\stm32f4xx_usart.o
 .debug_loc     0x00000e1a      0x3d2 ..\obj\mbutils.o
 .debug_loc     0x000011ec      0x3cd ..\obj\stm32f4xx_dac.o
 .debug_loc     0x000015b9       0x2b ..\obj\startup_stm32f4xx.o
 .debug_loc     0x000015e4      0x73d ..\obj\mbfuncholding.o
 .debug_loc     0x00001d21      0x2c1 ..\obj\main.o
 .debug_loc     0x00001fe2       0xb5 ..\obj\mbcrc.o
 .debug_loc     0x00002097      0x9c7 ..\obj\stm32f4xx_rcc.o
 .debug_loc     0x00002a5e      0x192 ..\obj\foc.o
 .debug_loc     0x00002bf0      0x9fe ..\obj\stm32f4xx_adc.o
 .debug_loc     0x000035ee      0x170 ..\obj\mbfuncinput.o
 .debug_loc     0x0000375e      0x30e ..\obj\encoder.o
 .debug_loc     0x00003a6c      0x30c ..\obj\stm32f4xx_gpio.o
 .debug_loc     0x00003d78       0x21 ..\obj\porttimer.o
 .debug_loc     0x00003d99      0x2e7 ..\obj\mbrtu.o
 .debug_loc     0x00004080      0x10b ..\obj\system_stm32f4xx.o
 .debug_loc     0x0000418b      0x415 ..\obj\stm32f4xx_dma.o
 .debug_loc     0x000045a0      0x123 ..\obj\portserial.o
 .debug_loc     0x000046c3      0x400 ..\obj\mbfunccoils.o
 .debug_loc     0x00004ac3      0x188 ..\obj\stm32f4xx_exti.o
 .debug_loc     0x00004c4b      0x15c ..\obj\misc.o
 .debug_loc     0x00004da7      0x7b1 ..\obj\svpwm.o
 .debug_loc     0x00005558      0x10b ..\obj\filter.o
 .debug_loc     0x00005663      0x411 ..\obj\mbascii.o
 .debug_loc     0x00005a74      0x1be ..\obj\pid.o
 .debug_loc     0x00005c32     0x18f0 ..\obj\stm32f4xx_tim.o

.debug_aranges  0x00000000      0xed8
 .debug_aranges
                0x00000000       0x48 ..\obj\stm32f4xx_syscfg.o
 .debug_aranges
                0x00000048       0x48 ..\obj\mb.o
 .debug_aranges
                0x00000090       0x20 ..\obj\mbfuncdisc.o
 .debug_aranges
                0x000000b0       0x30 ..\obj\portevent.o
 .debug_aranges
                0x000000e0       0x28 ..\obj\mbfuncother.o
 .debug_aranges
                0x00000108      0x100 ..\obj\stm32f4xx_usart.o
 .debug_aranges
                0x00000208       0x30 ..\obj\mbutils.o
 .debug_aranges
                0x00000238       0x90 ..\obj\stm32f4xx_dac.o
 .debug_aranges
                0x000002c8       0x28 ..\obj\startup_stm32f4xx.o
 .debug_aranges
                0x000002f0       0x38 ..\obj\mbfuncholding.o
 .debug_aranges
                0x00000328       0x40 ..\obj\main.o
 .debug_aranges
                0x00000368       0x20 ..\obj\mbcrc.o
 .debug_aranges
                0x00000388      0x178 ..\obj\stm32f4xx_rcc.o
 .debug_aranges
                0x00000500       0x80 ..\obj\foc.o
 .debug_aranges
                0x00000580      0x140 ..\obj\stm32f4xx_adc.o
 .debug_aranges
                0x000006c0       0x20 ..\obj\mbfuncinput.o
 .debug_aranges
                0x000006e0       0xc0 ..\obj\encoder.o
 .debug_aranges
                0x000007a0       0x88 ..\obj\stm32f4xx_gpio.o
 .debug_aranges
                0x00000828       0x38 ..\obj\porttimer.o
 .debug_aranges
                0x00000860       0x58 ..\obj\mbrtu.o
 .debug_aranges
                0x000008b8       0x28 ..\obj\system_stm32f4xx.o
 .debug_aranges
                0x000008e0       0xa8 ..\obj\stm32f4xx_dma.o
 .debug_aranges
                0x00000988       0x40 ..\obj\portserial.o
 .debug_aranges
                0x000009c8       0x30 ..\obj\mbfunccoils.o
 .debug_aranges
                0x000009f8       0x50 ..\obj\stm32f4xx_exti.o
 .debug_aranges
                0x00000a48       0x40 ..\obj\misc.o
 .debug_aranges
                0x00000a88       0xa8 ..\obj\svpwm.o
 .debug_aranges
                0x00000b30       0x28 ..\obj\filter.o
 .debug_aranges
                0x00000b58       0x58 ..\obj\mbascii.o
 .debug_aranges
                0x00000bb0       0x50 ..\obj\pid.o
 .debug_aranges
                0x00000c00      0x2d8 ..\obj\stm32f4xx_tim.o

.debug_ranges   0x00000000      0xe78
 .debug_ranges  0x00000000       0x38 ..\obj\stm32f4xx_syscfg.o
 .debug_ranges  0x00000038       0x38 ..\obj\mb.o
 .debug_ranges  0x00000070       0x10 ..\obj\mbfuncdisc.o
 .debug_ranges  0x00000080       0x20 ..\obj\portevent.o
 .debug_ranges  0x000000a0       0x18 ..\obj\mbfuncother.o
 .debug_ranges  0x000000b8       0xf0 ..\obj\stm32f4xx_usart.o
 .debug_ranges  0x000001a8       0x20 ..\obj\mbutils.o
 .debug_ranges  0x000001c8       0x80 ..\obj\stm32f4xx_dac.o
 .debug_ranges  0x00000248       0x18 ..\obj\startup_stm32f4xx.o
 .debug_ranges  0x00000260       0x28 ..\obj\mbfuncholding.o
 .debug_ranges  0x00000288       0x98 ..\obj\main.o
 .debug_ranges  0x00000320       0x10 ..\obj\mbcrc.o
 .debug_ranges  0x00000330      0x168 ..\obj\stm32f4xx_rcc.o
 .debug_ranges  0x00000498       0xa0 ..\obj\foc.o
 .debug_ranges  0x00000538      0x130 ..\obj\stm32f4xx_adc.o
 .debug_ranges  0x00000668       0x10 ..\obj\mbfuncinput.o
 .debug_ranges  0x00000678       0xd8 ..\obj\encoder.o
 .debug_ranges  0x00000750       0x78 ..\obj\stm32f4xx_gpio.o
 .debug_ranges  0x000007c8       0x28 ..\obj\porttimer.o
 .debug_ranges  0x000007f0       0x48 ..\obj\mbrtu.o
 .debug_ranges  0x00000838       0x30 ..\obj\system_stm32f4xx.o
 .debug_ranges  0x00000868       0x98 ..\obj\stm32f4xx_dma.o
 .debug_ranges  0x00000900       0x48 ..\obj\portserial.o
 .debug_ranges  0x00000948       0x20 ..\obj\mbfunccoils.o
 .debug_ranges  0x00000968       0x40 ..\obj\stm32f4xx_exti.o
 .debug_ranges  0x000009a8       0x30 ..\obj\misc.o
 .debug_ranges  0x000009d8       0xc0 ..\obj\svpwm.o
 .debug_ranges  0x00000a98       0x18 ..\obj\filter.o
 .debug_ranges  0x00000ab0       0x88 ..\obj\mbascii.o
 .debug_ranges  0x00000b38       0x40 ..\obj\pid.o
 .debug_ranges  0x00000b78      0x300 ..\obj\stm32f4xx_tim.o

.debug_line     0x00000000     0x892c
 .debug_line    0x00000000      0x307 ..\obj\stm32f4xx_syscfg.o
 .debug_line    0x00000307      0x5ac ..\obj\mb.o
 .debug_line    0x000008b3      0x423 ..\obj\mbfuncdisc.o
 .debug_line    0x00000cd6      0x2b1 ..\obj\portevent.o
 .debug_line    0x00000f87      0x410 ..\obj\mbfuncother.o
 .debug_line    0x00001397      0x580 ..\obj\stm32f4xx_usart.o
 .debug_line    0x00001917      0x42e ..\obj\mbutils.o
 .debug_line    0x00001d45      0x3e5 ..\obj\stm32f4xx_dac.o
 .debug_line    0x0000212a       0xbb ..\obj\startup_stm32f4xx.o
 .debug_line    0x000021e5      0x4cb ..\obj\mbfuncholding.o
 .debug_line    0x000026b0      0x547 ..\obj\main.o
 .debug_line    0x00002bf7      0x281 ..\obj\mbcrc.o
 .debug_line    0x00002e78      0x62e ..\obj\stm32f4xx_rcc.o
 .debug_line    0x000034a6      0x62e ..\obj\foc.o
 .debug_line    0x00003ad4      0x603 ..\obj\stm32f4xx_adc.o
 .debug_line    0x000040d7      0x415 ..\obj\mbfuncinput.o
 .debug_line    0x000044ec      0x5d2 ..\obj\encoder.o
 .debug_line    0x00004abe      0x3f7 ..\obj\stm32f4xx_gpio.o
 .debug_line    0x00004eb5      0x377 ..\obj\porttimer.o
 .debug_line    0x0000522c      0x528 ..\obj\mbrtu.o
 .debug_line    0x00005754      0x23f ..\obj\system_stm32f4xx.o
 .debug_line    0x00005993      0x494 ..\obj\stm32f4xx_dma.o
 .debug_line    0x00005e27      0x3e2 ..\obj\portserial.o
 .debug_line    0x00006209      0x497 ..\obj\mbfunccoils.o
 .debug_line    0x000066a0      0x337 ..\obj\stm32f4xx_exti.o
 .debug_line    0x000069d7      0x2ef ..\obj\misc.o
 .debug_line    0x00006cc6      0x68a ..\obj\svpwm.o
 .debug_line    0x00007350      0x246 ..\obj\filter.o
 .debug_line    0x00007596      0x59d ..\obj\mbascii.o
 .debug_line    0x00007b33      0x278 ..\obj\pid.o
 .debug_line    0x00007dab      0xb81 ..\obj\stm32f4xx_tim.o

.debug_str      0x00000000     0x555c
 .debug_str     0x00000000      0x2fc ..\obj\stm32f4xx_syscfg.o
                                0x35a (size before relaxing)
 .debug_str     0x000002fc      0x8b7 ..\obj\mb.o
                                0xaa3 (size before relaxing)
 .debug_str     0x00000bb3       0xed ..\obj\mbfuncdisc.o
                                0x82e (size before relaxing)
 .debug_str     0x00000ca0       0x86 ..\obj\portevent.o
                                0x2d6 (size before relaxing)
 .debug_str     0x00000d26       0xe2 ..\obj\mbfuncother.o
                                0x832 (size before relaxing)
 .debug_str     0x00000e08      0x51b ..\obj\stm32f4xx_usart.o
                                0x71e (size before relaxing)
 .debug_str     0x00001323       0xdf ..\obj\mbutils.o
                                0x836 (size before relaxing)
 .debug_str     0x00001402      0x2b7 ..\obj\stm32f4xx_dac.o
                                0x4b9 (size before relaxing)
 .debug_str     0x000016b9       0xe3 ..\obj\startup_stm32f4xx.o
                                0x19d (size before relaxing)
 .debug_str     0x0000179c      0x181 ..\obj\mbfuncholding.o
                                0x90b (size before relaxing)
 .debug_str     0x0000191d      0x73c ..\obj\main.o
                                0xaa7 (size before relaxing)
 .debug_str     0x00002059       0x7a ..\obj\mbcrc.o
                                0x22e (size before relaxing)
 .debug_str     0x000020d3      0x5a2 ..\obj\stm32f4xx_rcc.o
                                0x89f (size before relaxing)
 .debug_str     0x00002675      0x336 ..\obj\foc.o
                                0xf15 (size before relaxing)
 .debug_str     0x000029ab      0x5ac ..\obj\stm32f4xx_adc.o
                                0x86a (size before relaxing)
 .debug_str     0x00002f57       0x7c ..\obj\mbfuncinput.o
                                0x81f (size before relaxing)
 .debug_str     0x00002fd3      0xa07 ..\obj\encoder.o
                                0xfdb (size before relaxing)
 .debug_str     0x000039da      0x14a ..\obj\stm32f4xx_gpio.o
                                0x509 (size before relaxing)
 .debug_str     0x00003b24       0xd4 ..\obj\porttimer.o
                                0xa3d (size before relaxing)
 .debug_str     0x00003bf8      0x222 ..\obj\mbrtu.o
                                0x99f (size before relaxing)
 .debug_str     0x00003e1a      0x103 ..\obj\system_stm32f4xx.o
                                0x3e9 (size before relaxing)
 .debug_str     0x00003f1d      0x3a0 ..\obj\stm32f4xx_dma.o
                                0x591 (size before relaxing)
 .debug_str     0x000042bd       0xca ..\obj\portserial.o
                                0xcd3 (size before relaxing)
 .debug_str     0x00004387       0xd9 ..\obj\mbfunccoils.o
                                0x893 (size before relaxing)
 .debug_str     0x00004460       0xda ..\obj\stm32f4xx_exti.o
                                0x3a8 (size before relaxing)
 .debug_str     0x0000453a      0x15c ..\obj\misc.o
                                0x41d (size before relaxing)
 .debug_str     0x00004696      0x424 ..\obj\svpwm.o
                               0x15b7 (size before relaxing)
 .debug_str     0x00004aba       0x6a ..\obj\filter.o
                                0x20f (size before relaxing)
 .debug_str     0x00004b24      0x1ba ..\obj\mbascii.o
                                0xa35 (size before relaxing)
 .debug_str     0x00004cde      0x10f ..\obj\pid.o
                                0x6be (size before relaxing)
 .debug_str     0x00004ded      0x76f ..\obj\stm32f4xx_tim.o
                                0xe4d (size before relaxing)

.debug_frame    0x00000000     0x27ac
 .debug_frame   0x00000000       0x84 ..\obj\stm32f4xx_syscfg.o
 .debug_frame   0x00000084       0xb8 ..\obj\mb.o
 .debug_frame   0x0000013c       0x38 ..\obj\mbfuncdisc.o
 .debug_frame   0x00000174       0x40 ..\obj\portevent.o
 .debug_frame   0x000001b4       0x48 ..\obj\mbfuncother.o
 .debug_frame   0x000001fc      0x224 ..\obj\stm32f4xx_usart.o
 .debug_frame   0x00000420       0x58 ..\obj\mbutils.o
 .debug_frame   0x00000478      0x150 ..\obj\stm32f4xx_dac.o
 .debug_frame   0x000005c8       0x30 ..\obj\startup_stm32f4xx.o
 .debug_frame   0x000005f8       0xac ..\obj\mbfuncholding.o
 .debug_frame   0x000006a4       0xb4 ..\obj\main.o
 .debug_frame   0x00000758       0x2c ..\obj\mbcrc.o
 .debug_frame   0x00000784      0x2e8 ..\obj\stm32f4xx_rcc.o
 .debug_frame   0x00000a6c      0x160 ..\obj\foc.o
 .debug_frame   0x00000bcc      0x2b4 ..\obj\stm32f4xx_adc.o
 .debug_frame   0x00000e80       0x38 ..\obj\mbfuncinput.o
 .debug_frame   0x00000eb8      0x244 ..\obj\encoder.o
 .debug_frame   0x000010fc      0x124 ..\obj\stm32f4xx_gpio.o
 .debug_frame   0x00001220       0x7c ..\obj\porttimer.o
 .debug_frame   0x0000129c       0xec ..\obj\mbrtu.o
 .debug_frame   0x00001388       0x44 ..\obj\system_stm32f4xx.o
 .debug_frame   0x000013cc      0x160 ..\obj\stm32f4xx_dma.o
 .debug_frame   0x0000152c       0xac ..\obj\portserial.o
 .debug_frame   0x000015d8       0x78 ..\obj\mbfunccoils.o
 .debug_frame   0x00001650       0x9c ..\obj\stm32f4xx_exti.o
 .debug_frame   0x000016ec       0x68 ..\obj\misc.o
 .debug_frame   0x00001754      0x22c ..\obj\svpwm.o
 .debug_frame   0x00001980       0x3c ..\obj\filter.o
 .debug_frame   0x000019bc       0xf0 ..\obj\mbascii.o
 .debug_frame   0x00001aac       0xa0 ..\obj\pid.o
 .debug_frame   0x00001b4c      0x6bc ..\obj\stm32f4xx_tim.o
 .debug_frame   0x00002208       0x34 c:/program files (x86)/gnu tools arm embedded/6 2017-q1-update/bin/../lib/gcc/arm-none-eabi/6.3.1/../../../../arm-none-eabi/lib/thumb/v7e-m/fpv4-sp/hard\libm.a(lib_a-sf_cos.o)
 .debug_frame   0x0000223c       0x34 c:/program files (x86)/gnu tools arm embedded/6 2017-q1-update/bin/../lib/gcc/arm-none-eabi/6.3.1/../../../../arm-none-eabi/lib/thumb/v7e-m/fpv4-sp/hard\libm.a(lib_a-sf_sin.o)
 .debug_frame   0x00002270       0x50 c:/program files (x86)/gnu tools arm embedded/6 2017-q1-update/bin/../lib/gcc/arm-none-eabi/6.3.1/../../../../arm-none-eabi/lib/thumb/v7e-m/fpv4-sp/hard\libm.a(lib_a-wf_sqrt.o)
 .debug_frame   0x000022c0       0x3c c:/program files (x86)/gnu tools arm embedded/6 2017-q1-update/bin/../lib/gcc/arm-none-eabi/6.3.1/../../../../arm-none-eabi/lib/thumb/v7e-m/fpv4-sp/hard\libm.a(lib_a-ef_rem_pio2.o)
 .debug_frame   0x000022fc       0x48 c:/program files (x86)/gnu tools arm embedded/6 2017-q1-update/bin/../lib/gcc/arm-none-eabi/6.3.1/../../../../arm-none-eabi/lib/thumb/v7e-m/fpv4-sp/hard\libm.a(lib_a-ef_sqrt.o)
 .debug_frame   0x00002344       0x20 c:/program files (x86)/gnu tools arm embedded/6 2017-q1-update/bin/../lib/gcc/arm-none-eabi/6.3.1/../../../../arm-none-eabi/lib/thumb/v7e-m/fpv4-sp/hard\libm.a(lib_a-kf_cos.o)
 .debug_frame   0x00002364       0x5c c:/program files (x86)/gnu tools arm embedded/6 2017-q1-update/bin/../lib/gcc/arm-none-eabi/6.3.1/../../../../arm-none-eabi/lib/thumb/v7e-m/fpv4-sp/hard\libm.a(lib_a-kf_rem_pio2.o)
 .debug_frame   0x000023c0       0x20 c:/program files (x86)/gnu tools arm embedded/6 2017-q1-update/bin/../lib/gcc/arm-none-eabi/6.3.1/../../../../arm-none-eabi/lib/thumb/v7e-m/fpv4-sp/hard\libm.a(lib_a-kf_sin.o)
 .debug_frame   0x000023e0       0x20 c:/program files (x86)/gnu tools arm embedded/6 2017-q1-update/bin/../lib/gcc/arm-none-eabi/6.3.1/../../../../arm-none-eabi/lib/thumb/v7e-m/fpv4-sp/hard\libm.a(lib_a-s_matherr.o)
 .debug_frame   0x00002400       0x20 c:/program files (x86)/gnu tools arm embedded/6 2017-q1-update/bin/../lib/gcc/arm-none-eabi/6.3.1/../../../../arm-none-eabi/lib/thumb/v7e-m/fpv4-sp/hard\libm.a(lib_a-sf_fabs.o)
 .debug_frame   0x00002420       0x20 c:/program files (x86)/gnu tools arm embedded/6 2017-q1-update/bin/../lib/gcc/arm-none-eabi/6.3.1/../../../../arm-none-eabi/lib/thumb/v7e-m/fpv4-sp/hard\libm.a(lib_a-sf_floor.o)
 .debug_frame   0x00002440       0x44 c:/program files (x86)/gnu tools arm embedded/6 2017-q1-update/bin/../lib/gcc/arm-none-eabi/6.3.1/../../../../arm-none-eabi/lib/thumb/v7e-m/fpv4-sp/hard\libm.a(lib_a-sf_scalbn.o)
 .debug_frame   0x00002484       0x20 c:/program files (x86)/gnu tools arm embedded/6 2017-q1-update/bin/../lib/gcc/arm-none-eabi/6.3.1/../../../../arm-none-eabi/lib/thumb/v7e-m/fpv4-sp/hard\libm.a(lib_a-sf_copysign.o)
 .debug_frame   0x000024a4       0xac c:/program files (x86)/gnu tools arm embedded/6 2017-q1-update/bin/../lib/gcc/arm-none-eabi/6.3.1/thumb/v7e-m/fpv4-sp/hard\libgcc.a(_arm_addsubdf3.o)
 .debug_frame   0x00002550       0x50 c:/program files (x86)/gnu tools arm embedded/6 2017-q1-update/bin/../lib/gcc/arm-none-eabi/6.3.1/thumb/v7e-m/fpv4-sp/hard\libgcc.a(_arm_muldivdf3.o)
 .debug_frame   0x000025a0       0x24 c:/program files (x86)/gnu tools arm embedded/6 2017-q1-update/bin/../lib/gcc/arm-none-eabi/6.3.1/thumb/v7e-m/fpv4-sp/hard\libgcc.a(_arm_truncdfsf2.o)
 .debug_frame   0x000025c4       0x20 c:/program files (x86)/gnu tools arm embedded/6 2017-q1-update/bin/../lib/gcc/arm-none-eabi/6.3.1/../../../../arm-none-eabi/lib/thumb/v7e-m/fpv4-sp/hard\libc.a(lib_a-errno.o)
 .debug_frame   0x000025e4       0x34 c:/program files (x86)/gnu tools arm embedded/6 2017-q1-update/bin/../lib/gcc/arm-none-eabi/6.3.1/../../../../arm-none-eabi/lib/thumb/v7e-m/fpv4-sp/hard\libc.a(lib_a-memset.o)
 .debug_frame   0x00002618       0x5c c:/program files (x86)/gnu tools arm embedded/6 2017-q1-update/bin/../lib/gcc/arm-none-eabi/6.3.1/../../../../arm-none-eabi/lib/thumb/v7e-m/fpv4-sp/hard\libc.a(lib_a-__call_atexit.o)
 .debug_frame   0x00002674       0x20 c:/program files (x86)/gnu tools arm embedded/6 2017-q1-update/bin/../lib/gcc/arm-none-eabi/6.3.1/../../../../arm-none-eabi/lib/thumb/v7e-m/fpv4-sp/hard\libc.a(lib_a-atexit.o)
 .debug_frame   0x00002694       0x34 c:/program files (x86)/gnu tools arm embedded/6 2017-q1-update/bin/../lib/gcc/arm-none-eabi/6.3.1/../../../../arm-none-eabi/lib/thumb/v7e-m/fpv4-sp/hard\libc.a(lib_a-fini.o)
 .debug_frame   0x000026c8       0xb0 c:/program files (x86)/gnu tools arm embedded/6 2017-q1-update/bin/../lib/gcc/arm-none-eabi/6.3.1/../../../../arm-none-eabi/lib/thumb/v7e-m/fpv4-sp/hard\libc.a(lib_a-lock.o)
 .debug_frame   0x00002778       0x34 c:/program files (x86)/gnu tools arm embedded/6 2017-q1-update/bin/../lib/gcc/arm-none-eabi/6.3.1/../../../../arm-none-eabi/lib/thumb/v7e-m/fpv4-sp/hard\libc.a(lib_a-__atexit.o)
