Archive member included to satisfy reference by file (symbol)

c:/program files (x86)/gnu tools arm embedded/6 2017-q1-update/bin/../lib/gcc/arm-none-eabi/6.3.1/../../../../arm-none-eabi/lib/thumb/v7e-m/fpv4-sp/hard\libm.a(lib_a-sf_cos.o)
                              ..\obj\encoder.o (cosf)
c:/program files (x86)/gnu tools arm embedded/6 2017-q1-update/bin/../lib/gcc/arm-none-eabi/6.3.1/../../../../arm-none-eabi/lib/thumb/v7e-m/fpv4-sp/hard\libm.a(lib_a-sf_sin.o)
                              ..\obj\encoder.o (sinf)
c:/program files (x86)/gnu tools arm embedded/6 2017-q1-update/bin/../lib/gcc/arm-none-eabi/6.3.1/../../../../arm-none-eabi/lib/thumb/v7e-m/fpv4-sp/hard\libm.a(lib_a-wf_sqrt.o)
                              ..\obj\svpwm.o (sqrtf)
c:/program files (x86)/gnu tools arm embedded/6 2017-q1-update/bin/../lib/gcc/arm-none-eabi/6.3.1/../../../../arm-none-eabi/lib/thumb/v7e-m/fpv4-sp/hard\libm.a(lib_a-ef_rem_pio2.o)
                              c:/program files (x86)/gnu tools arm embedded/6 2017-q1-update/bin/../lib/gcc/arm-none-eabi/6.3.1/../../../../arm-none-eabi/lib/thumb/v7e-m/fpv4-sp/hard\libm.a(lib_a-sf_cos.o) (__ieee754_rem_pio2f)
c:/program files (x86)/gnu tools arm embedded/6 2017-q1-update/bin/../lib/gcc/arm-none-eabi/6.3.1/../../../../arm-none-eabi/lib/thumb/v7e-m/fpv4-sp/hard\libm.a(lib_a-ef_sqrt.o)
                              c:/program files (x86)/gnu tools arm embedded/6 2017-q1-update/bin/../lib/gcc/arm-none-eabi/6.3.1/../../../../arm-none-eabi/lib/thumb/v7e-m/fpv4-sp/hard\libm.a(lib_a-wf_sqrt.o) (__ieee754_sqrtf)
c:/program files (x86)/gnu tools arm embedded/6 2017-q1-update/bin/../lib/gcc/arm-none-eabi/6.3.1/../../../../arm-none-eabi/lib/thumb/v7e-m/fpv4-sp/hard\libm.a(lib_a-kf_cos.o)
                              c:/program files (x86)/gnu tools arm embedded/6 2017-q1-update/bin/../lib/gcc/arm-none-eabi/6.3.1/../../../../arm-none-eabi/lib/thumb/v7e-m/fpv4-sp/hard\libm.a(lib_a-sf_cos.o) (__kernel_cosf)
c:/program files (x86)/gnu tools arm embedded/6 2017-q1-update/bin/../lib/gcc/arm-none-eabi/6.3.1/../../../../arm-none-eabi/lib/thumb/v7e-m/fpv4-sp/hard\libm.a(lib_a-kf_rem_pio2.o)
                              c:/program files (x86)/gnu tools arm embedded/6 2017-q1-update/bin/../lib/gcc/arm-none-eabi/6.3.1/../../../../arm-none-eabi/lib/thumb/v7e-m/fpv4-sp/hard\libm.a(lib_a-ef_rem_pio2.o) (__kernel_rem_pio2f)
c:/program files (x86)/gnu tools arm embedded/6 2017-q1-update/bin/../lib/gcc/arm-none-eabi/6.3.1/../../../../arm-none-eabi/lib/thumb/v7e-m/fpv4-sp/hard\libm.a(lib_a-kf_sin.o)
                              c:/program files (x86)/gnu tools arm embedded/6 2017-q1-update/bin/../lib/gcc/arm-none-eabi/6.3.1/../../../../arm-none-eabi/lib/thumb/v7e-m/fpv4-sp/hard\libm.a(lib_a-sf_cos.o) (__kernel_sinf)
c:/program files (x86)/gnu tools arm embedded/6 2017-q1-update/bin/../lib/gcc/arm-none-eabi/6.3.1/../../../../arm-none-eabi/lib/thumb/v7e-m/fpv4-sp/hard\libm.a(lib_a-s_lib_ver.o)
                              c:/program files (x86)/gnu tools arm embedded/6 2017-q1-update/bin/../lib/gcc/arm-none-eabi/6.3.1/../../../../arm-none-eabi/lib/thumb/v7e-m/fpv4-sp/hard\libm.a(lib_a-wf_sqrt.o) (__fdlib_version)
c:/program files (x86)/gnu tools arm embedded/6 2017-q1-update/bin/../lib/gcc/arm-none-eabi/6.3.1/../../../../arm-none-eabi/lib/thumb/v7e-m/fpv4-sp/hard\libm.a(lib_a-s_matherr.o)
                              c:/program files (x86)/gnu tools arm embedded/6 2017-q1-update/bin/../lib/gcc/arm-none-eabi/6.3.1/../../../../arm-none-eabi/lib/thumb/v7e-m/fpv4-sp/hard\libm.a(lib_a-wf_sqrt.o) (matherr)
c:/program files (x86)/gnu tools arm embedded/6 2017-q1-update/bin/../lib/gcc/arm-none-eabi/6.3.1/../../../../arm-none-eabi/lib/thumb/v7e-m/fpv4-sp/hard\libm.a(lib_a-sf_fabs.o)
                              c:/program files (x86)/gnu tools arm embedded/6 2017-q1-update/bin/../lib/gcc/arm-none-eabi/6.3.1/../../../../arm-none-eabi/lib/thumb/v7e-m/fpv4-sp/hard\libm.a(lib_a-ef_rem_pio2.o) (fabsf)
c:/program files (x86)/gnu tools arm embedded/6 2017-q1-update/bin/../lib/gcc/arm-none-eabi/6.3.1/../../../../arm-none-eabi/lib/thumb/v7e-m/fpv4-sp/hard\libm.a(lib_a-sf_floor.o)
                              c:/program files (x86)/gnu tools arm embedded/6 2017-q1-update/bin/../lib/gcc/arm-none-eabi/6.3.1/../../../../arm-none-eabi/lib/thumb/v7e-m/fpv4-sp/hard\libm.a(lib_a-kf_rem_pio2.o) (floorf)
c:/program files (x86)/gnu tools arm embedded/6 2017-q1-update/bin/../lib/gcc/arm-none-eabi/6.3.1/../../../../arm-none-eabi/lib/thumb/v7e-m/fpv4-sp/hard\libm.a(lib_a-sf_scalbn.o)
                              c:/program files (x86)/gnu tools arm embedded/6 2017-q1-update/bin/../lib/gcc/arm-none-eabi/6.3.1/../../../../arm-none-eabi/lib/thumb/v7e-m/fpv4-sp/hard\libm.a(lib_a-kf_rem_pio2.o) (scalbnf)
c:/program files (x86)/gnu tools arm embedded/6 2017-q1-update/bin/../lib/gcc/arm-none-eabi/6.3.1/../../../../arm-none-eabi/lib/thumb/v7e-m/fpv4-sp/hard\libm.a(lib_a-sf_copysign.o)
[...]
Memory Configuration

Name             Origin             Length             Attributes
rom              0x08000000         0x00100000         xr
ram              0x20000000         0x00020000         xrw
ram1             0x10000000         0x00010000         xrw
*default*        0x00000000         0xffffffff

Linker script and memory map

LOAD c:/program files (x86)/gnu tools arm embedded/6 2017-q1-update/bin/../lib/gcc/arm-none-eabi/6.3.1/thumb/v7e-m/fpv4-sp/hard/crti.o
LOAD c:/program files (x86)/gnu tools arm embedded/6 2017-q1-update/bin/../lib/gcc/arm-none-eabi/6.3.1/thumb/v7e-m/fpv4-sp/hard/crtbegin.o
LOAD c:/program files (x86)/gnu tools arm embedded/6 2017-q1-update/bin/../lib/gcc/arm-none-eabi/6.3.1/../../../../arm-none-eabi/lib/thumb/v7e-m/fpv4-sp/hard/crt0.o
                0x20020000                _eram = 0x20020000

.text           0x08000000     0x4a58
 *(.isr_vector)
 .isr_vector    0x08000000      0x188 ..\obj\startup_stm32f4xx.o
                0x08000000                g_pfnVectors
 *(.text*)
 .text          0x08000188       0x6c c:/program files (x86)/gnu tools arm embedded/6 2017-q1-update/bin/../lib/gcc/arm-none-eabi/6.3.1/thumb/v7e-m/fpv4-sp/hard/crtbegin.o
 .text.SYSCFG_EXTILineConfig
                0x080001f4       0x2a ..\obj\stm32f4xx_syscfg.o
                0x080001f4                SYSCFG_EXTILineConfig
 *fill*         0x0800021e        0x2 
 .text.eMBInit  0x08000220       0xdc ..\obj\mb.o
                0x08000220                eMBInit
 .text.eMBEnable
                0x080002fc       0x24 ..\obj\mb.o
                0x080002fc                eMBEnable
 .text.eMBPoll  0x08000320       0xd4 ..\obj\mb.o
                0x08000320                eMBPoll
 .text.eMBFuncReadDiscreteInputs
                0x080003f4       0x6a ..\obj\mbfuncdisc.o
                0x080003f4                eMBFuncReadDiscreteInputs
 *fill*         0x0800045e        0x2 
 .text.xMBPortEventInit
                0x08000460       0x10 ..\obj\portevent.o
                0x08000460                xMBPortEventInit
 .text.xMBPortEventPost
                0x08000470       0x10 ..\obj\portevent.o
                0x08000470                xMBPortEventPost
 .text.xMBPortEventGet
                0x08000480       0x18 ..\obj\portevent.o
                0x08000480                xMBPortEventGet
 .text.eMBFuncReportSlaveID
                0x08000498       0x1c ..\obj\mbfuncother.o
                0x08000498                eMBFuncReportSlaveID
 .text.USART_DeInit
                0x080004b4       0xb0 ..\obj\stm32f4xx_usart.o
                0x080004b4                USART_DeInit
 .text.USART_Init
                0x08000564       0xb4 ..\obj\stm32f4xx_usart.o
                0x08000564                USART_Init
 .text.USART_ClockInit
                0x08000618       0x20 ..\obj\stm32f4xx_usart.o
                0x08000618                USART_ClockInit
 .text.USART_ClockStructInit
                0x08000638        0xc ..\obj\stm32f4xx_usart.o
                0x08000638                USART_ClockStructInit
 .text.USART_Cmd
                0x08000644       0x18 ..\obj\stm32f4xx_usart.o
                0x08000644                USART_Cmd
 .text.USART_SendData
                0x0800065c        0x8 ..\obj\stm32f4xx_usart.o
                0x0800065c                USART_SendData
 .text.USART_ReceiveData
                0x08000664        0x8 ..\obj\stm32f4xx_usart.o
                0x08000664                USART_ReceiveData
 .text.USART_ITConfig
                0x0800066c       0x32 ..\obj\stm32f4xx_usart.o
                0x0800066c                USART_ITConfig
 .text.USART_GetITStatus
                0x0800069e       0x40 ..\obj\stm32f4xx_usart.o
                0x0800069e                USART_GetITStatus
 .text.USART_ClearITPendingBit
                0x080006de        0xe ..\obj\stm32f4xx_usart.o
                0x080006de                USART_ClearITPendingBit
 .text.prveMBError2Exception
                0x080006ec       0x10 ..\obj\mbutils.o
                0x080006ec                prveMBError2Exception
 .text.DAC_Init
                0x080006fc       0x2c ..\obj\stm32f4xx_dac.o
                0x080006fc                DAC_Init
 .text.DAC_StructInit
                0x08000728        0xc ..\obj\stm32f4xx_dac.o
                0x08000728                DAC_StructInit
 .text.DAC_Cmd  0x08000734       0x20 ..\obj\stm32f4xx_dac.o
                0x08000734                DAC_Cmd
 .text.DAC_SetDualChannelData
                0x08000754       0x18 ..\obj\stm32f4xx_dac.o
                0x08000754                DAC_SetDualChannelData
 .text.Default_Handler
                0x0800076c        0x2 ..\obj\startup_stm32f4xx.o
                0x0800076c                RTC_Alarm_IRQHandler
                0x0800076c                HASH_RNG_IRQHandler
                0x0800076c                EXTI2_IRQHandler
                0x0800076c                TIM8_CC_IRQHandler
                0x0800076c                DebugMon_Handler
                0x0800076c                TIM1_CC_IRQHandler
                0x0800076c                DMA2_Stream5_IRQHandler
                0x0800076c                HardFault_Handler
                0x0800076c                DMA1_Stream5_IRQHandler
                0x0800076c                SysTick_Handler
                0x0800076c                PVD_IRQHandler
                0x0800076c                SDIO_IRQHandler
                0x0800076c                TAMP_STAMP_IRQHandler
                0x0800076c                PendSV_Handler
                0x0800076c                NMI_Handler
                0x0800076c                CAN2_RX1_IRQHandler
                0x0800076c                EXTI3_IRQHandler
                0x0800076c                TIM8_TRG_COM_TIM14_IRQHandler
                0x0800076c                TIM1_UP_TIM10_IRQHandler
                0x0800076c                TIM8_UP_TIM13_IRQHandler
                0x0800076c                I2C3_ER_IRQHandler
                0x0800076c                EXTI0_IRQHandler
                0x0800076c                I2C2_EV_IRQHandler
                0x0800076c                DMA1_Stream2_IRQHandler
                0x0800076c                CAN1_RX0_IRQHandler
                0x0800076c                FPU_IRQHandler
                0x0800076c                OTG_HS_WKUP_IRQHandler
                0x0800076c                UsageFault_Handler
                0x0800076c                CAN2_SCE_IRQHandler
                0x0800076c                DMA2_Stream2_IRQHandler
                0x0800076c                SPI1_IRQHandler
                0x0800076c                TIM6_DAC_IRQHandler
                0x0800076c                TIM1_BRK_TIM9_IRQHandler
                0x0800076c                DCMI_IRQHandler
                0x0800076c                CAN2_RX0_IRQHandler
                0x0800076c                DMA2_Stream3_IRQHandler
                0x0800076c                USART6_IRQHandler
                0x0800076c                CRYP_IRQHandler
                0x0800076c                CAN1_RX1_IRQHandler
                0x0800076c                UART5_IRQHandler
                0x0800076c                DMA2_Stream0_IRQHandler
                0x0800076c                I2C1_EV_IRQHandler
                0x0800076c                DMA1_Stream6_IRQHandler
                0x0800076c                UART4_IRQHandler
                0x0800076c                TIM3_IRQHandler
                0x0800076c                RCC_IRQHandler
                0x0800076c                TIM8_BRK_TIM12_IRQHandler
                0x0800076c                DMA1_Stream7_IRQHandler
                0x0800076c                TIM7_IRQHandler
                0x0800076c                CAN2_TX_IRQHandler
                0x0800076c                TIM5_IRQHandler
                0x0800076c                DMA2_Stream7_IRQHandler
                0x0800076c                I2C3_EV_IRQHandler
                0x0800076c                EXTI9_5_IRQHandler
                0x0800076c                RTC_WKUP_IRQHandler
                0x0800076c                ETH_WKUP_IRQHandler
                0x0800076c                SPI2_IRQHandler
                0x0800076c                OTG_HS_EP1_IN_IRQHandler
                0x0800076c                MemManage_Handler
                0x0800076c                DMA1_Stream0_IRQHandler
                0x0800076c                CAN1_TX_IRQHandler
                0x0800076c                SVC_Handler
                0x0800076c                EXTI4_IRQHandler
                0x0800076c                FSMC_IRQHandler
                0x0800076c                ETH_IRQHandler
                0x0800076c                OTG_HS_EP1_OUT_IRQHandler
                0x0800076c                WWDG_IRQHandler
                0x0800076c                TIM2_IRQHandler
                0x0800076c                OTG_FS_WKUP_IRQHandler
                0x0800076c                TIM1_TRG_COM_TIM11_IRQHandler
                0x0800076c                OTG_HS_IRQHandler
                0x0800076c                EXTI1_IRQHandler
                0x0800076c                USART2_IRQHandler
                0x0800076c                I2C2_ER_IRQHandler
                0x0800076c                DMA2_Stream1_IRQHandler
                0x0800076c                CAN1_SCE_IRQHandler
                0x0800076c                FLASH_IRQHandler
                0x0800076c                DMA2_Stream4_IRQHandler
                0x0800076c                BusFault_Handler
                0x0800076c                USART1_IRQHandler
                0x0800076c                OTG_FS_IRQHandler
                0x0800076c                SPI3_IRQHandler
                0x0800076c                DMA1_Stream4_IRQHandler
                0x0800076c                I2C1_ER_IRQHandler
                0x0800076c                DMA2_Stream6_IRQHandler
                0x0800076c                DMA1_Stream3_IRQHandler
 *fill*         0x0800076e        0x2 
 .text.Default_Reset_Handler
                0x08000770       0x50 ..\obj\startup_stm32f4xx.o
                0x08000770                Default_Reset_Handler
                0x08000770                Reset_Handler
 .text.eMBFuncWriteHoldingRegister
                0x080007c0       0x2e ..\obj\mbfuncholding.o
                0x080007c0                eMBFuncWriteHoldingRegister
 .text.eMBFuncWriteMultipleHoldingRegister
                0x080007ee       0x4a ..\obj\mbfuncholding.o
                0x080007ee                eMBFuncWriteMultipleHoldingRegister
 .text.eMBFuncReadHoldingRegister
                0x08000838       0x58 ..\obj\mbfuncholding.o
                0x08000838                eMBFuncReadHoldingRegister
 .text.eMBFuncReadWriteMultipleHoldingRegister
                0x08000890       0x9c ..\obj\mbfuncholding.o
                0x08000890                eMBFuncReadWriteMultipleHoldingRegister
 .text.boardInit
                0x0800092c      0x108 ..\obj\main.o
                0x0800092c                boardInit
 .text.startup.main
                0x08000a34      0x154 ..\obj\main.o
                0x08000a34                main
 .text.eMBRegHoldingCB
                0x08000b88       0x70 ..\obj\main.o
                0x08000b88                eMBRegHoldingCB
 .text.eMBRegCoilsCB
                0x08000bf8        0x4 ..\obj\main.o
                0x08000bf8                eMBRegCoilsCB
 .text.eMBRegDiscreteCB
                0x08000bfc        0x4 ..\obj\main.o
                0x08000bfc                eMBRegDiscreteCB
 .text.eMBRegInputCB
                0x08000c00        0x4 ..\obj\main.o
                0x08000c00                eMBRegInputCB
 .text.usMBCRC16
                0x08000c04       0x2c ..\obj\mbcrc.o
                0x08000c04                usMBCRC16
 .text.RCC_GetClocksFreq
                0x08000c30       0x88 ..\obj\stm32f4xx_rcc.o
                0x08000c30                RCC_GetClocksFreq
 .text.RCC_AHB1PeriphClockCmd
                0x08000cb8       0x18 ..\obj\stm32f4xx_rcc.o
                0x08000cb8                RCC_AHB1PeriphClockCmd
 .text.RCC_APB1PeriphClockCmd
                0x08000cd0       0x18 ..\obj\stm32f4xx_rcc.o
                0x08000cd0                RCC_APB1PeriphClockCmd
 .text.RCC_APB2PeriphClockCmd
                0x08000ce8       0x18 ..\obj\stm32f4xx_rcc.o
                0x08000ce8                RCC_APB2PeriphClockCmd
 .text.RCC_APB1PeriphResetCmd
                0x08000d00       0x18 ..\obj\stm32f4xx_rcc.o
                0x08000d00                RCC_APB1PeriphResetCmd
 .text.RCC_APB2PeriphResetCmd
                0x08000d18       0x18 ..\obj\stm32f4xx_rcc.o
                0x08000d18                RCC_APB2PeriphResetCmd
 .text.focInit  0x08000d30      0x184 ..\obj\foc.o
                0x08000d30                focInit
 .text.mcFocSetAngle
                0x08000eb4       0x2a ..\obj\foc.o
                0x08000eb4                mcFocSetAngle
 *fill*         0x08000ede        0x2 
 .text.mcClark  0x08000ee0       0x28 ..\obj\foc.o
                0x08000ee0                mcClark
 .text.mcPark   0x08000f08       0x2a ..\obj\foc.o
                0x08000f08                mcPark
 .text.mcInvPark
                0x08000f32       0x2a ..\obj\foc.o
                0x08000f32                mcInvPark
 .text.ADC_IRQHandler
                0x08000f5c      0x2f8 ..\obj\foc.o
                0x08000f5c                ADC_IRQHandler
 .text.ADC_Init
                0x08001254       0x4c ..\obj\stm32f4xx_adc.o
                0x08001254                ADC_Init
 .text.ADC_StructInit
                0x080012a0       0x14 ..\obj\stm32f4xx_adc.o
                0x080012a0                ADC_StructInit
 .text.ADC_CommonInit
                0x080012b4       0x28 ..\obj\stm32f4xx_adc.o
                0x080012b4                ADC_CommonInit
 .text.ADC_CommonStructInit
                0x080012dc        0xc ..\obj\stm32f4xx_adc.o
                0x080012dc                ADC_CommonStructInit
 .text.ADC_Cmd  0x080012e8       0x12 ..\obj\stm32f4xx_adc.o
                0x080012e8                ADC_Cmd
 .text.ADC_RegularChannelConfig
                0x080012fa       0x8c ..\obj\stm32f4xx_adc.o
                0x080012fa                ADC_RegularChannelConfig
 .text.ADC_SoftwareStartConv
                0x08001386        0xa ..\obj\stm32f4xx_adc.o
                0x08001386                ADC_SoftwareStartConv
 .text.ADC_DMACmd
                0x08001390       0x12 ..\obj\stm32f4xx_adc.o
                0x08001390                ADC_DMACmd
 .text.ADC_DMARequestAfterLastTransferCmd
                0x080013a2       0x12 ..\obj\stm32f4xx_adc.o
                0x080013a2                ADC_DMARequestAfterLastTransferCmd
 .text.ADC_InjectedChannelConfig
                0x080013b4       0x58 ..\obj\stm32f4xx_adc.o
                0x080013b4                ADC_InjectedChannelConfig
 .text.ADC_InjectedSequencerLengthConfig
                0x0800140c       0x10 ..\obj\stm32f4xx_adc.o
                0x0800140c                ADC_InjectedSequencerLengthConfig
 .text.ADC_ExternalTrigInjectedConvConfig
                0x0800141c        0xc ..\obj\stm32f4xx_adc.o
                0x0800141c                ADC_ExternalTrigInjectedConvConfig
 .text.ADC_ExternalTrigInjectedConvEdgeConfig
                0x08001428        0xc ..\obj\stm32f4xx_adc.o
                0x08001428                ADC_ExternalTrigInjectedConvEdgeConfig
 .text.ADC_AutoInjectedConvCmd
                0x08001434       0x12 ..\obj\stm32f4xx_adc.o
                0x08001434                ADC_AutoInjectedConvCmd
 .text.ADC_InjectedDiscModeCmd
                0x08001446       0x12 ..\obj\stm32f4xx_adc.o
                0x08001446                ADC_InjectedDiscModeCmd
 .text.ADC_GetInjectedConversionValue
                0x08001458       0x1a ..\obj\stm32f4xx_adc.o
                0x08001458                ADC_GetInjectedConversionValue
 .text.ADC_ITConfig
                0x08001472       0x18 ..\obj\stm32f4xx_adc.o
                0x08001472                ADC_ITConfig
 .text.ADC_ClearITPendingBit
                0x0800148a        0x8 ..\obj\stm32f4xx_adc.o
                0x0800148a                ADC_ClearITPendingBit
 .text.eMBFuncReadInputRegister
                0x08001492       0x58 ..\obj\mbfuncinput.o
                0x08001492                eMBFuncReadInputRegister
 *fill*         0x080014ea        0x2 
 .text.encoderInitZ
                0x080014ec       0x80 ..\obj\encoder.o
                0x080014ec                encoderInitZ
 .text.initHall
                0x0800156c       0x3c ..\obj\encoder.o
                0x0800156c                initHall
 .text.encoderAddOffset
                0x080015a8       0x20 ..\obj\encoder.o
                0x080015a8                encoderAddOffset
 .text.readRawHallInput
                0x080015c8       0x2c ..\obj\encoder.o
                0x080015c8                readRawHallInput
 .text.readHallMap
                0x080015f4       0x14 ..\obj\encoder.o
                0x080015f4                readHallMap
 .text.readRawUVW
                0x08001608       0x9c ..\obj\encoder.o
                0x08001608                readRawUVW
 .text.read360uvw
                0x080016a4       0x94 ..\obj\encoder.o
                0x080016a4                read360uvw
 .text.read360uvwWithOffset
                0x08001738       0x28 ..\obj\encoder.o
                0x08001738                read360uvwWithOffset
 .text.EXTI15_10_IRQHandler
                0x08001760       0x1a ..\obj\encoder.o
                0x08001760                EXTI15_10_IRQHandler
 *fill*         0x0800177a        0x2 
 .text.createSinCosTable
                0x0800177c       0x5c ..\obj\encoder.o
                0x0800177c                createSinCosTable
 .text.initEncoder
                0x080017d8      0x150 ..\obj\encoder.o
                0x080017d8                initEncoder
 .text.fSinAngle
                0x08001928       0x10 ..\obj\encoder.o
                0x08001928                fSinAngle
 .text.fCosAngle
                0x08001938       0x10 ..\obj\encoder.o
                0x08001938                fCosAngle
 .text.GPIO_Init
                0x08001948       0x9c ..\obj\stm32f4xx_gpio.o
                0x08001948                GPIO_Init
 .text.GPIO_StructInit
                0x080019e4       0x12 ..\obj\stm32f4xx_gpio.o
                0x080019e4                GPIO_StructInit
 .text.GPIO_ReadInputData
                0x080019f6        0x6 ..\obj\stm32f4xx_gpio.o
                0x080019f6                GPIO_ReadInputData
 .text.GPIO_SetBits
                0x080019fc        0x4 ..\obj\stm32f4xx_gpio.o
                0x080019fc                GPIO_SetBits
 .text.GPIO_ResetBits
                0x08001a00        0x4 ..\obj\stm32f4xx_gpio.o
                0x08001a00                GPIO_ResetBits
 .text.GPIO_ToggleBits
                0x08001a04        0x8 ..\obj\stm32f4xx_gpio.o
                0x08001a04                GPIO_ToggleBits
 .text.GPIO_PinAFConfig
                0x08001a0c       0x24 ..\obj\stm32f4xx_gpio.o
                0x08001a0c                GPIO_PinAFConfig
 .text.xMBPortTimersInit
                0x08001a30       0x78 ..\obj\porttimer.o
                0x08001a30                xMBPortTimersInit
 .text.vMBPortTimersEnable
                0x08001aa8       0x1c ..\obj\porttimer.o
                0x08001aa8                vMBPortTimersEnable
 .text.vMBPortTimersDisable
                0x08001ac4        0xc ..\obj\porttimer.o
                0x08001ac4                vMBPortTimersDisable
 .text.TIM4_IRQHandler
                0x08001ad0       0x28 ..\obj\porttimer.o
                0x08001ad0                TIM4_IRQHandler
 .text.eMBRTUInit
                0x08001af8       0x3c ..\obj\mbrtu.o
                0x08001af8                eMBRTUInit
 .text.eMBRTUStart
                0x08001b34       0x1c ..\obj\mbrtu.o
                0x08001b34                eMBRTUStart
 .text.eMBRTUStop
                0x08001b50       0x14 ..\obj\mbrtu.o
                0x08001b50                eMBRTUStop
 .text.eMBRTUReceive
                0x08001b64       0x48 ..\obj\mbrtu.o
                0x08001b64                eMBRTUReceive
 .text.eMBRTUSend
                0x08001bac       0x68 ..\obj\mbrtu.o
                0x08001bac                eMBRTUSend
 .text.xMBRTUReceiveFSM
                0x08001c14       0x68 ..\obj\mbrtu.o
                0x08001c14                xMBRTUReceiveFSM
 .text.xMBRTUTransmitFSM
                0x08001c7c       0x58 ..\obj\mbrtu.o
                0x08001c7c                xMBRTUTransmitFSM
 .text.xMBRTUTimerT35Expired
                0x08001cd4       0x2c ..\obj\mbrtu.o
                0x08001cd4                xMBRTUTimerT35Expired
 .text.SystemInit
                0x08001d00       0xf8 ..\obj\system_stm32f4xx.o
                0x08001d00                SystemInit
 .text.SystemCoreClockUpdate
                0x08001df8       0x70 ..\obj\system_stm32f4xx.o
                0x08001df8                SystemCoreClockUpdate
 .text.DMA_Init
                0x08001e68       0x54 ..\obj\stm32f4xx_dma.o
                0x08001e68                DMA_Init
 .text.DMA_StructInit
                0x08001ebc       0x22 ..\obj\stm32f4xx_dma.o
                0x08001ebc                DMA_StructInit
 .text.DMA_Cmd  0x08001ede       0x12 ..\obj\stm32f4xx_dma.o
                0x08001ede                DMA_Cmd
 .text.vMBPortSerialEnable
                0x08001ef0       0x54 ..\obj\portserial.o
                0x08001ef0                vMBPortSerialEnable
 .text.xMBPortSerialInit
                0x08001f44      0x128 ..\obj\portserial.o
                0x08001f44                xMBPortSerialInit
 .text.USART3_IRQHandler
                0x0800206c       0x70 ..\obj\portserial.o
                0x0800206c                USART3_IRQHandler
 .text.xMBPortSerialPutByte
                0x080020dc       0x14 ..\obj\portserial.o
                0x080020dc                xMBPortSerialPutByte
 .text.xMBPortSerialGetByte
                0x080020f0       0x14 ..\obj\portserial.o
                0x080020f0                xMBPortSerialGetByte
 .text.eMBFuncReadCoils
                0x08002104       0x6c ..\obj\mbfunccoils.o
                0x08002104                eMBFuncReadCoils
 .text.eMBFuncWriteCoil
                0x08002170       0x4a ..\obj\mbfunccoils.o
                0x08002170                eMBFuncWriteCoil
 .text.eMBFuncWriteMultipleCoils
                0x080021ba       0x58 ..\obj\mbfunccoils.o
                0x080021ba                eMBFuncWriteMultipleCoils
 *fill*         0x08002212        0x2 
 .text.EXTI_Init
                0x08002214       0x74 ..\obj\stm32f4xx_exti.o
                0x08002214                EXTI_Init
 .text.EXTI_GetITStatus
                0x08002288       0x1c ..\obj\stm32f4xx_exti.o
                0x08002288                EXTI_GetITStatus
 .text.EXTI_ClearITPendingBit
                0x080022a4        0xc ..\obj\stm32f4xx_exti.o
                0x080022a4                EXTI_ClearITPendingBit
 .text.NVIC_PriorityGroupConfig
                0x080022b0       0x14 ..\obj\misc.o
                0x080022b0                NVIC_PriorityGroupConfig
 .text.NVIC_Init
                0x080022c4       0x68 ..\obj\misc.o
                0x080022c4                NVIC_Init
 .text.svpwmInitGPIO
                0x0800232c       0x94 ..\obj\svpwm.o
                0x0800232c                svpwmInitGPIO
 .text.svpwmInitTIM
                0x080023c0      0x134 ..\obj\svpwm.o
                0x080023c0                svpwmInitTIM
 .text.RCC_Configuration_Adc1
                0x080024f4       0x20 ..\obj\svpwm.o
                0x080024f4                RCC_Configuration_Adc1
 .text.RCC_Configuration_Adc2
                0x08002514       0x18 ..\obj\svpwm.o
                0x08002514                RCC_Configuration_Adc2
 .text.GPIO_Configuration_Adc1
                0x0800252c       0x60 ..\obj\svpwm.o
                0x0800252c                GPIO_Configuration_Adc1
 .text.GPIO_Configuration_Adc2
                0x0800258c       0x3c ..\obj\svpwm.o
                0x0800258c                GPIO_Configuration_Adc2
 .text.DMAInit  0x080025c8       0x74 ..\obj\svpwm.o
                0x080025c8                DMAInit
 .text.svpwmInitADC
                0x0800263c      0x168 ..\obj\svpwm.o
                0x0800263c                svpwmInitADC
 .text.svpwmInit
                0x080027a4        0xe ..\obj\svpwm.o
                0x080027a4                svpwmInit
 .text.DMA1_Stream1_IRQHandler
                0x080027b2        0x2 ..\obj\svpwm.o
                0x080027b2                DMA1_Stream1_IRQHandler
 .text.mcFocSVPWM2
                0x080027b4      0x12c ..\obj\svpwm.o
                0x080027b4                mcFocSVPWM2
 .text.eMBASCIIInit
                0x080028e0       0x34 ..\obj\mbascii.o
                0x080028e0                eMBASCIIInit
 .text.eMBASCIIStart
                0x08002914       0x20 ..\obj\mbascii.o
                0x08002914                eMBASCIIStart
 .text.eMBASCIIStop
                0x08002934       0x14 ..\obj\mbascii.o
                0x08002934                eMBASCIIStop
 .text.eMBASCIIReceive
                0x08002948       0x5c ..\obj\mbascii.o
                0x08002948                eMBASCIIReceive
 .text.eMBASCIISend
                0x080029a4       0x6c ..\obj\mbascii.o
                0x080029a4                eMBASCIISend
 .text.xMBASCIIReceiveFSM
                0x08002a10       0xf4 ..\obj\mbascii.o
                0x08002a10                xMBASCIIReceiveFSM
 .text.xMBASCIITransmitFSM
                0x08002b04       0xbc ..\obj\mbascii.o
                0x08002b04                xMBASCIITransmitFSM
 .text.xMBASCIITimerT1SExpired
                0x08002bc0       0x1c ..\obj\mbascii.o
                0x08002bc0                xMBASCIITimerT1SExpired
 .text.pidInit  0x08002bdc       0x18 ..\obj\pid.o
                0x08002bdc                pidInit
 .text.pidSetOutLimit
                0x08002bf4        0xa ..\obj\pid.o
                0x08002bf4                pidSetOutLimit
 .text.pidSetIntegralLimit
                0x08002bfe        0x6 ..\obj\pid.o
                0x08002bfe                pidSetIntegralLimit
 .text.pidSetInputRange
                0x08002c04        0xe ..\obj\pid.o
                0x08002c04                pidSetInputRange
 *fill*         0x08002c12        0x2 
 .text.pidTask  0x08002c14       0xcc ..\obj\pid.o
                0x08002c14                pidTask
 .text.TI1_Config
                0x08002ce0       0x36 ..\obj\stm32f4xx_tim.o
 .text.TI2_Config
                0x08002d16       0x3c ..\obj\stm32f4xx_tim.o
 *fill*         0x08002d52        0x2 
 .text.TIM_DeInit
                0x08002d54      0x16c ..\obj\stm32f4xx_tim.o
                0x08002d54                TIM_DeInit
 .text.TIM_TimeBaseInit
                0x08002ec0       0x7c ..\obj\stm32f4xx_tim.o
                0x08002ec0                TIM_TimeBaseInit
 .text.TIM_TimeBaseStructInit
                0x08002f3c       0x12 ..\obj\stm32f4xx_tim.o
                0x08002f3c                TIM_TimeBaseStructInit
 .text.TIM_SetCounter
                0x08002f4e        0x4 ..\obj\stm32f4xx_tim.o
                0x08002f4e                TIM_SetCounter
 .text.TIM_ARRPreloadConfig
                0x08002f52       0x18 ..\obj\stm32f4xx_tim.o
                0x08002f52                TIM_ARRPreloadConfig
 .text.TIM_Cmd  0x08002f6a       0x18 ..\obj\stm32f4xx_tim.o
                0x08002f6a                TIM_Cmd
 *fill*         0x08002f82        0x2 
 .text.TIM_OC1Init
                0x08002f84       0x70 ..\obj\stm32f4xx_tim.o
                0x08002f84                TIM_OC1Init
 .text.TIM_OC2Init
                0x08002ff4       0x80 ..\obj\stm32f4xx_tim.o
                0x08002ff4                TIM_OC2Init
 .text.TIM_OC3Init
                0x08003074       0x7c ..\obj\stm32f4xx_tim.o
                0x08003074                TIM_OC3Init
 .text.TIM_OC4Init
                0x080030f0       0x64 ..\obj\stm32f4xx_tim.o
                0x080030f0                TIM_OC4Init
 .text.TIM_OCStructInit
                0x08003154       0x14 ..\obj\stm32f4xx_tim.o
                0x08003154                TIM_OCStructInit
 .text.TIM_SetCompare1
                0x08003168        0x4 ..\obj\stm32f4xx_tim.o
                0x08003168                TIM_SetCompare1
 .text.TIM_SetCompare2
                0x0800316c        0x4 ..\obj\stm32f4xx_tim.o
                0x0800316c                TIM_SetCompare2
 .text.TIM_SetCompare3
                0x08003170        0x4 ..\obj\stm32f4xx_tim.o
                0x08003170                TIM_SetCompare3
 .text.TIM_OC1PreloadConfig
                0x08003174       0x10 ..\obj\stm32f4xx_tim.o
                0x08003174                TIM_OC1PreloadConfig
 .text.TIM_OC2PreloadConfig
                0x08003184       0x14 ..\obj\stm32f4xx_tim.o
                0x08003184                TIM_OC2PreloadConfig
 .text.TIM_OC3PreloadConfig
                0x08003198       0x10 ..\obj\stm32f4xx_tim.o
                0x08003198                TIM_OC3PreloadConfig
 .text.TIM_OC4PreloadConfig
                0x080031a8       0x14 ..\obj\stm32f4xx_tim.o
                0x080031a8                TIM_OC4PreloadConfig
 .text.TIM_ICStructInit
                0x080031bc       0x10 ..\obj\stm32f4xx_tim.o
                0x080031bc                TIM_ICStructInit
 .text.TIM_SetIC1Prescaler
                0x080031cc       0x16 ..\obj\stm32f4xx_tim.o
                0x080031cc                TIM_SetIC1Prescaler
 .text.TIM_SetIC2Prescaler
                0x080031e2       0x1a ..\obj\stm32f4xx_tim.o
                0x080031e2                TIM_SetIC2Prescaler
 .text.TIM_SetIC3Prescaler
                0x080031fc       0x16 ..\obj\stm32f4xx_tim.o
                0x080031fc                TIM_SetIC3Prescaler
 .text.TIM_SetIC4Prescaler
                0x08003212       0x1a ..\obj\stm32f4xx_tim.o
                0x08003212                TIM_SetIC4Prescaler
 .text.TIM_ICInit
                0x0800322c       0xae ..\obj\stm32f4xx_tim.o
                0x0800322c                TIM_ICInit
 .text.TIM_BDTRConfig
                0x080032da       0x22 ..\obj\stm32f4xx_tim.o
                0x080032da                TIM_BDTRConfig
 .text.TIM_GetITStatus
                0x080032fc       0x16 ..\obj\stm32f4xx_tim.o
                0x080032fc                TIM_GetITStatus
 .text.TIM_ClearITPendingBit
                0x08003312        0x8 ..\obj\stm32f4xx_tim.o
                0x08003312                TIM_ClearITPendingBit
 .text.TIM_DMACmd
                0x0800331a       0x12 ..\obj\stm32f4xx_tim.o
                0x0800331a                TIM_DMACmd
 .text.TIM_ITConfig
                0x0800332c        0x4 ..\obj\stm32f4xx_tim.o
                0x0800332c                TIM_ITConfig
 .text.TIM_SelectOutputTrigger
                0x08003330       0x16 ..\obj\stm32f4xx_tim.o
                0x08003330                TIM_SelectOutputTrigger
 .text.TIM_EncoderInterfaceConfig
                0x08003346       0x3e ..\obj\stm32f4xx_tim.o
                0x08003346                TIM_EncoderInterfaceConfig
 .text.cosf     0x08003384       0x90 c:/program files (x86)/gnu tools arm embedded/6 2017-q1-update/bin/../lib/gcc/arm-none-eabi/6.3.1/../../../../arm-none-eabi/lib/thumb/v7e-m/fpv4-sp/hard\libm.a(lib_a-sf_cos.o)
                0x08003384                cosf
 .text.sinf     0x08003414       0x94 c:/program files (x86)/gnu tools arm embedded/6 2017-q1-update/bin/../lib/gcc/arm-none-eabi/6.3.1/../../../../arm-none-eabi/lib/thumb/v7e-m/fpv4-sp/hard\libm.a(lib_a-sf_sin.o)
                0x08003414                sinf
 .text.__ieee754_rem_pio2f
                0x080034a8      0x290 c:/program files (x86)/gnu tools arm embedded/6 2017-q1-update/bin/../lib/gcc/arm-none-eabi/6.3.1/../../../../arm-none-eabi/lib/thumb/v7e-m/fpv4-sp/hard\libm.a(lib_a-ef_rem_pio2.o)
                0x080034a8                __ieee754_rem_pio2f
 .text.__kernel_cosf
                0x08003738      0x104 c:/program files (x86)/gnu tools arm embedded/6 2017-q1-update/bin/../lib/gcc/arm-none-eabi/6.3.1/../../../../arm-none-eabi/lib/thumb/v7e-m/fpv4-sp/hard\libm.a(lib_a-kf_cos.o)
                0x08003738                __kernel_cosf
 .text.__kernel_rem_pio2f
                0x0800383c      0x690 c:/program files (x86)/gnu tools arm embedded/6 2017-q1-update/bin/../lib/gcc/arm-none-eabi/6.3.1/../../../../arm-none-eabi/lib/thumb/v7e-m/fpv4-sp/hard\libm.a(lib_a-kf_rem_pio2.o)
                0x0800383c                __kernel_rem_pio2f
 .text.__kernel_sinf
                0x08003ecc       0x90 c:/program files (x86)/gnu tools arm embedded/6 2017-q1-update/bin/../lib/gcc/arm-none-eabi/6.3.1/../../../../arm-none-eabi/lib/thumb/v7e-m/fpv4-sp/hard\libm.a(lib_a-kf_sin.o)
                0x08003ecc                __kernel_sinf
 .text.fabsf    0x08003f5c       0x10 c:/program files (x86)/gnu tools arm embedded/6 2017-q1-update/bin/../lib/gcc/arm-none-eabi/6.3.1/../../../../arm-none-eabi/lib/thumb/v7e-m/fpv4-sp/hard\libm.a(lib_a-sf_fabs.o)
                0x08003f5c                fabsf
 .text.floorf   0x08003f6c       0x90 c:/program files (x86)/gnu tools arm embedded/6 2017-q1-update/bin/../lib/gcc/arm-none-eabi/6.3.1/../../../../arm-none-eabi/lib/thumb/v7e-m/fpv4-sp/hard\libm.a(lib_a-sf_floor.o)
                0x08003f6c                floorf
 .text.scalbnf  0x08003ffc       0xd0 c:/program files (x86)/gnu tools arm embedded/6 2017-q1-update/bin/../lib/gcc/arm-none-eabi/6.3.1/../../../../arm-none-eabi/lib/thumb/v7e-m/fpv4-sp/hard\libm.a(lib_a-sf_scalbn.o)
                0x08003ffc                scalbnf
 .text.copysignf
                0x080040cc       0x18 c:/program files (x86)/gnu tools arm embedded/6 2017-q1-update/bin/../lib/gcc/arm-none-eabi/6.3.1/../../../../arm-none-eabi/lib/thumb/v7e-m/fpv4-sp/hard\libm.a(lib_a-sf_copysign.o)
                0x080040cc                copysignf
 .text          0x080040e4      0x134 c:/program files (x86)/gnu tools arm embedded/6 2017-q1-update/bin/../lib/gcc/arm-none-eabi/6.3.1/../../../../arm-none-eabi/lib/thumb/v7e-m/fpv4-sp/hard\libc.a(lib_a-memcpy.o)
                0x080040e4                memcpy
 .text.memset   0x08004218       0x9c c:/program files (x86)/gnu tools arm embedded/6 2017-q1-update/bin/../lib/gcc/arm-none-eabi/6.3.1/../../../../arm-none-eabi/lib/thumb/v7e-m/fpv4-sp/hard\libc.a(lib_a-memset.o)
                0x08004218                memset
 .text.startup.register_fini
                0x080042b4       0x14 c:/program files (x86)/gnu tools arm embedded/6 2017-q1-update/bin/../lib/gcc/arm-none-eabi/6.3.1/../../../../arm-none-eabi/lib/thumb/v7e-m/fpv4-sp/hard\libc.a(lib_a-__call_atexit.o)
 .text.atexit   0x080042c8        0xc c:/program files (x86)/gnu tools arm embedded/6 2017-q1-update/bin/../lib/gcc/arm-none-eabi/6.3.1/../../../../arm-none-eabi/lib/thumb/v7e-m/fpv4-sp/hard\libc.a(lib_a-atexit.o)
                0x080042c8                atexit
 .text.__libc_fini_array
                0x080042d4       0x34 c:/program files (x86)/gnu tools arm embedded/6 2017-q1-update/bin/../lib/gcc/arm-none-eabi/6.3.1/../../../../arm-none-eabi/lib/thumb/v7e-m/fpv4-sp/hard\libc.a(lib_a-fini.o)
                0x080042d4                __libc_fini_array
 .text.__retarget_lock_acquire_recursive
                0x08004308        0x4 c:/program files (x86)/gnu tools arm embedded/6 2017-q1-update/bin/../lib/gcc/arm-none-eabi/6.3.1/../../../../arm-none-eabi/lib/thumb/v7e-m/fpv4-sp/hard\libc.a(lib_a-lock.o)
                0x08004308                __retarget_lock_acquire_recursive
 .text.__retarget_lock_release_recursive
                0x0800430c        0x4 c:/program files (x86)/gnu tools arm embedded/6 2017-q1-update/bin/../lib/gcc/arm-none-eabi/6.3.1/../../../../arm-none-eabi/lib/thumb/v7e-m/fpv4-sp/hard\libc.a(lib_a-lock.o)
                0x0800430c                __retarget_lock_release_recursive
 .text.__register_exitproc
                0x08004310       0xc4 c:/program files (x86)/gnu tools arm embedded/6 2017-q1-update/bin/../lib/gcc/arm-none-eabi/6.3.1/../../../../arm-none-eabi/lib/thumb/v7e-m/fpv4-sp/hard\libc.a(lib_a-__atexit.o)
                0x08004310                __register_exitproc
 *(.init)
 .init          0x080043d4        0x4 c:/program files (x86)/gnu tools arm embedded/6 2017-q1-update/bin/../lib/gcc/arm-none-eabi/6.3.1/thumb/v7e-m/fpv4-sp/hard/crti.o
                0x080043d4                _init
 .init          0x080043d8        0x8 c:/program files (x86)/gnu tools arm embedded/6 2017-q1-update/bin/../lib/gcc/arm-none-eabi/6.3.1/thumb/v7e-m/fpv4-sp/hard/crtn.o
 *(.fini)
 .fini          0x080043e0        0x4 c:/program files (x86)/gnu tools arm embedded/6 2017-q1-update/bin/../lib/gcc/arm-none-eabi/6.3.1/thumb/v7e-m/fpv4-sp/hard/crti.o
                0x080043e0                _fini
 .fini          0x080043e4        0x8 c:/program files (x86)/gnu tools arm embedded/6 2017-q1-update/bin/../lib/gcc/arm-none-eabi/6.3.1/thumb/v7e-m/fpv4-sp/hard/crtn.o
 *crtbegin.o(.ctors)
 *crtbegin?.o(.ctors)
 *(EXCLUDE_FILE(*crtend.o *crtend?.o) .ctors)
 *(SORT(.ctors.*))
 *(.ctors)
 *crtbegin.o(.dtors)
 *crtbegin?.o(.dtors)
 *(EXCLUDE_FILE(*crtend.o *crtend?.o) .dtors)
 *(SORT(.dtors.*))
 *(.dtors)
 *(.rodata*)
 .rodata        0x080043ec        0x8 ..\obj\mbutils.o
 .rodata        0x080043f4      0x200 ..\obj\mbcrc.o
 .rodata        0x080045f4       0x90 ..\obj\encoder.o
 .rodata.npio2_hw
                0x08004684       0x80 c:/program files (x86)/gnu tools arm embedded/6 2017-q1-update/bin/../lib/gcc/arm-none-eabi/6.3.1/../../../../arm-none-eabi/lib/thumb/v7e-m/fpv4-sp/hard\libm.a(lib_a-ef_rem_pio2.o)
 .rodata.two_over_pi
                0x08004704      0x318 c:/program files (x86)/gnu tools arm embedded/6 2017-q1-update/bin/../lib/gcc/arm-none-eabi/6.3.1/../../../../arm-none-eabi/lib/thumb/v7e-m/fpv4-sp/hard\libm.a(lib_a-ef_rem_pio2.o)
 .rodata.PIo2   0x08004a1c       0x2c c:/program files (x86)/gnu tools arm embedded/6 2017-q1-update/bin/../lib/gcc/arm-none-eabi/6.3.1/../../../../arm-none-eabi/lib/thumb/v7e-m/fpv4-sp/hard\libm.a(lib_a-kf_rem_pio2.o)
 .rodata.init_jk
                0x08004a48        0xc c:/program files (x86)/gnu tools arm embedded/6 2017-q1-update/bin/../lib/gcc/arm-none-eabi/6.3.1/../../../../arm-none-eabi/lib/thumb/v7e-m/fpv4-sp/hard\libm.a(lib_a-kf_rem_pio2.o)
 .rodata._global_impure_ptr
                0x08004a54        0x4 c:/program files (x86)/gnu tools arm embedded/6 2017-q1-update/bin/../lib/gcc/arm-none-eabi/6.3.1/../../../../arm-none-eabi/lib/thumb/v7e-m/fpv4-sp/hard\libc.a(lib_a-impure.o)
                0x08004a54                _global_impure_ptr
 *(.eh_fram e*)

.eh_frame       0x08004a58        0x0
 .eh_frame      0x08004a58        0x0 c:/program files (x86)/gnu tools arm embedded/6 2017-q1-update/bin/../lib/gcc/arm-none-eabi/6.3.1/thumb/v7e-m/fpv4-sp/hard/crtbegin.o

.glue_7         0x08004a58        0x0
 .glue_7        0x08004a58        0x0 linker stubs

.glue_7t        0x08004a58        0x0
 .glue_7t       0x08004a58        0x0 linker stubs

.vfp11_veneer   0x08004a58        0x0
 .vfp11_veneer  0x08004a58        0x0 linker stubs

.v4_bx          0x08004a58        0x0
 .v4_bx         0x08004a58        0x0 linker stubs

.iplt           0x08004a58        0x0
 .iplt          0x08004a58        0x0 c:/program files (x86)/gnu tools arm embedded/6 2017-q1-update/bin/../lib/gcc/arm-none-eabi/6.3.1/thumb/v7e-m/fpv4-sp/hard/crtbegin.o

.rel.dyn        0x08004a58        0x0
 .rel.iplt      0x08004a58        0x0 c:/program files (x86)/gnu tools arm embedded/6 2017-q1-update/bin/../lib/gcc/arm-none-eabi/6.3.1/thumb/v7e-m/fpv4-sp/hard/crtbegin.o

.ARM.extab
 *(.ARM.extab* .gnu.linkonce.armextab.*)
                0x08004a58                __exidx_start = .

.ARM.exidx
 *(.ARM.exidx* .gnu.linkonce.armexidx.*)
                0x08004a58                __exidx_end = .
                0x08004a58                __etext = .
                0x08004a58                _sidata = __etext

.data           0x20000000      0x4ec load address 0x08004a58
                0x20000000                __data_start__ = .
                0x20000000                _sdata = __data_start__
 *(vtable)
 *(.data*)
 .data          0x20000000       0x84 ..\obj\mb.o
 .data          0x20000084        0x8 ..\obj\main.o
                0x20000084                current_a_offset
                0x20000088                current_b_offset
 .data          0x2000008c       0x10 ..\obj\stm32f4xx_rcc.o
 .data          0x2000009c       0x14 ..\obj\system_stm32f4xx.o
                0x2000009c                SystemCoreClock
                0x200000a0                AHBPrescTable
 .data.impure_data
                0x200000b0      0x428 c:/program files (x86)/gnu tools arm embedded/6 2017-q1-update/bin/../lib/gcc/arm-none-eabi/6.3.1/../../../../arm-none-eabi/lib/thumb/v7e-m/fpv4-sp/hard\libc.a(lib_a-impure.o)
 .data.__atexit_recursive_mutex
                0x200004d8        0x4 c:/program files (x86)/gnu tools arm embedded/6 2017-q1-update/bin/../lib/gcc/arm-none-eabi/6.3.1/../../../../arm-none-eabi/lib/thumb/v7e-m/fpv4-sp/hard\libc.a(lib_a-__call_atexit.o)
                0x200004d8                __atexit_recursive_mutex
                0x200004dc                . = ALIGN (0x4)
                0x200004dc                PROVIDE (__preinit_array_start, .)
 *(.preinit_array)
                0x200004dc                PROVIDE (__preinit_array_end, .)
                0x200004dc                . = ALIGN (0x4)
                0x200004dc                PROVIDE (__init_array_start, .)
 *(SORT(.init_array.*))
 .init_array.00000
                0x200004dc        0x4 c:/program files (x86)/gnu tools arm embedded/6 2017-q1-update/bin/../lib/gcc/arm-none-eabi/6.3.1/../../../../arm-none-eabi/lib/thumb/v7e-m/fpv4-sp/hard\libc.a(lib_a-__call_atexit.o)
 *(.init_array)
 .init_array    0x200004e0        0x4 c:/program files (x86)/gnu tools arm embedded/6 2017-q1-update/bin/../lib/gcc/arm-none-eabi/6.3.1/thumb/v7e-m/fpv4-sp/hard/crtbegin.o
                0x200004e4                PROVIDE (__init_array_end, .)
                0x200004e4                . = ALIGN (0x4)
                0x200004e4                PROVIDE (__fini_array_start, .)
 *(SORT(.fini_array.*))
 *(.fini_array)
 .fini_array    0x200004e4        0x4 c:/program files (x86)/gnu tools arm embedded/6 2017-q1-update/bin/../lib/gcc/arm-none-eabi/6.3.1/thumb/v7e-m/fpv4-sp/hard/crtbegin.o
                0x200004e8                PROVIDE (__fini_array_end, .)
 *(.jcr*)
 .jcr           0x200004e8        0x0 c:/program files (x86)/gnu tools arm embedded/6 2017-q1-update/bin/../lib/gcc/arm-none-eabi/6.3.1/thumb/v7e-m/fpv4-sp/hard/crtbegin.o
 .jcr           0x200004e8        0x4 c:/program files (x86)/gnu tools arm embedded/6 2017-q1-update/bin/../lib/gcc/arm-none-eabi/6.3.1/thumb/v7e-m/fpv4-sp/hard/crtend.o
                0x200004ec                . = ALIGN (0x4)
                0x200004ec                __data_end__ = .
                0x200004ec                _edata = __data_end__

.igot.plt       0x200004ec        0x0 load address 0x08004f44
 .igot.plt      0x200004ec        0x0 c:/program files (x86)/gnu tools arm embedded/6 2017-q1-update/bin/../lib/gcc/arm-none-eabi/6.3.1/thumb/v7e-m/fpv4-sp/hard/crtbegin.o

.bss            0x200004ec     0x8064 load address 0x08004f44
                0x200004ec                . = ALIGN (0x4)
                0x200004ec                __bss_start__ = .
                0x200004ec                _sbss = __bss_start__
 *(.bss*)
 .bss           0x200004ec       0x1c c:/program files (x86)/gnu tools arm embedded/6 2017-q1-update/bin/../lib/gcc/arm-none-eabi/6.3.1/thumb/v7e-m/fpv4-sp/hard/crtbegin.o
 .bss           0x20000508       0x23 ..\obj\mb.o
 .bss           0x2000052b        0x2 ..\obj\portevent.o
 *fill*         0x2000052d        0x1 
 .bss           0x2000052e       0x22 ..\obj\mbfuncother.o
 .bss           0x20000550       0x28 ..\obj\main.o
                0x20000568                main_state
                0x2000056c                sp_counter
 .bss           0x20000578       0x60 ..\obj\foc.o
 .bss           0x200005d8     0x7d10 ..\obj\encoder.o
 .bss           0x200082e8        0xb ..\obj\mbrtu.o
 *fill*         0x200082f3        0x1 
 .bss           0x200082f4        0xd ..\obj\mbascii.o
 *(COMMON)
 *fill*         0x20008301        0x3 
 COMMON         0x20008304       0x14 ..\obj\mb.o
                0x20008304                pxMBFrameCBTransmitterEmpty
                0x20008308                pxMBPortCBTimerExpired
                0x2000830c                pxMBFrameCBByteReceived
                0x20008310                pxMBFrameCBTransmitFSMCur
                0x20008314                pxMBFrameCBReceiveFSMCur
 COMMON         0x20008318       0xc4 ..\obj\main.o
                0x20008318                stFoc
 COMMON         0x200083dc       0x4e ..\obj\foc.o
                0x200083dc                pidPos
                0x20008410                current_a
                0x20008412                ADC_values
                0x20008422                dc_voltage
                0x20008424                ai1
                0x20008426                ai0
                0x20008428                current_b
 COMMON         0x2000842a      0x100 ..\obj\mbrtu.o
                0x2000842a                ucRTUBuf
 *fill*         0x2000852a        0x2 
 COMMON         0x2000852c       0x21 c:/program files (x86)/gnu tools arm embedded/6 2017-q1-update/bin/../lib/gcc/arm-none-eabi/6.3.1/../../../../arm-none-eabi/lib/thumb/v7e-m/fpv4-sp/hard\libc.a(lib_a-lock.o)
                0x2000852c                __lock___atexit_recursive_mutex
                0x20008530                __lock___arc4random_mutex
                0x20008534                __lock___env_recursive_mutex
                0x20008538                __lock___sinit_recursive_mutex
                0x2000853c                __lock___malloc_recursive_mutex
                0x20008540                __lock___at_quick_exit_mutex
                0x20008544                __lock___dd_hash_mutex
                0x20008548                __lock___tz_mutex
                0x2000854c                __lock___sfp_recursive_mutex
                0x20008550                . = ALIGN (0x4)
 *fill*         0x2000854d        0x3 
                0x20008550                __bss_end__ = .
                0x20008550                _ebss = __bss_end__

.heap           0x20008550        0x0
                0x20008550                __end__ = .
                0x20008550                _end = __end__
                0x20008550                end = __end__
 *(.heap*)
                0x20008550                __HeapLimit = .

.co_stack       0x20008550      0x800 load address 0x0800cfa8
                0x20008550                . = ALIGN (0x8)
 *(.co_stack .co_stack.*)
 .co_stack      0x20008550      0x800 ..\obj\startup_stm32f4xx.o
                0x20008550                pulStack
                0x20020000                __StackTop = (ORIGIN (ram) + LENGTH (ram))
                0x2001f800                __StackLimit = (__StackTop - SIZEOF (.co_stack))
                0x20020000                PROVIDE (__stack, __StackTop)
                0x00000001                ASSERT ((__StackLimit >= __HeapLimit), region ram  overflowed with stack)
LOAD ..\obj\stm32f4xx_syscfg.o
LOAD ..\obj\mb.o
LOAD ..\obj\mbfuncdisc.o
LOAD ..\obj\portevent.o
LOAD ..\obj\mbfuncother.o
LOAD ..\obj\stm32f4xx_usart.o
LOAD ..\obj\stm32f4xx_can.o
LOAD ..\obj\mbutils.o
LOAD ..\obj\stm32f4xx_dac.o
LOAD ..\obj\startup_stm32f4xx.o
LOAD ..\obj\mbfuncholding.o
LOAD ..\obj\main.o
LOAD ..\obj\mbcrc.o
LOAD ..\obj\stm32f4xx_rcc.o
LOAD ..\obj\foc.o
LOAD ..\obj\stm32f4xx_adc.o
LOAD ..\obj\mbfuncinput.o
LOAD ..\obj\encoder.o
LOAD ..\obj\mbfuncdiag.o
LOAD ..\obj\stm32f4xx_gpio.o
LOAD ..\obj\porttimer.o
LOAD ..\obj\mbrtu.o
LOAD ..\obj\system_stm32f4xx.o
LOAD ..\obj\syscalls.o
LOAD ..\obj\stm32f4xx_dma.o
LOAD ..\obj\port.o
LOAD ..\obj\portserial.o
LOAD ..\obj\mbfunccoils.o
LOAD ..\obj\stm32f4xx_exti.o
LOAD ..\obj\misc.o
LOAD ..\obj\svpwm.o
LOAD ..\obj\mbtcp.o
LOAD ..\obj\mbascii.o
LOAD ..\obj\pid.o
LOAD ..\obj\stm32f4xx_tim.o
LOAD c:/program files (x86)/gnu tools arm embedded/6 2017-q1-update/bin/../lib/gcc/arm-none-eabi/6.3.1/../../../../arm-none-eabi/lib/thumb/v7e-m/fpv4-sp/hard\libm.a
LOAD c:/program files (x86)/gnu tools arm embedded/6 2017-q1-update/bin/../lib/gcc/arm-none-eabi/6.3.1/thumb/v7e-m/fpv4-sp/hard\libgcc.a
LOAD c:/program files (x86)/gnu tools arm embedded/6 2017-q1-update/bin/../lib/gcc/arm-none-eabi/6.3.1/../../../../arm-none-eabi/lib/thumb/v7e-m/fpv4-sp/hard\libc.a
START GROUP
LOAD c:/program files (x86)/gnu tools arm embedded/6 2017-q1-update/bin/../lib/gcc/arm-none-eabi/6.3.1/thumb/v7e-m/fpv4-sp/hard\libgcc.a
LOAD c:/program files (x86)/gnu tools arm embedded/6 2017-q1-update/bin/../lib/gcc/arm-none-eabi/6.3.1/../../../../arm-none-eabi/lib/thumb/v7e-m/fpv4-sp/hard\libg.a
LOAD c:/program files (x86)/gnu tools arm embedded/6 2017-q1-update/bin/../lib/gcc/arm-none-eabi/6.3.1/../../../../arm-none-eabi/lib/thumb/v7e-m/fpv4-sp/hard\libc.a
END GROUP
LOAD c:/program files (x86)/gnu tools arm embedded/6 2017-q1-update/bin/../lib/gcc/arm-none-eabi/6.3.1/thumb/v7e-m/fpv4-sp/hard/crtend.o
LOAD c:/program files (x86)/gnu tools arm embedded/6 2017-q1-update/bin/../lib/gcc/arm-none-eabi/6.3.1/thumb/v7e-m/fpv4-sp/hard/crtn.o
OUTPUT(main.elf elf32-littlearm)

.ARM.attributes
                0x00000000       0x30
 .ARM.attributes
                0x00000000       0x22 c:/program files (x86)/gnu tools arm embedded/6 2017-q1-update/bin/../lib/gcc/arm-none-eabi/6.3.1/thumb/v7e-m/fpv4-sp/hard/crti.o
 .ARM.attributes
                0x00000022       0x34 c:/program files (x86)/gnu tools arm embedded/6 2017-q1-update/bin/../lib/gcc/arm-none-eabi/6.3.1/thumb/v7e-m/fpv4-sp/hard/crtbegin.o
 .ARM.attributes
                0x00000056       0x39 ..\obj\stm32f4xx_syscfg.o
 .ARM.attributes
                0x0000008f       0x39 ..\obj\mb.o
 .ARM.attributes
                0x000000c8       0x39 ..\obj\mbfuncdisc.o
 .ARM.attributes
                0x00000101       0x39 ..\obj\portevent.o
 .ARM.attributes
                0x0000013a       0x39 ..\obj\mbfuncother.o
 .ARM.attributes
                0x00000173       0x39 ..\obj\stm32f4xx_usart.o
 .ARM.attributes
                0x000001ac       0x39 ..\obj\mbutils.o
 .ARM.attributes
                0x000001e5       0x39 ..\obj\stm32f4xx_dac.o
 .ARM.attributes
                0x0000021e       0x39 ..\obj\startup_stm32f4xx.o
 .ARM.attributes
                0x00000257       0x39 ..\obj\mbfuncholding.o
 .ARM.attributes
                0x00000290       0x39 ..\obj\main.o
 .ARM.attributes
                0x000002c9       0x39 ..\obj\mbcrc.o
 .ARM.attributes
                0x00000302       0x39 ..\obj\stm32f4xx_rcc.o
 .ARM.attributes
                0x0000033b       0x39 ..\obj\foc.o
 .ARM.attributes
                0x00000374       0x39 ..\obj\stm32f4xx_adc.o
 .ARM.attributes
                0x000003ad       0x39 ..\obj\mbfuncinput.o
 .ARM.attributes
                0x000003e6       0x39 ..\obj\encoder.o
 .ARM.attributes
                0x0000041f       0x39 ..\obj\stm32f4xx_gpio.o
 .ARM.attributes
                0x00000458       0x39 ..\obj\porttimer.o
 .ARM.attributes
                0x00000491       0x39 ..\obj\mbrtu.o
 .ARM.attributes
                0x000004ca       0x39 ..\obj\system_stm32f4xx.o
 .ARM.attributes
                0x00000503       0x39 ..\obj\stm32f4xx_dma.o
 .ARM.attributes
                0x0000053c       0x39 ..\obj\portserial.o
 .ARM.attributes
                0x00000575       0x39 ..\obj\mbfunccoils.o
 .ARM.attributes
                0x000005ae       0x39 ..\obj\stm32f4xx_exti.o
 .ARM.attributes
                0x000005e7       0x39 ..\obj\misc.o
 .ARM.attributes
                0x00000620       0x39 ..\obj\svpwm.o
 .ARM.attributes
                0x00000659       0x39 ..\obj\mbascii.o
 .ARM.attributes
                0x00000692       0x39 ..\obj\pid.o
 .ARM.attributes
                0x000006cb       0x39 ..\obj\stm32f4xx_tim.o
 .ARM.attributes
                0x00000704       0x34 c:/program files (x86)/gnu tools arm embedded/6 2017-q1-update/bin/../lib/gcc/arm-none-eabi/6.3.1/../../../../arm-none-eabi/lib/thumb/v7e-m/fpv4-sp/hard\libm.a(lib_a-sf_cos.o)
 .ARM.attributes
                0x00000738       0x34 c:/program files (x86)/gnu tools arm embedded/6 2017-q1-update/bin/../lib/gcc/arm-none-eabi/6.3.1/../../../../arm-none-eabi/lib/thumb/v7e-m/fpv4-sp/hard\libm.a(lib_a-sf_sin.o)
 .ARM.attributes
                0x0000076c       0x34 c:/program files (x86)/gnu tools arm embedded/6 2017-q1-update/bin/../lib/gcc/arm-none-eabi/6.3.1/../../../../arm-none-eabi/lib/thumb/v7e-m/fpv4-sp/hard\libm.a(lib_a-ef_rem_pio2.o)
 .ARM.attributes
                0x000007a0       0x34 c:/program files (x86)/gnu tools arm embedded/6 2017-q1-update/bin/../lib/gcc/arm-none-eabi/6.3.1/../../../../arm-none-eabi/lib/thumb/v7e-m/fpv4-sp/hard\libm.a(lib_a-kf_cos.o)
 .ARM.attributes
                0x000007d4       0x34 c:/program files (x86)/gnu tools arm embedded/6 2017-q1-update/bin/../lib/gcc/arm-none-eabi/6.3.1/../../../../arm-none-eabi/lib/thumb/v7e-m/fpv4-sp/hard\libm.a(lib_a-kf_rem_pio2.o)
 .ARM.attributes
                0x00000808       0x34 c:/program files (x86)/gnu tools arm embedded/6 2017-q1-update/bin/../lib/gcc/arm-none-eabi/6.3.1/../../../../arm-none-eabi/lib/thumb/v7e-m/fpv4-sp/hard\libm.a(lib_a-kf_sin.o)
 .ARM.attributes
                0x0000083c       0x34 c:/program files (x86)/gnu tools arm embedded/6 2017-q1-update/bin/../lib/gcc/arm-none-eabi/6.3.1/../../../../arm-none-eabi/lib/thumb/v7e-m/fpv4-sp/hard\libm.a(lib_a-sf_fabs.o)
 .ARM.attributes
                0x00000870       0x34 c:/program files (x86)/gnu tools arm embedded/6 2017-q1-update/bin/../lib/gcc/arm-none-eabi/6.3.1/../../../../arm-none-eabi/lib/thumb/v7e-m/fpv4-sp/hard\libm.a(lib_a-sf_floor.o)
 .ARM.attributes
                0x000008a4       0x34 c:/program files (x86)/gnu tools arm embedded/6 2017-q1-update/bin/../lib/gcc/arm-none-eabi/6.3.1/../../../../arm-none-eabi/lib/thumb/v7e-m/fpv4-sp/hard\libm.a(lib_a-sf_scalbn.o)
 .ARM.attributes
                0x000008d8       0x34 c:/program files (x86)/gnu tools arm embedded/6 2017-q1-update/bin/../lib/gcc/arm-none-eabi/6.3.1/../../../../arm-none-eabi/lib/thumb/v7e-m/fpv4-sp/hard\libm.a(lib_a-sf_copysign.o)
 .ARM.attributes
                0x0000090c       0x34 c:/program files (x86)/gnu tools arm embedded/6 2017-q1-update/bin/../lib/gcc/arm-none-eabi/6.3.1/../../../../arm-none-eabi/lib/thumb/v7e-m/fpv4-sp/hard\libc.a(lib_a-impure.o)
 .ARM.attributes
                0x00000940       0x20 c:/program files (x86)/gnu tools arm embedded/6 2017-q1-update/bin/../lib/gcc/arm-none-eabi/6.3.1/../../../../arm-none-eabi/lib/thumb/v7e-m/fpv4-sp/hard\libc.a(lib_a-memcpy.o)
 .ARM.attributes
                0x00000960       0x34 c:/program files (x86)/gnu tools arm embedded/6 2017-q1-update/bin/../lib/gcc/arm-none-eabi/6.3.1/../../../../arm-none-eabi/lib/thumb/v7e-m/fpv4-sp/hard\libc.a(lib_a-memset.o)
 .ARM.attributes
                0x00000994       0x34 c:/program files (x86)/gnu tools arm embedded/6 2017-q1-update/bin/../lib/gcc/arm-none-eabi/6.3.1/../../../../arm-none-eabi/lib/thumb/v7e-m/fpv4-sp/hard\libc.a(lib_a-__call_atexit.o)
 .ARM.attributes
                0x000009c8       0x34 c:/program files (x86)/gnu tools arm embedded/6 2017-q1-update/bin/../lib/gcc/arm-none-eabi/6.3.1/../../../../arm-none-eabi/lib/thumb/v7e-m/fpv4-sp/hard\libc.a(lib_a-atexit.o)
 .ARM.attributes
                0x000009fc       0x34 c:/program files (x86)/gnu tools arm embedded/6 2017-q1-update/bin/../lib/gcc/arm-none-eabi/6.3.1/../../../../arm-none-eabi/lib/thumb/v7e-m/fpv4-sp/hard\libc.a(lib_a-fini.o)
 .ARM.attributes
                0x00000a30       0x34 c:/program files (x86)/gnu tools arm embedded/6 2017-q1-update/bin/../lib/gcc/arm-none-eabi/6.3.1/../../../../arm-none-eabi/lib/thumb/v7e-m/fpv4-sp/hard\libc.a(lib_a-lock.o)
 .ARM.attributes
                0x00000a64       0x34 c:/program files (x86)/gnu tools arm embedded/6 2017-q1-update/bin/../lib/gcc/arm-none-eabi/6.3.1/../../../../arm-none-eabi/lib/thumb/v7e-m/fpv4-sp/hard\libc.a(lib_a-__atexit.o)
 .ARM.attributes
                0x00000a98       0x34 c:/program files (x86)/gnu tools arm embedded/6 2017-q1-update/bin/../lib/gcc/arm-none-eabi/6.3.1/thumb/v7e-m/fpv4-sp/hard/crtend.o
 .ARM.attributes
                0x00000acc       0x22 c:/program files (x86)/gnu tools arm embedded/6 2017-q1-update/bin/../lib/gcc/arm-none-eabi/6.3.1/thumb/v7e-m/fpv4-sp/hard/crtn.o

.comment        0x00000000       0x7f
 .comment       0x00000000       0x7f ..\obj\stm32f4xx_syscfg.o
                                 0x80 (size before relaxing)
 .comment       0x0000007f       0x80 ..\obj\mb.o
 .comment       0x0000007f       0x80 ..\obj\mbfuncdisc.o
 .comment       0x0000007f       0x80 ..\obj\portevent.o
 .comment       0x0000007f       0x80 ..\obj\mbfuncother.o
 .comment       0x0000007f       0x80 ..\obj\stm32f4xx_usart.o
 .comment       0x0000007f       0x80 ..\obj\mbutils.o
 .comment       0x0000007f       0x80 ..\obj\stm32f4xx_dac.o
 .comment       0x0000007f       0x80 ..\obj\startup_stm32f4xx.o
 .comment       0x0000007f       0x80 ..\obj\mbfuncholding.o
 .comment       0x0000007f       0x80 ..\obj\main.o
 .comment       0x0000007f       0x80 ..\obj\mbcrc.o
 .comment       0x0000007f       0x80 ..\obj\stm32f4xx_rcc.o
 .comment       0x0000007f       0x80 ..\obj\foc.o
 .comment       0x0000007f       0x80 ..\obj\stm32f4xx_adc.o
 .comment       0x0000007f       0x80 ..\obj\mbfuncinput.o
 .comment       0x0000007f       0x80 ..\obj\encoder.o
 .comment       0x0000007f       0x80 ..\obj\stm32f4xx_gpio.o
 .comment       0x0000007f       0x80 ..\obj\porttimer.o
 .comment       0x0000007f       0x80 ..\obj\mbrtu.o
 .comment       0x0000007f       0x80 ..\obj\system_stm32f4xx.o
 .comment       0x0000007f       0x80 ..\obj\stm32f4xx_dma.o
 .comment       0x0000007f       0x80 ..\obj\portserial.o
 .comment       0x0000007f       0x80 ..\obj\mbfunccoils.o
 .comment       0x0000007f       0x80 ..\obj\stm32f4xx_exti.o
 .comment       0x0000007f       0x80 ..\obj\misc.o
 .comment       0x0000007f       0x80 ..\obj\svpwm.o
 .comment       0x0000007f       0x80 ..\obj\mbascii.o
 .comment       0x0000007f       0x80 ..\obj\pid.o
 .comment       0x0000007f       0x80 ..\obj\stm32f4xx_tim.o

.debug_info     0x00000000    0x157b0
 .debug_info    0x00000000      0x2c1 ..\obj\stm32f4xx_syscfg.o
 .debug_info    0x000002c1      0xf3d ..\obj\mb.o
 .debug_info    0x000011fe      0xad5 ..\obj\mbfuncdisc.o
 .debug_info    0x00001cd3      0x1d9 ..\obj\portevent.o
 .debug_info    0x00001eac      0xb35 ..\obj\mbfuncother.o
 .debug_info    0x000029e1      0xaaf ..\obj\stm32f4xx_usart.o
 .debug_info    0x00003490      0xb56 ..\obj\mbutils.o
 .debug_info    0x00003fe6      0x68e ..\obj\stm32f4xx_dac.o
 .debug_info    0x00004674      0x121 ..\obj\startup_stm32f4xx.o
 .debug_info    0x00004795      0xd1a ..\obj\mbfuncholding.o
 .debug_info    0x000054af      0xde9 ..\obj\main.o
 .debug_info    0x00006298      0x191 ..\obj\mbcrc.o
 .debug_info    0x00006429      0xca3 ..\obj\stm32f4xx_rcc.o
 .debug_info    0x000070cc     0x10ee ..\obj\foc.o
 .debug_info    0x000081ba      0xc7e ..\obj\stm32f4xx_adc.o
 .debug_info    0x00008e38      0xac6 ..\obj\mbfuncinput.o
 .debug_info    0x000098fe     0x11a0 ..\obj\encoder.o
 .debug_info    0x0000aa9e      0x712 ..\obj\stm32f4xx_gpio.o
 .debug_info    0x0000b1b0      0x838 ..\obj\porttimer.o
 .debug_info    0x0000b9e8      0xf30 ..\obj\mbrtu.o
 .debug_info    0x0000c918      0x5e9 ..\obj\system_stm32f4xx.o
 .debug_info    0x0000cf01      0x732 ..\obj\stm32f4xx_dma.o
 .debug_info    0x0000d633      0xca1 ..\obj\portserial.o
 .debug_info    0x0000e2d4      0xc54 ..\obj\mbfunccoils.o
 .debug_info    0x0000ef28      0x365 ..\obj\stm32f4xx_exti.o
 .debug_info    0x0000f28d      0x54d ..\obj\misc.o
 .debug_info    0x0000f7da     0x23a9 ..\obj\svpwm.o
 .debug_info    0x00011b83     0x111e ..\obj\mbascii.o
 .debug_info    0x00012ca1      0xb02 ..\obj\pid.o
 .debug_info    0x000137a3     0x200d ..\obj\stm32f4xx_tim.o

.debug_abbrev   0x00000000     0x3fd7
 .debug_abbrev  0x00000000      0x173 ..\obj\stm32f4xx_syscfg.o
 .debug_abbrev  0x00000173      0x2f7 ..\obj\mb.o
 .debug_abbrev  0x0000046a      0x238 ..\obj\mbfuncdisc.o
 .debug_abbrev  0x000006a2       0xeb ..\obj\portevent.o
 .debug_abbrev  0x0000078d      0x222 ..\obj\mbfuncother.o
 .debug_abbrev  0x000009af      0x1d8 ..\obj\stm32f4xx_usart.o
 .debug_abbrev  0x00000b87      0x225 ..\obj\mbutils.o
 .debug_abbrev  0x00000dac      0x231 ..\obj\stm32f4xx_dac.o
 .debug_abbrev  0x00000fdd       0xeb ..\obj\startup_stm32f4xx.o
 .debug_abbrev  0x000010c8      0x238 ..\obj\mbfuncholding.o
 .debug_abbrev  0x00001300      0x2aa ..\obj\main.o
 .debug_abbrev  0x000015aa       0xc9 ..\obj\mbcrc.o
 .debug_abbrev  0x00001673      0x21c ..\obj\stm32f4xx_rcc.o
 .debug_abbrev  0x0000188f      0x2ba ..\obj\foc.o
 .debug_abbrev  0x00001b49      0x205 ..\obj\stm32f4xx_adc.o
 .debug_abbrev  0x00001d4e      0x238 ..\obj\mbfuncinput.o
 .debug_abbrev  0x00001f86      0x2ad ..\obj\encoder.o
 .debug_abbrev  0x00002233      0x1ff ..\obj\stm32f4xx_gpio.o
 .debug_abbrev  0x00002432      0x1be ..\obj\porttimer.o
 .debug_abbrev  0x000025f0      0x2c1 ..\obj\mbrtu.o
 .debug_abbrev  0x000028b1      0x17b ..\obj\system_stm32f4xx.o
 .debug_abbrev  0x00002a2c      0x1af ..\obj\stm32f4xx_dma.o
 .debug_abbrev  0x00002bdb      0x210 ..\obj\portserial.o
 .debug_abbrev  0x00002deb      0x252 ..\obj\mbfunccoils.o
 .debug_abbrev  0x0000303d      0x206 ..\obj\stm32f4xx_exti.o
 .debug_abbrev  0x00003243      0x17f ..\obj\misc.o
 .debug_abbrev  0x000033c2      0x3c6 ..\obj\svpwm.o
 .debug_abbrev  0x00003788      0x352 ..\obj\mbascii.o
 .debug_abbrev  0x00003ada      0x238 ..\obj\pid.o
 .debug_abbrev  0x00003d12      0x2c5 ..\obj\stm32f4xx_tim.o

.debug_loc      0x00000000     0x7c87
 .debug_loc     0x00000000       0x97 ..\obj\stm32f4xx_syscfg.o
 .debug_loc     0x00000097      0x299 ..\obj\mb.o
 .debug_loc     0x00000330      0x183 ..\obj\mbfuncdisc.o
 .debug_loc     0x000004b3       0x6e ..\obj\portevent.o
 .debug_loc     0x00000521      0x124 ..\obj\mbfuncother.o
 .debug_loc     0x00000645      0x7d5 ..\obj\stm32f4xx_usart.o
 .debug_loc     0x00000e1a      0x3d2 ..\obj\mbutils.o
 .debug_loc     0x000011ec      0x3cd ..\obj\stm32f4xx_dac.o
 .debug_loc     0x000015b9       0x2b ..\obj\startup_stm32f4xx.o
 .debug_loc     0x000015e4      0x73d ..\obj\mbfuncholding.o
 .debug_loc     0x00001d21      0x2cb ..\obj\main.o
 .debug_loc     0x00001fec       0xb5 ..\obj\mbcrc.o
 .debug_loc     0x000020a1      0x9c7 ..\obj\stm32f4xx_rcc.o
 .debug_loc     0x00002a68       0xf7 ..\obj\foc.o
 .debug_loc     0x00002b5f      0x9fe ..\obj\stm32f4xx_adc.o
 .debug_loc     0x0000355d      0x170 ..\obj\mbfuncinput.o
 .debug_loc     0x000036cd      0x2a4 ..\obj\encoder.o
 .debug_loc     0x00003971      0x30c ..\obj\stm32f4xx_gpio.o
 .debug_loc     0x00003c7d       0x21 ..\obj\porttimer.o
 .debug_loc     0x00003c9e      0x2e7 ..\obj\mbrtu.o
 .debug_loc     0x00003f85      0x10b ..\obj\system_stm32f4xx.o
 .debug_loc     0x00004090      0x415 ..\obj\stm32f4xx_dma.o
 .debug_loc     0x000044a5      0x123 ..\obj\portserial.o
 .debug_loc     0x000045c8      0x400 ..\obj\mbfunccoils.o
 .debug_loc     0x000049c8      0x188 ..\obj\stm32f4xx_exti.o
 .debug_loc     0x00004b50      0x15c ..\obj\misc.o
 .debug_loc     0x00004cac     0x11e4 ..\obj\svpwm.o
 .debug_loc     0x00005e90      0x411 ..\obj\mbascii.o
 .debug_loc     0x000062a1       0xf6 ..\obj\pid.o
 .debug_loc     0x00006397     0x18f0 ..\obj\stm32f4xx_tim.o

.debug_aranges  0x00000000      0xe38
 .debug_aranges
                0x00000000       0x48 ..\obj\stm32f4xx_syscfg.o
 .debug_aranges
                0x00000048       0x48 ..\obj\mb.o
 .debug_aranges
                0x00000090       0x20 ..\obj\mbfuncdisc.o
 .debug_aranges
                0x000000b0       0x30 ..\obj\portevent.o
 .debug_aranges
                0x000000e0       0x28 ..\obj\mbfuncother.o
 .debug_aranges
                0x00000108      0x100 ..\obj\stm32f4xx_usart.o
 .debug_aranges
                0x00000208       0x30 ..\obj\mbutils.o
 .debug_aranges
                0x00000238       0x90 ..\obj\stm32f4xx_dac.o
 .debug_aranges
                0x000002c8       0x28 ..\obj\startup_stm32f4xx.o
 .debug_aranges
                0x000002f0       0x38 ..\obj\mbfuncholding.o
 .debug_aranges
                0x00000328       0x40 ..\obj\main.o
 .debug_aranges
                0x00000368       0x20 ..\obj\mbcrc.o
 .debug_aranges
                0x00000388      0x178 ..\obj\stm32f4xx_rcc.o
 .debug_aranges
                0x00000500       0x58 ..\obj\foc.o
 .debug_aranges
                0x00000558      0x140 ..\obj\stm32f4xx_adc.o
 .debug_aranges
                0x00000698       0x20 ..\obj\mbfuncinput.o
 .debug_aranges
                0x000006b8       0x88 ..\obj\encoder.o
 .debug_aranges
                0x00000740       0x88 ..\obj\stm32f4xx_gpio.o
 .debug_aranges
                0x000007c8       0x38 ..\obj\porttimer.o
 .debug_aranges
                0x00000800       0x58 ..\obj\mbrtu.o
 .debug_aranges
                0x00000858       0x28 ..\obj\system_stm32f4xx.o
 .debug_aranges
                0x00000880       0xa8 ..\obj\stm32f4xx_dma.o
 .debug_aranges
                0x00000928       0x40 ..\obj\portserial.o
 .debug_aranges
                0x00000968       0x30 ..\obj\mbfunccoils.o
 .debug_aranges
                0x00000998       0x50 ..\obj\stm32f4xx_exti.o
 .debug_aranges
                0x000009e8       0x40 ..\obj\misc.o
 .debug_aranges
                0x00000a28       0xa0 ..\obj\svpwm.o
 .debug_aranges
                0x00000ac8       0x58 ..\obj\mbascii.o
 .debug_aranges
                0x00000b20       0x40 ..\obj\pid.o
 .debug_aranges
                0x00000b60      0x2d8 ..\obj\stm32f4xx_tim.o

.debug_ranges   0x00000000      0xdb8
 .debug_ranges  0x00000000       0x38 ..\obj\stm32f4xx_syscfg.o
 .debug_ranges  0x00000038       0x38 ..\obj\mb.o
 .debug_ranges  0x00000070       0x10 ..\obj\mbfuncdisc.o
 .debug_ranges  0x00000080       0x20 ..\obj\portevent.o
 .debug_ranges  0x000000a0       0x18 ..\obj\mbfuncother.o
 .debug_ranges  0x000000b8       0xf0 ..\obj\stm32f4xx_usart.o
 .debug_ranges  0x000001a8       0x20 ..\obj\mbutils.o
 .debug_ranges  0x000001c8       0x80 ..\obj\stm32f4xx_dac.o
 .debug_ranges  0x00000248       0x18 ..\obj\startup_stm32f4xx.o
 .debug_ranges  0x00000260       0x28 ..\obj\mbfuncholding.o
 .debug_ranges  0x00000288       0x88 ..\obj\main.o
 .debug_ranges  0x00000310       0x10 ..\obj\mbcrc.o
 .debug_ranges  0x00000320      0x168 ..\obj\stm32f4xx_rcc.o
 .debug_ranges  0x00000488       0x60 ..\obj\foc.o
 .debug_ranges  0x000004e8      0x130 ..\obj\stm32f4xx_adc.o
 .debug_ranges  0x00000618       0x10 ..\obj\mbfuncinput.o
 .debug_ranges  0x00000628       0xa0 ..\obj\encoder.o
 .debug_ranges  0x000006c8       0x78 ..\obj\stm32f4xx_gpio.o
 .debug_ranges  0x00000740       0x28 ..\obj\porttimer.o
 .debug_ranges  0x00000768       0x48 ..\obj\mbrtu.o
 .debug_ranges  0x000007b0       0x30 ..\obj\system_stm32f4xx.o
 .debug_ranges  0x000007e0       0x98 ..\obj\stm32f4xx_dma.o
 .debug_ranges  0x00000878       0x48 ..\obj\portserial.o
 .debug_ranges  0x000008c0       0x20 ..\obj\mbfunccoils.o
 .debug_ranges  0x000008e0       0x40 ..\obj\stm32f4xx_exti.o
 .debug_ranges  0x00000920       0x30 ..\obj\misc.o
 .debug_ranges  0x00000950       0xb0 ..\obj\svpwm.o
 .debug_ranges  0x00000a00       0x88 ..\obj\mbascii.o
 .debug_ranges  0x00000a88       0x30 ..\obj\pid.o
 .debug_ranges  0x00000ab8      0x300 ..\obj\stm32f4xx_tim.o

.debug_line     0x00000000     0x84d1
 .debug_line    0x00000000      0x307 ..\obj\stm32f4xx_syscfg.o
 .debug_line    0x00000307      0x5ac ..\obj\mb.o
 .debug_line    0x000008b3      0x423 ..\obj\mbfuncdisc.o
 .debug_line    0x00000cd6      0x2b1 ..\obj\portevent.o
 .debug_line    0x00000f87      0x410 ..\obj\mbfuncother.o
 .debug_line    0x00001397      0x580 ..\obj\stm32f4xx_usart.o
 .debug_line    0x00001917      0x42e ..\obj\mbutils.o
 .debug_line    0x00001d45      0x3e5 ..\obj\stm32f4xx_dac.o
 .debug_line    0x0000212a       0xbb ..\obj\startup_stm32f4xx.o
 .debug_line    0x000021e5      0x4cb ..\obj\mbfuncholding.o
 .debug_line    0x000026b0      0x4eb ..\obj\main.o
 .debug_line    0x00002b9b      0x281 ..\obj\mbcrc.o
 .debug_line    0x00002e1c      0x62e ..\obj\stm32f4xx_rcc.o
 .debug_line    0x0000344a      0x4b3 ..\obj\foc.o
 .debug_line    0x000038fd      0x603 ..\obj\stm32f4xx_adc.o
 .debug_line    0x00003f00      0x415 ..\obj\mbfuncinput.o
 .debug_line    0x00004315      0x4ce ..\obj\encoder.o
 .debug_line    0x000047e3      0x3f7 ..\obj\stm32f4xx_gpio.o
 .debug_line    0x00004bda      0x377 ..\obj\porttimer.o
 .debug_line    0x00004f51      0x528 ..\obj\mbrtu.o
 .debug_line    0x00005479      0x23f ..\obj\system_stm32f4xx.o
 .debug_line    0x000056b8      0x494 ..\obj\stm32f4xx_dma.o
 .debug_line    0x00005b4c      0x3e2 ..\obj\portserial.o
 .debug_line    0x00005f2e      0x497 ..\obj\mbfunccoils.o
 .debug_line    0x000063c5      0x337 ..\obj\stm32f4xx_exti.o
 .debug_line    0x000066fc      0x2ef ..\obj\misc.o
 .debug_line    0x000069eb      0x795 ..\obj\svpwm.o
 .debug_line    0x00007180      0x59d ..\obj\mbascii.o
 .debug_line    0x0000771d      0x233 ..\obj\pid.o
 .debug_line    0x00007950      0xb81 ..\obj\stm32f4xx_tim.o

.debug_str      0x00000000     0x51de
 .debug_str     0x00000000      0x2fc ..\obj\stm32f4xx_syscfg.o
                                0x35a (size before relaxing)
 .debug_str     0x000002fc      0x8b7 ..\obj\mb.o
                                0xaa3 (size before relaxing)
 .debug_str     0x00000bb3       0xed ..\obj\mbfuncdisc.o
                                0x82e (size before relaxing)
 .debug_str     0x00000ca0       0x86 ..\obj\portevent.o
                                0x2d6 (size before relaxing)
 .debug_str     0x00000d26       0xe2 ..\obj\mbfuncother.o
                                0x832 (size before relaxing)
 .debug_str     0x00000e08      0x51b ..\obj\stm32f4xx_usart.o
                                0x71e (size before relaxing)
 .debug_str     0x00001323       0xdf ..\obj\mbutils.o
                                0x836 (size before relaxing)
 .debug_str     0x00001402      0x2b7 ..\obj\stm32f4xx_dac.o
                                0x4b9 (size before relaxing)
 .debug_str     0x000016b9       0xe3 ..\obj\startup_stm32f4xx.o
                                0x19d (size before relaxing)
 .debug_str     0x0000179c      0x181 ..\obj\mbfuncholding.o
                                0x90b (size before relaxing)
 .debug_str     0x0000191d      0x50d ..\obj\main.o
                                0x888 (size before relaxing)
 .debug_str     0x00001e2a       0x7a ..\obj\mbcrc.o
                                0x22e (size before relaxing)
 .debug_str     0x00001ea4      0x5a2 ..\obj\stm32f4xx_rcc.o
                                0x89f (size before relaxing)
 .debug_str     0x00002446      0x272 ..\obj\foc.o
                                0x8ac (size before relaxing)
 .debug_str     0x000026b8      0x5ac ..\obj\stm32f4xx_adc.o
                                0x86a (size before relaxing)
 .debug_str     0x00002c64       0x7c ..\obj\mbfuncinput.o
                                0x81f (size before relaxing)
 .debug_str     0x00002ce0      0x8f1 ..\obj\encoder.o
                                0xe8a (size before relaxing)
 .debug_str     0x000035d1      0x14a ..\obj\stm32f4xx_gpio.o
                                0x509 (size before relaxing)
 .debug_str     0x0000371b      0x11a ..\obj\porttimer.o
                                0xa3d (size before relaxing)
 .debug_str     0x00003835      0x222 ..\obj\mbrtu.o
                                0x99f (size before relaxing)
 .debug_str     0x00003a57      0x103 ..\obj\system_stm32f4xx.o
                                0x3e9 (size before relaxing)
 .debug_str     0x00003b5a      0x3a0 ..\obj\stm32f4xx_dma.o
                                0x591 (size before relaxing)
 .debug_str     0x00003efa       0xca ..\obj\portserial.o
                                0xcd3 (size before relaxing)
 .debug_str     0x00003fc4       0xd9 ..\obj\mbfunccoils.o
                                0x893 (size before relaxing)
 .debug_str     0x0000409d       0xda ..\obj\stm32f4xx_exti.o
                                0x3a8 (size before relaxing)
 .debug_str     0x00004177      0x15c ..\obj\misc.o
                                0x41d (size before relaxing)
 .debug_str     0x000042d3      0x50a ..\obj\svpwm.o
                               0x1579 (size before relaxing)
 .debug_str     0x000047dd      0x1ba ..\obj\mbascii.o
                                0xa35 (size before relaxing)
 .debug_str     0x00004997       0xc8 ..\obj\pid.o
                                0x677 (size before relaxing)
 .debug_str     0x00004a5f      0x77f ..\obj\stm32f4xx_tim.o
                                0xe4d (size before relaxing)

.debug_frame    0x00000000     0x2444
 .debug_frame   0x00000000       0x84 ..\obj\stm32f4xx_syscfg.o
 .debug_frame   0x00000084       0xb8 ..\obj\mb.o
 .debug_frame   0x0000013c       0x38 ..\obj\mbfuncdisc.o
 .debug_frame   0x00000174       0x40 ..\obj\portevent.o
 .debug_frame   0x000001b4       0x48 ..\obj\mbfuncother.o
 .debug_frame   0x000001fc      0x224 ..\obj\stm32f4xx_usart.o
 .debug_frame   0x00000420       0x58 ..\obj\mbutils.o
 .debug_frame   0x00000478      0x150 ..\obj\stm32f4xx_dac.o
 .debug_frame   0x000005c8       0x30 ..\obj\startup_stm32f4xx.o
 .debug_frame   0x000005f8       0xac ..\obj\mbfuncholding.o
 .debug_frame   0x000006a4       0xa0 ..\obj\main.o
 .debug_frame   0x00000744       0x2c ..\obj\mbcrc.o
 .debug_frame   0x00000770      0x2e8 ..\obj\stm32f4xx_rcc.o
 .debug_frame   0x00000a58      0x124 ..\obj\foc.o
 .debug_frame   0x00000b7c      0x2b4 ..\obj\stm32f4xx_adc.o
 .debug_frame   0x00000e30       0x38 ..\obj\mbfuncinput.o
 .debug_frame   0x00000e68      0x190 ..\obj\encoder.o
 .debug_frame   0x00000ff8      0x124 ..\obj\stm32f4xx_gpio.o
 .debug_frame   0x0000111c       0x7c ..\obj\porttimer.o
 .debug_frame   0x00001198       0xec ..\obj\mbrtu.o
 .debug_frame   0x00001284       0x44 ..\obj\system_stm32f4xx.o
 .debug_frame   0x000012c8      0x160 ..\obj\stm32f4xx_dma.o
 .debug_frame   0x00001428       0xac ..\obj\portserial.o
 .debug_frame   0x000014d4       0x78 ..\obj\mbfunccoils.o
 .debug_frame   0x0000154c       0x9c ..\obj\stm32f4xx_exti.o
 .debug_frame   0x000015e8       0x68 ..\obj\misc.o
 .debug_frame   0x00001650      0x23c ..\obj\svpwm.o
 .debug_frame   0x0000188c       0xf0 ..\obj\mbascii.o
 .debug_frame   0x0000197c       0x60 ..\obj\pid.o
 .debug_frame   0x000019dc      0x6bc ..\obj\stm32f4xx_tim.o
 .debug_frame   0x00002098       0x34 c:/program files (x86)/gnu tools arm embedded/6 2017-q1-update/bin/../lib/gcc/arm-none-eabi/6.3.1/../../../../arm-none-eabi/lib/thumb/v7e-m/fpv4-sp/hard\libm.a(lib_a-sf_cos.o)
 .debug_frame   0x000020cc       0x34 c:/program files (x86)/gnu tools arm embedded/6 2017-q1-update/bin/../lib/gcc/arm-none-eabi/6.3.1/../../../../arm-none-eabi/lib/thumb/v7e-m/fpv4-sp/hard\libm.a(lib_a-sf_sin.o)
 .debug_frame   0x00002100       0x3c c:/program files (x86)/gnu tools arm embedded/6 2017-q1-update/bin/../lib/gcc/arm-none-eabi/6.3.1/../../../../arm-none-eabi/lib/thumb/v7e-m/fpv4-sp/hard\libm.a(lib_a-ef_rem_pio2.o)
 .debug_frame   0x0000213c       0x20 c:/program files (x86)/gnu tools arm embedded/6 2017-q1-update/bin/../lib/gcc/arm-none-eabi/6.3.1/../../../../arm-none-eabi/lib/thumb/v7e-m/fpv4-sp/hard\libm.a(lib_a-kf_cos.o)
 .debug_frame   0x0000215c       0x5c c:/program files (x86)/gnu tools arm embedded/6 2017-q1-update/bin/../lib/gcc/arm-none-eabi/6.3.1/../../../../arm-none-eabi/lib/thumb/v7e-m/fpv4-sp/hard\libm.a(lib_a-kf_rem_pio2.o)
 .debug_frame   0x000021b8       0x20 c:/program files (x86)/gnu tools arm embedded/6 2017-q1-update/bin/../lib/gcc/arm-none-eabi/6.3.1/../../../../arm-none-eabi/lib/thumb/v7e-m/fpv4-sp/hard\libm.a(lib_a-kf_sin.o)
 .debug_frame   0x000021d8       0x20 c:/program files (x86)/gnu tools arm embedded/6 2017-q1-update/bin/../lib/gcc/arm-none-eabi/6.3.1/../../../../arm-none-eabi/lib/thumb/v7e-m/fpv4-sp/hard\libm.a(lib_a-sf_fabs.o)
 .debug_frame   0x000021f8       0x20 c:/program files (x86)/gnu tools arm embedded/6 2017-q1-update/bin/../lib/gcc/arm-none-eabi/6.3.1/../../../../arm-none-eabi/lib/thumb/v7e-m/fpv4-sp/hard\libm.a(lib_a-sf_floor.o)
 .debug_frame   0x00002218       0x44 c:/program files (x86)/gnu tools arm embedded/6 2017-q1-update/bin/../lib/gcc/arm-none-eabi/6.3.1/../../../../arm-none-eabi/lib/thumb/v7e-m/fpv4-sp/hard\libm.a(lib_a-sf_scalbn.o)
 .debug_frame   0x0000225c       0x20 c:/program files (x86)/gnu tools arm embedded/6 2017-q1-update/bin/../lib/gcc/arm-none-eabi/6.3.1/../../../../arm-none-eabi/lib/thumb/v7e-m/fpv4-sp/hard\libm.a(lib_a-sf_copysign.o)
 .debug_frame   0x0000227c       0x34 c:/program files (x86)/gnu tools arm embedded/6 2017-q1-update/bin/../lib/gcc/arm-none-eabi/6.3.1/../../../../arm-none-eabi/lib/thumb/v7e-m/fpv4-sp/hard\libc.a(lib_a-memset.o)
 .debug_frame   0x000022b0       0x5c c:/program files (x86)/gnu tools arm embedded/6 2017-q1-update/bin/../lib/gcc/arm-none-eabi/6.3.1/../../../../arm-none-eabi/lib/thumb/v7e-m/fpv4-sp/hard\libc.a(lib_a-__call_atexit.o)
 .debug_frame   0x0000230c       0x20 c:/program files (x86)/gnu tools arm embedded/6 2017-q1-update/bin/../lib/gcc/arm-none-eabi/6.3.1/../../../../arm-none-eabi/lib/thumb/v7e-m/fpv4-sp/hard\libc.a(lib_a-atexit.o)
 .debug_frame   0x0000232c       0x34 c:/program files (x86)/gnu tools arm embedded/6 2017-q1-update/bin/../lib/gcc/arm-none-eabi/6.3.1/../../../../arm-none-eabi/lib/thumb/v7e-m/fpv4-sp/hard\libc.a(lib_a-fini.o)
 .debug_frame   0x00002360       0xb0 c:/program files (x86)/gnu tools arm embedded/6 2017-q1-update/bin/../lib/gcc/arm-none-eabi/6.3.1/../../../../arm-none-eabi/lib/thumb/v7e-m/fpv4-sp/hard\libc.a(lib_a-lock.o)
 .debug_frame   0x00002410       0x34 c:/program files (x86)/gnu tools arm embedded/6 2017-q1-update/bin/../lib/gcc/arm-none-eabi/6.3.1/../../../../arm-none-eabi/lib/thumb/v7e-m/fpv4-sp/hard\libc.a(lib_a-__atexit.o)
