Archive member included to satisfy reference by file (symbol)

c:/program files (x86)/gnu tools arm embedded/6 2017-q1-update/bin/../lib/gcc/arm-none-eabi/6.3.1/../../../../arm-none-eabi/lib/thumb/v7e-m/fpv4-sp/hard\libm.a(lib_a-sf_cos.o)
                              ..\obj\encoder.o (cosf)
c:/program files (x86)/gnu tools arm embedded/6 2017-q1-update/bin/../lib/gcc/arm-none-eabi/6.3.1/../../../../arm-none-eabi/lib/thumb/v7e-m/fpv4-sp/hard\libm.a(lib_a-sf_sin.o)
                              ..\obj\encoder.o (sinf)
c:/program files (x86)/gnu tools arm embedded/6 2017-q1-update/bin/../lib/gcc/arm-none-eabi/6.3.1/../../../../arm-none-eabi/lib/thumb/v7e-m/fpv4-sp/hard\libm.a(lib_a-ef_rem_pio2.o)
                              c:/program files (x86)/gnu tools arm embedded/6 2017-q1-update/bin/../lib/gcc/arm-none-eabi/6.3.1/../../../../arm-none-eabi/lib/thumb/v7e-m/fpv4-sp/hard\libm.a(lib_a-sf_cos.o) (__ieee754_rem_pio2f)
c:/program files (x86)/gnu tools arm embedded/6 2017-q1-update/bin/../lib/gcc/arm-none-eabi/6.3.1/../../../../arm-none-eabi/lib/thumb/v7e-m/fpv4-sp/hard\libm.a(lib_a-kf_cos.o)
                              c:/program files (x86)/gnu tools arm embedded/6 2017-q1-update/bin/../lib/gcc/arm-none-eabi/6.3.1/../../../../arm-none-eabi/lib/thumb/v7e-m/fpv4-sp/hard\libm.a(lib_a-sf_cos.o) (__kernel_cosf)
c:/program files (x86)/gnu tools arm embedded/6 2017-q1-update/bin/../lib/gcc/arm-none-eabi/6.3.1/../../../../arm-none-eabi/lib/thumb/v7e-m/fpv4-sp/hard\libm.a(lib_a-kf_rem_pio2.o)
                              c:/program files (x86)/gnu tools arm embedded/6 2017-q1-update/bin/../lib/gcc/arm-none-eabi/6.3.1/../../../../arm-none-eabi/lib/thumb/v7e-m/fpv4-sp/hard\libm.a(lib_a-ef_rem_pio2.o) (__kernel_rem_pio2f)
c:/program files (x86)/gnu tools arm embedded/6 2017-q1-update/bin/../lib/gcc/arm-none-eabi/6.3.1/../../../../arm-none-eabi/lib/thumb/v7e-m/fpv4-sp/hard\libm.a(lib_a-kf_sin.o)
                              c:/program files (x86)/gnu tools arm embedded/6 2017-q1-update/bin/../lib/gcc/arm-none-eabi/6.3.1/../../../../arm-none-eabi/lib/thumb/v7e-m/fpv4-sp/hard\libm.a(lib_a-sf_cos.o) (__kernel_sinf)
c:/program files (x86)/gnu tools arm embedded/6 2017-q1-update/bin/../lib/gcc/arm-none-eabi/6.3.1/../../../../arm-none-eabi/lib/thumb/v7e-m/fpv4-sp/hard\libm.a(lib_a-sf_fabs.o)
                              c:/program files (x86)/gnu tools arm embedded/6 2017-q1-update/bin/../lib/gcc/arm-none-eabi/6.3.1/../../../../arm-none-eabi/lib/thumb/v7e-m/fpv4-sp/hard\libm.a(lib_a-ef_rem_pio2.o) (fabsf)
c:/program files (x86)/gnu tools arm embedded/6 2017-q1-update/bin/../lib/gcc/arm-none-eabi/6.3.1/../../../../arm-none-eabi/lib/thumb/v7e-m/fpv4-sp/hard\libm.a(lib_a-sf_floor.o)
                              c:/program files (x86)/gnu tools arm embedded/6 2017-q1-update/bin/../lib/gcc/arm-none-eabi/6.3.1/../../../../arm-none-eabi/lib/thumb/v7e-m/fpv4-sp/hard\libm.a(lib_a-kf_rem_pio2.o) (floorf)
c:/program files (x86)/gnu tools arm embedded/6 2017-q1-update/bin/../lib/gcc/arm-none-eabi/6.3.1/../../../../arm-none-eabi/lib/thumb/v7e-m/fpv4-sp/hard\libm.a(lib_a-sf_scalbn.o)
                              c:/program files (x86)/gnu tools arm embedded/6 2017-q1-update/bin/../lib/gcc/arm-none-eabi/6.3.1/../../../../arm-none-eabi/lib/thumb/v7e-m/fpv4-sp/hard\libm.a(lib_a-kf_rem_pio2.o) (scalbnf)
c:/program files (x86)/gnu tools arm embedded/6 2017-q1-update/bin/../lib/gcc/arm-none-eabi/6.3.1/../../../../arm-none-eabi/lib/thumb/v7e-m/fpv4-sp/hard\libm.a(lib_a-sf_copysign.o)
                              c:/program files (x86)/gnu tools arm embedded/6 2017-q1-update/bin/../lib/gcc/arm-none-eabi/6.3.1/../../../../arm-none-eabi/lib/thumb/v7e-m/fpv4-sp/hard\libm.a(lib_a-sf_scalbn.o) (copysignf)
c:/program files (x86)/gnu tools arm embedded/6 2017-q1-update/bin/../lib/gcc/arm-none-eabi/6.3.1/../../../../arm-none-eabi/lib/thumb/v7e-m/fpv4-sp/hard\libc.a(lib_a-exit.o)
                              c:/program files (x86)/gnu tools arm embedded/6 2017-q1-update/bin/../lib/gcc/arm-none-eabi/6.3.1/../../../../arm-none-eabi/lib/thumb/v7e-m/fpv4-sp/hard/crt0.o (exit)
c:/program files (x86)/gnu tools arm embedded/6 2017-q1-update/bin/../lib/gcc/arm-none-eabi/6.3.1/../../../../arm-none-eabi/lib/thumb/v7e-m/fpv4-sp/hard\libc.a(lib_a-impure.o)
                              c:/program files (x86)/gnu tools arm embedded/6 2017-q1-update/bin/../lib/gcc/arm-none-eabi/6.3.1/../../../../arm-none-eabi/lib/thumb/v7e-m/fpv4-sp/hard\libc.a(lib_a-exit.o) (_global_impure_ptr)
c:/program files (x86)/gnu tools arm embedded/6 2017-q1-update/bin/../lib/gcc/arm-none-eabi/6.3.1/../../../../arm-none-eabi/lib/thumb/v7e-m/fpv4-sp/hard\libc.a(lib_a-init.o)
                              c:/program files (x86)/gnu tools arm embedded/6 2017-q1-update/bin/../lib/gcc/arm-none-eabi/6.3.1/../../../../arm-none-eabi/lib/thumb/v7e-m/fpv4-sp/hard/crt0.o (__libc_init_array)
[...]
Memory Configuration

Name             Origin             Length             Attributes
rom              0x08000000         0x00100000         xr
ram              0x20000000         0x00020000         xrw
ram1             0x10000000         0x00010000         xrw
*default*        0x00000000         0xffffffff

Linker script and memory map

LOAD c:/program files (x86)/gnu tools arm embedded/6 2017-q1-update/bin/../lib/gcc/arm-none-eabi/6.3.1/thumb/v7e-m/fpv4-sp/hard/crti.o
LOAD c:/program files (x86)/gnu tools arm embedded/6 2017-q1-update/bin/../lib/gcc/arm-none-eabi/6.3.1/thumb/v7e-m/fpv4-sp/hard/crtbegin.o
LOAD c:/program files (x86)/gnu tools arm embedded/6 2017-q1-update/bin/../lib/gcc/arm-none-eabi/6.3.1/../../../../arm-none-eabi/lib/thumb/v7e-m/fpv4-sp/hard/crt0.o
                0x20020000                _eram = 0x20020000

.text           0x08000000     0x4cc4
 *(.isr_vector)
 .isr_vector    0x08000000      0x188 ..\obj\startup_stm32f4xx.o
                0x08000000                g_pfnVectors
 *(.text*)
 .text          0x08000188       0x6c c:/program files (x86)/gnu tools arm embedded/6 2017-q1-update/bin/../lib/gcc/arm-none-eabi/6.3.1/thumb/v7e-m/fpv4-sp/hard/crtbegin.o
 .text.SYSCFG_EXTILineConfig
                0x080001f4       0x2a ..\obj\stm32f4xx_syscfg.o
                0x080001f4                SYSCFG_EXTILineConfig
 *fill*         0x0800021e        0x2 
 .text.eMBInit  0x08000220       0xdc ..\obj\mb.o
                0x08000220                eMBInit
 .text.eMBEnable
                0x080002fc       0x24 ..\obj\mb.o
                0x080002fc                eMBEnable
 .text.eMBPoll  0x08000320       0xd4 ..\obj\mb.o
                0x08000320                eMBPoll
 .text.eMBFuncReadDiscreteInputs
                0x080003f4       0x6a ..\obj\mbfuncdisc.o
                0x080003f4                eMBFuncReadDiscreteInputs
 *fill*         0x0800045e        0x2 
 .text.xMBPortEventInit
                0x08000460       0x10 ..\obj\portevent.o
                0x08000460                xMBPortEventInit
 .text.xMBPortEventPost
                0x08000470       0x10 ..\obj\portevent.o
                0x08000470                xMBPortEventPost
 .text.xMBPortEventGet
                0x08000480       0x18 ..\obj\portevent.o
                0x08000480                xMBPortEventGet
 .text.eMBFuncReportSlaveID
                0x08000498       0x1c ..\obj\mbfuncother.o
                0x08000498                eMBFuncReportSlaveID
 .text.USART_DeInit
                0x080004b4       0xb0 ..\obj\stm32f4xx_usart.o
                0x080004b4                USART_DeInit
 .text.USART_Init
                0x08000564       0xb4 ..\obj\stm32f4xx_usart.o
                0x08000564                USART_Init
 .text.USART_ClockInit
                0x08000618       0x20 ..\obj\stm32f4xx_usart.o
                0x08000618                USART_ClockInit
 .text.USART_ClockStructInit
                0x08000638        0xc ..\obj\stm32f4xx_usart.o
                0x08000638                USART_ClockStructInit
 .text.USART_Cmd
                0x08000644       0x18 ..\obj\stm32f4xx_usart.o
                0x08000644                USART_Cmd
 .text.USART_SendData
                0x0800065c        0x8 ..\obj\stm32f4xx_usart.o
                0x0800065c                USART_SendData
 .text.USART_ReceiveData
                0x08000664        0x8 ..\obj\stm32f4xx_usart.o
                0x08000664                USART_ReceiveData
 .text.USART_ITConfig
                0x0800066c       0x32 ..\obj\stm32f4xx_usart.o
                0x0800066c                USART_ITConfig
 .text.USART_GetITStatus
                0x0800069e       0x40 ..\obj\stm32f4xx_usart.o
                0x0800069e                USART_GetITStatus
 .text.USART_ClearITPendingBit
                0x080006de        0xe ..\obj\stm32f4xx_usart.o
                0x080006de                USART_ClearITPendingBit
 .text.prveMBError2Exception
                0x080006ec       0x10 ..\obj\mbutils.o
                0x080006ec                prveMBError2Exception
 .text.DAC_Init
                0x080006fc       0x2c ..\obj\stm32f4xx_dac.o
                0x080006fc                DAC_Init
 .text.DAC_StructInit
                0x08000728        0xc ..\obj\stm32f4xx_dac.o
                0x08000728                DAC_StructInit
 .text.DAC_Cmd  0x08000734       0x20 ..\obj\stm32f4xx_dac.o
                0x08000734                DAC_Cmd
 .text.DAC_SetDualChannelData
                0x08000754       0x18 ..\obj\stm32f4xx_dac.o
                0x08000754                DAC_SetDualChannelData
 .text.Default_Handler
                0x0800076c        0x2 ..\obj\startup_stm32f4xx.o
                0x0800076c                RTC_Alarm_IRQHandler
                0x0800076c                HASH_RNG_IRQHandler
                0x0800076c                EXTI2_IRQHandler
                0x0800076c                TIM8_CC_IRQHandler
                0x0800076c                DebugMon_Handler
                0x0800076c                TIM1_CC_IRQHandler
                0x0800076c                DMA2_Stream5_IRQHandler
                0x0800076c                HardFault_Handler
                0x0800076c                DMA1_Stream5_IRQHandler
                0x0800076c                SysTick_Handler
                0x0800076c                PVD_IRQHandler
                0x0800076c                SDIO_IRQHandler
                0x0800076c                TAMP_STAMP_IRQHandler
                0x0800076c                PendSV_Handler
                0x0800076c                NMI_Handler
                0x0800076c                CAN2_RX1_IRQHandler
                0x0800076c                EXTI3_IRQHandler
                0x0800076c                TIM8_TRG_COM_TIM14_IRQHandler
                0x0800076c                TIM1_UP_TIM10_IRQHandler
                0x0800076c                TIM8_UP_TIM13_IRQHandler
                0x0800076c                I2C3_ER_IRQHandler
                0x0800076c                EXTI0_IRQHandler
                0x0800076c                I2C2_EV_IRQHandler
                0x0800076c                DMA1_Stream2_IRQHandler
                0x0800076c                CAN1_RX0_IRQHandler
                0x0800076c                FPU_IRQHandler
                0x0800076c                OTG_HS_WKUP_IRQHandler
                0x0800076c                UsageFault_Handler
                0x0800076c                CAN2_SCE_IRQHandler
                0x0800076c                DMA2_Stream2_IRQHandler
                0x0800076c                SPI1_IRQHandler
                0x0800076c                TIM6_DAC_IRQHandler
                0x0800076c                TIM1_BRK_TIM9_IRQHandler
                0x0800076c                DCMI_IRQHandler
                0x0800076c                CAN2_RX0_IRQHandler
                0x0800076c                DMA2_Stream3_IRQHandler
                0x0800076c                USART6_IRQHandler
                0x0800076c                CRYP_IRQHandler
                0x0800076c                CAN1_RX1_IRQHandler
                0x0800076c                UART5_IRQHandler
                0x0800076c                DMA2_Stream0_IRQHandler
                0x0800076c                I2C1_EV_IRQHandler
                0x0800076c                DMA1_Stream6_IRQHandler
                0x0800076c                UART4_IRQHandler
                0x0800076c                TIM3_IRQHandler
                0x0800076c                RCC_IRQHandler
                0x0800076c                TIM8_BRK_TIM12_IRQHandler
                0x0800076c                DMA1_Stream7_IRQHandler
                0x0800076c                TIM7_IRQHandler
                0x0800076c                CAN2_TX_IRQHandler
                0x0800076c                TIM5_IRQHandler
                0x0800076c                DMA2_Stream7_IRQHandler
                0x0800076c                I2C3_EV_IRQHandler
                0x0800076c                RTC_WKUP_IRQHandler
                0x0800076c                ETH_WKUP_IRQHandler
                0x0800076c                SPI2_IRQHandler
                0x0800076c                OTG_HS_EP1_IN_IRQHandler
                0x0800076c                MemManage_Handler
                0x0800076c                DMA1_Stream0_IRQHandler
                0x0800076c                CAN1_TX_IRQHandler
                0x0800076c                SVC_Handler
                0x0800076c                EXTI4_IRQHandler
                0x0800076c                FSMC_IRQHandler
                0x0800076c                ETH_IRQHandler
                0x0800076c                OTG_HS_EP1_OUT_IRQHandler
                0x0800076c                WWDG_IRQHandler
                0x0800076c                TIM2_IRQHandler
                0x0800076c                OTG_FS_WKUP_IRQHandler
                0x0800076c                TIM1_TRG_COM_TIM11_IRQHandler
                0x0800076c                OTG_HS_IRQHandler
                0x0800076c                EXTI1_IRQHandler
                0x0800076c                USART2_IRQHandler
                0x0800076c                I2C2_ER_IRQHandler
                0x0800076c                DMA2_Stream1_IRQHandler
                0x0800076c                CAN1_SCE_IRQHandler
                0x0800076c                FLASH_IRQHandler
                0x0800076c                DMA2_Stream4_IRQHandler
                0x0800076c                BusFault_Handler
                0x0800076c                USART1_IRQHandler
                0x0800076c                OTG_FS_IRQHandler
                0x0800076c                SPI3_IRQHandler
                0x0800076c                DMA1_Stream4_IRQHandler
                0x0800076c                I2C1_ER_IRQHandler
                0x0800076c                DMA2_Stream6_IRQHandler
                0x0800076c                DMA1_Stream3_IRQHandler
 *fill*         0x0800076e        0x2 
 .text.Default_Reset_Handler
                0x08000770       0x50 ..\obj\startup_stm32f4xx.o
                0x08000770                Default_Reset_Handler
                0x08000770                Reset_Handler
 .text.eMBFuncWriteHoldingRegister
                0x080007c0       0x2e ..\obj\mbfuncholding.o
                0x080007c0                eMBFuncWriteHoldingRegister
 .text.eMBFuncWriteMultipleHoldingRegister
                0x080007ee       0x4a ..\obj\mbfuncholding.o
                0x080007ee                eMBFuncWriteMultipleHoldingRegister
 .text.eMBFuncReadHoldingRegister
                0x08000838       0x58 ..\obj\mbfuncholding.o
                0x08000838                eMBFuncReadHoldingRegister
 .text.eMBFuncReadWriteMultipleHoldingRegister
                0x08000890       0x9c ..\obj\mbfuncholding.o
                0x08000890                eMBFuncReadWriteMultipleHoldingRegister
 .text.sp_pos   0x0800092c       0x24 ..\obj\main.o
                0x0800092c                sp_pos
 .text.EXTI9_5_IRQHandler
                0x08000950       0x1c ..\obj\main.o
                0x08000950                EXTI9_5_IRQHandler
 .text.eMBRegHoldingCB
                0x0800096c       0x70 ..\obj\main.o
                0x0800096c                eMBRegHoldingCB
 .text.eMBRegCoilsCB
                0x080009dc        0x4 ..\obj\main.o
                0x080009dc                eMBRegCoilsCB
 .text.eMBRegDiscreteCB
                0x080009e0        0x4 ..\obj\main.o
                0x080009e0                eMBRegDiscreteCB
 .text.eMBRegInputCB
                0x080009e4        0x4 ..\obj\main.o
                0x080009e4                eMBRegInputCB
 .text.Configure_PC6
                0x080009e8       0x78 ..\obj\main.o
                0x080009e8                Configure_PC6
 .text.boardInit
                0x08000a60       0xe4 ..\obj\main.o
                0x08000a60                boardInit
 .text.startup.main
                0x08000b44      0x174 ..\obj\main.o
                0x08000b44                main
 .text.usMBCRC16
                0x08000cb8       0x2c ..\obj\mbcrc.o
                0x08000cb8                usMBCRC16
 .text.RCC_GetClocksFreq
                0x08000ce4       0x88 ..\obj\stm32f4xx_rcc.o
                0x08000ce4                RCC_GetClocksFreq
 .text.RCC_AHB1PeriphClockCmd
                0x08000d6c       0x18 ..\obj\stm32f4xx_rcc.o
                0x08000d6c                RCC_AHB1PeriphClockCmd
 .text.RCC_APB1PeriphClockCmd
                0x08000d84       0x18 ..\obj\stm32f4xx_rcc.o
                0x08000d84                RCC_APB1PeriphClockCmd
 .text.RCC_APB2PeriphClockCmd
                0x08000d9c       0x18 ..\obj\stm32f4xx_rcc.o
                0x08000d9c                RCC_APB2PeriphClockCmd
 .text.RCC_APB1PeriphResetCmd
                0x08000db4       0x18 ..\obj\stm32f4xx_rcc.o
                0x08000db4                RCC_APB1PeriphResetCmd
 .text.RCC_APB2PeriphResetCmd
                0x08000dcc       0x18 ..\obj\stm32f4xx_rcc.o
                0x08000dcc                RCC_APB2PeriphResetCmd
 .text.initDAC  0x08000de4       0x5c ..\obj\foc.o
                0x08000de4                initDAC
 .text.focInit  0x08000e40      0x140 ..\obj\foc.o
                0x08000e40                focInit
 .text.mcFocSetAngle
                0x08000f80       0x2a ..\obj\foc.o
                0x08000f80                mcFocSetAngle
 *fill*         0x08000faa        0x2 
 .text.mcClark  0x08000fac       0x28 ..\obj\foc.o
                0x08000fac                mcClark
 .text.mcPark   0x08000fd4       0x2a ..\obj\foc.o
                0x08000fd4                mcPark
 .text.mcInvPark
                0x08000ffe       0x2a ..\obj\foc.o
                0x08000ffe                mcInvPark
 .text.ADC_IRQHandler
                0x08001028      0x3cc ..\obj\foc.o
                0x08001028                ADC_IRQHandler
 .text.ADC_Init
                0x080013f4       0x4c ..\obj\stm32f4xx_adc.o
                0x080013f4                ADC_Init
 .text.ADC_StructInit
                0x08001440       0x14 ..\obj\stm32f4xx_adc.o
                0x08001440                ADC_StructInit
 .text.ADC_CommonInit
                0x08001454       0x28 ..\obj\stm32f4xx_adc.o
                0x08001454                ADC_CommonInit
 .text.ADC_CommonStructInit
                0x0800147c        0xc ..\obj\stm32f4xx_adc.o
                0x0800147c                ADC_CommonStructInit
 .text.ADC_Cmd  0x08001488       0x12 ..\obj\stm32f4xx_adc.o
                0x08001488                ADC_Cmd
 .text.ADC_RegularChannelConfig
                0x0800149a       0x8c ..\obj\stm32f4xx_adc.o
                0x0800149a                ADC_RegularChannelConfig
 .text.ADC_SoftwareStartConv
                0x08001526        0xa ..\obj\stm32f4xx_adc.o
                0x08001526                ADC_SoftwareStartConv
 .text.ADC_DMACmd
                0x08001530       0x12 ..\obj\stm32f4xx_adc.o
                0x08001530                ADC_DMACmd
 .text.ADC_DMARequestAfterLastTransferCmd
                0x08001542       0x12 ..\obj\stm32f4xx_adc.o
                0x08001542                ADC_DMARequestAfterLastTransferCmd
 .text.ADC_InjectedChannelConfig
                0x08001554       0x58 ..\obj\stm32f4xx_adc.o
                0x08001554                ADC_InjectedChannelConfig
 .text.ADC_InjectedSequencerLengthConfig
                0x080015ac       0x10 ..\obj\stm32f4xx_adc.o
                0x080015ac                ADC_InjectedSequencerLengthConfig
 .text.ADC_ExternalTrigInjectedConvConfig
                0x080015bc        0xc ..\obj\stm32f4xx_adc.o
                0x080015bc                ADC_ExternalTrigInjectedConvConfig
 .text.ADC_ExternalTrigInjectedConvEdgeConfig
                0x080015c8        0xc ..\obj\stm32f4xx_adc.o
                0x080015c8                ADC_ExternalTrigInjectedConvEdgeConfig
 .text.ADC_AutoInjectedConvCmd
                0x080015d4       0x12 ..\obj\stm32f4xx_adc.o
                0x080015d4                ADC_AutoInjectedConvCmd
 .text.ADC_InjectedDiscModeCmd
                0x080015e6       0x12 ..\obj\stm32f4xx_adc.o
                0x080015e6                ADC_InjectedDiscModeCmd
 .text.ADC_GetInjectedConversionValue
                0x080015f8       0x1a ..\obj\stm32f4xx_adc.o
                0x080015f8                ADC_GetInjectedConversionValue
 .text.ADC_ITConfig
                0x08001612       0x18 ..\obj\stm32f4xx_adc.o
                0x08001612                ADC_ITConfig
 .text.ADC_ClearITPendingBit
                0x0800162a        0x8 ..\obj\stm32f4xx_adc.o
                0x0800162a                ADC_ClearITPendingBit
 .text.eMBFuncReadInputRegister
                0x08001632       0x58 ..\obj\mbfuncinput.o
                0x08001632                eMBFuncReadInputRegister
 *fill*         0x0800168a        0x2 
 .text.encoderInitZ
                0x0800168c       0x80 ..\obj\encoder.o
                0x0800168c                encoderInitZ
 .text.initHall
                0x0800170c       0x3c ..\obj\encoder.o
                0x0800170c                initHall
 .text.iEncoderGetAbsPos
                0x08001748        0xa ..\obj\encoder.o
                0x08001748                iEncoderGetAbsPos
 .text.encoderAddOffset
                0x08001752       0x20 ..\obj\encoder.o
                0x08001752                encoderAddOffset
 *fill*         0x08001772        0x2 
 .text.readRawHallInput
                0x08001774       0x2c ..\obj\encoder.o
                0x08001774                readRawHallInput
 .text.readHallMap
                0x080017a0       0x14 ..\obj\encoder.o
                0x080017a0                readHallMap
 .text.readRawUVW
                0x080017b4       0x98 ..\obj\encoder.o
                0x080017b4                readRawUVW
 .text.read360uvw
                0x0800184c       0x94 ..\obj\encoder.o
                0x0800184c                read360uvw
 .text.read360uvwWithOffset
                0x080018e0       0x28 ..\obj\encoder.o
                0x080018e0                read360uvwWithOffset
 .text.EXTI15_10_IRQHandler
                0x08001908       0x1a ..\obj\encoder.o
                0x08001908                EXTI15_10_IRQHandler
 *fill*         0x08001922        0x2 
 .text.createSinCosTable
                0x08001924       0x5c ..\obj\encoder.o
                0x08001924                createSinCosTable
 .text.initEncoder
                0x08001980      0x150 ..\obj\encoder.o
                0x08001980                initEncoder
 .text.fSinAngle
                0x08001ad0       0x10 ..\obj\encoder.o
                0x08001ad0                fSinAngle
 .text.fCosAngle
                0x08001ae0       0x10 ..\obj\encoder.o
                0x08001ae0                fCosAngle
 .text.GPIO_Init
                0x08001af0       0x9c ..\obj\stm32f4xx_gpio.o
                0x08001af0                GPIO_Init
 .text.GPIO_StructInit
                0x08001b8c       0x12 ..\obj\stm32f4xx_gpio.o
                0x08001b8c                GPIO_StructInit
 .text.GPIO_ReadInputData
                0x08001b9e        0x6 ..\obj\stm32f4xx_gpio.o
                0x08001b9e                GPIO_ReadInputData
 .text.GPIO_SetBits
                0x08001ba4        0x4 ..\obj\stm32f4xx_gpio.o
                0x08001ba4                GPIO_SetBits
 .text.GPIO_ResetBits
                0x08001ba8        0x4 ..\obj\stm32f4xx_gpio.o
                0x08001ba8                GPIO_ResetBits
 .text.GPIO_ToggleBits
                0x08001bac        0x8 ..\obj\stm32f4xx_gpio.o
                0x08001bac                GPIO_ToggleBits
 .text.GPIO_PinAFConfig
                0x08001bb4       0x24 ..\obj\stm32f4xx_gpio.o
                0x08001bb4                GPIO_PinAFConfig
 .text.xMBPortTimersInit
                0x08001bd8       0x78 ..\obj\porttimer.o
                0x08001bd8                xMBPortTimersInit
 .text.vMBPortTimersEnable
                0x08001c50       0x1c ..\obj\porttimer.o
                0x08001c50                vMBPortTimersEnable
 .text.vMBPortTimersDisable
                0x08001c6c        0xc ..\obj\porttimer.o
                0x08001c6c                vMBPortTimersDisable
 .text.TIM4_IRQHandler
                0x08001c78       0x28 ..\obj\porttimer.o
                0x08001c78                TIM4_IRQHandler
 .text.eMBRTUInit
                0x08001ca0       0x3c ..\obj\mbrtu.o
                0x08001ca0                eMBRTUInit
 .text.eMBRTUStart
                0x08001cdc       0x1c ..\obj\mbrtu.o
                0x08001cdc                eMBRTUStart
 .text.eMBRTUStop
                0x08001cf8       0x14 ..\obj\mbrtu.o
                0x08001cf8                eMBRTUStop
 .text.eMBRTUReceive
                0x08001d0c       0x48 ..\obj\mbrtu.o
                0x08001d0c                eMBRTUReceive
 .text.eMBRTUSend
                0x08001d54       0x68 ..\obj\mbrtu.o
                0x08001d54                eMBRTUSend
 .text.xMBRTUReceiveFSM
                0x08001dbc       0x68 ..\obj\mbrtu.o
                0x08001dbc                xMBRTUReceiveFSM
 .text.xMBRTUTransmitFSM
                0x08001e24       0x58 ..\obj\mbrtu.o
                0x08001e24                xMBRTUTransmitFSM
 .text.xMBRTUTimerT35Expired
                0x08001e7c       0x2c ..\obj\mbrtu.o
                0x08001e7c                xMBRTUTimerT35Expired
 .text.SystemInit
                0x08001ea8       0xf8 ..\obj\system_stm32f4xx.o
                0x08001ea8                SystemInit
 .text.SystemCoreClockUpdate
                0x08001fa0       0x70 ..\obj\system_stm32f4xx.o
                0x08001fa0                SystemCoreClockUpdate
 .text.DMA_Init
                0x08002010       0x54 ..\obj\stm32f4xx_dma.o
                0x08002010                DMA_Init
 .text.DMA_StructInit
                0x08002064       0x22 ..\obj\stm32f4xx_dma.o
                0x08002064                DMA_StructInit
 .text.DMA_Cmd  0x08002086       0x12 ..\obj\stm32f4xx_dma.o
                0x08002086                DMA_Cmd
 .text.vMBPortSerialEnable
                0x08002098       0x54 ..\obj\portserial.o
                0x08002098                vMBPortSerialEnable
 .text.xMBPortSerialInit
                0x080020ec      0x128 ..\obj\portserial.o
                0x080020ec                xMBPortSerialInit
 .text.USART3_IRQHandler
                0x08002214       0x70 ..\obj\portserial.o
                0x08002214                USART3_IRQHandler
 .text.xMBPortSerialPutByte
                0x08002284       0x14 ..\obj\portserial.o
                0x08002284                xMBPortSerialPutByte
 .text.xMBPortSerialGetByte
                0x08002298       0x14 ..\obj\portserial.o
                0x08002298                xMBPortSerialGetByte
 .text.eMBFuncReadCoils
                0x080022ac       0x6c ..\obj\mbfunccoils.o
                0x080022ac                eMBFuncReadCoils
 .text.eMBFuncWriteCoil
                0x08002318       0x4a ..\obj\mbfunccoils.o
                0x08002318                eMBFuncWriteCoil
 .text.eMBFuncWriteMultipleCoils
                0x08002362       0x58 ..\obj\mbfunccoils.o
                0x08002362                eMBFuncWriteMultipleCoils
 *fill*         0x080023ba        0x2 
 .text.EXTI_Init
                0x080023bc       0x74 ..\obj\stm32f4xx_exti.o
                0x080023bc                EXTI_Init
 .text.EXTI_GetITStatus
                0x08002430       0x1c ..\obj\stm32f4xx_exti.o
                0x08002430                EXTI_GetITStatus
 .text.EXTI_ClearITPendingBit
                0x0800244c        0xc ..\obj\stm32f4xx_exti.o
                0x0800244c                EXTI_ClearITPendingBit
 .text.NVIC_PriorityGroupConfig
                0x08002458       0x14 ..\obj\misc.o
                0x08002458                NVIC_PriorityGroupConfig
 .text.NVIC_Init
                0x0800246c       0x68 ..\obj\misc.o
                0x0800246c                NVIC_Init
 .text.svpwmInitGPIO
                0x080024d4       0x94 ..\obj\svpwm.o
                0x080024d4                svpwmInitGPIO
 .text.svpwmInitTIM
                0x08002568      0x134 ..\obj\svpwm.o
                0x08002568                svpwmInitTIM
 .text.RCC_Configuration_Adc1
                0x0800269c       0x20 ..\obj\svpwm.o
                0x0800269c                RCC_Configuration_Adc1
 .text.RCC_Configuration_Adc2
                0x080026bc       0x18 ..\obj\svpwm.o
                0x080026bc                RCC_Configuration_Adc2
 .text.GPIO_Configuration_Adc1
                0x080026d4       0x60 ..\obj\svpwm.o
                0x080026d4                GPIO_Configuration_Adc1
 .text.GPIO_Configuration_Adc2
                0x08002734       0x3c ..\obj\svpwm.o
                0x08002734                GPIO_Configuration_Adc2
 .text.DMAInit  0x08002770       0x74 ..\obj\svpwm.o
                0x08002770                DMAInit
 .text.svpwmInitADC
                0x080027e4      0x168 ..\obj\svpwm.o
                0x080027e4                svpwmInitADC
 .text.svpwmInit
                0x0800294c        0xe ..\obj\svpwm.o
                0x0800294c                svpwmInit
 .text.DMA1_Stream1_IRQHandler
                0x0800295a        0x2 ..\obj\svpwm.o
                0x0800295a                DMA1_Stream1_IRQHandler
 .text.mcFocSVPWM2
                0x0800295c      0x12c ..\obj\svpwm.o
                0x0800295c                mcFocSVPWM2
 .text.eMBASCIIInit
                0x08002a88       0x34 ..\obj\mbascii.o
                0x08002a88                eMBASCIIInit
 .text.eMBASCIIStart
                0x08002abc       0x20 ..\obj\mbascii.o
                0x08002abc                eMBASCIIStart
 .text.eMBASCIIStop
                0x08002adc       0x14 ..\obj\mbascii.o
                0x08002adc                eMBASCIIStop
 .text.eMBASCIIReceive
                0x08002af0       0x5c ..\obj\mbascii.o
                0x08002af0                eMBASCIIReceive
 .text.eMBASCIISend
                0x08002b4c       0x6c ..\obj\mbascii.o
                0x08002b4c                eMBASCIISend
 .text.xMBASCIIReceiveFSM
                0x08002bb8       0xf4 ..\obj\mbascii.o
                0x08002bb8                xMBASCIIReceiveFSM
 .text.xMBASCIITransmitFSM
                0x08002cac       0xbc ..\obj\mbascii.o
                0x08002cac                xMBASCIITransmitFSM
 .text.xMBASCIITimerT1SExpired
                0x08002d68       0x1c ..\obj\mbascii.o
                0x08002d68                xMBASCIITimerT1SExpired
 .text.pidInit_test
                0x08002d84       0x18 ..\obj\pid.o
                0x08002d84                pidInit_test
 .text.pidSetOutLimit_test
                0x08002d9c        0xa ..\obj\pid.o
                0x08002d9c                pidSetOutLimit_test
 .text.pidSetIntegralLimit_test
                0x08002da6        0x6 ..\obj\pid.o
                0x08002da6                pidSetIntegralLimit_test
 .text.pidTask_test
                0x08002dac       0x96 ..\obj\pid.o
                0x08002dac                pidTask_test
 .text.pidInit  0x08002e42       0x18 ..\obj\pid.o
                0x08002e42                pidInit
 .text.pidSetOutLimit
                0x08002e5a        0xa ..\obj\pid.o
                0x08002e5a                pidSetOutLimit
 .text.pidSetIntegralLimit
                0x08002e64        0xe ..\obj\pid.o
                0x08002e64                pidSetIntegralLimit
 .text.pidSetInputRange
                0x08002e72        0xe ..\obj\pid.o
                0x08002e72                pidSetInputRange
 .text.pidTask  0x08002e80       0xcc ..\obj\pid.o
                0x08002e80                pidTask
 .text.TI1_Config
                0x08002f4c       0x36 ..\obj\stm32f4xx_tim.o
 .text.TI2_Config
                0x08002f82       0x3c ..\obj\stm32f4xx_tim.o
 *fill*         0x08002fbe        0x2 
 .text.TIM_DeInit
                0x08002fc0      0x16c ..\obj\stm32f4xx_tim.o
                0x08002fc0                TIM_DeInit
 .text.TIM_TimeBaseInit
                0x0800312c       0x7c ..\obj\stm32f4xx_tim.o
                0x0800312c                TIM_TimeBaseInit
 .text.TIM_TimeBaseStructInit
                0x080031a8       0x12 ..\obj\stm32f4xx_tim.o
                0x080031a8                TIM_TimeBaseStructInit
 .text.TIM_SetCounter
                0x080031ba        0x4 ..\obj\stm32f4xx_tim.o
                0x080031ba                TIM_SetCounter
 .text.TIM_ARRPreloadConfig
                0x080031be       0x18 ..\obj\stm32f4xx_tim.o
                0x080031be                TIM_ARRPreloadConfig
 .text.TIM_Cmd  0x080031d6       0x18 ..\obj\stm32f4xx_tim.o
                0x080031d6                TIM_Cmd
 *fill*         0x080031ee        0x2 
 .text.TIM_OC1Init
                0x080031f0       0x70 ..\obj\stm32f4xx_tim.o
                0x080031f0                TIM_OC1Init
 .text.TIM_OC2Init
                0x08003260       0x80 ..\obj\stm32f4xx_tim.o
                0x08003260                TIM_OC2Init
 .text.TIM_OC3Init
                0x080032e0       0x7c ..\obj\stm32f4xx_tim.o
                0x080032e0                TIM_OC3Init
 .text.TIM_OC4Init
                0x0800335c       0x64 ..\obj\stm32f4xx_tim.o
                0x0800335c                TIM_OC4Init
 .text.TIM_OCStructInit
                0x080033c0       0x14 ..\obj\stm32f4xx_tim.o
                0x080033c0                TIM_OCStructInit
 .text.TIM_SetCompare1
                0x080033d4        0x4 ..\obj\stm32f4xx_tim.o
                0x080033d4                TIM_SetCompare1
 .text.TIM_SetCompare2
                0x080033d8        0x4 ..\obj\stm32f4xx_tim.o
                0x080033d8                TIM_SetCompare2
 .text.TIM_SetCompare3
                0x080033dc        0x4 ..\obj\stm32f4xx_tim.o
                0x080033dc                TIM_SetCompare3
 .text.TIM_OC1PreloadConfig
                0x080033e0       0x10 ..\obj\stm32f4xx_tim.o
                0x080033e0                TIM_OC1PreloadConfig
 .text.TIM_OC2PreloadConfig
                0x080033f0       0x14 ..\obj\stm32f4xx_tim.o
                0x080033f0                TIM_OC2PreloadConfig
 .text.TIM_OC3PreloadConfig
                0x08003404       0x10 ..\obj\stm32f4xx_tim.o
                0x08003404                TIM_OC3PreloadConfig
 .text.TIM_OC4PreloadConfig
                0x08003414       0x14 ..\obj\stm32f4xx_tim.o
                0x08003414                TIM_OC4PreloadConfig
 .text.TIM_ICStructInit
                0x08003428       0x10 ..\obj\stm32f4xx_tim.o
                0x08003428                TIM_ICStructInit
 .text.TIM_SetIC1Prescaler
                0x08003438       0x16 ..\obj\stm32f4xx_tim.o
                0x08003438                TIM_SetIC1Prescaler
 .text.TIM_SetIC2Prescaler
                0x0800344e       0x1a ..\obj\stm32f4xx_tim.o
                0x0800344e                TIM_SetIC2Prescaler
 .text.TIM_SetIC3Prescaler
                0x08003468       0x16 ..\obj\stm32f4xx_tim.o
                0x08003468                TIM_SetIC3Prescaler
 .text.TIM_SetIC4Prescaler
                0x0800347e       0x1a ..\obj\stm32f4xx_tim.o
                0x0800347e                TIM_SetIC4Prescaler
 .text.TIM_ICInit
                0x08003498       0xae ..\obj\stm32f4xx_tim.o
                0x08003498                TIM_ICInit
 .text.TIM_BDTRConfig
                0x08003546       0x22 ..\obj\stm32f4xx_tim.o
                0x08003546                TIM_BDTRConfig
 .text.TIM_GetITStatus
                0x08003568       0x16 ..\obj\stm32f4xx_tim.o
                0x08003568                TIM_GetITStatus
 .text.TIM_ClearITPendingBit
                0x0800357e        0x8 ..\obj\stm32f4xx_tim.o
                0x0800357e                TIM_ClearITPendingBit
 .text.TIM_DMACmd
                0x08003586       0x12 ..\obj\stm32f4xx_tim.o
                0x08003586                TIM_DMACmd
 .text.TIM_ITConfig
                0x08003598        0x4 ..\obj\stm32f4xx_tim.o
                0x08003598                TIM_ITConfig
 .text.TIM_SelectOutputTrigger
                0x0800359c       0x16 ..\obj\stm32f4xx_tim.o
                0x0800359c                TIM_SelectOutputTrigger
 .text.TIM_EncoderInterfaceConfig
                0x080035b2       0x3e ..\obj\stm32f4xx_tim.o
                0x080035b2                TIM_EncoderInterfaceConfig
 .text.cosf     0x080035f0       0x90 c:/program files (x86)/gnu tools arm embedded/6 2017-q1-update/bin/../lib/gcc/arm-none-eabi/6.3.1/../../../../arm-none-eabi/lib/thumb/v7e-m/fpv4-sp/hard\libm.a(lib_a-sf_cos.o)
                0x080035f0                cosf
 .text.sinf     0x08003680       0x94 c:/program files (x86)/gnu tools arm embedded/6 2017-q1-update/bin/../lib/gcc/arm-none-eabi/6.3.1/../../../../arm-none-eabi/lib/thumb/v7e-m/fpv4-sp/hard\libm.a(lib_a-sf_sin.o)
                0x08003680                sinf
 .text.__ieee754_rem_pio2f
                0x08003714      0x290 c:/program files (x86)/gnu tools arm embedded/6 2017-q1-update/bin/../lib/gcc/arm-none-eabi/6.3.1/../../../../arm-none-eabi/lib/thumb/v7e-m/fpv4-sp/hard\libm.a(lib_a-ef_rem_pio2.o)
                0x08003714                __ieee754_rem_pio2f
 .text.__kernel_cosf
                0x080039a4      0x104 c:/program files (x86)/gnu tools arm embedded/6 2017-q1-update/bin/../lib/gcc/arm-none-eabi/6.3.1/../../../../arm-none-eabi/lib/thumb/v7e-m/fpv4-sp/hard\libm.a(lib_a-kf_cos.o)
                0x080039a4                __kernel_cosf
 .text.__kernel_rem_pio2f
                0x08003aa8      0x690 c:/program files (x86)/gnu tools arm embedded/6 2017-q1-update/bin/../lib/gcc/arm-none-eabi/6.3.1/../../../../arm-none-eabi/lib/thumb/v7e-m/fpv4-sp/hard\libm.a(lib_a-kf_rem_pio2.o)
                0x08003aa8                __kernel_rem_pio2f
 .text.__kernel_sinf
                0x08004138       0x90 c:/program files (x86)/gnu tools arm embedded/6 2017-q1-update/bin/../lib/gcc/arm-none-eabi/6.3.1/../../../../arm-none-eabi/lib/thumb/v7e-m/fpv4-sp/hard\libm.a(lib_a-kf_sin.o)
                0x08004138                __kernel_sinf
 .text.fabsf    0x080041c8       0x10 c:/program files (x86)/gnu tools arm embedded/6 2017-q1-update/bin/../lib/gcc/arm-none-eabi/6.3.1/../../../../arm-none-eabi/lib/thumb/v7e-m/fpv4-sp/hard\libm.a(lib_a-sf_fabs.o)
                0x080041c8                fabsf
 .text.floorf   0x080041d8       0x90 c:/program files (x86)/gnu tools arm embedded/6 2017-q1-update/bin/../lib/gcc/arm-none-eabi/6.3.1/../../../../arm-none-eabi/lib/thumb/v7e-m/fpv4-sp/hard\libm.a(lib_a-sf_floor.o)
                0x080041d8                floorf
 .text.scalbnf  0x08004268       0xd0 c:/program files (x86)/gnu tools arm embedded/6 2017-q1-update/bin/../lib/gcc/arm-none-eabi/6.3.1/../../../../arm-none-eabi/lib/thumb/v7e-m/fpv4-sp/hard\libm.a(lib_a-sf_scalbn.o)
                0x08004268                scalbnf
 .text.copysignf
                0x08004338       0x18 c:/program files (x86)/gnu tools arm embedded/6 2017-q1-update/bin/../lib/gcc/arm-none-eabi/6.3.1/../../../../arm-none-eabi/lib/thumb/v7e-m/fpv4-sp/hard\libm.a(lib_a-sf_copysign.o)
                0x08004338                copysignf
 .text          0x08004350      0x134 c:/program files (x86)/gnu tools arm embedded/6 2017-q1-update/bin/../lib/gcc/arm-none-eabi/6.3.1/../../../../arm-none-eabi/lib/thumb/v7e-m/fpv4-sp/hard\libc.a(lib_a-memcpy.o)
                0x08004350                memcpy
 .text.memset   0x08004484       0x9c c:/program files (x86)/gnu tools arm embedded/6 2017-q1-update/bin/../lib/gcc/arm-none-eabi/6.3.1/../../../../arm-none-eabi/lib/thumb/v7e-m/fpv4-sp/hard\libc.a(lib_a-memset.o)
                0x08004484                memset
 .text.startup.register_fini
                0x08004520       0x14 c:/program files (x86)/gnu tools arm embedded/6 2017-q1-update/bin/../lib/gcc/arm-none-eabi/6.3.1/../../../../arm-none-eabi/lib/thumb/v7e-m/fpv4-sp/hard\libc.a(lib_a-__call_atexit.o)
 .text.atexit   0x08004534        0xc c:/program files (x86)/gnu tools arm embedded/6 2017-q1-update/bin/../lib/gcc/arm-none-eabi/6.3.1/../../../../arm-none-eabi/lib/thumb/v7e-m/fpv4-sp/hard\libc.a(lib_a-atexit.o)
                0x08004534                atexit
 .text.__libc_fini_array
                0x08004540       0x34 c:/program files (x86)/gnu tools arm embedded/6 2017-q1-update/bin/../lib/gcc/arm-none-eabi/6.3.1/../../../../arm-none-eabi/lib/thumb/v7e-m/fpv4-sp/hard\libc.a(lib_a-fini.o)
                0x08004540                __libc_fini_array
 .text.__retarget_lock_acquire_recursive
                0x08004574        0x4 c:/program files (x86)/gnu tools arm embedded/6 2017-q1-update/bin/../lib/gcc/arm-none-eabi/6.3.1/../../../../arm-none-eabi/lib/thumb/v7e-m/fpv4-sp/hard\libc.a(lib_a-lock.o)
                0x08004574                __retarget_lock_acquire_recursive
 .text.__retarget_lock_release_recursive
                0x08004578        0x4 c:/program files (x86)/gnu tools arm embedded/6 2017-q1-update/bin/../lib/gcc/arm-none-eabi/6.3.1/../../../../arm-none-eabi/lib/thumb/v7e-m/fpv4-sp/hard\libc.a(lib_a-lock.o)
                0x08004578                __retarget_lock_release_recursive
 .text.__register_exitproc
                0x0800457c       0xc4 c:/program files (x86)/gnu tools arm embedded/6 2017-q1-update/bin/../lib/gcc/arm-none-eabi/6.3.1/../../../../arm-none-eabi/lib/thumb/v7e-m/fpv4-sp/hard\libc.a(lib_a-__atexit.o)
                0x0800457c                __register_exitproc
 *(.init)
 .init          0x08004640        0x4 c:/program files (x86)/gnu tools arm embedded/6 2017-q1-update/bin/../lib/gcc/arm-none-eabi/6.3.1/thumb/v7e-m/fpv4-sp/hard/crti.o
                0x08004640                _init
 .init          0x08004644        0x8 c:/program files (x86)/gnu tools arm embedded/6 2017-q1-update/bin/../lib/gcc/arm-none-eabi/6.3.1/thumb/v7e-m/fpv4-sp/hard/crtn.o
 *(.fini)
 .fini          0x0800464c        0x4 c:/program files (x86)/gnu tools arm embedded/6 2017-q1-update/bin/../lib/gcc/arm-none-eabi/6.3.1/thumb/v7e-m/fpv4-sp/hard/crti.o
                0x0800464c                _fini
 .fini          0x08004650        0x8 c:/program files (x86)/gnu tools arm embedded/6 2017-q1-update/bin/../lib/gcc/arm-none-eabi/6.3.1/thumb/v7e-m/fpv4-sp/hard/crtn.o
 *crtbegin.o(.ctors)
 *crtbegin?.o(.ctors)
 *(EXCLUDE_FILE(*crtend.o *crtend?.o) .ctors)
 *(SORT(.ctors.*))
 *(.ctors)
 *crtbegin.o(.dtors)
 *crtbegin?.o(.dtors)
 *(EXCLUDE_FILE(*crtend.o *crtend?.o) .dtors)
 *(SORT(.dtors.*))
 *(.dtors)
 *(.rodata*)
 .rodata        0x08004658        0x8 ..\obj\mbutils.o
 .rodata        0x08004660      0x200 ..\obj\mbcrc.o
 .rodata        0x08004860       0x90 ..\obj\encoder.o
 .rodata.npio2_hw
                0x080048f0       0x80 c:/program files (x86)/gnu tools arm embedded/6 2017-q1-update/bin/../lib/gcc/arm-none-eabi/6.3.1/../../../../arm-none-eabi/lib/thumb/v7e-m/fpv4-sp/hard\libm.a(lib_a-ef_rem_pio2.o)
 .rodata.two_over_pi
                0x08004970      0x318 c:/program files (x86)/gnu tools arm embedded/6 2017-q1-update/bin/../lib/gcc/arm-none-eabi/6.3.1/../../../../arm-none-eabi/lib/thumb/v7e-m/fpv4-sp/hard\libm.a(lib_a-ef_rem_pio2.o)
 .rodata.PIo2   0x08004c88       0x2c c:/program files (x86)/gnu tools arm embedded/6 2017-q1-update/bin/../lib/gcc/arm-none-eabi/6.3.1/../../../../arm-none-eabi/lib/thumb/v7e-m/fpv4-sp/hard\libm.a(lib_a-kf_rem_pio2.o)
 .rodata.init_jk
                0x08004cb4        0xc c:/program files (x86)/gnu tools arm embedded/6 2017-q1-update/bin/../lib/gcc/arm-none-eabi/6.3.1/../../../../arm-none-eabi/lib/thumb/v7e-m/fpv4-sp/hard\libm.a(lib_a-kf_rem_pio2.o)
 .rodata._global_impure_ptr
                0x08004cc0        0x4 c:/program files (x86)/gnu tools arm embedded/6 2017-q1-update/bin/../lib/gcc/arm-none-eabi/6.3.1/../../../../arm-none-eabi/lib/thumb/v7e-m/fpv4-sp/hard\libc.a(lib_a-impure.o)
                0x08004cc0                _global_impure_ptr
 *(.eh_fram e*)

.eh_frame       0x08004cc4        0x0
 .eh_frame      0x08004cc4        0x0 c:/program files (x86)/gnu tools arm embedded/6 2017-q1-update/bin/../lib/gcc/arm-none-eabi/6.3.1/thumb/v7e-m/fpv4-sp/hard/crtbegin.o

.glue_7         0x08004cc4        0x0
 .glue_7        0x08004cc4        0x0 linker stubs

.glue_7t        0x08004cc4        0x0
 .glue_7t       0x08004cc4        0x0 linker stubs

.vfp11_veneer   0x08004cc4        0x0
 .vfp11_veneer  0x08004cc4        0x0 linker stubs

.v4_bx          0x08004cc4        0x0
 .v4_bx         0x08004cc4        0x0 linker stubs

.iplt           0x08004cc4        0x0
 .iplt          0x08004cc4        0x0 c:/program files (x86)/gnu tools arm embedded/6 2017-q1-update/bin/../lib/gcc/arm-none-eabi/6.3.1/thumb/v7e-m/fpv4-sp/hard/crtbegin.o

.rel.dyn        0x08004cc4        0x0
 .rel.iplt      0x08004cc4        0x0 c:/program files (x86)/gnu tools arm embedded/6 2017-q1-update/bin/../lib/gcc/arm-none-eabi/6.3.1/thumb/v7e-m/fpv4-sp/hard/crtbegin.o

.ARM.extab
 *(.ARM.extab* .gnu.linkonce.armextab.*)
                0x08004cc4                __exidx_start = .

.ARM.exidx
 *(.ARM.exidx* .gnu.linkonce.armexidx.*)
                0x08004cc4                __exidx_end = .
                0x08004cc4                __etext = .
                0x08004cc4                _sidata = __etext

.data           0x20000000      0x4ec load address 0x08004cc4
                0x20000000                __data_start__ = .
                0x20000000                _sdata = __data_start__
 *(vtable)
 *(.data*)
 .data          0x20000000       0x84 ..\obj\mb.o
 .data          0x20000084        0x8 ..\obj\main.o
                0x20000084                current_a_offset
                0x20000088                current_b_offset
 .data          0x2000008c       0x10 ..\obj\stm32f4xx_rcc.o
 .data          0x2000009c       0x14 ..\obj\system_stm32f4xx.o
                0x2000009c                SystemCoreClock
                0x200000a0                AHBPrescTable
 .data.impure_data
                0x200000b0      0x428 c:/program files (x86)/gnu tools arm embedded/6 2017-q1-update/bin/../lib/gcc/arm-none-eabi/6.3.1/../../../../arm-none-eabi/lib/thumb/v7e-m/fpv4-sp/hard\libc.a(lib_a-impure.o)
 .data.__atexit_recursive_mutex
                0x200004d8        0x4 c:/program files (x86)/gnu tools arm embedded/6 2017-q1-update/bin/../lib/gcc/arm-none-eabi/6.3.1/../../../../arm-none-eabi/lib/thumb/v7e-m/fpv4-sp/hard\libc.a(lib_a-__call_atexit.o)
                0x200004d8                __atexit_recursive_mutex
                0x200004dc                . = ALIGN (0x4)
                0x200004dc                PROVIDE (__preinit_array_start, .)
 *(.preinit_array)
                0x200004dc                PROVIDE (__preinit_array_end, .)
                0x200004dc                . = ALIGN (0x4)
                0x200004dc                PROVIDE (__init_array_start, .)
 *(SORT(.init_array.*))
 .init_array.00000
                0x200004dc        0x4 c:/program files (x86)/gnu tools arm embedded/6 2017-q1-update/bin/../lib/gcc/arm-none-eabi/6.3.1/../../../../arm-none-eabi/lib/thumb/v7e-m/fpv4-sp/hard\libc.a(lib_a-__call_atexit.o)
 *(.init_array)
 .init_array    0x200004e0        0x4 c:/program files (x86)/gnu tools arm embedded/6 2017-q1-update/bin/../lib/gcc/arm-none-eabi/6.3.1/thumb/v7e-m/fpv4-sp/hard/crtbegin.o
                0x200004e4                PROVIDE (__init_array_end, .)
                0x200004e4                . = ALIGN (0x4)
                0x200004e4                PROVIDE (__fini_array_start, .)
 *(SORT(.fini_array.*))
 *(.fini_array)
 .fini_array    0x200004e4        0x4 c:/program files (x86)/gnu tools arm embedded/6 2017-q1-update/bin/../lib/gcc/arm-none-eabi/6.3.1/thumb/v7e-m/fpv4-sp/hard/crtbegin.o
                0x200004e8                PROVIDE (__fini_array_end, .)
 *(.jcr*)
 .jcr           0x200004e8        0x0 c:/program files (x86)/gnu tools arm embedded/6 2017-q1-update/bin/../lib/gcc/arm-none-eabi/6.3.1/thumb/v7e-m/fpv4-sp/hard/crtbegin.o
 .jcr           0x200004e8        0x4 c:/program files (x86)/gnu tools arm embedded/6 2017-q1-update/bin/../lib/gcc/arm-none-eabi/6.3.1/thumb/v7e-m/fpv4-sp/hard/crtend.o
                0x200004ec                . = ALIGN (0x4)
                0x200004ec                __data_end__ = .
                0x200004ec                _edata = __data_end__

.igot.plt       0x200004ec        0x0 load address 0x080051b0
 .igot.plt      0x200004ec        0x0 c:/program files (x86)/gnu tools arm embedded/6 2017-q1-update/bin/../lib/gcc/arm-none-eabi/6.3.1/thumb/v7e-m/fpv4-sp/hard/crtbegin.o

.bss            0x200004ec     0x80b8 load address 0x080051b0
                0x200004ec                . = ALIGN (0x4)
                0x200004ec                __bss_start__ = .
                0x200004ec                _sbss = __bss_start__
 *(.bss*)
 .bss           0x200004ec       0x1c c:/program files (x86)/gnu tools arm embedded/6 2017-q1-update/bin/../lib/gcc/arm-none-eabi/6.3.1/thumb/v7e-m/fpv4-sp/hard/crtbegin.o
 .bss           0x20000508       0x23 ..\obj\mb.o
 .bss           0x2000052b        0x2 ..\obj\portevent.o
 *fill*         0x2000052d        0x1 
 .bss           0x2000052e       0x22 ..\obj\mbfuncother.o
 .bss           0x20000550       0x22 ..\obj\main.o
                0x20000550                main_state
                0x20000554                counter
                0x20000558                sp_counter
 *fill*         0x20000572        0x2 
 .bss           0x20000574       0x88 ..\obj\foc.o
 .bss           0x200005fc     0x7d08 ..\obj\encoder.o
 .bss           0x20008304        0xb ..\obj\mbrtu.o
 *fill*         0x2000830f        0x1 
 .bss           0x20008310        0xd ..\obj\mbascii.o
 *(COMMON)
 *fill*         0x2000831d        0x3 
 COMMON         0x20008320       0x14 ..\obj\mb.o
                0x20008320                pxMBFrameCBTransmitterEmpty
                0x20008324                pxMBPortCBTimerExpired
                0x20008328                pxMBFrameCBByteReceived
                0x2000832c                pxMBFrameCBTransmitFSMCur
                0x20008330                pxMBFrameCBReceiveFSMCur
 COMMON         0x20008334       0xc4 ..\obj\main.o
                0x20008334                stFoc
 COMMON         0x200083f8       0x86 ..\obj\foc.o
                0x200083f8                pidPos
                0x2000842c                current_a
                0x20008430                pidSpeed
                0x20008464                ADC_values
                0x20008474                dc_voltage
                0x20008476                enc_delta
                0x20008478                ai1
                0x2000847a                ai0
                0x2000847c                current_b
 COMMON         0x2000847e      0x100 ..\obj\mbrtu.o
                0x2000847e                ucRTUBuf
 *fill*         0x2000857e        0x2 
 COMMON         0x20008580       0x21 c:/program files (x86)/gnu tools arm embedded/6 2017-q1-update/bin/../lib/gcc/arm-none-eabi/6.3.1/../../../../arm-none-eabi/lib/thumb/v7e-m/fpv4-sp/hard\libc.a(lib_a-lock.o)
                0x20008580                __lock___atexit_recursive_mutex
                0x20008584                __lock___arc4random_mutex
                0x20008588                __lock___env_recursive_mutex
                0x2000858c                __lock___sinit_recursive_mutex
                0x20008590                __lock___malloc_recursive_mutex
                0x20008594                __lock___at_quick_exit_mutex
                0x20008598                __lock___dd_hash_mutex
                0x2000859c                __lock___tz_mutex
                0x200085a0                __lock___sfp_recursive_mutex
                0x200085a4                . = ALIGN (0x4)
 *fill*         0x200085a1        0x3 
                0x200085a4                __bss_end__ = .
                0x200085a4                _ebss = __bss_end__

.heap           0x200085a4        0x0
                0x200085a4                __end__ = .
                0x200085a4                _end = __end__
                0x200085a4                end = __end__
 *(.heap*)
                0x200085a4                __HeapLimit = .

.co_stack       0x200085a4      0x804 load address 0x0800d268
                0x200085a8                . = ALIGN (0x8)
 *fill*         0x200085a4        0x4 
 *(.co_stack .co_stack.*)
 .co_stack      0x200085a8      0x800 ..\obj\startup_stm32f4xx.o
                0x200085a8                pulStack
                0x20020000                __StackTop = (ORIGIN (ram) + LENGTH (ram))
                0x2001f7fc                __StackLimit = (__StackTop - SIZEOF (.co_stack))
                0x20020000                PROVIDE (__stack, __StackTop)
                0x00000001                ASSERT ((__StackLimit >= __HeapLimit), region ram  overflowed with stack)
LOAD ..\obj\stm32f4xx_syscfg.o
LOAD ..\obj\mb.o
LOAD ..\obj\mbfuncdisc.o
LOAD ..\obj\portevent.o
LOAD ..\obj\mbfuncother.o
LOAD ..\obj\stm32f4xx_usart.o
LOAD ..\obj\stm32f4xx_can.o
LOAD ..\obj\mbutils.o
LOAD ..\obj\stm32f4xx_dac.o
LOAD ..\obj\startup_stm32f4xx.o
LOAD ..\obj\mbfuncholding.o
LOAD ..\obj\main.o
LOAD ..\obj\mbcrc.o
LOAD ..\obj\stm32f4xx_rcc.o
LOAD ..\obj\foc.o
LOAD ..\obj\stm32f4xx_adc.o
LOAD ..\obj\mbfuncinput.o
LOAD ..\obj\encoder.o
LOAD ..\obj\mbfuncdiag.o
LOAD ..\obj\stm32f4xx_gpio.o
LOAD ..\obj\porttimer.o
LOAD ..\obj\mbrtu.o
LOAD ..\obj\system_stm32f4xx.o
LOAD ..\obj\syscalls.o
LOAD ..\obj\stm32f4xx_dma.o
LOAD ..\obj\port.o
LOAD ..\obj\portserial.o
LOAD ..\obj\mbfunccoils.o
LOAD ..\obj\stm32f4xx_exti.o
LOAD ..\obj\misc.o
LOAD ..\obj\svpwm.o
LOAD ..\obj\mbtcp.o
LOAD ..\obj\mbascii.o
LOAD ..\obj\pid.o
LOAD ..\obj\stm32f4xx_tim.o
LOAD c:/program files (x86)/gnu tools arm embedded/6 2017-q1-update/bin/../lib/gcc/arm-none-eabi/6.3.1/../../../../arm-none-eabi/lib/thumb/v7e-m/fpv4-sp/hard\libm.a
LOAD c:/program files (x86)/gnu tools arm embedded/6 2017-q1-update/bin/../lib/gcc/arm-none-eabi/6.3.1/thumb/v7e-m/fpv4-sp/hard\libgcc.a
LOAD c:/program files (x86)/gnu tools arm embedded/6 2017-q1-update/bin/../lib/gcc/arm-none-eabi/6.3.1/../../../../arm-none-eabi/lib/thumb/v7e-m/fpv4-sp/hard\libc.a
START GROUP
LOAD c:/program files (x86)/gnu tools arm embedded/6 2017-q1-update/bin/../lib/gcc/arm-none-eabi/6.3.1/thumb/v7e-m/fpv4-sp/hard\libgcc.a
LOAD c:/program files (x86)/gnu tools arm embedded/6 2017-q1-update/bin/../lib/gcc/arm-none-eabi/6.3.1/../../../../arm-none-eabi/lib/thumb/v7e-m/fpv4-sp/hard\libg.a
LOAD c:/program files (x86)/gnu tools arm embedded/6 2017-q1-update/bin/../lib/gcc/arm-none-eabi/6.3.1/../../../../arm-none-eabi/lib/thumb/v7e-m/fpv4-sp/hard\libc.a
END GROUP
LOAD c:/program files (x86)/gnu tools arm embedded/6 2017-q1-update/bin/../lib/gcc/arm-none-eabi/6.3.1/thumb/v7e-m/fpv4-sp/hard/crtend.o
LOAD c:/program files (x86)/gnu tools arm embedded/6 2017-q1-update/bin/../lib/gcc/arm-none-eabi/6.3.1/thumb/v7e-m/fpv4-sp/hard/crtn.o
OUTPUT(main.elf elf32-littlearm)

.ARM.attributes
                0x00000000       0x30
 .ARM.attributes
                0x00000000       0x22 c:/program files (x86)/gnu tools arm embedded/6 2017-q1-update/bin/../lib/gcc/arm-none-eabi/6.3.1/thumb/v7e-m/fpv4-sp/hard/crti.o
 .ARM.attributes
                0x00000022       0x34 c:/program files (x86)/gnu tools arm embedded/6 2017-q1-update/bin/../lib/gcc/arm-none-eabi/6.3.1/thumb/v7e-m/fpv4-sp/hard/crtbegin.o
 .ARM.attributes
                0x00000056       0x39 ..\obj\stm32f4xx_syscfg.o
 .ARM.attributes
                0x0000008f       0x39 ..\obj\mb.o
 .ARM.attributes
                0x000000c8       0x39 ..\obj\mbfuncdisc.o
 .ARM.attributes
                0x00000101       0x39 ..\obj\portevent.o
 .ARM.attributes
                0x0000013a       0x39 ..\obj\mbfuncother.o
 .ARM.attributes
                0x00000173       0x39 ..\obj\stm32f4xx_usart.o
 .ARM.attributes
                0x000001ac       0x39 ..\obj\mbutils.o
 .ARM.attributes
                0x000001e5       0x39 ..\obj\stm32f4xx_dac.o
 .ARM.attributes
                0x0000021e       0x39 ..\obj\startup_stm32f4xx.o
 .ARM.attributes
                0x00000257       0x39 ..\obj\mbfuncholding.o
 .ARM.attributes
                0x00000290       0x39 ..\obj\main.o
 .ARM.attributes
                0x000002c9       0x39 ..\obj\mbcrc.o
 .ARM.attributes
                0x00000302       0x39 ..\obj\stm32f4xx_rcc.o
 .ARM.attributes
                0x0000033b       0x39 ..\obj\foc.o
 .ARM.attributes
                0x00000374       0x39 ..\obj\stm32f4xx_adc.o
 .ARM.attributes
                0x000003ad       0x39 ..\obj\mbfuncinput.o
 .ARM.attributes
                0x000003e6       0x39 ..\obj\encoder.o
 .ARM.attributes
                0x0000041f       0x39 ..\obj\stm32f4xx_gpio.o
 .ARM.attributes
                0x00000458       0x39 ..\obj\porttimer.o
 .ARM.attributes
                0x00000491       0x39 ..\obj\mbrtu.o
 .ARM.attributes
                0x000004ca       0x39 ..\obj\system_stm32f4xx.o
 .ARM.attributes
                0x00000503       0x39 ..\obj\stm32f4xx_dma.o
 .ARM.attributes
                0x0000053c       0x39 ..\obj\portserial.o
 .ARM.attributes
                0x00000575       0x39 ..\obj\mbfunccoils.o
 .ARM.attributes
                0x000005ae       0x39 ..\obj\stm32f4xx_exti.o
 .ARM.attributes
                0x000005e7       0x39 ..\obj\misc.o
 .ARM.attributes
                0x00000620       0x39 ..\obj\svpwm.o
 .ARM.attributes
                0x00000659       0x39 ..\obj\mbascii.o
 .ARM.attributes
                0x00000692       0x39 ..\obj\pid.o
 .ARM.attributes
                0x000006cb       0x39 ..\obj\stm32f4xx_tim.o
 .ARM.attributes
                0x00000704       0x34 c:/program files (x86)/gnu tools arm embedded/6 2017-q1-update/bin/../lib/gcc/arm-none-eabi/6.3.1/../../../../arm-none-eabi/lib/thumb/v7e-m/fpv4-sp/hard\libm.a(lib_a-sf_cos.o)
 .ARM.attributes
                0x00000738       0x34 c:/program files (x86)/gnu tools arm embedded/6 2017-q1-update/bin/../lib/gcc/arm-none-eabi/6.3.1/../../../../arm-none-eabi/lib/thumb/v7e-m/fpv4-sp/hard\libm.a(lib_a-sf_sin.o)
 .ARM.attributes
                0x0000076c       0x34 c:/program files (x86)/gnu tools arm embedded/6 2017-q1-update/bin/../lib/gcc/arm-none-eabi/6.3.1/../../../../arm-none-eabi/lib/thumb/v7e-m/fpv4-sp/hard\libm.a(lib_a-ef_rem_pio2.o)
 .ARM.attributes
                0x000007a0       0x34 c:/program files (x86)/gnu tools arm embedded/6 2017-q1-update/bin/../lib/gcc/arm-none-eabi/6.3.1/../../../../arm-none-eabi/lib/thumb/v7e-m/fpv4-sp/hard\libm.a(lib_a-kf_cos.o)
 .ARM.attributes
                0x000007d4       0x34 c:/program files (x86)/gnu tools arm embedded/6 2017-q1-update/bin/../lib/gcc/arm-none-eabi/6.3.1/../../../../arm-none-eabi/lib/thumb/v7e-m/fpv4-sp/hard\libm.a(lib_a-kf_rem_pio2.o)
 .ARM.attributes
                0x00000808       0x34 c:/program files (x86)/gnu tools arm embedded/6 2017-q1-update/bin/../lib/gcc/arm-none-eabi/6.3.1/../../../../arm-none-eabi/lib/thumb/v7e-m/fpv4-sp/hard\libm.a(lib_a-kf_sin.o)
 .ARM.attributes
                0x0000083c       0x34 c:/program files (x86)/gnu tools arm embedded/6 2017-q1-update/bin/../lib/gcc/arm-none-eabi/6.3.1/../../../../arm-none-eabi/lib/thumb/v7e-m/fpv4-sp/hard\libm.a(lib_a-sf_fabs.o)
 .ARM.attributes
                0x00000870       0x34 c:/program files (x86)/gnu tools arm embedded/6 2017-q1-update/bin/../lib/gcc/arm-none-eabi/6.3.1/../../../../arm-none-eabi/lib/thumb/v7e-m/fpv4-sp/hard\libm.a(lib_a-sf_floor.o)
 .ARM.attributes
                0x000008a4       0x34 c:/program files (x86)/gnu tools arm embedded/6 2017-q1-update/bin/../lib/gcc/arm-none-eabi/6.3.1/../../../../arm-none-eabi/lib/thumb/v7e-m/fpv4-sp/hard\libm.a(lib_a-sf_scalbn.o)
 .ARM.attributes
                0x000008d8       0x34 c:/program files (x86)/gnu tools arm embedded/6 2017-q1-update/bin/../lib/gcc/arm-none-eabi/6.3.1/../../../../arm-none-eabi/lib/thumb/v7e-m/fpv4-sp/hard\libm.a(lib_a-sf_copysign.o)
 .ARM.attributes
                0x0000090c       0x34 c:/program files (x86)/gnu tools arm embedded/6 2017-q1-update/bin/../lib/gcc/arm-none-eabi/6.3.1/../../../../arm-none-eabi/lib/thumb/v7e-m/fpv4-sp/hard\libc.a(lib_a-impure.o)
 .ARM.attributes
                0x00000940       0x20 c:/program files (x86)/gnu tools arm embedded/6 2017-q1-update/bin/../lib/gcc/arm-none-eabi/6.3.1/../../../../arm-none-eabi/lib/thumb/v7e-m/fpv4-sp/hard\libc.a(lib_a-memcpy.o)
 .ARM.attributes
                0x00000960       0x34 c:/program files (x86)/gnu tools arm embedded/6 2017-q1-update/bin/../lib/gcc/arm-none-eabi/6.3.1/../../../../arm-none-eabi/lib/thumb/v7e-m/fpv4-sp/hard\libc.a(lib_a-memset.o)
 .ARM.attributes
                0x00000994       0x34 c:/program files (x86)/gnu tools arm embedded/6 2017-q1-update/bin/../lib/gcc/arm-none-eabi/6.3.1/../../../../arm-none-eabi/lib/thumb/v7e-m/fpv4-sp/hard\libc.a(lib_a-__call_atexit.o)
 .ARM.attributes
                0x000009c8       0x34 c:/program files (x86)/gnu tools arm embedded/6 2017-q1-update/bin/../lib/gcc/arm-none-eabi/6.3.1/../../../../arm-none-eabi/lib/thumb/v7e-m/fpv4-sp/hard\libc.a(lib_a-atexit.o)
 .ARM.attributes
                0x000009fc       0x34 c:/program files (x86)/gnu tools arm embedded/6 2017-q1-update/bin/../lib/gcc/arm-none-eabi/6.3.1/../../../../arm-none-eabi/lib/thumb/v7e-m/fpv4-sp/hard\libc.a(lib_a-fini.o)
 .ARM.attributes
                0x00000a30       0x34 c:/program files (x86)/gnu tools arm embedded/6 2017-q1-update/bin/../lib/gcc/arm-none-eabi/6.3.1/../../../../arm-none-eabi/lib/thumb/v7e-m/fpv4-sp/hard\libc.a(lib_a-lock.o)
 .ARM.attributes
                0x00000a64       0x34 c:/program files (x86)/gnu tools arm embedded/6 2017-q1-update/bin/../lib/gcc/arm-none-eabi/6.3.1/../../../../arm-none-eabi/lib/thumb/v7e-m/fpv4-sp/hard\libc.a(lib_a-__atexit.o)
 .ARM.attributes
                0x00000a98       0x34 c:/program files (x86)/gnu tools arm embedded/6 2017-q1-update/bin/../lib/gcc/arm-none-eabi/6.3.1/thumb/v7e-m/fpv4-sp/hard/crtend.o
 .ARM.attributes
                0x00000acc       0x22 c:/program files (x86)/gnu tools arm embedded/6 2017-q1-update/bin/../lib/gcc/arm-none-eabi/6.3.1/thumb/v7e-m/fpv4-sp/hard/crtn.o

.comment        0x00000000       0x7f
 .comment       0x00000000       0x7f ..\obj\stm32f4xx_syscfg.o
                                 0x80 (size before relaxing)
 .comment       0x0000007f       0x80 ..\obj\mb.o
 .comment       0x0000007f       0x80 ..\obj\mbfuncdisc.o
 .comment       0x0000007f       0x80 ..\obj\portevent.o
 .comment       0x0000007f       0x80 ..\obj\mbfuncother.o
 .comment       0x0000007f       0x80 ..\obj\stm32f4xx_usart.o
 .comment       0x0000007f       0x80 ..\obj\mbutils.o
 .comment       0x0000007f       0x80 ..\obj\stm32f4xx_dac.o
 .comment       0x0000007f       0x80 ..\obj\startup_stm32f4xx.o
 .comment       0x0000007f       0x80 ..\obj\mbfuncholding.o
 .comment       0x0000007f       0x80 ..\obj\main.o
 .comment       0x0000007f       0x80 ..\obj\mbcrc.o
 .comment       0x0000007f       0x80 ..\obj\stm32f4xx_rcc.o
 .comment       0x0000007f       0x80 ..\obj\foc.o
 .comment       0x0000007f       0x80 ..\obj\stm32f4xx_adc.o
 .comment       0x0000007f       0x80 ..\obj\mbfuncinput.o
 .comment       0x0000007f       0x80 ..\obj\encoder.o
 .comment       0x0000007f       0x80 ..\obj\stm32f4xx_gpio.o
 .comment       0x0000007f       0x80 ..\obj\porttimer.o
 .comment       0x0000007f       0x80 ..\obj\mbrtu.o
 .comment       0x0000007f       0x80 ..\obj\system_stm32f4xx.o
 .comment       0x0000007f       0x80 ..\obj\stm32f4xx_dma.o
 .comment       0x0000007f       0x80 ..\obj\portserial.o
 .comment       0x0000007f       0x80 ..\obj\mbfunccoils.o
 .comment       0x0000007f       0x80 ..\obj\stm32f4xx_exti.o
 .comment       0x0000007f       0x80 ..\obj\misc.o
 .comment       0x0000007f       0x80 ..\obj\svpwm.o
 .comment       0x0000007f       0x80 ..\obj\mbascii.o
 .comment       0x0000007f       0x80 ..\obj\pid.o
 .comment       0x0000007f       0x80 ..\obj\stm32f4xx_tim.o

.debug_info     0x00000000    0x15742
 .debug_info    0x00000000      0x2c1 ..\obj\stm32f4xx_syscfg.o
 .debug_info    0x000002c1      0xf3d ..\obj\mb.o
 .debug_info    0x000011fe      0xad5 ..\obj\mbfuncdisc.o
 .debug_info    0x00001cd3      0x1d9 ..\obj\portevent.o
 .debug_info    0x00001eac      0xb35 ..\obj\mbfuncother.o
 .debug_info    0x000029e1      0xaaf ..\obj\stm32f4xx_usart.o
 .debug_info    0x00003490      0xb56 ..\obj\mbutils.o
 .debug_info    0x00003fe6      0x68e ..\obj\stm32f4xx_dac.o
 .debug_info    0x00004674      0x121 ..\obj\startup_stm32f4xx.o
 .debug_info    0x00004795      0xd1a ..\obj\mbfuncholding.o
 .debug_info    0x000054af     0x134a ..\obj\main.o
 .debug_info    0x000067f9      0x191 ..\obj\mbcrc.o
 .debug_info    0x0000698a      0xca3 ..\obj\stm32f4xx_rcc.o
 .debug_info    0x0000762d     0x1266 ..\obj\foc.o
 .debug_info    0x00008893      0xc7e ..\obj\stm32f4xx_adc.o
 .debug_info    0x00009511      0xac6 ..\obj\mbfuncinput.o
 .debug_info    0x00009fd7     0x11b9 ..\obj\encoder.o
 .debug_info    0x0000b190      0x712 ..\obj\stm32f4xx_gpio.o
 .debug_info    0x0000b8a2      0x838 ..\obj\porttimer.o
 .debug_info    0x0000c0da      0xf30 ..\obj\mbrtu.o
 .debug_info    0x0000d00a      0x5e9 ..\obj\system_stm32f4xx.o
 .debug_info    0x0000d5f3      0x732 ..\obj\stm32f4xx_dma.o
 .debug_info    0x0000dd25      0xca1 ..\obj\portserial.o
 .debug_info    0x0000e9c6      0xc54 ..\obj\mbfunccoils.o
 .debug_info    0x0000f61a      0x365 ..\obj\stm32f4xx_exti.o
 .debug_info    0x0000f97f      0x54d ..\obj\misc.o
 .debug_info    0x0000fecc     0x1b1b ..\obj\svpwm.o
 .debug_info    0x000119e7     0x111e ..\obj\mbascii.o
 .debug_info    0x00012b05      0xc30 ..\obj\pid.o
 .debug_info    0x00013735     0x200d ..\obj\stm32f4xx_tim.o

.debug_abbrev   0x00000000     0x404f
 .debug_abbrev  0x00000000      0x173 ..\obj\stm32f4xx_syscfg.o
 .debug_abbrev  0x00000173      0x2f7 ..\obj\mb.o
 .debug_abbrev  0x0000046a      0x238 ..\obj\mbfuncdisc.o
 .debug_abbrev  0x000006a2       0xeb ..\obj\portevent.o
 .debug_abbrev  0x0000078d      0x222 ..\obj\mbfuncother.o
 .debug_abbrev  0x000009af      0x1d8 ..\obj\stm32f4xx_usart.o
 .debug_abbrev  0x00000b87      0x225 ..\obj\mbutils.o
 .debug_abbrev  0x00000dac      0x231 ..\obj\stm32f4xx_dac.o
 .debug_abbrev  0x00000fdd       0xeb ..\obj\startup_stm32f4xx.o
 .debug_abbrev  0x000010c8      0x238 ..\obj\mbfuncholding.o
 .debug_abbrev  0x00001300      0x352 ..\obj\main.o
 .debug_abbrev  0x00001652       0xc9 ..\obj\mbcrc.o
 .debug_abbrev  0x0000171b      0x21c ..\obj\stm32f4xx_rcc.o
 .debug_abbrev  0x00001937      0x320 ..\obj\foc.o
 .debug_abbrev  0x00001c57      0x205 ..\obj\stm32f4xx_adc.o
 .debug_abbrev  0x00001e5c      0x238 ..\obj\mbfuncinput.o
 .debug_abbrev  0x00002094      0x2ba ..\obj\encoder.o
 .debug_abbrev  0x0000234e      0x1ff ..\obj\stm32f4xx_gpio.o
 .debug_abbrev  0x0000254d      0x1be ..\obj\porttimer.o
 .debug_abbrev  0x0000270b      0x2c1 ..\obj\mbrtu.o
 .debug_abbrev  0x000029cc      0x17b ..\obj\system_stm32f4xx.o
 .debug_abbrev  0x00002b47      0x1af ..\obj\stm32f4xx_dma.o
 .debug_abbrev  0x00002cf6      0x210 ..\obj\portserial.o
 .debug_abbrev  0x00002f06      0x252 ..\obj\mbfunccoils.o
 .debug_abbrev  0x00003158      0x206 ..\obj\stm32f4xx_exti.o
 .debug_abbrev  0x0000335e      0x17f ..\obj\misc.o
 .debug_abbrev  0x000034dd      0x2d2 ..\obj\svpwm.o
 .debug_abbrev  0x000037af      0x352 ..\obj\mbascii.o
 .debug_abbrev  0x00003b01      0x289 ..\obj\pid.o
 .debug_abbrev  0x00003d8a      0x2c5 ..\obj\stm32f4xx_tim.o

.debug_loc      0x00000000     0x6efe
 .debug_loc     0x00000000       0x97 ..\obj\stm32f4xx_syscfg.o
 .debug_loc     0x00000097      0x299 ..\obj\mb.o
 .debug_loc     0x00000330      0x183 ..\obj\mbfuncdisc.o
 .debug_loc     0x000004b3       0x6e ..\obj\portevent.o
 .debug_loc     0x00000521      0x124 ..\obj\mbfuncother.o
 .debug_loc     0x00000645      0x7d5 ..\obj\stm32f4xx_usart.o
 .debug_loc     0x00000e1a      0x3d2 ..\obj\mbutils.o
 .debug_loc     0x000011ec      0x3cd ..\obj\stm32f4xx_dac.o
 .debug_loc     0x000015b9       0x2b ..\obj\startup_stm32f4xx.o
 .debug_loc     0x000015e4      0x73d ..\obj\mbfuncholding.o
 .debug_loc     0x00001d21      0x3d1 ..\obj\main.o
 .debug_loc     0x000020f2       0xb5 ..\obj\mbcrc.o
 .debug_loc     0x000021a7      0x9c7 ..\obj\stm32f4xx_rcc.o
 .debug_loc     0x00002b6e      0x18f ..\obj\foc.o
 .debug_loc     0x00002cfd      0x9fe ..\obj\stm32f4xx_adc.o
 .debug_loc     0x000036fb      0x170 ..\obj\mbfuncinput.o
 .debug_loc     0x0000386b      0x293 ..\obj\encoder.o
 .debug_loc     0x00003afe      0x30c ..\obj\stm32f4xx_gpio.o
 .debug_loc     0x00003e0a       0x21 ..\obj\porttimer.o
 .debug_loc     0x00003e2b      0x2e7 ..\obj\mbrtu.o
 .debug_loc     0x00004112      0x10b ..\obj\system_stm32f4xx.o
 .debug_loc     0x0000421d      0x415 ..\obj\stm32f4xx_dma.o
 .debug_loc     0x00004632      0x123 ..\obj\portserial.o
 .debug_loc     0x00004755      0x400 ..\obj\mbfunccoils.o
 .debug_loc     0x00004b55      0x188 ..\obj\stm32f4xx_exti.o
 .debug_loc     0x00004cdd      0x15c ..\obj\misc.o
 .debug_loc     0x00004e39      0x24e ..\obj\svpwm.o
 .debug_loc     0x00005087      0x411 ..\obj\mbascii.o
 .debug_loc     0x00005498      0x176 ..\obj\pid.o
 .debug_loc     0x0000560e     0x18f0 ..\obj\stm32f4xx_tim.o

.debug_aranges  0x00000000      0xe48
 .debug_aranges
                0x00000000       0x48 ..\obj\stm32f4xx_syscfg.o
 .debug_aranges
                0x00000048       0x48 ..\obj\mb.o
 .debug_aranges
                0x00000090       0x20 ..\obj\mbfuncdisc.o
 .debug_aranges
                0x000000b0       0x30 ..\obj\portevent.o
 .debug_aranges
                0x000000e0       0x28 ..\obj\mbfuncother.o
 .debug_aranges
                0x00000108      0x100 ..\obj\stm32f4xx_usart.o
 .debug_aranges
                0x00000208       0x30 ..\obj\mbutils.o
 .debug_aranges
                0x00000238       0x90 ..\obj\stm32f4xx_dac.o
 .debug_aranges
                0x000002c8       0x28 ..\obj\startup_stm32f4xx.o
 .debug_aranges
                0x000002f0       0x38 ..\obj\mbfuncholding.o
 .debug_aranges
                0x00000328       0x60 ..\obj\main.o
 .debug_aranges
                0x00000388       0x20 ..\obj\mbcrc.o
 .debug_aranges
                0x000003a8      0x178 ..\obj\stm32f4xx_rcc.o
 .debug_aranges
                0x00000520       0x60 ..\obj\foc.o
 .debug_aranges
                0x00000580      0x140 ..\obj\stm32f4xx_adc.o
 .debug_aranges
                0x000006c0       0x20 ..\obj\mbfuncinput.o
 .debug_aranges
                0x000006e0       0x90 ..\obj\encoder.o
 .debug_aranges
                0x00000770       0x88 ..\obj\stm32f4xx_gpio.o
 .debug_aranges
                0x000007f8       0x38 ..\obj\porttimer.o
 .debug_aranges
                0x00000830       0x58 ..\obj\mbrtu.o
 .debug_aranges
                0x00000888       0x28 ..\obj\system_stm32f4xx.o
 .debug_aranges
                0x000008b0       0xa8 ..\obj\stm32f4xx_dma.o
 .debug_aranges
                0x00000958       0x40 ..\obj\portserial.o
 .debug_aranges
                0x00000998       0x30 ..\obj\mbfunccoils.o
 .debug_aranges
                0x000009c8       0x50 ..\obj\stm32f4xx_exti.o
 .debug_aranges
                0x00000a18       0x40 ..\obj\misc.o
 .debug_aranges
                0x00000a58       0x70 ..\obj\svpwm.o
 .debug_aranges
                0x00000ac8       0x58 ..\obj\mbascii.o
 .debug_aranges
                0x00000b20       0x50 ..\obj\pid.o
 .debug_aranges
                0x00000b70      0x2d8 ..\obj\stm32f4xx_tim.o

.debug_ranges   0x00000000      0xde8
 .debug_ranges  0x00000000       0x38 ..\obj\stm32f4xx_syscfg.o
 .debug_ranges  0x00000038       0x38 ..\obj\mb.o
 .debug_ranges  0x00000070       0x10 ..\obj\mbfuncdisc.o
 .debug_ranges  0x00000080       0x20 ..\obj\portevent.o
 .debug_ranges  0x000000a0       0x18 ..\obj\mbfuncother.o
 .debug_ranges  0x000000b8       0xf0 ..\obj\stm32f4xx_usart.o
 .debug_ranges  0x000001a8       0x20 ..\obj\mbutils.o
 .debug_ranges  0x000001c8       0x80 ..\obj\stm32f4xx_dac.o
 .debug_ranges  0x00000248       0x18 ..\obj\startup_stm32f4xx.o
 .debug_ranges  0x00000260       0x28 ..\obj\mbfuncholding.o
 .debug_ranges  0x00000288       0xd0 ..\obj\main.o
 .debug_ranges  0x00000358       0x10 ..\obj\mbcrc.o
 .debug_ranges  0x00000368      0x168 ..\obj\stm32f4xx_rcc.o
 .debug_ranges  0x000004d0       0x80 ..\obj\foc.o
 .debug_ranges  0x00000550      0x130 ..\obj\stm32f4xx_adc.o
 .debug_ranges  0x00000680       0x10 ..\obj\mbfuncinput.o
 .debug_ranges  0x00000690       0xa8 ..\obj\encoder.o
 .debug_ranges  0x00000738       0x78 ..\obj\stm32f4xx_gpio.o
 .debug_ranges  0x000007b0       0x28 ..\obj\porttimer.o
 .debug_ranges  0x000007d8       0x48 ..\obj\mbrtu.o
 .debug_ranges  0x00000820       0x30 ..\obj\system_stm32f4xx.o
 .debug_ranges  0x00000850       0x98 ..\obj\stm32f4xx_dma.o
 .debug_ranges  0x000008e8       0x48 ..\obj\portserial.o
 .debug_ranges  0x00000930       0x20 ..\obj\mbfunccoils.o
 .debug_ranges  0x00000950       0x40 ..\obj\stm32f4xx_exti.o
 .debug_ranges  0x00000990       0x30 ..\obj\misc.o
 .debug_ranges  0x000009c0       0x60 ..\obj\svpwm.o
 .debug_ranges  0x00000a20       0x88 ..\obj\mbascii.o
 .debug_ranges  0x00000aa8       0x40 ..\obj\pid.o
 .debug_ranges  0x00000ae8      0x300 ..\obj\stm32f4xx_tim.o

.debug_line     0x00000000     0x8403
 .debug_line    0x00000000      0x307 ..\obj\stm32f4xx_syscfg.o
 .debug_line    0x00000307      0x5ac ..\obj\mb.o
 .debug_line    0x000008b3      0x423 ..\obj\mbfuncdisc.o
 .debug_line    0x00000cd6      0x2b1 ..\obj\portevent.o
 .debug_line    0x00000f87      0x410 ..\obj\mbfuncother.o
 .debug_line    0x00001397      0x580 ..\obj\stm32f4xx_usart.o
 .debug_line    0x00001917      0x42e ..\obj\mbutils.o
 .debug_line    0x00001d45      0x3e5 ..\obj\stm32f4xx_dac.o
 .debug_line    0x0000212a       0xbb ..\obj\startup_stm32f4xx.o
 .debug_line    0x000021e5      0x4cb ..\obj\mbfuncholding.o
 .debug_line    0x000026b0      0x61f ..\obj\main.o
 .debug_line    0x00002ccf      0x281 ..\obj\mbcrc.o
 .debug_line    0x00002f50      0x62e ..\obj\stm32f4xx_rcc.o
 .debug_line    0x0000357e      0x4e3 ..\obj\foc.o
 .debug_line    0x00003a61      0x603 ..\obj\stm32f4xx_adc.o
 .debug_line    0x00004064      0x415 ..\obj\mbfuncinput.o
 .debug_line    0x00004479      0x4e0 ..\obj\encoder.o
 .debug_line    0x00004959      0x3f7 ..\obj\stm32f4xx_gpio.o
 .debug_line    0x00004d50      0x377 ..\obj\porttimer.o
 .debug_line    0x000050c7      0x528 ..\obj\mbrtu.o
 .debug_line    0x000055ef      0x23f ..\obj\system_stm32f4xx.o
 .debug_line    0x0000582e      0x494 ..\obj\stm32f4xx_dma.o
 .debug_line    0x00005cc2      0x3e2 ..\obj\portserial.o
 .debug_line    0x000060a4      0x497 ..\obj\mbfunccoils.o
 .debug_line    0x0000653b      0x337 ..\obj\stm32f4xx_exti.o
 .debug_line    0x00006872      0x2ef ..\obj\misc.o
 .debug_line    0x00006b61      0x50e ..\obj\svpwm.o
 .debug_line    0x0000706f      0x59d ..\obj\mbascii.o
 .debug_line    0x0000760c      0x276 ..\obj\pid.o
 .debug_line    0x00007882      0xb81 ..\obj\stm32f4xx_tim.o

.debug_str      0x00000000     0x51dc
 .debug_str     0x00000000      0x2fc ..\obj\stm32f4xx_syscfg.o
                                0x35a (size before relaxing)
 .debug_str     0x000002fc      0x8b7 ..\obj\mb.o
                                0xaa3 (size before relaxing)
 .debug_str     0x00000bb3       0xed ..\obj\mbfuncdisc.o
                                0x82e (size before relaxing)
 .debug_str     0x00000ca0       0x86 ..\obj\portevent.o
                                0x2d6 (size before relaxing)
 .debug_str     0x00000d26       0xe2 ..\obj\mbfuncother.o
                                0x832 (size before relaxing)
 .debug_str     0x00000e08      0x51b ..\obj\stm32f4xx_usart.o
                                0x71e (size before relaxing)
 .debug_str     0x00001323       0xdf ..\obj\mbutils.o
                                0x836 (size before relaxing)
 .debug_str     0x00001402      0x2b7 ..\obj\stm32f4xx_dac.o
                                0x4b9 (size before relaxing)
 .debug_str     0x000016b9       0xe3 ..\obj\startup_stm32f4xx.o
                                0x19d (size before relaxing)
 .debug_str     0x0000179c      0x181 ..\obj\mbfuncholding.o
                                0x90b (size before relaxing)
 .debug_str     0x0000191d      0xc72 ..\obj\main.o
                               0x1023 (size before relaxing)
 .debug_str     0x0000258f       0x7a ..\obj\mbcrc.o
                                0x22e (size before relaxing)
 .debug_str     0x00002609      0x58b ..\obj\stm32f4xx_rcc.o
                                0x89f (size before relaxing)
 .debug_str     0x00002b94      0x336 ..\obj\foc.o
                                0x9bd (size before relaxing)
 .debug_str     0x00002eca      0x5ac ..\obj\stm32f4xx_adc.o
                                0x86a (size before relaxing)
 .debug_str     0x00003476       0x7c ..\obj\mbfuncinput.o
                                0x81f (size before relaxing)
 .debug_str     0x000034f2      0x25a ..\obj\encoder.o
                                0xe9c (size before relaxing)
 .debug_str     0x0000374c      0x13a ..\obj\stm32f4xx_gpio.o
                                0x509 (size before relaxing)
 .debug_str     0x00003886      0x11a ..\obj\porttimer.o
                                0xa3d (size before relaxing)
 .debug_str     0x000039a0      0x222 ..\obj\mbrtu.o
                                0x99f (size before relaxing)
 .debug_str     0x00003bc2      0x103 ..\obj\system_stm32f4xx.o
                                0x3e9 (size before relaxing)
 .debug_str     0x00003cc5      0x3a0 ..\obj\stm32f4xx_dma.o
                                0x591 (size before relaxing)
 .debug_str     0x00004065       0xca ..\obj\portserial.o
                                0xcd3 (size before relaxing)
 .debug_str     0x0000412f       0xd9 ..\obj\mbfunccoils.o
                                0x893 (size before relaxing)
 .debug_str     0x00004208       0xda ..\obj\stm32f4xx_exti.o
                                0x3a8 (size before relaxing)
 .debug_str     0x000042e2      0x15c ..\obj\misc.o
                                0x41d (size before relaxing)
 .debug_str     0x0000443e      0x39d ..\obj\svpwm.o
                               0x13a4 (size before relaxing)
 .debug_str     0x000047db      0x1ba ..\obj\mbascii.o
                                0xa35 (size before relaxing)
 .debug_str     0x00004995       0xc8 ..\obj\pid.o
                                0x6be (size before relaxing)
 .debug_str     0x00004a5d      0x77f ..\obj\stm32f4xx_tim.o
                                0xe4d (size before relaxing)

.debug_frame    0x00000000     0x2450
 .debug_frame   0x00000000       0x84 ..\obj\stm32f4xx_syscfg.o
 .debug_frame   0x00000084       0xb8 ..\obj\mb.o
 .debug_frame   0x0000013c       0x38 ..\obj\mbfuncdisc.o
 .debug_frame   0x00000174       0x40 ..\obj\portevent.o
 .debug_frame   0x000001b4       0x48 ..\obj\mbfuncother.o
 .debug_frame   0x000001fc      0x224 ..\obj\stm32f4xx_usart.o
 .debug_frame   0x00000420       0x58 ..\obj\mbutils.o
 .debug_frame   0x00000478      0x150 ..\obj\stm32f4xx_dac.o
 .debug_frame   0x000005c8       0x30 ..\obj\startup_stm32f4xx.o
 .debug_frame   0x000005f8       0xac ..\obj\mbfuncholding.o
 .debug_frame   0x000006a4      0x120 ..\obj\main.o
 .debug_frame   0x000007c4       0x2c ..\obj\mbcrc.o
 .debug_frame   0x000007f0      0x2e8 ..\obj\stm32f4xx_rcc.o
 .debug_frame   0x00000ad8      0x148 ..\obj\foc.o
 .debug_frame   0x00000c20      0x2b4 ..\obj\stm32f4xx_adc.o
 .debug_frame   0x00000ed4       0x38 ..\obj\mbfuncinput.o
 .debug_frame   0x00000f0c      0x19c ..\obj\encoder.o
 .debug_frame   0x000010a8      0x124 ..\obj\stm32f4xx_gpio.o
 .debug_frame   0x000011cc       0x7c ..\obj\porttimer.o
 .debug_frame   0x00001248       0xec ..\obj\mbrtu.o
 .debug_frame   0x00001334       0x44 ..\obj\system_stm32f4xx.o
 .debug_frame   0x00001378      0x160 ..\obj\stm32f4xx_dma.o
 .debug_frame   0x000014d8       0xac ..\obj\portserial.o
 .debug_frame   0x00001584       0x78 ..\obj\mbfunccoils.o
 .debug_frame   0x000015fc       0x9c ..\obj\stm32f4xx_exti.o
 .debug_frame   0x00001698       0x68 ..\obj\misc.o
 .debug_frame   0x00001700      0x158 ..\obj\svpwm.o
 .debug_frame   0x00001858       0xf0 ..\obj\mbascii.o
 .debug_frame   0x00001948       0xa0 ..\obj\pid.o
 .debug_frame   0x000019e8      0x6bc ..\obj\stm32f4xx_tim.o
 .debug_frame   0x000020a4       0x34 c:/program files (x86)/gnu tools arm embedded/6 2017-q1-update/bin/../lib/gcc/arm-none-eabi/6.3.1/../../../../arm-none-eabi/lib/thumb/v7e-m/fpv4-sp/hard\libm.a(lib_a-sf_cos.o)
 .debug_frame   0x000020d8       0x34 c:/program files (x86)/gnu tools arm embedded/6 2017-q1-update/bin/../lib/gcc/arm-none-eabi/6.3.1/../../../../arm-none-eabi/lib/thumb/v7e-m/fpv4-sp/hard\libm.a(lib_a-sf_sin.o)
 .debug_frame   0x0000210c       0x3c c:/program files (x86)/gnu tools arm embedded/6 2017-q1-update/bin/../lib/gcc/arm-none-eabi/6.3.1/../../../../arm-none-eabi/lib/thumb/v7e-m/fpv4-sp/hard\libm.a(lib_a-ef_rem_pio2.o)
 .debug_frame   0x00002148       0x20 c:/program files (x86)/gnu tools arm embedded/6 2017-q1-update/bin/../lib/gcc/arm-none-eabi/6.3.1/../../../../arm-none-eabi/lib/thumb/v7e-m/fpv4-sp/hard\libm.a(lib_a-kf_cos.o)
 .debug_frame   0x00002168       0x5c c:/program files (x86)/gnu tools arm embedded/6 2017-q1-update/bin/../lib/gcc/arm-none-eabi/6.3.1/../../../../arm-none-eabi/lib/thumb/v7e-m/fpv4-sp/hard\libm.a(lib_a-kf_rem_pio2.o)
 .debug_frame   0x000021c4       0x20 c:/program files (x86)/gnu tools arm embedded/6 2017-q1-update/bin/../lib/gcc/arm-none-eabi/6.3.1/../../../../arm-none-eabi/lib/thumb/v7e-m/fpv4-sp/hard\libm.a(lib_a-kf_sin.o)
 .debug_frame   0x000021e4       0x20 c:/program files (x86)/gnu tools arm embedded/6 2017-q1-update/bin/../lib/gcc/arm-none-eabi/6.3.1/../../../../arm-none-eabi/lib/thumb/v7e-m/fpv4-sp/hard\libm.a(lib_a-sf_fabs.o)
 .debug_frame   0x00002204       0x20 c:/program files (x86)/gnu tools arm embedded/6 2017-q1-update/bin/../lib/gcc/arm-none-eabi/6.3.1/../../../../arm-none-eabi/lib/thumb/v7e-m/fpv4-sp/hard\libm.a(lib_a-sf_floor.o)
 .debug_frame   0x00002224       0x44 c:/program files (x86)/gnu tools arm embedded/6 2017-q1-update/bin/../lib/gcc/arm-none-eabi/6.3.1/../../../../arm-none-eabi/lib/thumb/v7e-m/fpv4-sp/hard\libm.a(lib_a-sf_scalbn.o)
 .debug_frame   0x00002268       0x20 c:/program files (x86)/gnu tools arm embedded/6 2017-q1-update/bin/../lib/gcc/arm-none-eabi/6.3.1/../../../../arm-none-eabi/lib/thumb/v7e-m/fpv4-sp/hard\libm.a(lib_a-sf_copysign.o)
 .debug_frame   0x00002288       0x34 c:/program files (x86)/gnu tools arm embedded/6 2017-q1-update/bin/../lib/gcc/arm-none-eabi/6.3.1/../../../../arm-none-eabi/lib/thumb/v7e-m/fpv4-sp/hard\libc.a(lib_a-memset.o)
 .debug_frame   0x000022bc       0x5c c:/program files (x86)/gnu tools arm embedded/6 2017-q1-update/bin/../lib/gcc/arm-none-eabi/6.3.1/../../../../arm-none-eabi/lib/thumb/v7e-m/fpv4-sp/hard\libc.a(lib_a-__call_atexit.o)
 .debug_frame   0x00002318       0x20 c:/program files (x86)/gnu tools arm embedded/6 2017-q1-update/bin/../lib/gcc/arm-none-eabi/6.3.1/../../../../arm-none-eabi/lib/thumb/v7e-m/fpv4-sp/hard\libc.a(lib_a-atexit.o)
 .debug_frame   0x00002338       0x34 c:/program files (x86)/gnu tools arm embedded/6 2017-q1-update/bin/../lib/gcc/arm-none-eabi/6.3.1/../../../../arm-none-eabi/lib/thumb/v7e-m/fpv4-sp/hard\libc.a(lib_a-fini.o)
 .debug_frame   0x0000236c       0xb0 c:/program files (x86)/gnu tools arm embedded/6 2017-q1-update/bin/../lib/gcc/arm-none-eabi/6.3.1/../../../../arm-none-eabi/lib/thumb/v7e-m/fpv4-sp/hard\libc.a(lib_a-lock.o)
 .debug_frame   0x0000241c       0x34 c:/program files (x86)/gnu tools arm embedded/6 2017-q1-update/bin/../lib/gcc/arm-none-eabi/6.3.1/../../../../arm-none-eabi/lib/thumb/v7e-m/fpv4-sp/hard\libc.a(lib_a-__atexit.o)
