Archive member included to satisfy reference by file (symbol)

c:/program files (x86)/gnu tools arm embedded/6 2017-q1-update/bin/../lib/gcc/arm-none-eabi/6.3.1/../../../../arm-none-eabi/lib/thumb/v7e-m/fpv4-sp/hard\libm.a(lib_a-sf_cos.o)
                              ..\obj\encoder.o (cosf)
c:/program files (x86)/gnu tools arm embedded/6 2017-q1-update/bin/../lib/gcc/arm-none-eabi/6.3.1/../../../../arm-none-eabi/lib/thumb/v7e-m/fpv4-sp/hard\libm.a(lib_a-sf_sin.o)
                              ..\obj\encoder.o (sinf)
c:/program files (x86)/gnu tools arm embedded/6 2017-q1-update/bin/../lib/gcc/arm-none-eabi/6.3.1/../../../../arm-none-eabi/lib/thumb/v7e-m/fpv4-sp/hard\libm.a(lib_a-wf_sqrt.o)
                              ..\obj\main.o (sqrtf)
c:/program files (x86)/gnu tools arm embedded/6 2017-q1-update/bin/../lib/gcc/arm-none-eabi/6.3.1/../../../../arm-none-eabi/lib/thumb/v7e-m/fpv4-sp/hard\libm.a(lib_a-ef_rem_pio2.o)
                              c:/program files (x86)/gnu tools arm embedded/6 2017-q1-update/bin/../lib/gcc/arm-none-eabi/6.3.1/../../../../arm-none-eabi/lib/thumb/v7e-m/fpv4-sp/hard\libm.a(lib_a-sf_cos.o) (__ieee754_rem_pio2f)
c:/program files (x86)/gnu tools arm embedded/6 2017-q1-update/bin/../lib/gcc/arm-none-eabi/6.3.1/../../../../arm-none-eabi/lib/thumb/v7e-m/fpv4-sp/hard\libm.a(lib_a-ef_sqrt.o)
                              c:/program files (x86)/gnu tools arm embedded/6 2017-q1-update/bin/../lib/gcc/arm-none-eabi/6.3.1/../../../../arm-none-eabi/lib/thumb/v7e-m/fpv4-sp/hard\libm.a(lib_a-wf_sqrt.o) (__ieee754_sqrtf)
c:/program files (x86)/gnu tools arm embedded/6 2017-q1-update/bin/../lib/gcc/arm-none-eabi/6.3.1/../../../../arm-none-eabi/lib/thumb/v7e-m/fpv4-sp/hard\libm.a(lib_a-kf_cos.o)
                              c:/program files (x86)/gnu tools arm embedded/6 2017-q1-update/bin/../lib/gcc/arm-none-eabi/6.3.1/../../../../arm-none-eabi/lib/thumb/v7e-m/fpv4-sp/hard\libm.a(lib_a-sf_cos.o) (__kernel_cosf)
c:/program files (x86)/gnu tools arm embedded/6 2017-q1-update/bin/../lib/gcc/arm-none-eabi/6.3.1/../../../../arm-none-eabi/lib/thumb/v7e-m/fpv4-sp/hard\libm.a(lib_a-kf_rem_pio2.o)
                              c:/program files (x86)/gnu tools arm embedded/6 2017-q1-update/bin/../lib/gcc/arm-none-eabi/6.3.1/../../../../arm-none-eabi/lib/thumb/v7e-m/fpv4-sp/hard\libm.a(lib_a-ef_rem_pio2.o) (__kernel_rem_pio2f)
c:/program files (x86)/gnu tools arm embedded/6 2017-q1-update/bin/../lib/gcc/arm-none-eabi/6.3.1/../../../../arm-none-eabi/lib/thumb/v7e-m/fpv4-sp/hard\libm.a(lib_a-kf_sin.o)
                              c:/program files (x86)/gnu tools arm embedded/6 2017-q1-update/bin/../lib/gcc/arm-none-eabi/6.3.1/../../../../arm-none-eabi/lib/thumb/v7e-m/fpv4-sp/hard\libm.a(lib_a-sf_cos.o) (__kernel_sinf)
c:/program files (x86)/gnu tools arm embedded/6 2017-q1-update/bin/../lib/gcc/arm-none-eabi/6.3.1/../../../../arm-none-eabi/lib/thumb/v7e-m/fpv4-sp/hard\libm.a(lib_a-s_lib_ver.o)
                              c:/program files (x86)/gnu tools arm embedded/6 2017-q1-update/bin/../lib/gcc/arm-none-eabi/6.3.1/../../../../arm-none-eabi/lib/thumb/v7e-m/fpv4-sp/hard\libm.a(lib_a-wf_sqrt.o) (__fdlib_version)
c:/program files (x86)/gnu tools arm embedded/6 2017-q1-update/bin/../lib/gcc/arm-none-eabi/6.3.1/../../../../arm-none-eabi/lib/thumb/v7e-m/fpv4-sp/hard\libm.a(lib_a-s_matherr.o)
                              c:/program files (x86)/gnu tools arm embedded/6 2017-q1-update/bin/../lib/gcc/arm-none-eabi/6.3.1/../../../../arm-none-eabi/lib/thumb/v7e-m/fpv4-sp/hard\libm.a(lib_a-wf_sqrt.o) (matherr)
c:/program files (x86)/gnu tools arm embedded/6 2017-q1-update/bin/../lib/gcc/arm-none-eabi/6.3.1/../../../../arm-none-eabi/lib/thumb/v7e-m/fpv4-sp/hard\libm.a(lib_a-sf_fabs.o)
                              c:/program files (x86)/gnu tools arm embedded/6 2017-q1-update/bin/../lib/gcc/arm-none-eabi/6.3.1/../../../../arm-none-eabi/lib/thumb/v7e-m/fpv4-sp/hard\libm.a(lib_a-ef_rem_pio2.o) (fabsf)
c:/program files (x86)/gnu tools arm embedded/6 2017-q1-update/bin/../lib/gcc/arm-none-eabi/6.3.1/../../../../arm-none-eabi/lib/thumb/v7e-m/fpv4-sp/hard\libm.a(lib_a-sf_floor.o)
                              c:/program files (x86)/gnu tools arm embedded/6 2017-q1-update/bin/../lib/gcc/arm-none-eabi/6.3.1/../../../../arm-none-eabi/lib/thumb/v7e-m/fpv4-sp/hard\libm.a(lib_a-kf_rem_pio2.o) (floorf)
c:/program files (x86)/gnu tools arm embedded/6 2017-q1-update/bin/../lib/gcc/arm-none-eabi/6.3.1/../../../../arm-none-eabi/lib/thumb/v7e-m/fpv4-sp/hard\libm.a(lib_a-sf_scalbn.o)
                              c:/program files (x86)/gnu tools arm embedded/6 2017-q1-update/bin/../lib/gcc/arm-none-eabi/6.3.1/../../../../arm-none-eabi/lib/thumb/v7e-m/fpv4-sp/hard\libm.a(lib_a-kf_rem_pio2.o) (scalbnf)
c:/program files (x86)/gnu tools arm embedded/6 2017-q1-update/bin/../lib/gcc/arm-none-eabi/6.3.1/../../../../arm-none-eabi/lib/thumb/v7e-m/fpv4-sp/hard\libm.a(lib_a-sf_copysign.o)
[...]
Memory Configuration

Name             Origin             Length             Attributes
rom              0x08000000         0x00100000         xr
ram              0x20000000         0x00020000         xrw
ram1             0x10000000         0x00010000         xrw
*default*        0x00000000         0xffffffff

Linker script and memory map

LOAD c:/program files (x86)/gnu tools arm embedded/6 2017-q1-update/bin/../lib/gcc/arm-none-eabi/6.3.1/thumb/v7e-m/fpv4-sp/hard/crti.o
LOAD c:/program files (x86)/gnu tools arm embedded/6 2017-q1-update/bin/../lib/gcc/arm-none-eabi/6.3.1/thumb/v7e-m/fpv4-sp/hard/crtbegin.o
LOAD c:/program files (x86)/gnu tools arm embedded/6 2017-q1-update/bin/../lib/gcc/arm-none-eabi/6.3.1/../../../../arm-none-eabi/lib/thumb/v7e-m/fpv4-sp/hard/crt0.o
                0x20020000                _eram = 0x20020000

.text           0x08000000     0x5950
 *(.isr_vector)
 .isr_vector    0x08000000      0x188 ..\obj\startup_stm32f4xx.o
                0x08000000                g_pfnVectors
 *(.text*)
 .text          0x08000188       0x6c c:/program files (x86)/gnu tools arm embedded/6 2017-q1-update/bin/../lib/gcc/arm-none-eabi/6.3.1/thumb/v7e-m/fpv4-sp/hard/crtbegin.o
 .text.SYSCFG_EXTILineConfig
                0x080001f4       0x2a ..\obj\stm32f4xx_syscfg.o
                0x080001f4                SYSCFG_EXTILineConfig
 *fill*         0x0800021e        0x2 
 .text.eMBInit  0x08000220       0xdc ..\obj\mb.o
                0x08000220                eMBInit
 .text.eMBEnable
                0x080002fc       0x24 ..\obj\mb.o
                0x080002fc                eMBEnable
 .text.eMBPoll  0x08000320       0xd4 ..\obj\mb.o
                0x08000320                eMBPoll
 .text.eMBFuncReadDiscreteInputs
                0x080003f4       0x6a ..\obj\mbfuncdisc.o
                0x080003f4                eMBFuncReadDiscreteInputs
 *fill*         0x0800045e        0x2 
 .text.xMBPortEventInit
                0x08000460       0x10 ..\obj\portevent.o
                0x08000460                xMBPortEventInit
 .text.xMBPortEventPost
                0x08000470       0x10 ..\obj\portevent.o
                0x08000470                xMBPortEventPost
 .text.xMBPortEventGet
                0x08000480       0x18 ..\obj\portevent.o
                0x08000480                xMBPortEventGet
 .text.eMBFuncReportSlaveID
                0x08000498       0x1c ..\obj\mbfuncother.o
                0x08000498                eMBFuncReportSlaveID
 .text.USART_DeInit
                0x080004b4       0xb0 ..\obj\stm32f4xx_usart.o
                0x080004b4                USART_DeInit
 .text.USART_Init
                0x08000564       0xb4 ..\obj\stm32f4xx_usart.o
                0x08000564                USART_Init
 .text.USART_ClockInit
                0x08000618       0x20 ..\obj\stm32f4xx_usart.o
                0x08000618                USART_ClockInit
 .text.USART_ClockStructInit
                0x08000638        0xc ..\obj\stm32f4xx_usart.o
                0x08000638                USART_ClockStructInit
 .text.USART_Cmd
                0x08000644       0x18 ..\obj\stm32f4xx_usart.o
                0x08000644                USART_Cmd
 .text.USART_SendData
                0x0800065c        0x8 ..\obj\stm32f4xx_usart.o
                0x0800065c                USART_SendData
 .text.USART_ReceiveData
                0x08000664        0x8 ..\obj\stm32f4xx_usart.o
                0x08000664                USART_ReceiveData
 .text.USART_ITConfig
                0x0800066c       0x32 ..\obj\stm32f4xx_usart.o
                0x0800066c                USART_ITConfig
 .text.USART_GetITStatus
                0x0800069e       0x40 ..\obj\stm32f4xx_usart.o
                0x0800069e                USART_GetITStatus
 .text.USART_ClearITPendingBit
                0x080006de        0xe ..\obj\stm32f4xx_usart.o
                0x080006de                USART_ClearITPendingBit
 .text.prveMBError2Exception
                0x080006ec       0x10 ..\obj\mbutils.o
                0x080006ec                prveMBError2Exception
 .text.DAC_Init
                0x080006fc       0x2c ..\obj\stm32f4xx_dac.o
                0x080006fc                DAC_Init
 .text.DAC_StructInit
                0x08000728        0xc ..\obj\stm32f4xx_dac.o
                0x08000728                DAC_StructInit
 .text.DAC_Cmd  0x08000734       0x20 ..\obj\stm32f4xx_dac.o
                0x08000734                DAC_Cmd
 .text.DAC_SetDualChannelData
                0x08000754       0x18 ..\obj\stm32f4xx_dac.o
                0x08000754                DAC_SetDualChannelData
 .text.Default_Handler
                0x0800076c        0x2 ..\obj\startup_stm32f4xx.o
                0x0800076c                RTC_Alarm_IRQHandler
                0x0800076c                HASH_RNG_IRQHandler
                0x0800076c                EXTI2_IRQHandler
                0x0800076c                TIM8_CC_IRQHandler
                0x0800076c                DebugMon_Handler
                0x0800076c                TIM1_CC_IRQHandler
                0x0800076c                DMA2_Stream5_IRQHandler
                0x0800076c                HardFault_Handler
                0x0800076c                DMA1_Stream5_IRQHandler
                0x0800076c                SysTick_Handler
                0x0800076c                PVD_IRQHandler
                0x0800076c                SDIO_IRQHandler
                0x0800076c                TAMP_STAMP_IRQHandler
                0x0800076c                PendSV_Handler
                0x0800076c                NMI_Handler
                0x0800076c                CAN2_RX1_IRQHandler
                0x0800076c                EXTI3_IRQHandler
                0x0800076c                TIM8_TRG_COM_TIM14_IRQHandler
                0x0800076c                TIM8_UP_TIM13_IRQHandler
                0x0800076c                I2C3_ER_IRQHandler
                0x0800076c                EXTI0_IRQHandler
                0x0800076c                I2C2_EV_IRQHandler
                0x0800076c                DMA1_Stream2_IRQHandler
                0x0800076c                CAN1_RX0_IRQHandler
                0x0800076c                FPU_IRQHandler
                0x0800076c                OTG_HS_WKUP_IRQHandler
                0x0800076c                UsageFault_Handler
                0x0800076c                CAN2_SCE_IRQHandler
                0x0800076c                DMA2_Stream2_IRQHandler
                0x0800076c                SPI1_IRQHandler
                0x0800076c                TIM6_DAC_IRQHandler
                0x0800076c                TIM1_BRK_TIM9_IRQHandler
                0x0800076c                DCMI_IRQHandler
                0x0800076c                CAN2_RX0_IRQHandler
                0x0800076c                DMA2_Stream3_IRQHandler
                0x0800076c                USART6_IRQHandler
                0x0800076c                CRYP_IRQHandler
                0x0800076c                CAN1_RX1_IRQHandler
                0x0800076c                UART5_IRQHandler
                0x0800076c                DMA2_Stream0_IRQHandler
                0x0800076c                TIM4_IRQHandler
                0x0800076c                I2C1_EV_IRQHandler
                0x0800076c                DMA1_Stream6_IRQHandler
                0x0800076c                UART4_IRQHandler
                0x0800076c                TIM3_IRQHandler
                0x0800076c                RCC_IRQHandler
                0x0800076c                TIM8_BRK_TIM12_IRQHandler
                0x0800076c                DMA1_Stream7_IRQHandler
                0x0800076c                CAN2_TX_IRQHandler
                0x0800076c                TIM5_IRQHandler
                0x0800076c                DMA2_Stream7_IRQHandler
                0x0800076c                I2C3_EV_IRQHandler
                0x0800076c                RTC_WKUP_IRQHandler
                0x0800076c                ETH_WKUP_IRQHandler
                0x0800076c                SPI2_IRQHandler
                0x0800076c                OTG_HS_EP1_IN_IRQHandler
                0x0800076c                MemManage_Handler
                0x0800076c                DMA1_Stream0_IRQHandler
                0x0800076c                CAN1_TX_IRQHandler
                0x0800076c                SVC_Handler
                0x0800076c                EXTI4_IRQHandler
                0x0800076c                FSMC_IRQHandler
                0x0800076c                ETH_IRQHandler
                0x0800076c                OTG_HS_EP1_OUT_IRQHandler
                0x0800076c                WWDG_IRQHandler
                0x0800076c                TIM2_IRQHandler
                0x0800076c                OTG_FS_WKUP_IRQHandler
                0x0800076c                TIM1_TRG_COM_TIM11_IRQHandler
                0x0800076c                OTG_HS_IRQHandler
                0x0800076c                EXTI1_IRQHandler
                0x0800076c                USART2_IRQHandler
                0x0800076c                I2C2_ER_IRQHandler
                0x0800076c                DMA2_Stream1_IRQHandler
                0x0800076c                CAN1_SCE_IRQHandler
                0x0800076c                FLASH_IRQHandler
                0x0800076c                DMA2_Stream4_IRQHandler
                0x0800076c                BusFault_Handler
                0x0800076c                USART1_IRQHandler
                0x0800076c                OTG_FS_IRQHandler
                0x0800076c                SPI3_IRQHandler
                0x0800076c                DMA1_Stream4_IRQHandler
                0x0800076c                I2C1_ER_IRQHandler
                0x0800076c                DMA2_Stream6_IRQHandler
                0x0800076c                DMA1_Stream3_IRQHandler
 *fill*         0x0800076e        0x2 
 .text.Default_Reset_Handler
                0x08000770       0x50 ..\obj\startup_stm32f4xx.o
                0x08000770                Default_Reset_Handler
                0x08000770                Reset_Handler
 .text.eMBFuncWriteHoldingRegister
                0x080007c0       0x2e ..\obj\mbfuncholding.o
                0x080007c0                eMBFuncWriteHoldingRegister
 .text.eMBFuncWriteMultipleHoldingRegister
                0x080007ee       0x4a ..\obj\mbfuncholding.o
                0x080007ee                eMBFuncWriteMultipleHoldingRegister
 .text.eMBFuncReadHoldingRegister
                0x08000838       0x58 ..\obj\mbfuncholding.o
                0x08000838                eMBFuncReadHoldingRegister
 .text.eMBFuncReadWriteMultipleHoldingRegister
                0x08000890       0x9c ..\obj\mbfuncholding.o
                0x08000890                eMBFuncReadWriteMultipleHoldingRegister
 .text.EXTI9_5_IRQHandler
                0x0800092c       0x48 ..\obj\main.o
                0x0800092c                EXTI9_5_IRQHandler
 .text.eMBRegHoldingCB
                0x08000974       0x70 ..\obj\main.o
                0x08000974                eMBRegHoldingCB
 .text.eMBRegCoilsCB
                0x080009e4        0x4 ..\obj\main.o
                0x080009e4                eMBRegCoilsCB
 .text.eMBRegDiscreteCB
                0x080009e8        0x4 ..\obj\main.o
                0x080009e8                eMBRegDiscreteCB
 .text.eMBRegInputCB
                0x080009ec        0x4 ..\obj\main.o
                0x080009ec                eMBRegInputCB
 .text.Configure_PC6
                0x080009f0       0x78 ..\obj\main.o
                0x080009f0                Configure_PC6
 .text.boardInit
                0x08000a68       0xcc ..\obj\main.o
                0x08000a68                boardInit
 .text.startup.main
                0x08000b34      0x2e4 ..\obj\main.o
                0x08000b34                main
 .text.usMBCRC16
                0x08000e18       0x2c ..\obj\mbcrc.o
                0x08000e18                usMBCRC16
 .text.RCC_GetClocksFreq
                0x08000e44       0x88 ..\obj\stm32f4xx_rcc.o
                0x08000e44                RCC_GetClocksFreq
 .text.RCC_AHB1PeriphClockCmd
                0x08000ecc       0x18 ..\obj\stm32f4xx_rcc.o
                0x08000ecc                RCC_AHB1PeriphClockCmd
 .text.RCC_APB1PeriphClockCmd
                0x08000ee4       0x18 ..\obj\stm32f4xx_rcc.o
                0x08000ee4                RCC_APB1PeriphClockCmd
 .text.RCC_APB2PeriphClockCmd
                0x08000efc       0x18 ..\obj\stm32f4xx_rcc.o
                0x08000efc                RCC_APB2PeriphClockCmd
 .text.RCC_APB1PeriphResetCmd
                0x08000f14       0x18 ..\obj\stm32f4xx_rcc.o
                0x08000f14                RCC_APB1PeriphResetCmd
 .text.RCC_APB2PeriphResetCmd
                0x08000f2c       0x18 ..\obj\stm32f4xx_rcc.o
                0x08000f2c                RCC_APB2PeriphResetCmd
 .text.initDAC  0x08000f44       0x5c ..\obj\foc.o
                0x08000f44                initDAC
 .text.focInit  0x08000fa0      0x130 ..\obj\foc.o
                0x08000fa0                focInit
 .text.mcFocSetAngle
                0x080010d0       0x2a ..\obj\foc.o
                0x080010d0                mcFocSetAngle
 .text.mcFocCalcCurrent
                0x080010fa       0x36 ..\obj\foc.o
                0x080010fa                mcFocCalcCurrent
 .text.mcClark  0x08001130       0x28 ..\obj\foc.o
                0x08001130                mcClark
 .text.mcPark   0x08001158       0x2a ..\obj\foc.o
                0x08001158                mcPark
 .text.mcInvPark
                0x08001182       0x2a ..\obj\foc.o
                0x08001182                mcInvPark
 .text.mcInvClark
                0x080011ac       0x3c ..\obj\foc.o
                0x080011ac                mcInvClark
 .text.adc_current_filter
                0x080011e8       0xd4 ..\obj\foc.o
                0x080011e8                adc_current_filter
 *fill*         0x080012bc        0x4 
 .text.ADC_IRQHandler
                0x080012c0      0x3e0 ..\obj\foc.o
                0x080012c0                ADC_IRQHandler
 .text.ADC_Init
                0x080016a0       0x4c ..\obj\stm32f4xx_adc.o
                0x080016a0                ADC_Init
 .text.ADC_StructInit
                0x080016ec       0x14 ..\obj\stm32f4xx_adc.o
                0x080016ec                ADC_StructInit
 .text.ADC_CommonInit
                0x08001700       0x28 ..\obj\stm32f4xx_adc.o
                0x08001700                ADC_CommonInit
 .text.ADC_CommonStructInit
                0x08001728        0xc ..\obj\stm32f4xx_adc.o
                0x08001728                ADC_CommonStructInit
 .text.ADC_Cmd  0x08001734       0x12 ..\obj\stm32f4xx_adc.o
                0x08001734                ADC_Cmd
 .text.ADC_RegularChannelConfig
                0x08001746       0x8c ..\obj\stm32f4xx_adc.o
                0x08001746                ADC_RegularChannelConfig
 .text.ADC_SoftwareStartConv
                0x080017d2        0xa ..\obj\stm32f4xx_adc.o
                0x080017d2                ADC_SoftwareStartConv
 .text.ADC_DMACmd
                0x080017dc       0x12 ..\obj\stm32f4xx_adc.o
                0x080017dc                ADC_DMACmd
 .text.ADC_DMARequestAfterLastTransferCmd
                0x080017ee       0x12 ..\obj\stm32f4xx_adc.o
                0x080017ee                ADC_DMARequestAfterLastTransferCmd
 .text.ADC_InjectedChannelConfig
                0x08001800       0x58 ..\obj\stm32f4xx_adc.o
                0x08001800                ADC_InjectedChannelConfig
 .text.ADC_InjectedSequencerLengthConfig
                0x08001858       0x10 ..\obj\stm32f4xx_adc.o
                0x08001858                ADC_InjectedSequencerLengthConfig
 .text.ADC_ExternalTrigInjectedConvConfig
                0x08001868        0xc ..\obj\stm32f4xx_adc.o
                0x08001868                ADC_ExternalTrigInjectedConvConfig
 .text.ADC_ExternalTrigInjectedConvEdgeConfig
                0x08001874        0xc ..\obj\stm32f4xx_adc.o
                0x08001874                ADC_ExternalTrigInjectedConvEdgeConfig
 .text.ADC_AutoInjectedConvCmd
                0x08001880       0x12 ..\obj\stm32f4xx_adc.o
                0x08001880                ADC_AutoInjectedConvCmd
 .text.ADC_InjectedDiscModeCmd
                0x08001892       0x12 ..\obj\stm32f4xx_adc.o
                0x08001892                ADC_InjectedDiscModeCmd
 .text.ADC_GetInjectedConversionValue
                0x080018a4       0x1a ..\obj\stm32f4xx_adc.o
                0x080018a4                ADC_GetInjectedConversionValue
 .text.ADC_ITConfig
                0x080018be       0x18 ..\obj\stm32f4xx_adc.o
                0x080018be                ADC_ITConfig
 .text.ADC_ClearITPendingBit
                0x080018d6        0x8 ..\obj\stm32f4xx_adc.o
                0x080018d6                ADC_ClearITPendingBit
 .text.eMBFuncReadInputRegister
                0x080018de       0x58 ..\obj\mbfuncinput.o
                0x080018de                eMBFuncReadInputRegister
 *fill*         0x08001936        0x2 
 .text.encoderInitZ
                0x08001938       0x80 ..\obj\encoder.o
                0x08001938                encoderInitZ
 .text.initHall
                0x080019b8       0x3c ..\obj\encoder.o
                0x080019b8                initHall
 .text.iEncoderGetAbsPos
                0x080019f4        0xa ..\obj\encoder.o
                0x080019f4                iEncoderGetAbsPos
 .text.encoderAddOffset
                0x080019fe       0x20 ..\obj\encoder.o
                0x080019fe                encoderAddOffset
 *fill*         0x08001a1e        0x2 
 .text.EXTI15_10_IRQHandler
                0x08001a20       0x28 ..\obj\encoder.o
                0x08001a20                EXTI15_10_IRQHandler
 .text.readRawHallInput
                0x08001a48       0x2c ..\obj\encoder.o
                0x08001a48                readRawHallInput
 .text.readHallMap
                0x08001a74       0x14 ..\obj\encoder.o
                0x08001a74                readHallMap
 .text.readRawEncoderWithUVW
                0x08001a88       0x9c ..\obj\encoder.o
                0x08001a88                readRawEncoderWithUVW
 .text.createSinCosTable
                0x08001b24       0x5c ..\obj\encoder.o
                0x08001b24                createSinCosTable
 .text.fSinAngle
                0x08001b80       0x10 ..\obj\encoder.o
                0x08001b80                fSinAngle
 .text.fCosAngle
                0x08001b90       0x10 ..\obj\encoder.o
                0x08001b90                fCosAngle
 .text.initTim10
                0x08001ba0       0xc0 ..\obj\encoder.o
                0x08001ba0                initTim10
 .text.initEncoder
                0x08001c60      0x1a8 ..\obj\encoder.o
                0x08001c60                initEncoder
 .text.TIM1_UP_TIM10_IRQHandler
                0x08001e08       0x34 ..\obj\encoder.o
                0x08001e08                TIM1_UP_TIM10_IRQHandler
 .text.GPIO_Init
                0x08001e3c       0x9c ..\obj\stm32f4xx_gpio.o
                0x08001e3c                GPIO_Init
 .text.GPIO_StructInit
                0x08001ed8       0x12 ..\obj\stm32f4xx_gpio.o
                0x08001ed8                GPIO_StructInit
 .text.GPIO_ReadInputData
                0x08001eea        0x6 ..\obj\stm32f4xx_gpio.o
                0x08001eea                GPIO_ReadInputData
 .text.GPIO_SetBits
                0x08001ef0        0x4 ..\obj\stm32f4xx_gpio.o
                0x08001ef0                GPIO_SetBits
 .text.GPIO_ResetBits
                0x08001ef4        0x4 ..\obj\stm32f4xx_gpio.o
                0x08001ef4                GPIO_ResetBits
 .text.GPIO_ToggleBits
                0x08001ef8        0x8 ..\obj\stm32f4xx_gpio.o
                0x08001ef8                GPIO_ToggleBits
 .text.GPIO_PinAFConfig
                0x08001f00       0x24 ..\obj\stm32f4xx_gpio.o
                0x08001f00                GPIO_PinAFConfig
 .text.xMBPortTimersInit
                0x08001f24       0x74 ..\obj\porttimer.o
                0x08001f24                xMBPortTimersInit
 .text.vMBPortTimersEnable
                0x08001f98       0x1c ..\obj\porttimer.o
                0x08001f98                vMBPortTimersEnable
 .text.vMBPortTimersDisable
                0x08001fb4        0xc ..\obj\porttimer.o
                0x08001fb4                vMBPortTimersDisable
 .text.TIM7_IRQHandler
                0x08001fc0       0x28 ..\obj\porttimer.o
                0x08001fc0                TIM7_IRQHandler
 .text.eMBRTUInit
                0x08001fe8       0x3c ..\obj\mbrtu.o
                0x08001fe8                eMBRTUInit
 .text.eMBRTUStart
                0x08002024       0x1c ..\obj\mbrtu.o
                0x08002024                eMBRTUStart
 .text.eMBRTUStop
                0x08002040       0x14 ..\obj\mbrtu.o
                0x08002040                eMBRTUStop
 .text.eMBRTUReceive
                0x08002054       0x48 ..\obj\mbrtu.o
                0x08002054                eMBRTUReceive
 .text.eMBRTUSend
                0x0800209c       0x68 ..\obj\mbrtu.o
                0x0800209c                eMBRTUSend
 .text.xMBRTUReceiveFSM
                0x08002104       0x68 ..\obj\mbrtu.o
                0x08002104                xMBRTUReceiveFSM
 .text.xMBRTUTransmitFSM
                0x0800216c       0x58 ..\obj\mbrtu.o
                0x0800216c                xMBRTUTransmitFSM
 .text.xMBRTUTimerT35Expired
                0x080021c4       0x2c ..\obj\mbrtu.o
                0x080021c4                xMBRTUTimerT35Expired
 .text.SystemInit
                0x080021f0       0xf8 ..\obj\system_stm32f4xx.o
                0x080021f0                SystemInit
 .text.SystemCoreClockUpdate
                0x080022e8       0x70 ..\obj\system_stm32f4xx.o
                0x080022e8                SystemCoreClockUpdate
 .text.DMA_Init
                0x08002358       0x54 ..\obj\stm32f4xx_dma.o
                0x08002358                DMA_Init
 .text.DMA_StructInit
                0x080023ac       0x22 ..\obj\stm32f4xx_dma.o
                0x080023ac                DMA_StructInit
 .text.DMA_Cmd  0x080023ce       0x12 ..\obj\stm32f4xx_dma.o
                0x080023ce                DMA_Cmd
 .text.vMBPortSerialEnable
                0x080023e0       0x54 ..\obj\portserial.o
                0x080023e0                vMBPortSerialEnable
 .text.xMBPortSerialInit
                0x08002434      0x128 ..\obj\portserial.o
                0x08002434                xMBPortSerialInit
 .text.USART3_IRQHandler
                0x0800255c       0x70 ..\obj\portserial.o
                0x0800255c                USART3_IRQHandler
 .text.xMBPortSerialPutByte
                0x080025cc       0x14 ..\obj\portserial.o
                0x080025cc                xMBPortSerialPutByte
 .text.xMBPortSerialGetByte
                0x080025e0       0x14 ..\obj\portserial.o
                0x080025e0                xMBPortSerialGetByte
 .text.eMBFuncReadCoils
                0x080025f4       0x6c ..\obj\mbfunccoils.o
                0x080025f4                eMBFuncReadCoils
 .text.eMBFuncWriteCoil
                0x08002660       0x4a ..\obj\mbfunccoils.o
                0x08002660                eMBFuncWriteCoil
 .text.eMBFuncWriteMultipleCoils
                0x080026aa       0x58 ..\obj\mbfunccoils.o
                0x080026aa                eMBFuncWriteMultipleCoils
 *fill*         0x08002702        0x2 
 .text.EXTI_Init
                0x08002704       0x74 ..\obj\stm32f4xx_exti.o
                0x08002704                EXTI_Init
 .text.EXTI_GetITStatus
                0x08002778       0x1c ..\obj\stm32f4xx_exti.o
                0x08002778                EXTI_GetITStatus
 .text.EXTI_ClearITPendingBit
                0x08002794        0xc ..\obj\stm32f4xx_exti.o
                0x08002794                EXTI_ClearITPendingBit
 .text.NVIC_PriorityGroupConfig
                0x080027a0       0x14 ..\obj\misc.o
                0x080027a0                NVIC_PriorityGroupConfig
 .text.NVIC_Init
                0x080027b4       0x68 ..\obj\misc.o
                0x080027b4                NVIC_Init
 .text.svpwmInitGPIO
                0x0800281c       0x94 ..\obj\svpwm.o
                0x0800281c                svpwmInitGPIO
 .text.svpwmInitTIM
                0x080028b0      0x134 ..\obj\svpwm.o
                0x080028b0                svpwmInitTIM
 .text.RCC_Configuration_Adc1
                0x080029e4       0x20 ..\obj\svpwm.o
                0x080029e4                RCC_Configuration_Adc1
 .text.RCC_Configuration_Adc2
                0x08002a04       0x18 ..\obj\svpwm.o
                0x08002a04                RCC_Configuration_Adc2
 .text.GPIO_Configuration_Adc1
                0x08002a1c       0x60 ..\obj\svpwm.o
                0x08002a1c                GPIO_Configuration_Adc1
 .text.GPIO_Configuration_Adc2
                0x08002a7c       0x3c ..\obj\svpwm.o
                0x08002a7c                GPIO_Configuration_Adc2
 .text.DMAInit  0x08002ab8       0x74 ..\obj\svpwm.o
                0x08002ab8                DMAInit
 .text.svpwmInitADC
                0x08002b2c      0x174 ..\obj\svpwm.o
                0x08002b2c                svpwmInitADC
 .text.svpwmInit
                0x08002ca0        0xe ..\obj\svpwm.o
                0x08002ca0                svpwmInit
 .text.DMA1_Stream1_IRQHandler
                0x08002cae        0x2 ..\obj\svpwm.o
                0x08002cae                DMA1_Stream1_IRQHandler
 .text.mcFocSVPWM_TTHI
                0x08002cb0       0x90 ..\obj\svpwm.o
                0x08002cb0                mcFocSVPWM_TTHI
 .text.FirstOrderLagFilter
                0x08002d40       0x1a ..\obj\filter.o
                0x08002d40                FirstOrderLagFilter
 *fill*         0x08002d5a        0x2 
 .text.eMBASCIIInit
                0x08002d5c       0x34 ..\obj\mbascii.o
                0x08002d5c                eMBASCIIInit
 .text.eMBASCIIStart
                0x08002d90       0x20 ..\obj\mbascii.o
                0x08002d90                eMBASCIIStart
 .text.eMBASCIIStop
                0x08002db0       0x14 ..\obj\mbascii.o
                0x08002db0                eMBASCIIStop
 .text.eMBASCIIReceive
                0x08002dc4       0x5c ..\obj\mbascii.o
                0x08002dc4                eMBASCIIReceive
 .text.eMBASCIISend
                0x08002e20       0x6c ..\obj\mbascii.o
                0x08002e20                eMBASCIISend
 .text.xMBASCIIReceiveFSM
                0x08002e8c       0xf4 ..\obj\mbascii.o
                0x08002e8c                xMBASCIIReceiveFSM
 .text.xMBASCIITransmitFSM
                0x08002f80       0xbc ..\obj\mbascii.o
                0x08002f80                xMBASCIITransmitFSM
 .text.xMBASCIITimerT1SExpired
                0x0800303c       0x1c ..\obj\mbascii.o
                0x0800303c                xMBASCIITimerT1SExpired
 .text.pidInit_test
                0x08003058       0x18 ..\obj\pid.o
                0x08003058                pidInit_test
 .text.pidSetOutLimit_test
                0x08003070        0xa ..\obj\pid.o
                0x08003070                pidSetOutLimit_test
 .text.pidSetIntegralLimit_test
                0x0800307a        0x6 ..\obj\pid.o
                0x0800307a                pidSetIntegralLimit_test
 .text.pidTask_test
                0x08003080       0x92 ..\obj\pid.o
                0x08003080                pidTask_test
 .text.pidInit  0x08003112       0x18 ..\obj\pid.o
                0x08003112                pidInit
 .text.pidSetOutLimit
                0x0800312a        0xa ..\obj\pid.o
                0x0800312a                pidSetOutLimit
 .text.pidSetIntegralLimit
                0x08003134        0xe ..\obj\pid.o
                0x08003134                pidSetIntegralLimit
 .text.pidSetInputRange
                0x08003142        0xe ..\obj\pid.o
                0x08003142                pidSetInputRange
 .text.pidTask  0x08003150       0xcc ..\obj\pid.o
                0x08003150                pidTask
 .text.TI1_Config
                0x0800321c       0x36 ..\obj\stm32f4xx_tim.o
 .text.TI2_Config
                0x08003252       0x3c ..\obj\stm32f4xx_tim.o
 *fill*         0x0800328e        0x2 
 .text.TIM_DeInit
                0x08003290      0x16c ..\obj\stm32f4xx_tim.o
                0x08003290                TIM_DeInit
 .text.TIM_TimeBaseInit
                0x080033fc       0x7c ..\obj\stm32f4xx_tim.o
                0x080033fc                TIM_TimeBaseInit
 .text.TIM_TimeBaseStructInit
                0x08003478       0x12 ..\obj\stm32f4xx_tim.o
                0x08003478                TIM_TimeBaseStructInit
 .text.TIM_SetCounter
                0x0800348a        0x4 ..\obj\stm32f4xx_tim.o
                0x0800348a                TIM_SetCounter
 .text.TIM_ARRPreloadConfig
                0x0800348e       0x18 ..\obj\stm32f4xx_tim.o
                0x0800348e                TIM_ARRPreloadConfig
 .text.TIM_Cmd  0x080034a6       0x18 ..\obj\stm32f4xx_tim.o
                0x080034a6                TIM_Cmd
 *fill*         0x080034be        0x2 
 .text.TIM_OC1Init
                0x080034c0       0x70 ..\obj\stm32f4xx_tim.o
                0x080034c0                TIM_OC1Init
 .text.TIM_OC2Init
                0x08003530       0x80 ..\obj\stm32f4xx_tim.o
                0x08003530                TIM_OC2Init
 .text.TIM_OC3Init
                0x080035b0       0x7c ..\obj\stm32f4xx_tim.o
                0x080035b0                TIM_OC3Init
 .text.TIM_OC4Init
                0x0800362c       0x64 ..\obj\stm32f4xx_tim.o
                0x0800362c                TIM_OC4Init
 .text.TIM_OCStructInit
                0x08003690       0x14 ..\obj\stm32f4xx_tim.o
                0x08003690                TIM_OCStructInit
 .text.TIM_SetCompare1
                0x080036a4        0x4 ..\obj\stm32f4xx_tim.o
                0x080036a4                TIM_SetCompare1
 .text.TIM_SetCompare2
                0x080036a8        0x4 ..\obj\stm32f4xx_tim.o
                0x080036a8                TIM_SetCompare2
 .text.TIM_SetCompare3
                0x080036ac        0x4 ..\obj\stm32f4xx_tim.o
                0x080036ac                TIM_SetCompare3
 .text.TIM_OC1PreloadConfig
                0x080036b0       0x10 ..\obj\stm32f4xx_tim.o
                0x080036b0                TIM_OC1PreloadConfig
 .text.TIM_OC2PreloadConfig
                0x080036c0       0x14 ..\obj\stm32f4xx_tim.o
                0x080036c0                TIM_OC2PreloadConfig
 .text.TIM_OC3PreloadConfig
                0x080036d4       0x10 ..\obj\stm32f4xx_tim.o
                0x080036d4                TIM_OC3PreloadConfig
 .text.TIM_OC4PreloadConfig
                0x080036e4       0x14 ..\obj\stm32f4xx_tim.o
                0x080036e4                TIM_OC4PreloadConfig
 .text.TIM_ICStructInit
                0x080036f8       0x10 ..\obj\stm32f4xx_tim.o
                0x080036f8                TIM_ICStructInit
 .text.TIM_GetCapture1
                0x08003708        0x4 ..\obj\stm32f4xx_tim.o
                0x08003708                TIM_GetCapture1
 .text.TIM_SetIC1Prescaler
                0x0800370c       0x16 ..\obj\stm32f4xx_tim.o
                0x0800370c                TIM_SetIC1Prescaler
 .text.TIM_SetIC2Prescaler
                0x08003722       0x1a ..\obj\stm32f4xx_tim.o
                0x08003722                TIM_SetIC2Prescaler
 .text.TIM_SetIC3Prescaler
                0x0800373c       0x16 ..\obj\stm32f4xx_tim.o
                0x0800373c                TIM_SetIC3Prescaler
 .text.TIM_SetIC4Prescaler
                0x08003752       0x1a ..\obj\stm32f4xx_tim.o
                0x08003752                TIM_SetIC4Prescaler
 .text.TIM_ICInit
                0x0800376c       0xae ..\obj\stm32f4xx_tim.o
                0x0800376c                TIM_ICInit
 .text.TIM_BDTRConfig
                0x0800381a       0x22 ..\obj\stm32f4xx_tim.o
                0x0800381a                TIM_BDTRConfig
 .text.TIM_GetITStatus
                0x0800383c       0x16 ..\obj\stm32f4xx_tim.o
                0x0800383c                TIM_GetITStatus
 .text.TIM_ClearITPendingBit
                0x08003852        0x8 ..\obj\stm32f4xx_tim.o
                0x08003852                TIM_ClearITPendingBit
 .text.TIM_DMACmd
                0x0800385a       0x12 ..\obj\stm32f4xx_tim.o
                0x0800385a                TIM_DMACmd
 .text.TIM_ITConfig
                0x0800386c        0x4 ..\obj\stm32f4xx_tim.o
                0x0800386c                TIM_ITConfig
 .text.TIM_SelectOutputTrigger
                0x08003870       0x16 ..\obj\stm32f4xx_tim.o
                0x08003870                TIM_SelectOutputTrigger
 .text.TIM_EncoderInterfaceConfig
                0x08003886       0x3e ..\obj\stm32f4xx_tim.o
                0x08003886                TIM_EncoderInterfaceConfig
 .text.cosf     0x080038c4       0x90 c:/program files (x86)/gnu tools arm embedded/6 2017-q1-update/bin/../lib/gcc/arm-none-eabi/6.3.1/../../../../arm-none-eabi/lib/thumb/v7e-m/fpv4-sp/hard\libm.a(lib_a-sf_cos.o)
                0x080038c4                cosf
 .text.sinf     0x08003954       0x94 c:/program files (x86)/gnu tools arm embedded/6 2017-q1-update/bin/../lib/gcc/arm-none-eabi/6.3.1/../../../../arm-none-eabi/lib/thumb/v7e-m/fpv4-sp/hard\libm.a(lib_a-sf_sin.o)
                0x08003954                sinf
 .text.sqrtf    0x080039e8       0xac c:/program files (x86)/gnu tools arm embedded/6 2017-q1-update/bin/../lib/gcc/arm-none-eabi/6.3.1/../../../../arm-none-eabi/lib/thumb/v7e-m/fpv4-sp/hard\libm.a(lib_a-wf_sqrt.o)
                0x080039e8                sqrtf
 .text.__ieee754_rem_pio2f
                0x08003a94      0x290 c:/program files (x86)/gnu tools arm embedded/6 2017-q1-update/bin/../lib/gcc/arm-none-eabi/6.3.1/../../../../arm-none-eabi/lib/thumb/v7e-m/fpv4-sp/hard\libm.a(lib_a-ef_rem_pio2.o)
                0x08003a94                __ieee754_rem_pio2f
 .text.__ieee754_sqrtf
                0x08003d24       0xa0 c:/program files (x86)/gnu tools arm embedded/6 2017-q1-update/bin/../lib/gcc/arm-none-eabi/6.3.1/../../../../arm-none-eabi/lib/thumb/v7e-m/fpv4-sp/hard\libm.a(lib_a-ef_sqrt.o)
                0x08003d24                __ieee754_sqrtf
 .text.__kernel_cosf
                0x08003dc4      0x104 c:/program files (x86)/gnu tools arm embedded/6 2017-q1-update/bin/../lib/gcc/arm-none-eabi/6.3.1/../../../../arm-none-eabi/lib/thumb/v7e-m/fpv4-sp/hard\libm.a(lib_a-kf_cos.o)
                0x08003dc4                __kernel_cosf
 .text.__kernel_rem_pio2f
                0x08003ec8      0x690 c:/program files (x86)/gnu tools arm embedded/6 2017-q1-update/bin/../lib/gcc/arm-none-eabi/6.3.1/../../../../arm-none-eabi/lib/thumb/v7e-m/fpv4-sp/hard\libm.a(lib_a-kf_rem_pio2.o)
                0x08003ec8                __kernel_rem_pio2f
 .text.__kernel_sinf
                0x08004558       0x90 c:/program files (x86)/gnu tools arm embedded/6 2017-q1-update/bin/../lib/gcc/arm-none-eabi/6.3.1/../../../../arm-none-eabi/lib/thumb/v7e-m/fpv4-sp/hard\libm.a(lib_a-kf_sin.o)
                0x08004558                __kernel_sinf
 .text.matherr  0x080045e8        0x4 c:/program files (x86)/gnu tools arm embedded/6 2017-q1-update/bin/../lib/gcc/arm-none-eabi/6.3.1/../../../../arm-none-eabi/lib/thumb/v7e-m/fpv4-sp/hard\libm.a(lib_a-s_matherr.o)
                0x080045e8                matherr
 .text.fabsf    0x080045ec       0x10 c:/program files (x86)/gnu tools arm embedded/6 2017-q1-update/bin/../lib/gcc/arm-none-eabi/6.3.1/../../../../arm-none-eabi/lib/thumb/v7e-m/fpv4-sp/hard\libm.a(lib_a-sf_fabs.o)
                0x080045ec                fabsf
 .text.floorf   0x080045fc       0x90 c:/program files (x86)/gnu tools arm embedded/6 2017-q1-update/bin/../lib/gcc/arm-none-eabi/6.3.1/../../../../arm-none-eabi/lib/thumb/v7e-m/fpv4-sp/hard\libm.a(lib_a-sf_floor.o)
                0x080045fc                floorf
 .text.scalbnf  0x0800468c       0xd0 c:/program files (x86)/gnu tools arm embedded/6 2017-q1-update/bin/../lib/gcc/arm-none-eabi/6.3.1/../../../../arm-none-eabi/lib/thumb/v7e-m/fpv4-sp/hard\libm.a(lib_a-sf_scalbn.o)
                0x0800468c                scalbnf
 .text.copysignf
                0x0800475c       0x18 c:/program files (x86)/gnu tools arm embedded/6 2017-q1-update/bin/../lib/gcc/arm-none-eabi/6.3.1/../../../../arm-none-eabi/lib/thumb/v7e-m/fpv4-sp/hard\libm.a(lib_a-sf_copysign.o)
                0x0800475c                copysignf
 .text          0x08004774      0x370 c:/program files (x86)/gnu tools arm embedded/6 2017-q1-update/bin/../lib/gcc/arm-none-eabi/6.3.1/thumb/v7e-m/fpv4-sp/hard\libgcc.a(_arm_addsubdf3.o)
                0x08004774                __aeabi_drsub
                0x0800477c                __aeabi_dsub
                0x0800477c                __subdf3
                0x08004780                __aeabi_dadd
                0x08004780                __adddf3
                0x080049f8                __floatunsidf
                0x080049f8                __aeabi_ui2d
                0x08004a18                __floatsidf
                0x08004a18                __aeabi_i2d
                0x08004a3c                __aeabi_f2d
                0x08004a3c                __extendsfdf2
                0x08004a78                __floatundidf
                0x08004a78                __aeabi_ul2d
                0x08004a88                __floatdidf
                0x08004a88                __aeabi_l2d
 .text          0x08004ae4      0x424 c:/program files (x86)/gnu tools arm embedded/6 2017-q1-update/bin/../lib/gcc/arm-none-eabi/6.3.1/thumb/v7e-m/fpv4-sp/hard\libgcc.a(_arm_muldivdf3.o)
                0x08004ae4                __aeabi_dmul
                0x08004ae4                __muldf3
                0x08004d38                __divdf3
                0x08004d38                __aeabi_ddiv
 .text          0x08004f08       0xa0 c:/program files (x86)/gnu tools arm embedded/6 2017-q1-update/bin/../lib/gcc/arm-none-eabi/6.3.1/thumb/v7e-m/fpv4-sp/hard\libgcc.a(_arm_truncdfsf2.o)
                0x08004f08                __truncdfsf2
                0x08004f08                __aeabi_d2f
 .text.__errno  0x08004fa8        0xc c:/program files (x86)/gnu tools arm embedded/6 2017-q1-update/bin/../lib/gcc/arm-none-eabi/6.3.1/../../../../arm-none-eabi/lib/thumb/v7e-m/fpv4-sp/hard\libc.a(lib_a-errno.o)
                0x08004fa8                __errno
 .text          0x08004fb4      0x134 c:/program files (x86)/gnu tools arm embedded/6 2017-q1-update/bin/../lib/gcc/arm-none-eabi/6.3.1/../../../../arm-none-eabi/lib/thumb/v7e-m/fpv4-sp/hard\libc.a(lib_a-memcpy.o)
                0x08004fb4                memcpy
 .text.memset   0x080050e8       0x9c c:/program files (x86)/gnu tools arm embedded/6 2017-q1-update/bin/../lib/gcc/arm-none-eabi/6.3.1/../../../../arm-none-eabi/lib/thumb/v7e-m/fpv4-sp/hard\libc.a(lib_a-memset.o)
                0x080050e8                memset
 .text.startup.register_fini
                0x08005184       0x14 c:/program files (x86)/gnu tools arm embedded/6 2017-q1-update/bin/../lib/gcc/arm-none-eabi/6.3.1/../../../../arm-none-eabi/lib/thumb/v7e-m/fpv4-sp/hard\libc.a(lib_a-__call_atexit.o)
 .text.atexit   0x08005198        0xc c:/program files (x86)/gnu tools arm embedded/6 2017-q1-update/bin/../lib/gcc/arm-none-eabi/6.3.1/../../../../arm-none-eabi/lib/thumb/v7e-m/fpv4-sp/hard\libc.a(lib_a-atexit.o)
                0x08005198                atexit
 .text.__libc_fini_array
                0x080051a4       0x34 c:/program files (x86)/gnu tools arm embedded/6 2017-q1-update/bin/../lib/gcc/arm-none-eabi/6.3.1/../../../../arm-none-eabi/lib/thumb/v7e-m/fpv4-sp/hard\libc.a(lib_a-fini.o)
                0x080051a4                __libc_fini_array
 .text.__retarget_lock_acquire_recursive
                0x080051d8        0x4 c:/program files (x86)/gnu tools arm embedded/6 2017-q1-update/bin/../lib/gcc/arm-none-eabi/6.3.1/../../../../arm-none-eabi/lib/thumb/v7e-m/fpv4-sp/hard\libc.a(lib_a-lock.o)
                0x080051d8                __retarget_lock_acquire_recursive
 .text.__retarget_lock_release_recursive
                0x080051dc        0x4 c:/program files (x86)/gnu tools arm embedded/6 2017-q1-update/bin/../lib/gcc/arm-none-eabi/6.3.1/../../../../arm-none-eabi/lib/thumb/v7e-m/fpv4-sp/hard\libc.a(lib_a-lock.o)
                0x080051dc                __retarget_lock_release_recursive
 .text.__register_exitproc
                0x080051e0       0xc4 c:/program files (x86)/gnu tools arm embedded/6 2017-q1-update/bin/../lib/gcc/arm-none-eabi/6.3.1/../../../../arm-none-eabi/lib/thumb/v7e-m/fpv4-sp/hard\libc.a(lib_a-__atexit.o)
                0x080051e0                __register_exitproc
 *(.init)
 .init          0x080052a4        0x4 c:/program files (x86)/gnu tools arm embedded/6 2017-q1-update/bin/../lib/gcc/arm-none-eabi/6.3.1/thumb/v7e-m/fpv4-sp/hard/crti.o
                0x080052a4                _init
 .init          0x080052a8        0x8 c:/program files (x86)/gnu tools arm embedded/6 2017-q1-update/bin/../lib/gcc/arm-none-eabi/6.3.1/thumb/v7e-m/fpv4-sp/hard/crtn.o
 *(.fini)
 .fini          0x080052b0        0x4 c:/program files (x86)/gnu tools arm embedded/6 2017-q1-update/bin/../lib/gcc/arm-none-eabi/6.3.1/thumb/v7e-m/fpv4-sp/hard/crti.o
                0x080052b0                _fini
 .fini          0x080052b4        0x8 c:/program files (x86)/gnu tools arm embedded/6 2017-q1-update/bin/../lib/gcc/arm-none-eabi/6.3.1/thumb/v7e-m/fpv4-sp/hard/crtn.o
 *crtbegin.o(.ctors)
 *crtbegin?.o(.ctors)
 *(EXCLUDE_FILE(*crtend.o *crtend?.o) .ctors)
 *(SORT(.ctors.*))
 *(.ctors)
 *crtbegin.o(.dtors)
 *crtbegin?.o(.dtors)
 *(EXCLUDE_FILE(*crtend.o *crtend?.o) .dtors)
 *(SORT(.dtors.*))
 *(.dtors)
 *(.rodata*)
 .rodata        0x080052bc        0x8 ..\obj\mbutils.o
 .rodata        0x080052c4      0x200 ..\obj\mbcrc.o
 .rodata        0x080054c4       0xb0 ..\obj\encoder.o
 .rodata.sqrtf.str1.4
                0x08005574        0x8 c:/program files (x86)/gnu tools arm embedded/6 2017-q1-update/bin/../lib/gcc/arm-none-eabi/6.3.1/../../../../arm-none-eabi/lib/thumb/v7e-m/fpv4-sp/hard\libm.a(lib_a-wf_sqrt.o)
                                  0x6 (size before relaxing)
 .rodata.npio2_hw
                0x0800557c       0x80 c:/program files (x86)/gnu tools arm embedded/6 2017-q1-update/bin/../lib/gcc/arm-none-eabi/6.3.1/../../../../arm-none-eabi/lib/thumb/v7e-m/fpv4-sp/hard\libm.a(lib_a-ef_rem_pio2.o)
 .rodata.two_over_pi
                0x080055fc      0x318 c:/program files (x86)/gnu tools arm embedded/6 2017-q1-update/bin/../lib/gcc/arm-none-eabi/6.3.1/../../../../arm-none-eabi/lib/thumb/v7e-m/fpv4-sp/hard\libm.a(lib_a-ef_rem_pio2.o)
 .rodata.PIo2   0x08005914       0x2c c:/program files (x86)/gnu tools arm embedded/6 2017-q1-update/bin/../lib/gcc/arm-none-eabi/6.3.1/../../../../arm-none-eabi/lib/thumb/v7e-m/fpv4-sp/hard\libm.a(lib_a-kf_rem_pio2.o)
 .rodata.init_jk
                0x08005940        0xc c:/program files (x86)/gnu tools arm embedded/6 2017-q1-update/bin/../lib/gcc/arm-none-eabi/6.3.1/../../../../arm-none-eabi/lib/thumb/v7e-m/fpv4-sp/hard\libm.a(lib_a-kf_rem_pio2.o)
 .rodata._global_impure_ptr
                0x0800594c        0x4 c:/program files (x86)/gnu tools arm embedded/6 2017-q1-update/bin/../lib/gcc/arm-none-eabi/6.3.1/../../../../arm-none-eabi/lib/thumb/v7e-m/fpv4-sp/hard\libc.a(lib_a-impure.o)
                0x0800594c                _global_impure_ptr
 *(.eh_fram e*)

.eh_frame       0x08005950        0x0
 .eh_frame      0x08005950        0x0 c:/program files (x86)/gnu tools arm embedded/6 2017-q1-update/bin/../lib/gcc/arm-none-eabi/6.3.1/thumb/v7e-m/fpv4-sp/hard/crtbegin.o

.glue_7         0x08005950        0x0
 .glue_7        0x08005950        0x0 linker stubs

.glue_7t        0x08005950        0x0
 .glue_7t       0x08005950        0x0 linker stubs

.vfp11_veneer   0x08005950        0x0
 .vfp11_veneer  0x08005950        0x0 linker stubs

.v4_bx          0x08005950        0x0
 .v4_bx         0x08005950        0x0 linker stubs

.iplt           0x08005950        0x0
 .iplt          0x08005950        0x0 c:/program files (x86)/gnu tools arm embedded/6 2017-q1-update/bin/../lib/gcc/arm-none-eabi/6.3.1/thumb/v7e-m/fpv4-sp/hard/crtbegin.o

.rel.dyn        0x08005950        0x0
 .rel.iplt      0x08005950        0x0 c:/program files (x86)/gnu tools arm embedded/6 2017-q1-update/bin/../lib/gcc/arm-none-eabi/6.3.1/thumb/v7e-m/fpv4-sp/hard/crtbegin.o

.ARM.extab
 *(.ARM.extab* .gnu.linkonce.armextab.*)
                0x08005950                __exidx_start = .

.ARM.exidx
 *(.ARM.exidx* .gnu.linkonce.armexidx.*)
                0x08005950                __exidx_end = .
                0x08005950                __etext = .
                0x08005950                _sidata = __etext

.data           0x20000000      0x4ec load address 0x08005950
                0x20000000                __data_start__ = .
                0x20000000                _sdata = __data_start__
 *(vtable)
 *(.data*)
 .data          0x20000000       0x84 ..\obj\mb.o
 .data          0x20000084       0x10 ..\obj\stm32f4xx_rcc.o
 .data          0x20000094       0x14 ..\obj\system_stm32f4xx.o
                0x20000094                SystemCoreClock
                0x20000098                AHBPrescTable
 .data.__fdlib_version
                0x200000a8        0x1 c:/program files (x86)/gnu tools arm embedded/6 2017-q1-update/bin/../lib/gcc/arm-none-eabi/6.3.1/../../../../arm-none-eabi/lib/thumb/v7e-m/fpv4-sp/hard\libm.a(lib_a-s_lib_ver.o)
                0x200000a8                __fdlib_version
 *fill*         0x200000a9        0x3 
 .data._impure_ptr
                0x200000ac        0x4 c:/program files (x86)/gnu tools arm embedded/6 2017-q1-update/bin/../lib/gcc/arm-none-eabi/6.3.1/../../../../arm-none-eabi/lib/thumb/v7e-m/fpv4-sp/hard\libc.a(lib_a-impure.o)
                0x200000ac                _impure_ptr
 .data.impure_data
                0x200000b0      0x428 c:/program files (x86)/gnu tools arm embedded/6 2017-q1-update/bin/../lib/gcc/arm-none-eabi/6.3.1/../../../../arm-none-eabi/lib/thumb/v7e-m/fpv4-sp/hard\libc.a(lib_a-impure.o)
 .data.__atexit_recursive_mutex
                0x200004d8        0x4 c:/program files (x86)/gnu tools arm embedded/6 2017-q1-update/bin/../lib/gcc/arm-none-eabi/6.3.1/../../../../arm-none-eabi/lib/thumb/v7e-m/fpv4-sp/hard\libc.a(lib_a-__call_atexit.o)
                0x200004d8                __atexit_recursive_mutex
                0x200004dc                . = ALIGN (0x4)
                0x200004dc                PROVIDE (__preinit_array_start, .)
 *(.preinit_array)
                0x200004dc                PROVIDE (__preinit_array_end, .)
                0x200004dc                . = ALIGN (0x4)
                0x200004dc                PROVIDE (__init_array_start, .)
 *(SORT(.init_array.*))
 .init_array.00000
                0x200004dc        0x4 c:/program files (x86)/gnu tools arm embedded/6 2017-q1-update/bin/../lib/gcc/arm-none-eabi/6.3.1/../../../../arm-none-eabi/lib/thumb/v7e-m/fpv4-sp/hard\libc.a(lib_a-__call_atexit.o)
 *(.init_array)
 .init_array    0x200004e0        0x4 c:/program files (x86)/gnu tools arm embedded/6 2017-q1-update/bin/../lib/gcc/arm-none-eabi/6.3.1/thumb/v7e-m/fpv4-sp/hard/crtbegin.o
                0x200004e4                PROVIDE (__init_array_end, .)
                0x200004e4                . = ALIGN (0x4)
                0x200004e4                PROVIDE (__fini_array_start, .)
 *(SORT(.fini_array.*))
 *(.fini_array)
 .fini_array    0x200004e4        0x4 c:/program files (x86)/gnu tools arm embedded/6 2017-q1-update/bin/../lib/gcc/arm-none-eabi/6.3.1/thumb/v7e-m/fpv4-sp/hard/crtbegin.o
                0x200004e8                PROVIDE (__fini_array_end, .)
 *(.jcr*)
 .jcr           0x200004e8        0x0 c:/program files (x86)/gnu tools arm embedded/6 2017-q1-update/bin/../lib/gcc/arm-none-eabi/6.3.1/thumb/v7e-m/fpv4-sp/hard/crtbegin.o
 .jcr           0x200004e8        0x4 c:/program files (x86)/gnu tools arm embedded/6 2017-q1-update/bin/../lib/gcc/arm-none-eabi/6.3.1/thumb/v7e-m/fpv4-sp/hard/crtend.o
                0x200004ec                . = ALIGN (0x4)
                0x200004ec                __data_end__ = .
                0x200004ec                _edata = __data_end__

.igot.plt       0x200004ec        0x0 load address 0x08005e3c
 .igot.plt      0x200004ec        0x0 c:/program files (x86)/gnu tools arm embedded/6 2017-q1-update/bin/../lib/gcc/arm-none-eabi/6.3.1/thumb/v7e-m/fpv4-sp/hard/crtbegin.o

.bss            0x200004ec     0x8410 load address 0x08005e3c
                0x200004ec                . = ALIGN (0x4)
                0x200004ec                __bss_start__ = .
                0x200004ec                _sbss = __bss_start__
 *(.bss*)
 .bss           0x200004ec       0x1c c:/program files (x86)/gnu tools arm embedded/6 2017-q1-update/bin/../lib/gcc/arm-none-eabi/6.3.1/thumb/v7e-m/fpv4-sp/hard/crtbegin.o
 .bss           0x20000508       0x23 ..\obj\mb.o
 .bss           0x2000052b        0x2 ..\obj\portevent.o
 *fill*         0x2000052d        0x1 
 .bss           0x2000052e       0x22 ..\obj\mbfuncother.o
 .bss           0x20000550       0x30 ..\obj\main.o
                0x20000554                sp_counter
 .bss           0x20000580       0x98 ..\obj\foc.o
 .bss           0x20000618     0x8010 ..\obj\encoder.o
                0x20000618                sanyo_uvw
                0x20008624                uwTIM10PulseLength
 .bss           0x20008628        0xb ..\obj\mbrtu.o
 *fill*         0x20008633        0x1 
 .bss           0x20008634        0xd ..\obj\mbascii.o
 *(COMMON)
 *fill*         0x20008641        0x3 
 COMMON         0x20008644       0x14 ..\obj\mb.o
                0x20008644                pxMBFrameCBTransmitterEmpty
                0x20008648                pxMBPortCBTimerExpired
                0x2000864c                pxMBFrameCBByteReceived
                0x20008650                pxMBFrameCBTransmitFSMCur
                0x20008654                pxMBFrameCBReceiveFSMCur
 COMMON         0x20008658       0xf4 ..\obj\main.o
                0x20008658                stFoc
 COMMON         0x2000874c       0x8c ..\obj\foc.o
                0x2000874c                pidPos
                0x20008780                sp_speed
                0x20008784                pv_speed
                0x20008788                pidSpeed
                0x200087bc                ADC_values
                0x200087cc                enc_delta
                0x200087ce                ai1
                0x200087d0                ai0
                0x200087d4                ai0_filtered_value
 COMMON         0x200087d8      0x100 ..\obj\mbrtu.o
                0x200087d8                ucRTUBuf
 COMMON         0x200088d8       0x21 c:/program files (x86)/gnu tools arm embedded/6 2017-q1-update/bin/../lib/gcc/arm-none-eabi/6.3.1/../../../../arm-none-eabi/lib/thumb/v7e-m/fpv4-sp/hard\libc.a(lib_a-lock.o)
                0x200088d8                __lock___atexit_recursive_mutex
                0x200088dc                __lock___arc4random_mutex
                0x200088e0                __lock___env_recursive_mutex
                0x200088e4                __lock___sinit_recursive_mutex
                0x200088e8                __lock___malloc_recursive_mutex
                0x200088ec                __lock___at_quick_exit_mutex
                0x200088f0                __lock___dd_hash_mutex
                0x200088f4                __lock___tz_mutex
                0x200088f8                __lock___sfp_recursive_mutex
                0x200088fc                . = ALIGN (0x4)
 *fill*         0x200088f9        0x3 
                0x200088fc                __bss_end__ = .
                0x200088fc                _ebss = __bss_end__

.heap           0x200088fc        0x0
                0x200088fc                __end__ = .
                0x200088fc                _end = __end__
                0x200088fc                end = __end__
 *(.heap*)
                0x200088fc                __HeapLimit = .

.co_stack       0x200088fc      0x804 load address 0x0800e24c
                0x20008900                . = ALIGN (0x8)
 *fill*         0x200088fc        0x4 
 *(.co_stack .co_stack.*)
 .co_stack      0x20008900      0x800 ..\obj\startup_stm32f4xx.o
                0x20008900                pulStack
                0x20020000                __StackTop = (ORIGIN (ram) + LENGTH (ram))
                0x2001f7fc                __StackLimit = (__StackTop - SIZEOF (.co_stack))
                0x20020000                PROVIDE (__stack, __StackTop)
                0x00000001                ASSERT ((__StackLimit >= __HeapLimit), region ram  overflowed with stack)
LOAD ..\obj\stm32f4xx_syscfg.o
LOAD ..\obj\mb.o
LOAD ..\obj\mbfuncdisc.o
LOAD ..\obj\portevent.o
LOAD ..\obj\mbfuncother.o
LOAD ..\obj\stm32f4xx_usart.o
LOAD ..\obj\stm32f4xx_can.o
LOAD ..\obj\mbutils.o
LOAD ..\obj\stm32f4xx_dac.o
LOAD ..\obj\startup_stm32f4xx.o
LOAD ..\obj\mbfuncholding.o
LOAD ..\obj\main.o
LOAD ..\obj\mbcrc.o
LOAD ..\obj\stm32f4xx_rcc.o
LOAD ..\obj\foc.o
LOAD ..\obj\stm32f4xx_adc.o
LOAD ..\obj\mbfuncinput.o
LOAD ..\obj\encoder.o
LOAD ..\obj\mbfuncdiag.o
LOAD ..\obj\stm32f4xx_gpio.o
LOAD ..\obj\porttimer.o
LOAD ..\obj\mbrtu.o
LOAD ..\obj\system_stm32f4xx.o
LOAD ..\obj\syscalls.o
LOAD ..\obj\stm32f4xx_dma.o
LOAD ..\obj\port.o
LOAD ..\obj\portserial.o
LOAD ..\obj\mbfunccoils.o
LOAD ..\obj\stm32f4xx_exti.o
LOAD ..\obj\misc.o
LOAD ..\obj\svpwm.o
LOAD ..\obj\mbtcp.o
LOAD ..\obj\filter.o
LOAD ..\obj\mbascii.o
LOAD ..\obj\pid.o
LOAD ..\obj\stm32f4xx_tim.o
LOAD c:/program files (x86)/gnu tools arm embedded/6 2017-q1-update/bin/../lib/gcc/arm-none-eabi/6.3.1/../../../../arm-none-eabi/lib/thumb/v7e-m/fpv4-sp/hard\libm.a
LOAD c:/program files (x86)/gnu tools arm embedded/6 2017-q1-update/bin/../lib/gcc/arm-none-eabi/6.3.1/thumb/v7e-m/fpv4-sp/hard\libgcc.a
LOAD c:/program files (x86)/gnu tools arm embedded/6 2017-q1-update/bin/../lib/gcc/arm-none-eabi/6.3.1/../../../../arm-none-eabi/lib/thumb/v7e-m/fpv4-sp/hard\libc.a
START GROUP
LOAD c:/program files (x86)/gnu tools arm embedded/6 2017-q1-update/bin/../lib/gcc/arm-none-eabi/6.3.1/thumb/v7e-m/fpv4-sp/hard\libgcc.a
LOAD c:/program files (x86)/gnu tools arm embedded/6 2017-q1-update/bin/../lib/gcc/arm-none-eabi/6.3.1/../../../../arm-none-eabi/lib/thumb/v7e-m/fpv4-sp/hard\libg.a
LOAD c:/program files (x86)/gnu tools arm embedded/6 2017-q1-update/bin/../lib/gcc/arm-none-eabi/6.3.1/../../../../arm-none-eabi/lib/thumb/v7e-m/fpv4-sp/hard\libc.a
END GROUP
LOAD c:/program files (x86)/gnu tools arm embedded/6 2017-q1-update/bin/../lib/gcc/arm-none-eabi/6.3.1/thumb/v7e-m/fpv4-sp/hard/crtend.o
LOAD c:/program files (x86)/gnu tools arm embedded/6 2017-q1-update/bin/../lib/gcc/arm-none-eabi/6.3.1/thumb/v7e-m/fpv4-sp/hard/crtn.o
OUTPUT(main.elf elf32-littlearm)

.ARM.attributes
                0x00000000       0x30
 .ARM.attributes
                0x00000000       0x22 c:/program files (x86)/gnu tools arm embedded/6 2017-q1-update/bin/../lib/gcc/arm-none-eabi/6.3.1/thumb/v7e-m/fpv4-sp/hard/crti.o
 .ARM.attributes
                0x00000022       0x34 c:/program files (x86)/gnu tools arm embedded/6 2017-q1-update/bin/../lib/gcc/arm-none-eabi/6.3.1/thumb/v7e-m/fpv4-sp/hard/crtbegin.o
 .ARM.attributes
                0x00000056       0x39 ..\obj\stm32f4xx_syscfg.o
 .ARM.attributes
                0x0000008f       0x39 ..\obj\mb.o
 .ARM.attributes
                0x000000c8       0x39 ..\obj\mbfuncdisc.o
 .ARM.attributes
                0x00000101       0x39 ..\obj\portevent.o
 .ARM.attributes
                0x0000013a       0x39 ..\obj\mbfuncother.o
 .ARM.attributes
                0x00000173       0x39 ..\obj\stm32f4xx_usart.o
 .ARM.attributes
                0x000001ac       0x39 ..\obj\mbutils.o
 .ARM.attributes
                0x000001e5       0x39 ..\obj\stm32f4xx_dac.o
 .ARM.attributes
                0x0000021e       0x39 ..\obj\startup_stm32f4xx.o
 .ARM.attributes
                0x00000257       0x39 ..\obj\mbfuncholding.o
 .ARM.attributes
                0x00000290       0x39 ..\obj\main.o
 .ARM.attributes
                0x000002c9       0x39 ..\obj\mbcrc.o
 .ARM.attributes
                0x00000302       0x39 ..\obj\stm32f4xx_rcc.o
 .ARM.attributes
                0x0000033b       0x39 ..\obj\foc.o
 .ARM.attributes
                0x00000374       0x39 ..\obj\stm32f4xx_adc.o
 .ARM.attributes
                0x000003ad       0x39 ..\obj\mbfuncinput.o
 .ARM.attributes
                0x000003e6       0x39 ..\obj\encoder.o
 .ARM.attributes
                0x0000041f       0x39 ..\obj\stm32f4xx_gpio.o
 .ARM.attributes
                0x00000458       0x39 ..\obj\porttimer.o
 .ARM.attributes
                0x00000491       0x39 ..\obj\mbrtu.o
 .ARM.attributes
                0x000004ca       0x39 ..\obj\system_stm32f4xx.o
 .ARM.attributes
                0x00000503       0x39 ..\obj\stm32f4xx_dma.o
 .ARM.attributes
                0x0000053c       0x39 ..\obj\portserial.o
 .ARM.attributes
                0x00000575       0x39 ..\obj\mbfunccoils.o
 .ARM.attributes
                0x000005ae       0x39 ..\obj\stm32f4xx_exti.o
 .ARM.attributes
                0x000005e7       0x39 ..\obj\misc.o
 .ARM.attributes
                0x00000620       0x39 ..\obj\svpwm.o
 .ARM.attributes
                0x00000659       0x39 ..\obj\filter.o
 .ARM.attributes
                0x00000692       0x39 ..\obj\mbascii.o
 .ARM.attributes
                0x000006cb       0x39 ..\obj\pid.o
 .ARM.attributes
                0x00000704       0x39 ..\obj\stm32f4xx_tim.o
 .ARM.attributes
                0x0000073d       0x34 c:/program files (x86)/gnu tools arm embedded/6 2017-q1-update/bin/../lib/gcc/arm-none-eabi/6.3.1/../../../../arm-none-eabi/lib/thumb/v7e-m/fpv4-sp/hard\libm.a(lib_a-sf_cos.o)
 .ARM.attributes
                0x00000771       0x34 c:/program files (x86)/gnu tools arm embedded/6 2017-q1-update/bin/../lib/gcc/arm-none-eabi/6.3.1/../../../../arm-none-eabi/lib/thumb/v7e-m/fpv4-sp/hard\libm.a(lib_a-sf_sin.o)
 .ARM.attributes
                0x000007a5       0x34 c:/program files (x86)/gnu tools arm embedded/6 2017-q1-update/bin/../lib/gcc/arm-none-eabi/6.3.1/../../../../arm-none-eabi/lib/thumb/v7e-m/fpv4-sp/hard\libm.a(lib_a-wf_sqrt.o)
 .ARM.attributes
                0x000007d9       0x34 c:/program files (x86)/gnu tools arm embedded/6 2017-q1-update/bin/../lib/gcc/arm-none-eabi/6.3.1/../../../../arm-none-eabi/lib/thumb/v7e-m/fpv4-sp/hard\libm.a(lib_a-ef_rem_pio2.o)
 .ARM.attributes
                0x0000080d       0x34 c:/program files (x86)/gnu tools arm embedded/6 2017-q1-update/bin/../lib/gcc/arm-none-eabi/6.3.1/../../../../arm-none-eabi/lib/thumb/v7e-m/fpv4-sp/hard\libm.a(lib_a-ef_sqrt.o)
 .ARM.attributes
                0x00000841       0x34 c:/program files (x86)/gnu tools arm embedded/6 2017-q1-update/bin/../lib/gcc/arm-none-eabi/6.3.1/../../../../arm-none-eabi/lib/thumb/v7e-m/fpv4-sp/hard\libm.a(lib_a-kf_cos.o)
 .ARM.attributes
                0x00000875       0x34 c:/program files (x86)/gnu tools arm embedded/6 2017-q1-update/bin/../lib/gcc/arm-none-eabi/6.3.1/../../../../arm-none-eabi/lib/thumb/v7e-m/fpv4-sp/hard\libm.a(lib_a-kf_rem_pio2.o)
 .ARM.attributes
                0x000008a9       0x34 c:/program files (x86)/gnu tools arm embedded/6 2017-q1-update/bin/../lib/gcc/arm-none-eabi/6.3.1/../../../../arm-none-eabi/lib/thumb/v7e-m/fpv4-sp/hard\libm.a(lib_a-kf_sin.o)
 .ARM.attributes
                0x000008dd       0x34 c:/program files (x86)/gnu tools arm embedded/6 2017-q1-update/bin/../lib/gcc/arm-none-eabi/6.3.1/../../../../arm-none-eabi/lib/thumb/v7e-m/fpv4-sp/hard\libm.a(lib_a-s_lib_ver.o)
 .ARM.attributes
                0x00000911       0x34 c:/program files (x86)/gnu tools arm embedded/6 2017-q1-update/bin/../lib/gcc/arm-none-eabi/6.3.1/../../../../arm-none-eabi/lib/thumb/v7e-m/fpv4-sp/hard\libm.a(lib_a-s_matherr.o)
 .ARM.attributes
                0x00000945       0x34 c:/program files (x86)/gnu tools arm embedded/6 2017-q1-update/bin/../lib/gcc/arm-none-eabi/6.3.1/../../../../arm-none-eabi/lib/thumb/v7e-m/fpv4-sp/hard\libm.a(lib_a-sf_fabs.o)
 .ARM.attributes
                0x00000979       0x34 c:/program files (x86)/gnu tools arm embedded/6 2017-q1-update/bin/../lib/gcc/arm-none-eabi/6.3.1/../../../../arm-none-eabi/lib/thumb/v7e-m/fpv4-sp/hard\libm.a(lib_a-sf_floor.o)
 .ARM.attributes
                0x000009ad       0x34 c:/program files (x86)/gnu tools arm embedded/6 2017-q1-update/bin/../lib/gcc/arm-none-eabi/6.3.1/../../../../arm-none-eabi/lib/thumb/v7e-m/fpv4-sp/hard\libm.a(lib_a-sf_scalbn.o)
 .ARM.attributes
                0x000009e1       0x34 c:/program files (x86)/gnu tools arm embedded/6 2017-q1-update/bin/../lib/gcc/arm-none-eabi/6.3.1/../../../../arm-none-eabi/lib/thumb/v7e-m/fpv4-sp/hard\libm.a(lib_a-sf_copysign.o)
 .ARM.attributes
                0x00000a15       0x22 c:/program files (x86)/gnu tools arm embedded/6 2017-q1-update/bin/../lib/gcc/arm-none-eabi/6.3.1/thumb/v7e-m/fpv4-sp/hard\libgcc.a(_arm_addsubdf3.o)
 .ARM.attributes
                0x00000a37       0x22 c:/program files (x86)/gnu tools arm embedded/6 2017-q1-update/bin/../lib/gcc/arm-none-eabi/6.3.1/thumb/v7e-m/fpv4-sp/hard\libgcc.a(_arm_muldivdf3.o)
 .ARM.attributes
                0x00000a59       0x22 c:/program files (x86)/gnu tools arm embedded/6 2017-q1-update/bin/../lib/gcc/arm-none-eabi/6.3.1/thumb/v7e-m/fpv4-sp/hard\libgcc.a(_arm_truncdfsf2.o)
 .ARM.attributes
                0x00000a7b       0x34 c:/program files (x86)/gnu tools arm embedded/6 2017-q1-update/bin/../lib/gcc/arm-none-eabi/6.3.1/../../../../arm-none-eabi/lib/thumb/v7e-m/fpv4-sp/hard\libc.a(lib_a-errno.o)
 .ARM.attributes
                0x00000aaf       0x34 c:/program files (x86)/gnu tools arm embedded/6 2017-q1-update/bin/../lib/gcc/arm-none-eabi/6.3.1/../../../../arm-none-eabi/lib/thumb/v7e-m/fpv4-sp/hard\libc.a(lib_a-impure.o)
 .ARM.attributes
                0x00000ae3       0x20 c:/program files (x86)/gnu tools arm embedded/6 2017-q1-update/bin/../lib/gcc/arm-none-eabi/6.3.1/../../../../arm-none-eabi/lib/thumb/v7e-m/fpv4-sp/hard\libc.a(lib_a-memcpy.o)
 .ARM.attributes
                0x00000b03       0x34 c:/program files (x86)/gnu tools arm embedded/6 2017-q1-update/bin/../lib/gcc/arm-none-eabi/6.3.1/../../../../arm-none-eabi/lib/thumb/v7e-m/fpv4-sp/hard\libc.a(lib_a-memset.o)
 .ARM.attributes
                0x00000b37       0x34 c:/program files (x86)/gnu tools arm embedded/6 2017-q1-update/bin/../lib/gcc/arm-none-eabi/6.3.1/../../../../arm-none-eabi/lib/thumb/v7e-m/fpv4-sp/hard\libc.a(lib_a-__call_atexit.o)
 .ARM.attributes
                0x00000b6b       0x34 c:/program files (x86)/gnu tools arm embedded/6 2017-q1-update/bin/../lib/gcc/arm-none-eabi/6.3.1/../../../../arm-none-eabi/lib/thumb/v7e-m/fpv4-sp/hard\libc.a(lib_a-atexit.o)
 .ARM.attributes
                0x00000b9f       0x34 c:/program files (x86)/gnu tools arm embedded/6 2017-q1-update/bin/../lib/gcc/arm-none-eabi/6.3.1/../../../../arm-none-eabi/lib/thumb/v7e-m/fpv4-sp/hard\libc.a(lib_a-fini.o)
 .ARM.attributes
                0x00000bd3       0x34 c:/program files (x86)/gnu tools arm embedded/6 2017-q1-update/bin/../lib/gcc/arm-none-eabi/6.3.1/../../../../arm-none-eabi/lib/thumb/v7e-m/fpv4-sp/hard\libc.a(lib_a-lock.o)
 .ARM.attributes
                0x00000c07       0x34 c:/program files (x86)/gnu tools arm embedded/6 2017-q1-update/bin/../lib/gcc/arm-none-eabi/6.3.1/../../../../arm-none-eabi/lib/thumb/v7e-m/fpv4-sp/hard\libc.a(lib_a-__atexit.o)
 .ARM.attributes
                0x00000c3b       0x34 c:/program files (x86)/gnu tools arm embedded/6 2017-q1-update/bin/../lib/gcc/arm-none-eabi/6.3.1/thumb/v7e-m/fpv4-sp/hard/crtend.o
 .ARM.attributes
                0x00000c6f       0x22 c:/program files (x86)/gnu tools arm embedded/6 2017-q1-update/bin/../lib/gcc/arm-none-eabi/6.3.1/thumb/v7e-m/fpv4-sp/hard/crtn.o

.comment        0x00000000       0x7f
 .comment       0x00000000       0x7f ..\obj\stm32f4xx_syscfg.o
                                 0x80 (size before relaxing)
 .comment       0x0000007f       0x80 ..\obj\mb.o
 .comment       0x0000007f       0x80 ..\obj\mbfuncdisc.o
 .comment       0x0000007f       0x80 ..\obj\portevent.o
 .comment       0x0000007f       0x80 ..\obj\mbfuncother.o
 .comment       0x0000007f       0x80 ..\obj\stm32f4xx_usart.o
 .comment       0x0000007f       0x80 ..\obj\mbutils.o
 .comment       0x0000007f       0x80 ..\obj\stm32f4xx_dac.o
 .comment       0x0000007f       0x80 ..\obj\startup_stm32f4xx.o
 .comment       0x0000007f       0x80 ..\obj\mbfuncholding.o
 .comment       0x0000007f       0x80 ..\obj\main.o
 .comment       0x0000007f       0x80 ..\obj\mbcrc.o
 .comment       0x0000007f       0x80 ..\obj\stm32f4xx_rcc.o
 .comment       0x0000007f       0x80 ..\obj\foc.o
 .comment       0x0000007f       0x80 ..\obj\stm32f4xx_adc.o
 .comment       0x0000007f       0x80 ..\obj\mbfuncinput.o
 .comment       0x0000007f       0x80 ..\obj\encoder.o
 .comment       0x0000007f       0x80 ..\obj\stm32f4xx_gpio.o
 .comment       0x0000007f       0x80 ..\obj\porttimer.o
 .comment       0x0000007f       0x80 ..\obj\mbrtu.o
 .comment       0x0000007f       0x80 ..\obj\system_stm32f4xx.o
 .comment       0x0000007f       0x80 ..\obj\stm32f4xx_dma.o
 .comment       0x0000007f       0x80 ..\obj\portserial.o
 .comment       0x0000007f       0x80 ..\obj\mbfunccoils.o
 .comment       0x0000007f       0x80 ..\obj\stm32f4xx_exti.o
 .comment       0x0000007f       0x80 ..\obj\misc.o
 .comment       0x0000007f       0x80 ..\obj\svpwm.o
 .comment       0x0000007f       0x80 ..\obj\filter.o
 .comment       0x0000007f       0x80 ..\obj\mbascii.o
 .comment       0x0000007f       0x80 ..\obj\pid.o
 .comment       0x0000007f       0x80 ..\obj\stm32f4xx_tim.o

.debug_info     0x00000000    0x168ee
 .debug_info    0x00000000      0x2c1 ..\obj\stm32f4xx_syscfg.o
 .debug_info    0x000002c1      0xf3d ..\obj\mb.o
 .debug_info    0x000011fe      0xad5 ..\obj\mbfuncdisc.o
 .debug_info    0x00001cd3      0x1d9 ..\obj\portevent.o
 .debug_info    0x00001eac      0xb35 ..\obj\mbfuncother.o
 .debug_info    0x000029e1      0xaaf ..\obj\stm32f4xx_usart.o
 .debug_info    0x00003490      0xb56 ..\obj\mbutils.o
 .debug_info    0x00003fe6      0x68e ..\obj\stm32f4xx_dac.o
 .debug_info    0x00004674      0x121 ..\obj\startup_stm32f4xx.o
 .debug_info    0x00004795      0xd1a ..\obj\mbfuncholding.o
 .debug_info    0x000054af     0x14c2 ..\obj\main.o
 .debug_info    0x00006971      0x191 ..\obj\mbcrc.o
 .debug_info    0x00006b02      0xca3 ..\obj\stm32f4xx_rcc.o
 .debug_info    0x000077a5     0x1ad4 ..\obj\foc.o
 .debug_info    0x00009279      0xc7e ..\obj\stm32f4xx_adc.o
 .debug_info    0x00009ef7      0xac6 ..\obj\mbfuncinput.o
 .debug_info    0x0000a9bd     0x1584 ..\obj\encoder.o
 .debug_info    0x0000bf41      0x712 ..\obj\stm32f4xx_gpio.o
 .debug_info    0x0000c653      0x836 ..\obj\porttimer.o
 .debug_info    0x0000ce89      0xf30 ..\obj\mbrtu.o
 .debug_info    0x0000ddb9      0x5e9 ..\obj\system_stm32f4xx.o
 .debug_info    0x0000e3a2      0x732 ..\obj\stm32f4xx_dma.o
 .debug_info    0x0000ead4      0xca1 ..\obj\portserial.o
 .debug_info    0x0000f775      0xc54 ..\obj\mbfunccoils.o
 .debug_info    0x000103c9      0x365 ..\obj\stm32f4xx_exti.o
 .debug_info    0x0001072e      0x54d ..\obj\misc.o
 .debug_info    0x00010c7b     0x1dba ..\obj\svpwm.o
 .debug_info    0x00012a35      0x15e ..\obj\filter.o
 .debug_info    0x00012b93     0x111e ..\obj\mbascii.o
 .debug_info    0x00013cb1      0xc30 ..\obj\pid.o
 .debug_info    0x000148e1     0x200d ..\obj\stm32f4xx_tim.o

.debug_abbrev   0x00000000     0x4182
 .debug_abbrev  0x00000000      0x173 ..\obj\stm32f4xx_syscfg.o
 .debug_abbrev  0x00000173      0x2f7 ..\obj\mb.o
 .debug_abbrev  0x0000046a      0x238 ..\obj\mbfuncdisc.o
 .debug_abbrev  0x000006a2       0xeb ..\obj\portevent.o
 .debug_abbrev  0x0000078d      0x222 ..\obj\mbfuncother.o
 .debug_abbrev  0x000009af      0x1d8 ..\obj\stm32f4xx_usart.o
 .debug_abbrev  0x00000b87      0x225 ..\obj\mbutils.o
 .debug_abbrev  0x00000dac      0x231 ..\obj\stm32f4xx_dac.o
 .debug_abbrev  0x00000fdd       0xeb ..\obj\startup_stm32f4xx.o
 .debug_abbrev  0x000010c8      0x238 ..\obj\mbfuncholding.o
 .debug_abbrev  0x00001300      0x316 ..\obj\main.o
 .debug_abbrev  0x00001616       0xc9 ..\obj\mbcrc.o
 .debug_abbrev  0x000016df      0x21c ..\obj\stm32f4xx_rcc.o
 .debug_abbrev  0x000018fb      0x332 ..\obj\foc.o
 .debug_abbrev  0x00001c2d      0x205 ..\obj\stm32f4xx_adc.o
 .debug_abbrev  0x00001e32      0x238 ..\obj\mbfuncinput.o
 .debug_abbrev  0x0000206a      0x331 ..\obj\encoder.o
 .debug_abbrev  0x0000239b      0x1ff ..\obj\stm32f4xx_gpio.o
 .debug_abbrev  0x0000259a      0x1be ..\obj\porttimer.o
 .debug_abbrev  0x00002758      0x2c1 ..\obj\mbrtu.o
 .debug_abbrev  0x00002a19      0x17b ..\obj\system_stm32f4xx.o
 .debug_abbrev  0x00002b94      0x1af ..\obj\stm32f4xx_dma.o
 .debug_abbrev  0x00002d43      0x210 ..\obj\portserial.o
 .debug_abbrev  0x00002f53      0x252 ..\obj\mbfunccoils.o
 .debug_abbrev  0x000031a5      0x206 ..\obj\stm32f4xx_exti.o
 .debug_abbrev  0x000033ab      0x17f ..\obj\misc.o
 .debug_abbrev  0x0000352a      0x2e1 ..\obj\svpwm.o
 .debug_abbrev  0x0000380b       0xd7 ..\obj\filter.o
 .debug_abbrev  0x000038e2      0x352 ..\obj\mbascii.o
 .debug_abbrev  0x00003c34      0x289 ..\obj\pid.o
 .debug_abbrev  0x00003ebd      0x2c5 ..\obj\stm32f4xx_tim.o

.debug_loc      0x00000000     0x73b8
 .debug_loc     0x00000000       0x97 ..\obj\stm32f4xx_syscfg.o
 .debug_loc     0x00000097      0x299 ..\obj\mb.o
 .debug_loc     0x00000330      0x183 ..\obj\mbfuncdisc.o
 .debug_loc     0x000004b3       0x6e ..\obj\portevent.o
 .debug_loc     0x00000521      0x124 ..\obj\mbfuncother.o
 .debug_loc     0x00000645      0x7d5 ..\obj\stm32f4xx_usart.o
 .debug_loc     0x00000e1a      0x3d2 ..\obj\mbutils.o
 .debug_loc     0x000011ec      0x3cd ..\obj\stm32f4xx_dac.o
 .debug_loc     0x000015b9       0x2b ..\obj\startup_stm32f4xx.o
 .debug_loc     0x000015e4      0x73d ..\obj\mbfuncholding.o
 .debug_loc     0x00001d21      0x2fd ..\obj\main.o
 .debug_loc     0x0000201e       0xb5 ..\obj\mbcrc.o
 .debug_loc     0x000020d3      0x9c7 ..\obj\stm32f4xx_rcc.o
 .debug_loc     0x00002a9a       0xb7 ..\obj\foc.o
 .debug_loc     0x00002b51      0x9fe ..\obj\stm32f4xx_adc.o
 .debug_loc     0x0000354f      0x170 ..\obj\mbfuncinput.o
 .debug_loc     0x000036bf      0x31b ..\obj\encoder.o
 .debug_loc     0x000039da      0x30c ..\obj\stm32f4xx_gpio.o
 .debug_loc     0x00003ce6       0x21 ..\obj\porttimer.o
 .debug_loc     0x00003d07      0x2e7 ..\obj\mbrtu.o
 .debug_loc     0x00003fee      0x10b ..\obj\system_stm32f4xx.o
 .debug_loc     0x000040f9      0x415 ..\obj\stm32f4xx_dma.o
 .debug_loc     0x0000450e      0x123 ..\obj\portserial.o
 .debug_loc     0x00004631      0x400 ..\obj\mbfunccoils.o
 .debug_loc     0x00004a31      0x188 ..\obj\stm32f4xx_exti.o
 .debug_loc     0x00004bb9      0x15c ..\obj\misc.o
 .debug_loc     0x00004d15      0x721 ..\obj\svpwm.o
 .debug_loc     0x00005436      0x10b ..\obj\filter.o
 .debug_loc     0x00005541      0x411 ..\obj\mbascii.o
 .debug_loc     0x00005952      0x176 ..\obj\pid.o
 .debug_loc     0x00005ac8     0x18f0 ..\obj\stm32f4xx_tim.o

.debug_aranges  0x00000000      0xea0
 .debug_aranges
                0x00000000       0x48 ..\obj\stm32f4xx_syscfg.o
 .debug_aranges
                0x00000048       0x48 ..\obj\mb.o
 .debug_aranges
                0x00000090       0x20 ..\obj\mbfuncdisc.o
 .debug_aranges
                0x000000b0       0x30 ..\obj\portevent.o
 .debug_aranges
                0x000000e0       0x28 ..\obj\mbfuncother.o
 .debug_aranges
                0x00000108      0x100 ..\obj\stm32f4xx_usart.o
 .debug_aranges
                0x00000208       0x30 ..\obj\mbutils.o
 .debug_aranges
                0x00000238       0x90 ..\obj\stm32f4xx_dac.o
 .debug_aranges
                0x000002c8       0x28 ..\obj\startup_stm32f4xx.o
 .debug_aranges
                0x000002f0       0x38 ..\obj\mbfuncholding.o
 .debug_aranges
                0x00000328       0x50 ..\obj\main.o
 .debug_aranges
                0x00000378       0x20 ..\obj\mbcrc.o
 .debug_aranges
                0x00000398      0x178 ..\obj\stm32f4xx_rcc.o
 .debug_aranges
                0x00000510       0x68 ..\obj\foc.o
 .debug_aranges
                0x00000578      0x140 ..\obj\stm32f4xx_adc.o
 .debug_aranges
                0x000006b8       0x20 ..\obj\mbfuncinput.o
 .debug_aranges
                0x000006d8       0xb0 ..\obj\encoder.o
 .debug_aranges
                0x00000788       0x88 ..\obj\stm32f4xx_gpio.o
 .debug_aranges
                0x00000810       0x38 ..\obj\porttimer.o
 .debug_aranges
                0x00000848       0x58 ..\obj\mbrtu.o
 .debug_aranges
                0x000008a0       0x28 ..\obj\system_stm32f4xx.o
 .debug_aranges
                0x000008c8       0xa8 ..\obj\stm32f4xx_dma.o
 .debug_aranges
                0x00000970       0x40 ..\obj\portserial.o
 .debug_aranges
                0x000009b0       0x30 ..\obj\mbfunccoils.o
 .debug_aranges
                0x000009e0       0x50 ..\obj\stm32f4xx_exti.o
 .debug_aranges
                0x00000a30       0x40 ..\obj\misc.o
 .debug_aranges
                0x00000a70       0x88 ..\obj\svpwm.o
 .debug_aranges
                0x00000af8       0x28 ..\obj\filter.o
 .debug_aranges
                0x00000b20       0x58 ..\obj\mbascii.o
 .debug_aranges
                0x00000b78       0x50 ..\obj\pid.o
 .debug_aranges
                0x00000bc8      0x2d8 ..\obj\stm32f4xx_tim.o

.debug_ranges   0x00000000      0xe00
 .debug_ranges  0x00000000       0x38 ..\obj\stm32f4xx_syscfg.o
 .debug_ranges  0x00000038       0x38 ..\obj\mb.o
 .debug_ranges  0x00000070       0x10 ..\obj\mbfuncdisc.o
 .debug_ranges  0x00000080       0x20 ..\obj\portevent.o
 .debug_ranges  0x000000a0       0x18 ..\obj\mbfuncother.o
 .debug_ranges  0x000000b8       0xf0 ..\obj\stm32f4xx_usart.o
 .debug_ranges  0x000001a8       0x20 ..\obj\mbutils.o
 .debug_ranges  0x000001c8       0x80 ..\obj\stm32f4xx_dac.o
 .debug_ranges  0x00000248       0x18 ..\obj\startup_stm32f4xx.o
 .debug_ranges  0x00000260       0x28 ..\obj\mbfuncholding.o
 .debug_ranges  0x00000288       0xa8 ..\obj\main.o
 .debug_ranges  0x00000330       0x10 ..\obj\mbcrc.o
 .debug_ranges  0x00000340      0x168 ..\obj\stm32f4xx_rcc.o
 .debug_ranges  0x000004a8       0x70 ..\obj\foc.o
 .debug_ranges  0x00000518      0x130 ..\obj\stm32f4xx_adc.o
 .debug_ranges  0x00000648       0x10 ..\obj\mbfuncinput.o
 .debug_ranges  0x00000658       0xc8 ..\obj\encoder.o
 .debug_ranges  0x00000720       0x78 ..\obj\stm32f4xx_gpio.o
 .debug_ranges  0x00000798       0x28 ..\obj\porttimer.o
 .debug_ranges  0x000007c0       0x48 ..\obj\mbrtu.o
 .debug_ranges  0x00000808       0x30 ..\obj\system_stm32f4xx.o
 .debug_ranges  0x00000838       0x98 ..\obj\stm32f4xx_dma.o
 .debug_ranges  0x000008d0       0x48 ..\obj\portserial.o
 .debug_ranges  0x00000918       0x20 ..\obj\mbfunccoils.o
 .debug_ranges  0x00000938       0x40 ..\obj\stm32f4xx_exti.o
 .debug_ranges  0x00000978       0x30 ..\obj\misc.o
 .debug_ranges  0x000009a8       0x78 ..\obj\svpwm.o
 .debug_ranges  0x00000a20       0x18 ..\obj\filter.o
 .debug_ranges  0x00000a38       0x88 ..\obj\mbascii.o
 .debug_ranges  0x00000ac0       0x40 ..\obj\pid.o
 .debug_ranges  0x00000b00      0x300 ..\obj\stm32f4xx_tim.o

.debug_line     0x00000000     0x87a7
 .debug_line    0x00000000      0x307 ..\obj\stm32f4xx_syscfg.o
 .debug_line    0x00000307      0x5ac ..\obj\mb.o
 .debug_line    0x000008b3      0x423 ..\obj\mbfuncdisc.o
 .debug_line    0x00000cd6      0x2b1 ..\obj\portevent.o
 .debug_line    0x00000f87      0x410 ..\obj\mbfuncother.o
 .debug_line    0x00001397      0x580 ..\obj\stm32f4xx_usart.o
 .debug_line    0x00001917      0x42e ..\obj\mbutils.o
 .debug_line    0x00001d45      0x3e5 ..\obj\stm32f4xx_dac.o
 .debug_line    0x0000212a       0xbb ..\obj\startup_stm32f4xx.o
 .debug_line    0x000021e5      0x4cb ..\obj\mbfuncholding.o
 .debug_line    0x000026b0      0x5aa ..\obj\main.o
 .debug_line    0x00002c5a      0x281 ..\obj\mbcrc.o
 .debug_line    0x00002edb      0x62e ..\obj\stm32f4xx_rcc.o
 .debug_line    0x00003509      0x556 ..\obj\foc.o
 .debug_line    0x00003a5f      0x603 ..\obj\stm32f4xx_adc.o
 .debug_line    0x00004062      0x415 ..\obj\mbfuncinput.o
 .debug_line    0x00004477      0x581 ..\obj\encoder.o
 .debug_line    0x000049f8      0x3f7 ..\obj\stm32f4xx_gpio.o
 .debug_line    0x00004def      0x377 ..\obj\porttimer.o
 .debug_line    0x00005166      0x528 ..\obj\mbrtu.o
 .debug_line    0x0000568e      0x23f ..\obj\system_stm32f4xx.o
 .debug_line    0x000058cd      0x494 ..\obj\stm32f4xx_dma.o
 .debug_line    0x00005d61      0x3e2 ..\obj\portserial.o
 .debug_line    0x00006143      0x497 ..\obj\mbfunccoils.o
 .debug_line    0x000065da      0x337 ..\obj\stm32f4xx_exti.o
 .debug_line    0x00006911      0x2ef ..\obj\misc.o
 .debug_line    0x00006c00      0x5ca ..\obj\svpwm.o
 .debug_line    0x000071ca      0x246 ..\obj\filter.o
 .debug_line    0x00007410      0x59d ..\obj\mbascii.o
 .debug_line    0x000079ad      0x279 ..\obj\pid.o
 .debug_line    0x00007c26      0xb81 ..\obj\stm32f4xx_tim.o

.debug_str      0x00000000     0x5482
 .debug_str     0x00000000      0x2fc ..\obj\stm32f4xx_syscfg.o
                                0x35a (size before relaxing)
 .debug_str     0x000002fc      0x8b7 ..\obj\mb.o
                                0xaa3 (size before relaxing)
 .debug_str     0x00000bb3       0xed ..\obj\mbfuncdisc.o
                                0x82e (size before relaxing)
 .debug_str     0x00000ca0       0x86 ..\obj\portevent.o
                                0x2d6 (size before relaxing)
 .debug_str     0x00000d26       0xe2 ..\obj\mbfuncother.o
                                0x832 (size before relaxing)
 .debug_str     0x00000e08      0x51b ..\obj\stm32f4xx_usart.o
                                0x71e (size before relaxing)
 .debug_str     0x00001323       0xdf ..\obj\mbutils.o
                                0x836 (size before relaxing)
 .debug_str     0x00001402      0x2b7 ..\obj\stm32f4xx_dac.o
                                0x4b9 (size before relaxing)
 .debug_str     0x000016b9       0xe3 ..\obj\startup_stm32f4xx.o
                                0x19d (size before relaxing)
 .debug_str     0x0000179c      0x181 ..\obj\mbfuncholding.o
                                0x90b (size before relaxing)
 .debug_str     0x0000191d      0xdfe ..\obj\main.o
                               0x11a2 (size before relaxing)
 .debug_str     0x0000271b       0x7a ..\obj\mbcrc.o
                                0x22e (size before relaxing)
 .debug_str     0x00002795      0x58b ..\obj\stm32f4xx_rcc.o
                                0x89f (size before relaxing)
 .debug_str     0x00002d20      0x2e1 ..\obj\foc.o
                                0xe0b (size before relaxing)
 .debug_str     0x00003001      0x5ac ..\obj\stm32f4xx_adc.o
                                0x86a (size before relaxing)
 .debug_str     0x000035ad       0x7c ..\obj\mbfuncinput.o
                                0x81f (size before relaxing)
 .debug_str     0x00003629      0x352 ..\obj\encoder.o
                                0xfa7 (size before relaxing)
 .debug_str     0x0000397b      0x13a ..\obj\stm32f4xx_gpio.o
                                0x509 (size before relaxing)
 .debug_str     0x00003ab5       0xd4 ..\obj\porttimer.o
                                0xa3d (size before relaxing)
 .debug_str     0x00003b89      0x222 ..\obj\mbrtu.o
                                0x99f (size before relaxing)
 .debug_str     0x00003dab      0x103 ..\obj\system_stm32f4xx.o
                                0x3e9 (size before relaxing)
 .debug_str     0x00003eae      0x3a0 ..\obj\stm32f4xx_dma.o
                                0x591 (size before relaxing)
 .debug_str     0x0000424e       0xca ..\obj\portserial.o
                                0xcd3 (size before relaxing)
 .debug_str     0x00004318       0xd9 ..\obj\mbfunccoils.o
                                0x893 (size before relaxing)
 .debug_str     0x000043f1       0xda ..\obj\stm32f4xx_exti.o
                                0x3a8 (size before relaxing)
 .debug_str     0x000044cb      0x15c ..\obj\misc.o
                                0x41d (size before relaxing)
 .debug_str     0x00004627      0x3f8 ..\obj\svpwm.o
                               0x14e7 (size before relaxing)
 .debug_str     0x00004a1f       0x72 ..\obj\filter.o
                                0x20f (size before relaxing)
 .debug_str     0x00004a91      0x1ba ..\obj\mbascii.o
                                0xa35 (size before relaxing)
 .debug_str     0x00004c4b       0xc8 ..\obj\pid.o
                                0x6be (size before relaxing)
 .debug_str     0x00004d13      0x76f ..\obj\stm32f4xx_tim.o
                                0xe4d (size before relaxing)

.debug_frame    0x00000000     0x26f4
 .debug_frame   0x00000000       0x84 ..\obj\stm32f4xx_syscfg.o
 .debug_frame   0x00000084       0xb8 ..\obj\mb.o
 .debug_frame   0x0000013c       0x38 ..\obj\mbfuncdisc.o
 .debug_frame   0x00000174       0x40 ..\obj\portevent.o
 .debug_frame   0x000001b4       0x48 ..\obj\mbfuncother.o
 .debug_frame   0x000001fc      0x224 ..\obj\stm32f4xx_usart.o
 .debug_frame   0x00000420       0x58 ..\obj\mbutils.o
 .debug_frame   0x00000478      0x150 ..\obj\stm32f4xx_dac.o
 .debug_frame   0x000005c8       0x30 ..\obj\startup_stm32f4xx.o
 .debug_frame   0x000005f8       0xac ..\obj\mbfuncholding.o
 .debug_frame   0x000006a4       0xe8 ..\obj\main.o
 .debug_frame   0x0000078c       0x2c ..\obj\mbcrc.o
 .debug_frame   0x000007b8      0x2e8 ..\obj\stm32f4xx_rcc.o
 .debug_frame   0x00000aa0      0x15c ..\obj\foc.o
 .debug_frame   0x00000bfc      0x2b4 ..\obj\stm32f4xx_adc.o
 .debug_frame   0x00000eb0       0x38 ..\obj\mbfuncinput.o
 .debug_frame   0x00000ee8      0x200 ..\obj\encoder.o
 .debug_frame   0x000010e8      0x124 ..\obj\stm32f4xx_gpio.o
 .debug_frame   0x0000120c       0x7c ..\obj\porttimer.o
 .debug_frame   0x00001288       0xec ..\obj\mbrtu.o
 .debug_frame   0x00001374       0x44 ..\obj\system_stm32f4xx.o
 .debug_frame   0x000013b8      0x160 ..\obj\stm32f4xx_dma.o
 .debug_frame   0x00001518       0xac ..\obj\portserial.o
 .debug_frame   0x000015c4       0x78 ..\obj\mbfunccoils.o
 .debug_frame   0x0000163c       0x9c ..\obj\stm32f4xx_exti.o
 .debug_frame   0x000016d8       0x68 ..\obj\misc.o
 .debug_frame   0x00001740      0x188 ..\obj\svpwm.o
 .debug_frame   0x000018c8       0x3c ..\obj\filter.o
 .debug_frame   0x00001904       0xf0 ..\obj\mbascii.o
 .debug_frame   0x000019f4       0xa0 ..\obj\pid.o
 .debug_frame   0x00001a94      0x6bc ..\obj\stm32f4xx_tim.o
 .debug_frame   0x00002150       0x34 c:/program files (x86)/gnu tools arm embedded/6 2017-q1-update/bin/../lib/gcc/arm-none-eabi/6.3.1/../../../../arm-none-eabi/lib/thumb/v7e-m/fpv4-sp/hard\libm.a(lib_a-sf_cos.o)
 .debug_frame   0x00002184       0x34 c:/program files (x86)/gnu tools arm embedded/6 2017-q1-update/bin/../lib/gcc/arm-none-eabi/6.3.1/../../../../arm-none-eabi/lib/thumb/v7e-m/fpv4-sp/hard\libm.a(lib_a-sf_sin.o)
 .debug_frame   0x000021b8       0x50 c:/program files (x86)/gnu tools arm embedded/6 2017-q1-update/bin/../lib/gcc/arm-none-eabi/6.3.1/../../../../arm-none-eabi/lib/thumb/v7e-m/fpv4-sp/hard\libm.a(lib_a-wf_sqrt.o)
 .debug_frame   0x00002208       0x3c c:/program files (x86)/gnu tools arm embedded/6 2017-q1-update/bin/../lib/gcc/arm-none-eabi/6.3.1/../../../../arm-none-eabi/lib/thumb/v7e-m/fpv4-sp/hard\libm.a(lib_a-ef_rem_pio2.o)
 .debug_frame   0x00002244       0x48 c:/program files (x86)/gnu tools arm embedded/6 2017-q1-update/bin/../lib/gcc/arm-none-eabi/6.3.1/../../../../arm-none-eabi/lib/thumb/v7e-m/fpv4-sp/hard\libm.a(lib_a-ef_sqrt.o)
 .debug_frame   0x0000228c       0x20 c:/program files (x86)/gnu tools arm embedded/6 2017-q1-update/bin/../lib/gcc/arm-none-eabi/6.3.1/../../../../arm-none-eabi/lib/thumb/v7e-m/fpv4-sp/hard\libm.a(lib_a-kf_cos.o)
 .debug_frame   0x000022ac       0x5c c:/program files (x86)/gnu tools arm embedded/6 2017-q1-update/bin/../lib/gcc/arm-none-eabi/6.3.1/../../../../arm-none-eabi/lib/thumb/v7e-m/fpv4-sp/hard\libm.a(lib_a-kf_rem_pio2.o)
 .debug_frame   0x00002308       0x20 c:/program files (x86)/gnu tools arm embedded/6 2017-q1-update/bin/../lib/gcc/arm-none-eabi/6.3.1/../../../../arm-none-eabi/lib/thumb/v7e-m/fpv4-sp/hard\libm.a(lib_a-kf_sin.o)
 .debug_frame   0x00002328       0x20 c:/program files (x86)/gnu tools arm embedded/6 2017-q1-update/bin/../lib/gcc/arm-none-eabi/6.3.1/../../../../arm-none-eabi/lib/thumb/v7e-m/fpv4-sp/hard\libm.a(lib_a-s_matherr.o)
 .debug_frame   0x00002348       0x20 c:/program files (x86)/gnu tools arm embedded/6 2017-q1-update/bin/../lib/gcc/arm-none-eabi/6.3.1/../../../../arm-none-eabi/lib/thumb/v7e-m/fpv4-sp/hard\libm.a(lib_a-sf_fabs.o)
 .debug_frame   0x00002368       0x20 c:/program files (x86)/gnu tools arm embedded/6 2017-q1-update/bin/../lib/gcc/arm-none-eabi/6.3.1/../../../../arm-none-eabi/lib/thumb/v7e-m/fpv4-sp/hard\libm.a(lib_a-sf_floor.o)
 .debug_frame   0x00002388       0x44 c:/program files (x86)/gnu tools arm embedded/6 2017-q1-update/bin/../lib/gcc/arm-none-eabi/6.3.1/../../../../arm-none-eabi/lib/thumb/v7e-m/fpv4-sp/hard\libm.a(lib_a-sf_scalbn.o)
 .debug_frame   0x000023cc       0x20 c:/program files (x86)/gnu tools arm embedded/6 2017-q1-update/bin/../lib/gcc/arm-none-eabi/6.3.1/../../../../arm-none-eabi/lib/thumb/v7e-m/fpv4-sp/hard\libm.a(lib_a-sf_copysign.o)
 .debug_frame   0x000023ec       0xac c:/program files (x86)/gnu tools arm embedded/6 2017-q1-update/bin/../lib/gcc/arm-none-eabi/6.3.1/thumb/v7e-m/fpv4-sp/hard\libgcc.a(_arm_addsubdf3.o)
 .debug_frame   0x00002498       0x50 c:/program files (x86)/gnu tools arm embedded/6 2017-q1-update/bin/../lib/gcc/arm-none-eabi/6.3.1/thumb/v7e-m/fpv4-sp/hard\libgcc.a(_arm_muldivdf3.o)
 .debug_frame   0x000024e8       0x24 c:/program files (x86)/gnu tools arm embedded/6 2017-q1-update/bin/../lib/gcc/arm-none-eabi/6.3.1/thumb/v7e-m/fpv4-sp/hard\libgcc.a(_arm_truncdfsf2.o)
 .debug_frame   0x0000250c       0x20 c:/program files (x86)/gnu tools arm embedded/6 2017-q1-update/bin/../lib/gcc/arm-none-eabi/6.3.1/../../../../arm-none-eabi/lib/thumb/v7e-m/fpv4-sp/hard\libc.a(lib_a-errno.o)
 .debug_frame   0x0000252c       0x34 c:/program files (x86)/gnu tools arm embedded/6 2017-q1-update/bin/../lib/gcc/arm-none-eabi/6.3.1/../../../../arm-none-eabi/lib/thumb/v7e-m/fpv4-sp/hard\libc.a(lib_a-memset.o)
 .debug_frame   0x00002560       0x5c c:/program files (x86)/gnu tools arm embedded/6 2017-q1-update/bin/../lib/gcc/arm-none-eabi/6.3.1/../../../../arm-none-eabi/lib/thumb/v7e-m/fpv4-sp/hard\libc.a(lib_a-__call_atexit.o)
 .debug_frame   0x000025bc       0x20 c:/program files (x86)/gnu tools arm embedded/6 2017-q1-update/bin/../lib/gcc/arm-none-eabi/6.3.1/../../../../arm-none-eabi/lib/thumb/v7e-m/fpv4-sp/hard\libc.a(lib_a-atexit.o)
 .debug_frame   0x000025dc       0x34 c:/program files (x86)/gnu tools arm embedded/6 2017-q1-update/bin/../lib/gcc/arm-none-eabi/6.3.1/../../../../arm-none-eabi/lib/thumb/v7e-m/fpv4-sp/hard\libc.a(lib_a-fini.o)
 .debug_frame   0x00002610       0xb0 c:/program files (x86)/gnu tools arm embedded/6 2017-q1-update/bin/../lib/gcc/arm-none-eabi/6.3.1/../../../../arm-none-eabi/lib/thumb/v7e-m/fpv4-sp/hard\libc.a(lib_a-lock.o)
 .debug_frame   0x000026c0       0x34 c:/program files (x86)/gnu tools arm embedded/6 2017-q1-update/bin/../lib/gcc/arm-none-eabi/6.3.1/../../../../arm-none-eabi/lib/thumb/v7e-m/fpv4-sp/hard\libc.a(lib_a-__atexit.o)
