Archive member included to satisfy reference by file (symbol)

c:/program files (x86)/gnu tools arm embedded/6 2017-q1-update/bin/../lib/gcc/arm-none-eabi/6.3.1/../../../../arm-none-eabi/lib/thumb/v7e-m/fpv4-sp/hard\libm.a(lib_a-sf_cos.o)
                              ..\obj\encoder.o (cosf)
c:/program files (x86)/gnu tools arm embedded/6 2017-q1-update/bin/../lib/gcc/arm-none-eabi/6.3.1/../../../../arm-none-eabi/lib/thumb/v7e-m/fpv4-sp/hard\libm.a(lib_a-sf_sin.o)
                              ..\obj\encoder.o (sinf)
c:/program files (x86)/gnu tools arm embedded/6 2017-q1-update/bin/../lib/gcc/arm-none-eabi/6.3.1/../../../../arm-none-eabi/lib/thumb/v7e-m/fpv4-sp/hard\libm.a(lib_a-wf_sqrt.o)
                              ..\obj\main.o (sqrtf)
c:/program files (x86)/gnu tools arm embedded/6 2017-q1-update/bin/../lib/gcc/arm-none-eabi/6.3.1/../../../../arm-none-eabi/lib/thumb/v7e-m/fpv4-sp/hard\libm.a(lib_a-ef_rem_pio2.o)
                              c:/program files (x86)/gnu tools arm embedded/6 2017-q1-update/bin/../lib/gcc/arm-none-eabi/6.3.1/../../../../arm-none-eabi/lib/thumb/v7e-m/fpv4-sp/hard\libm.a(lib_a-sf_cos.o) (__ieee754_rem_pio2f)
c:/program files (x86)/gnu tools arm embedded/6 2017-q1-update/bin/../lib/gcc/arm-none-eabi/6.3.1/../../../../arm-none-eabi/lib/thumb/v7e-m/fpv4-sp/hard\libm.a(lib_a-ef_sqrt.o)
                              c:/program files (x86)/gnu tools arm embedded/6 2017-q1-update/bin/../lib/gcc/arm-none-eabi/6.3.1/../../../../arm-none-eabi/lib/thumb/v7e-m/fpv4-sp/hard\libm.a(lib_a-wf_sqrt.o) (__ieee754_sqrtf)
c:/program files (x86)/gnu tools arm embedded/6 2017-q1-update/bin/../lib/gcc/arm-none-eabi/6.3.1/../../../../arm-none-eabi/lib/thumb/v7e-m/fpv4-sp/hard\libm.a(lib_a-kf_cos.o)
                              c:/program files (x86)/gnu tools arm embedded/6 2017-q1-update/bin/../lib/gcc/arm-none-eabi/6.3.1/../../../../arm-none-eabi/lib/thumb/v7e-m/fpv4-sp/hard\libm.a(lib_a-sf_cos.o) (__kernel_cosf)
c:/program files (x86)/gnu tools arm embedded/6 2017-q1-update/bin/../lib/gcc/arm-none-eabi/6.3.1/../../../../arm-none-eabi/lib/thumb/v7e-m/fpv4-sp/hard\libm.a(lib_a-kf_rem_pio2.o)
                              c:/program files (x86)/gnu tools arm embedded/6 2017-q1-update/bin/../lib/gcc/arm-none-eabi/6.3.1/../../../../arm-none-eabi/lib/thumb/v7e-m/fpv4-sp/hard\libm.a(lib_a-ef_rem_pio2.o) (__kernel_rem_pio2f)
c:/program files (x86)/gnu tools arm embedded/6 2017-q1-update/bin/../lib/gcc/arm-none-eabi/6.3.1/../../../../arm-none-eabi/lib/thumb/v7e-m/fpv4-sp/hard\libm.a(lib_a-kf_sin.o)
                              c:/program files (x86)/gnu tools arm embedded/6 2017-q1-update/bin/../lib/gcc/arm-none-eabi/6.3.1/../../../../arm-none-eabi/lib/thumb/v7e-m/fpv4-sp/hard\libm.a(lib_a-sf_cos.o) (__kernel_sinf)
c:/program files (x86)/gnu tools arm embedded/6 2017-q1-update/bin/../lib/gcc/arm-none-eabi/6.3.1/../../../../arm-none-eabi/lib/thumb/v7e-m/fpv4-sp/hard\libm.a(lib_a-s_lib_ver.o)
                              c:/program files (x86)/gnu tools arm embedded/6 2017-q1-update/bin/../lib/gcc/arm-none-eabi/6.3.1/../../../../arm-none-eabi/lib/thumb/v7e-m/fpv4-sp/hard\libm.a(lib_a-wf_sqrt.o) (__fdlib_version)
c:/program files (x86)/gnu tools arm embedded/6 2017-q1-update/bin/../lib/gcc/arm-none-eabi/6.3.1/../../../../arm-none-eabi/lib/thumb/v7e-m/fpv4-sp/hard\libm.a(lib_a-s_matherr.o)
                              c:/program files (x86)/gnu tools arm embedded/6 2017-q1-update/bin/../lib/gcc/arm-none-eabi/6.3.1/../../../../arm-none-eabi/lib/thumb/v7e-m/fpv4-sp/hard\libm.a(lib_a-wf_sqrt.o) (matherr)
c:/program files (x86)/gnu tools arm embedded/6 2017-q1-update/bin/../lib/gcc/arm-none-eabi/6.3.1/../../../../arm-none-eabi/lib/thumb/v7e-m/fpv4-sp/hard\libm.a(lib_a-sf_fabs.o)
                              c:/program files (x86)/gnu tools arm embedded/6 2017-q1-update/bin/../lib/gcc/arm-none-eabi/6.3.1/../../../../arm-none-eabi/lib/thumb/v7e-m/fpv4-sp/hard\libm.a(lib_a-ef_rem_pio2.o) (fabsf)
c:/program files (x86)/gnu tools arm embedded/6 2017-q1-update/bin/../lib/gcc/arm-none-eabi/6.3.1/../../../../arm-none-eabi/lib/thumb/v7e-m/fpv4-sp/hard\libm.a(lib_a-sf_floor.o)
                              c:/program files (x86)/gnu tools arm embedded/6 2017-q1-update/bin/../lib/gcc/arm-none-eabi/6.3.1/../../../../arm-none-eabi/lib/thumb/v7e-m/fpv4-sp/hard\libm.a(lib_a-kf_rem_pio2.o) (floorf)
c:/program files (x86)/gnu tools arm embedded/6 2017-q1-update/bin/../lib/gcc/arm-none-eabi/6.3.1/../../../../arm-none-eabi/lib/thumb/v7e-m/fpv4-sp/hard\libm.a(lib_a-sf_scalbn.o)
                              c:/program files (x86)/gnu tools arm embedded/6 2017-q1-update/bin/../lib/gcc/arm-none-eabi/6.3.1/../../../../arm-none-eabi/lib/thumb/v7e-m/fpv4-sp/hard\libm.a(lib_a-kf_rem_pio2.o) (scalbnf)
c:/program files (x86)/gnu tools arm embedded/6 2017-q1-update/bin/../lib/gcc/arm-none-eabi/6.3.1/../../../../arm-none-eabi/lib/thumb/v7e-m/fpv4-sp/hard\libm.a(lib_a-sf_copysign.o)
[...]
Memory Configuration

Name             Origin             Length             Attributes
rom              0x08000000         0x00100000         xr
ram              0x20000000         0x00020000         xrw
ram1             0x10000000         0x00010000         xrw
*default*        0x00000000         0xffffffff

Linker script and memory map

LOAD c:/program files (x86)/gnu tools arm embedded/6 2017-q1-update/bin/../lib/gcc/arm-none-eabi/6.3.1/thumb/v7e-m/fpv4-sp/hard/crti.o
LOAD c:/program files (x86)/gnu tools arm embedded/6 2017-q1-update/bin/../lib/gcc/arm-none-eabi/6.3.1/thumb/v7e-m/fpv4-sp/hard/crtbegin.o
LOAD c:/program files (x86)/gnu tools arm embedded/6 2017-q1-update/bin/../lib/gcc/arm-none-eabi/6.3.1/../../../../arm-none-eabi/lib/thumb/v7e-m/fpv4-sp/hard/crt0.o
                0x20020000                _eram = 0x20020000

.text           0x08000000     0x59b4
 *(.isr_vector)
 .isr_vector    0x08000000      0x188 ..\obj\startup_stm32f4xx.o
                0x08000000                g_pfnVectors
 *(.text*)
 .text          0x08000188       0x6c c:/program files (x86)/gnu tools arm embedded/6 2017-q1-update/bin/../lib/gcc/arm-none-eabi/6.3.1/thumb/v7e-m/fpv4-sp/hard/crtbegin.o
 .text.SYSCFG_EXTILineConfig
                0x080001f4       0x2a ..\obj\stm32f4xx_syscfg.o
                0x080001f4                SYSCFG_EXTILineConfig
 *fill*         0x0800021e        0x2 
 .text.eMBInit  0x08000220       0xdc ..\obj\mb.o
                0x08000220                eMBInit
 .text.eMBEnable
                0x080002fc       0x24 ..\obj\mb.o
                0x080002fc                eMBEnable
 .text.eMBPoll  0x08000320       0xd4 ..\obj\mb.o
                0x08000320                eMBPoll
 .text.eMBFuncReadDiscreteInputs
                0x080003f4       0x6a ..\obj\mbfuncdisc.o
                0x080003f4                eMBFuncReadDiscreteInputs
 *fill*         0x0800045e        0x2 
 .text.xMBPortEventInit
                0x08000460       0x10 ..\obj\portevent.o
                0x08000460                xMBPortEventInit
 .text.xMBPortEventPost
                0x08000470       0x10 ..\obj\portevent.o
                0x08000470                xMBPortEventPost
 .text.xMBPortEventGet
                0x08000480       0x18 ..\obj\portevent.o
                0x08000480                xMBPortEventGet
 .text.eMBFuncReportSlaveID
                0x08000498       0x1c ..\obj\mbfuncother.o
                0x08000498                eMBFuncReportSlaveID
 .text.USART_DeInit
                0x080004b4       0xb0 ..\obj\stm32f4xx_usart.o
                0x080004b4                USART_DeInit
 .text.USART_Init
                0x08000564       0xb4 ..\obj\stm32f4xx_usart.o
                0x08000564                USART_Init
 .text.USART_ClockInit
                0x08000618       0x20 ..\obj\stm32f4xx_usart.o
                0x08000618                USART_ClockInit
 .text.USART_ClockStructInit
                0x08000638        0xc ..\obj\stm32f4xx_usart.o
                0x08000638                USART_ClockStructInit
 .text.USART_Cmd
                0x08000644       0x18 ..\obj\stm32f4xx_usart.o
                0x08000644                USART_Cmd
 .text.USART_SendData
                0x0800065c        0x8 ..\obj\stm32f4xx_usart.o
                0x0800065c                USART_SendData
 .text.USART_ReceiveData
                0x08000664        0x8 ..\obj\stm32f4xx_usart.o
                0x08000664                USART_ReceiveData
 .text.USART_ITConfig
                0x0800066c       0x32 ..\obj\stm32f4xx_usart.o
                0x0800066c                USART_ITConfig
 .text.USART_GetITStatus
                0x0800069e       0x40 ..\obj\stm32f4xx_usart.o
                0x0800069e                USART_GetITStatus
 .text.USART_ClearITPendingBit
                0x080006de        0xe ..\obj\stm32f4xx_usart.o
                0x080006de                USART_ClearITPendingBit
 .text.prveMBError2Exception
                0x080006ec       0x10 ..\obj\mbutils.o
                0x080006ec                prveMBError2Exception
 .text.DAC_Init
                0x080006fc       0x2c ..\obj\stm32f4xx_dac.o
                0x080006fc                DAC_Init
 .text.DAC_StructInit
                0x08000728        0xc ..\obj\stm32f4xx_dac.o
                0x08000728                DAC_StructInit
 .text.DAC_Cmd  0x08000734       0x20 ..\obj\stm32f4xx_dac.o
                0x08000734                DAC_Cmd
 .text.DAC_SetDualChannelData
                0x08000754       0x18 ..\obj\stm32f4xx_dac.o
                0x08000754                DAC_SetDualChannelData
 .text.Default_Handler
                0x0800076c        0x2 ..\obj\startup_stm32f4xx.o
                0x0800076c                RTC_Alarm_IRQHandler
                0x0800076c                HASH_RNG_IRQHandler
                0x0800076c                EXTI2_IRQHandler
                0x0800076c                TIM8_CC_IRQHandler
                0x0800076c                DebugMon_Handler
                0x0800076c                TIM1_CC_IRQHandler
                0x0800076c                DMA2_Stream5_IRQHandler
                0x0800076c                HardFault_Handler
                0x0800076c                DMA1_Stream5_IRQHandler
                0x0800076c                SysTick_Handler
                0x0800076c                PVD_IRQHandler
                0x0800076c                SDIO_IRQHandler
                0x0800076c                TAMP_STAMP_IRQHandler
                0x0800076c                PendSV_Handler
                0x0800076c                NMI_Handler
                0x0800076c                CAN2_RX1_IRQHandler
                0x0800076c                EXTI3_IRQHandler
                0x0800076c                TIM8_TRG_COM_TIM14_IRQHandler
                0x0800076c                TIM8_UP_TIM13_IRQHandler
                0x0800076c                I2C3_ER_IRQHandler
                0x0800076c                EXTI0_IRQHandler
                0x0800076c                I2C2_EV_IRQHandler
                0x0800076c                DMA1_Stream2_IRQHandler
                0x0800076c                CAN1_RX0_IRQHandler
                0x0800076c                FPU_IRQHandler
                0x0800076c                OTG_HS_WKUP_IRQHandler
                0x0800076c                UsageFault_Handler
                0x0800076c                CAN2_SCE_IRQHandler
                0x0800076c                DMA2_Stream2_IRQHandler
                0x0800076c                SPI1_IRQHandler
                0x0800076c                TIM6_DAC_IRQHandler
                0x0800076c                TIM1_BRK_TIM9_IRQHandler
                0x0800076c                DCMI_IRQHandler
                0x0800076c                CAN2_RX0_IRQHandler
                0x0800076c                DMA2_Stream3_IRQHandler
                0x0800076c                USART6_IRQHandler
                0x0800076c                CRYP_IRQHandler
                0x0800076c                CAN1_RX1_IRQHandler
                0x0800076c                UART5_IRQHandler
                0x0800076c                DMA2_Stream0_IRQHandler
                0x0800076c                TIM4_IRQHandler
                0x0800076c                I2C1_EV_IRQHandler
                0x0800076c                DMA1_Stream6_IRQHandler
                0x0800076c                UART4_IRQHandler
                0x0800076c                TIM3_IRQHandler
                0x0800076c                RCC_IRQHandler
                0x0800076c                TIM8_BRK_TIM12_IRQHandler
                0x0800076c                DMA1_Stream7_IRQHandler
                0x0800076c                CAN2_TX_IRQHandler
                0x0800076c                TIM5_IRQHandler
                0x0800076c                DMA2_Stream7_IRQHandler
                0x0800076c                I2C3_EV_IRQHandler
                0x0800076c                RTC_WKUP_IRQHandler
                0x0800076c                ETH_WKUP_IRQHandler
                0x0800076c                SPI2_IRQHandler
                0x0800076c                OTG_HS_EP1_IN_IRQHandler
                0x0800076c                MemManage_Handler
                0x0800076c                DMA1_Stream0_IRQHandler
                0x0800076c                CAN1_TX_IRQHandler
                0x0800076c                SVC_Handler
                0x0800076c                EXTI4_IRQHandler
                0x0800076c                FSMC_IRQHandler
                0x0800076c                ETH_IRQHandler
                0x0800076c                OTG_HS_EP1_OUT_IRQHandler
                0x0800076c                WWDG_IRQHandler
                0x0800076c                TIM2_IRQHandler
                0x0800076c                OTG_FS_WKUP_IRQHandler
                0x0800076c                TIM1_TRG_COM_TIM11_IRQHandler
                0x0800076c                OTG_HS_IRQHandler
                0x0800076c                EXTI1_IRQHandler
                0x0800076c                USART2_IRQHandler
                0x0800076c                I2C2_ER_IRQHandler
                0x0800076c                DMA2_Stream1_IRQHandler
                0x0800076c                CAN1_SCE_IRQHandler
                0x0800076c                FLASH_IRQHandler
                0x0800076c                DMA2_Stream4_IRQHandler
                0x0800076c                BusFault_Handler
                0x0800076c                USART1_IRQHandler
                0x0800076c                OTG_FS_IRQHandler
                0x0800076c                SPI3_IRQHandler
                0x0800076c                DMA1_Stream4_IRQHandler
                0x0800076c                I2C1_ER_IRQHandler
                0x0800076c                DMA2_Stream6_IRQHandler
                0x0800076c                DMA1_Stream3_IRQHandler
 *fill*         0x0800076e        0x2 
 .text.Default_Reset_Handler
                0x08000770       0x50 ..\obj\startup_stm32f4xx.o
                0x08000770                Default_Reset_Handler
                0x08000770                Reset_Handler
 .text.eMBFuncWriteHoldingRegister
                0x080007c0       0x2e ..\obj\mbfuncholding.o
                0x080007c0                eMBFuncWriteHoldingRegister
 .text.eMBFuncWriteMultipleHoldingRegister
                0x080007ee       0x4a ..\obj\mbfuncholding.o
                0x080007ee                eMBFuncWriteMultipleHoldingRegister
 .text.eMBFuncReadHoldingRegister
                0x08000838       0x58 ..\obj\mbfuncholding.o
                0x08000838                eMBFuncReadHoldingRegister
 .text.eMBFuncReadWriteMultipleHoldingRegister
                0x08000890       0x9c ..\obj\mbfuncholding.o
                0x08000890                eMBFuncReadWriteMultipleHoldingRegister
 .text.EXTI9_5_IRQHandler
                0x0800092c       0x48 ..\obj\main.o
                0x0800092c                EXTI9_5_IRQHandler
 .text.eMBRegHoldingCB
                0x08000974       0x70 ..\obj\main.o
                0x08000974                eMBRegHoldingCB
 .text.eMBRegCoilsCB
                0x080009e4        0x4 ..\obj\main.o
                0x080009e4                eMBRegCoilsCB
 .text.eMBRegDiscreteCB
                0x080009e8        0x4 ..\obj\main.o
                0x080009e8                eMBRegDiscreteCB
 .text.eMBRegInputCB
                0x080009ec        0x4 ..\obj\main.o
                0x080009ec                eMBRegInputCB
 .text.Configure_PC6
                0x080009f0       0x78 ..\obj\main.o
                0x080009f0                Configure_PC6
 .text.boardInit
                0x08000a68       0xcc ..\obj\main.o
                0x08000a68                boardInit
 .text.startup.main
                0x08000b34      0x2d8 ..\obj\main.o
                0x08000b34                main
 .text.usMBCRC16
                0x08000e0c       0x2c ..\obj\mbcrc.o
                0x08000e0c                usMBCRC16
 .text.RCC_GetClocksFreq
                0x08000e38       0x88 ..\obj\stm32f4xx_rcc.o
                0x08000e38                RCC_GetClocksFreq
 .text.RCC_AHB1PeriphClockCmd
                0x08000ec0       0x18 ..\obj\stm32f4xx_rcc.o
                0x08000ec0                RCC_AHB1PeriphClockCmd
 .text.RCC_APB1PeriphClockCmd
                0x08000ed8       0x18 ..\obj\stm32f4xx_rcc.o
                0x08000ed8                RCC_APB1PeriphClockCmd
 .text.RCC_APB2PeriphClockCmd
                0x08000ef0       0x18 ..\obj\stm32f4xx_rcc.o
                0x08000ef0                RCC_APB2PeriphClockCmd
 .text.RCC_APB1PeriphResetCmd
                0x08000f08       0x18 ..\obj\stm32f4xx_rcc.o
                0x08000f08                RCC_APB1PeriphResetCmd
 .text.RCC_APB2PeriphResetCmd
                0x08000f20       0x18 ..\obj\stm32f4xx_rcc.o
                0x08000f20                RCC_APB2PeriphResetCmd
 .text.initDAC  0x08000f38       0x5c ..\obj\foc.o
                0x08000f38                initDAC
 .text.focInit  0x08000f94      0x188 ..\obj\foc.o
                0x08000f94                focInit
 .text.mcFocSetAngle
                0x0800111c       0x2a ..\obj\foc.o
                0x0800111c                mcFocSetAngle
 .text.mcFocCalcCurrent
                0x08001146       0x36 ..\obj\foc.o
                0x08001146                mcFocCalcCurrent
 .text.mcClark  0x0800117c       0x28 ..\obj\foc.o
                0x0800117c                mcClark
 .text.mcPark   0x080011a4       0x2a ..\obj\foc.o
                0x080011a4                mcPark
 .text.mcInvPark
                0x080011ce       0x2a ..\obj\foc.o
                0x080011ce                mcInvPark
 .text.mcInvClark
                0x080011f8       0x3c ..\obj\foc.o
                0x080011f8                mcInvClark
 .text.adc_current_filter
                0x08001234       0xd4 ..\obj\foc.o
                0x08001234                adc_current_filter
 .text.ADC_IRQHandler
                0x08001308      0x378 ..\obj\foc.o
                0x08001308                ADC_IRQHandler
 .text.ADC_Init
                0x08001680       0x4c ..\obj\stm32f4xx_adc.o
                0x08001680                ADC_Init
 .text.ADC_StructInit
                0x080016cc       0x14 ..\obj\stm32f4xx_adc.o
                0x080016cc                ADC_StructInit
 .text.ADC_CommonInit
                0x080016e0       0x28 ..\obj\stm32f4xx_adc.o
                0x080016e0                ADC_CommonInit
 .text.ADC_CommonStructInit
                0x08001708        0xc ..\obj\stm32f4xx_adc.o
                0x08001708                ADC_CommonStructInit
 .text.ADC_Cmd  0x08001714       0x12 ..\obj\stm32f4xx_adc.o
                0x08001714                ADC_Cmd
 .text.ADC_RegularChannelConfig
                0x08001726       0x8c ..\obj\stm32f4xx_adc.o
                0x08001726                ADC_RegularChannelConfig
 .text.ADC_SoftwareStartConv
                0x080017b2        0xa ..\obj\stm32f4xx_adc.o
                0x080017b2                ADC_SoftwareStartConv
 .text.ADC_DMACmd
                0x080017bc       0x12 ..\obj\stm32f4xx_adc.o
                0x080017bc                ADC_DMACmd
 .text.ADC_DMARequestAfterLastTransferCmd
                0x080017ce       0x12 ..\obj\stm32f4xx_adc.o
                0x080017ce                ADC_DMARequestAfterLastTransferCmd
 .text.ADC_InjectedChannelConfig
                0x080017e0       0x58 ..\obj\stm32f4xx_adc.o
                0x080017e0                ADC_InjectedChannelConfig
 .text.ADC_InjectedSequencerLengthConfig
                0x08001838       0x10 ..\obj\stm32f4xx_adc.o
                0x08001838                ADC_InjectedSequencerLengthConfig
 .text.ADC_ExternalTrigInjectedConvConfig
                0x08001848        0xc ..\obj\stm32f4xx_adc.o
                0x08001848                ADC_ExternalTrigInjectedConvConfig
 .text.ADC_ExternalTrigInjectedConvEdgeConfig
                0x08001854        0xc ..\obj\stm32f4xx_adc.o
                0x08001854                ADC_ExternalTrigInjectedConvEdgeConfig
 .text.ADC_AutoInjectedConvCmd
                0x08001860       0x12 ..\obj\stm32f4xx_adc.o
                0x08001860                ADC_AutoInjectedConvCmd
 .text.ADC_InjectedDiscModeCmd
                0x08001872       0x12 ..\obj\stm32f4xx_adc.o
                0x08001872                ADC_InjectedDiscModeCmd
 .text.ADC_GetInjectedConversionValue
                0x08001884       0x1a ..\obj\stm32f4xx_adc.o
                0x08001884                ADC_GetInjectedConversionValue
 .text.ADC_ITConfig
                0x0800189e       0x18 ..\obj\stm32f4xx_adc.o
                0x0800189e                ADC_ITConfig
 .text.ADC_ClearITPendingBit
                0x080018b6        0x8 ..\obj\stm32f4xx_adc.o
                0x080018b6                ADC_ClearITPendingBit
 .text.eMBFuncReadInputRegister
                0x080018be       0x58 ..\obj\mbfuncinput.o
                0x080018be                eMBFuncReadInputRegister
 *fill*         0x08001916        0x2 
 .text.encoderInitZ
                0x08001918       0x80 ..\obj\encoder.o
                0x08001918                encoderInitZ
 .text.initHall
                0x08001998       0x3c ..\obj\encoder.o
                0x08001998                initHall
 .text.iEncoderGetAbsPos
                0x080019d4        0xa ..\obj\encoder.o
                0x080019d4                iEncoderGetAbsPos
 .text.encoderAddOffset
                0x080019de       0x20 ..\obj\encoder.o
                0x080019de                encoderAddOffset
 *fill*         0x080019fe        0x2 
 .text.initSanyoWareSaveEncoder
                0x08001a00       0x80 ..\obj\encoder.o
                0x08001a00                initSanyoWareSaveEncoder
 .text.EXTI15_10_IRQHandler
                0x08001a80       0x34 ..\obj\encoder.o
                0x08001a80                EXTI15_10_IRQHandler
 .text.readRawHallInput
                0x08001ab4       0x2c ..\obj\encoder.o
                0x08001ab4                readRawHallInput
 .text.readHallMap
                0x08001ae0       0x14 ..\obj\encoder.o
                0x08001ae0                readHallMap
 .text.readRawEncoderWithUVW
                0x08001af4       0x9c ..\obj\encoder.o
                0x08001af4                readRawEncoderWithUVW
 .text.createSinCosTable
                0x08001b90       0x5c ..\obj\encoder.o
                0x08001b90                createSinCosTable
 .text.fSinAngle
                0x08001bec       0x10 ..\obj\encoder.o
                0x08001bec                fSinAngle
 .text.fCosAngle
                0x08001bfc       0x10 ..\obj\encoder.o
                0x08001bfc                fCosAngle
 .text.initTim10
                0x08001c0c       0xc0 ..\obj\encoder.o
                0x08001c0c                initTim10
 .text.initEncoder
                0x08001ccc      0x1ac ..\obj\encoder.o
                0x08001ccc                initEncoder
 .text.TIM1_UP_TIM10_IRQHandler
                0x08001e78       0x34 ..\obj\encoder.o
                0x08001e78                TIM1_UP_TIM10_IRQHandler
 .text.GPIO_Init
                0x08001eac       0x9c ..\obj\stm32f4xx_gpio.o
                0x08001eac                GPIO_Init
 .text.GPIO_StructInit
                0x08001f48       0x12 ..\obj\stm32f4xx_gpio.o
                0x08001f48                GPIO_StructInit
 .text.GPIO_ReadInputData
                0x08001f5a        0x6 ..\obj\stm32f4xx_gpio.o
                0x08001f5a                GPIO_ReadInputData
 .text.GPIO_SetBits
                0x08001f60        0x4 ..\obj\stm32f4xx_gpio.o
                0x08001f60                GPIO_SetBits
 .text.GPIO_ResetBits
                0x08001f64        0x4 ..\obj\stm32f4xx_gpio.o
                0x08001f64                GPIO_ResetBits
 .text.GPIO_ToggleBits
                0x08001f68        0x8 ..\obj\stm32f4xx_gpio.o
                0x08001f68                GPIO_ToggleBits
 .text.GPIO_PinAFConfig
                0x08001f70       0x24 ..\obj\stm32f4xx_gpio.o
                0x08001f70                GPIO_PinAFConfig
 .text.xMBPortTimersInit
                0x08001f94       0x74 ..\obj\porttimer.o
                0x08001f94                xMBPortTimersInit
 .text.vMBPortTimersEnable
                0x08002008       0x1c ..\obj\porttimer.o
                0x08002008                vMBPortTimersEnable
 .text.vMBPortTimersDisable
                0x08002024        0xc ..\obj\porttimer.o
                0x08002024                vMBPortTimersDisable
 .text.TIM7_IRQHandler
                0x08002030       0x28 ..\obj\porttimer.o
                0x08002030                TIM7_IRQHandler
 .text.eMBRTUInit
                0x08002058       0x3c ..\obj\mbrtu.o
                0x08002058                eMBRTUInit
 .text.eMBRTUStart
                0x08002094       0x1c ..\obj\mbrtu.o
                0x08002094                eMBRTUStart
 .text.eMBRTUStop
                0x080020b0       0x14 ..\obj\mbrtu.o
                0x080020b0                eMBRTUStop
 .text.eMBRTUReceive
                0x080020c4       0x48 ..\obj\mbrtu.o
                0x080020c4                eMBRTUReceive
 .text.eMBRTUSend
                0x0800210c       0x68 ..\obj\mbrtu.o
                0x0800210c                eMBRTUSend
 .text.xMBRTUReceiveFSM
                0x08002174       0x68 ..\obj\mbrtu.o
                0x08002174                xMBRTUReceiveFSM
 .text.xMBRTUTransmitFSM
                0x080021dc       0x58 ..\obj\mbrtu.o
                0x080021dc                xMBRTUTransmitFSM
 .text.xMBRTUTimerT35Expired
                0x08002234       0x2c ..\obj\mbrtu.o
                0x08002234                xMBRTUTimerT35Expired
 .text.SystemInit
                0x08002260       0xf8 ..\obj\system_stm32f4xx.o
                0x08002260                SystemInit
 .text.SystemCoreClockUpdate
                0x08002358       0x70 ..\obj\system_stm32f4xx.o
                0x08002358                SystemCoreClockUpdate
 .text.DMA_Init
                0x080023c8       0x54 ..\obj\stm32f4xx_dma.o
                0x080023c8                DMA_Init
 .text.DMA_StructInit
                0x0800241c       0x22 ..\obj\stm32f4xx_dma.o
                0x0800241c                DMA_StructInit
 .text.DMA_Cmd  0x0800243e       0x12 ..\obj\stm32f4xx_dma.o
                0x0800243e                DMA_Cmd
 .text.vMBPortSerialEnable
                0x08002450       0x54 ..\obj\portserial.o
                0x08002450                vMBPortSerialEnable
 .text.xMBPortSerialInit
                0x080024a4      0x128 ..\obj\portserial.o
                0x080024a4                xMBPortSerialInit
 .text.USART3_IRQHandler
                0x080025cc       0x70 ..\obj\portserial.o
                0x080025cc                USART3_IRQHandler
 .text.xMBPortSerialPutByte
                0x0800263c       0x14 ..\obj\portserial.o
                0x0800263c                xMBPortSerialPutByte
 .text.xMBPortSerialGetByte
                0x08002650       0x14 ..\obj\portserial.o
                0x08002650                xMBPortSerialGetByte
 .text.eMBFuncReadCoils
                0x08002664       0x6c ..\obj\mbfunccoils.o
                0x08002664                eMBFuncReadCoils
 .text.eMBFuncWriteCoil
                0x080026d0       0x4a ..\obj\mbfunccoils.o
                0x080026d0                eMBFuncWriteCoil
 .text.eMBFuncWriteMultipleCoils
                0x0800271a       0x58 ..\obj\mbfunccoils.o
                0x0800271a                eMBFuncWriteMultipleCoils
 *fill*         0x08002772        0x2 
 .text.EXTI_Init
                0x08002774       0x74 ..\obj\stm32f4xx_exti.o
                0x08002774                EXTI_Init
 .text.EXTI_GetITStatus
                0x080027e8       0x1c ..\obj\stm32f4xx_exti.o
                0x080027e8                EXTI_GetITStatus
 .text.EXTI_ClearITPendingBit
                0x08002804        0xc ..\obj\stm32f4xx_exti.o
                0x08002804                EXTI_ClearITPendingBit
 .text.NVIC_PriorityGroupConfig
                0x08002810       0x14 ..\obj\misc.o
                0x08002810                NVIC_PriorityGroupConfig
 .text.NVIC_Init
                0x08002824       0x68 ..\obj\misc.o
                0x08002824                NVIC_Init
 .text.svpwmInitGPIO
                0x0800288c       0x94 ..\obj\svpwm.o
                0x0800288c                svpwmInitGPIO
 .text.svpwmInitTIM
                0x08002920      0x134 ..\obj\svpwm.o
                0x08002920                svpwmInitTIM
 .text.RCC_Configuration_Adc1
                0x08002a54       0x20 ..\obj\svpwm.o
                0x08002a54                RCC_Configuration_Adc1
 .text.RCC_Configuration_Adc2
                0x08002a74       0x18 ..\obj\svpwm.o
                0x08002a74                RCC_Configuration_Adc2
 .text.GPIO_Configuration_Adc1
                0x08002a8c       0x60 ..\obj\svpwm.o
                0x08002a8c                GPIO_Configuration_Adc1
 .text.GPIO_Configuration_Adc2
                0x08002aec       0x3c ..\obj\svpwm.o
                0x08002aec                GPIO_Configuration_Adc2
 .text.DMAInit  0x08002b28       0x74 ..\obj\svpwm.o
                0x08002b28                DMAInit
 .text.svpwmInitADC
                0x08002b9c      0x174 ..\obj\svpwm.o
                0x08002b9c                svpwmInitADC
 .text.svpwmInit
                0x08002d10        0xe ..\obj\svpwm.o
                0x08002d10                svpwmInit
 .text.DMA1_Stream1_IRQHandler
                0x08002d1e        0x2 ..\obj\svpwm.o
                0x08002d1e                DMA1_Stream1_IRQHandler
 .text.mcFocSVPWM_TTHI
                0x08002d20       0x90 ..\obj\svpwm.o
                0x08002d20                mcFocSVPWM_TTHI
 .text.eMBASCIIInit
                0x08002db0       0x34 ..\obj\mbascii.o
                0x08002db0                eMBASCIIInit
 .text.eMBASCIIStart
                0x08002de4       0x20 ..\obj\mbascii.o
                0x08002de4                eMBASCIIStart
 .text.eMBASCIIStop
                0x08002e04       0x14 ..\obj\mbascii.o
                0x08002e04                eMBASCIIStop
 .text.eMBASCIIReceive
                0x08002e18       0x5c ..\obj\mbascii.o
                0x08002e18                eMBASCIIReceive
 .text.eMBASCIISend
                0x08002e74       0x6c ..\obj\mbascii.o
                0x08002e74                eMBASCIISend
 .text.xMBASCIIReceiveFSM
                0x08002ee0       0xf4 ..\obj\mbascii.o
                0x08002ee0                xMBASCIIReceiveFSM
 .text.xMBASCIITransmitFSM
                0x08002fd4       0xbc ..\obj\mbascii.o
                0x08002fd4                xMBASCIITransmitFSM
 .text.xMBASCIITimerT1SExpired
                0x08003090       0x1c ..\obj\mbascii.o
                0x08003090                xMBASCIITimerT1SExpired
 .text.pidInit_test
                0x080030ac       0x18 ..\obj\pid.o
                0x080030ac                pidInit_test
 .text.pidSetOutLimit_test
                0x080030c4        0xa ..\obj\pid.o
                0x080030c4                pidSetOutLimit_test
 .text.pidSetIntegralLimit_test
                0x080030ce        0x6 ..\obj\pid.o
                0x080030ce                pidSetIntegralLimit_test
 .text.pidTask_test
                0x080030d4       0x92 ..\obj\pid.o
                0x080030d4                pidTask_test
 .text.pidInit  0x08003166       0x18 ..\obj\pid.o
                0x08003166                pidInit
 .text.pidSetOutLimit
                0x0800317e        0xa ..\obj\pid.o
                0x0800317e                pidSetOutLimit
 .text.pidSetIntegralLimit
                0x08003188        0xe ..\obj\pid.o
                0x08003188                pidSetIntegralLimit
 .text.pidSetInputRange
                0x08003196        0xe ..\obj\pid.o
                0x08003196                pidSetInputRange
 .text.pidTask  0x080031a4       0xcc ..\obj\pid.o
                0x080031a4                pidTask
 .text.TI1_Config
                0x08003270       0x36 ..\obj\stm32f4xx_tim.o
 .text.TI2_Config
                0x080032a6       0x3c ..\obj\stm32f4xx_tim.o
 *fill*         0x080032e2        0x2 
 .text.TIM_DeInit
                0x080032e4      0x16c ..\obj\stm32f4xx_tim.o
                0x080032e4                TIM_DeInit
 .text.TIM_TimeBaseInit
                0x08003450       0x7c ..\obj\stm32f4xx_tim.o
                0x08003450                TIM_TimeBaseInit
 .text.TIM_TimeBaseStructInit
                0x080034cc       0x12 ..\obj\stm32f4xx_tim.o
                0x080034cc                TIM_TimeBaseStructInit
 .text.TIM_SetCounter
                0x080034de        0x4 ..\obj\stm32f4xx_tim.o
                0x080034de                TIM_SetCounter
 .text.TIM_ARRPreloadConfig
                0x080034e2       0x18 ..\obj\stm32f4xx_tim.o
                0x080034e2                TIM_ARRPreloadConfig
 .text.TIM_Cmd  0x080034fa       0x18 ..\obj\stm32f4xx_tim.o
                0x080034fa                TIM_Cmd
 *fill*         0x08003512        0x2 
 .text.TIM_OC1Init
                0x08003514       0x70 ..\obj\stm32f4xx_tim.o
                0x08003514                TIM_OC1Init
 .text.TIM_OC2Init
                0x08003584       0x80 ..\obj\stm32f4xx_tim.o
                0x08003584                TIM_OC2Init
 .text.TIM_OC3Init
                0x08003604       0x7c ..\obj\stm32f4xx_tim.o
                0x08003604                TIM_OC3Init
 .text.TIM_OC4Init
                0x08003680       0x64 ..\obj\stm32f4xx_tim.o
                0x08003680                TIM_OC4Init
 .text.TIM_OCStructInit
                0x080036e4       0x14 ..\obj\stm32f4xx_tim.o
                0x080036e4                TIM_OCStructInit
 .text.TIM_SetCompare1
                0x080036f8        0x4 ..\obj\stm32f4xx_tim.o
                0x080036f8                TIM_SetCompare1
 .text.TIM_SetCompare2
                0x080036fc        0x4 ..\obj\stm32f4xx_tim.o
                0x080036fc                TIM_SetCompare2
 .text.TIM_SetCompare3
                0x08003700        0x4 ..\obj\stm32f4xx_tim.o
                0x08003700                TIM_SetCompare3
 .text.TIM_OC1PreloadConfig
                0x08003704       0x10 ..\obj\stm32f4xx_tim.o
                0x08003704                TIM_OC1PreloadConfig
 .text.TIM_OC2PreloadConfig
                0x08003714       0x14 ..\obj\stm32f4xx_tim.o
                0x08003714                TIM_OC2PreloadConfig
 .text.TIM_OC3PreloadConfig
                0x08003728       0x10 ..\obj\stm32f4xx_tim.o
                0x08003728                TIM_OC3PreloadConfig
 .text.TIM_OC4PreloadConfig
                0x08003738       0x14 ..\obj\stm32f4xx_tim.o
                0x08003738                TIM_OC4PreloadConfig
 .text.TIM_ICStructInit
                0x0800374c       0x10 ..\obj\stm32f4xx_tim.o
                0x0800374c                TIM_ICStructInit
 .text.TIM_GetCapture1
                0x0800375c        0x4 ..\obj\stm32f4xx_tim.o
                0x0800375c                TIM_GetCapture1
 .text.TIM_SetIC1Prescaler
                0x08003760       0x16 ..\obj\stm32f4xx_tim.o
                0x08003760                TIM_SetIC1Prescaler
 .text.TIM_SetIC2Prescaler
                0x08003776       0x1a ..\obj\stm32f4xx_tim.o
                0x08003776                TIM_SetIC2Prescaler
 .text.TIM_SetIC3Prescaler
                0x08003790       0x16 ..\obj\stm32f4xx_tim.o
                0x08003790                TIM_SetIC3Prescaler
 .text.TIM_SetIC4Prescaler
                0x080037a6       0x1a ..\obj\stm32f4xx_tim.o
                0x080037a6                TIM_SetIC4Prescaler
 .text.TIM_ICInit
                0x080037c0       0xae ..\obj\stm32f4xx_tim.o
                0x080037c0                TIM_ICInit
 .text.TIM_BDTRConfig
                0x0800386e       0x22 ..\obj\stm32f4xx_tim.o
                0x0800386e                TIM_BDTRConfig
 .text.TIM_GetITStatus
                0x08003890       0x16 ..\obj\stm32f4xx_tim.o
                0x08003890                TIM_GetITStatus
 .text.TIM_ClearITPendingBit
                0x080038a6        0x8 ..\obj\stm32f4xx_tim.o
                0x080038a6                TIM_ClearITPendingBit
 .text.TIM_DMACmd
                0x080038ae       0x12 ..\obj\stm32f4xx_tim.o
                0x080038ae                TIM_DMACmd
 .text.TIM_ITConfig
                0x080038c0        0x4 ..\obj\stm32f4xx_tim.o
                0x080038c0                TIM_ITConfig
 .text.TIM_SelectOutputTrigger
                0x080038c4       0x16 ..\obj\stm32f4xx_tim.o
                0x080038c4                TIM_SelectOutputTrigger
 .text.TIM_EncoderInterfaceConfig
                0x080038da       0x3e ..\obj\stm32f4xx_tim.o
                0x080038da                TIM_EncoderInterfaceConfig
 .text.cosf     0x08003918       0x90 c:/program files (x86)/gnu tools arm embedded/6 2017-q1-update/bin/../lib/gcc/arm-none-eabi/6.3.1/../../../../arm-none-eabi/lib/thumb/v7e-m/fpv4-sp/hard\libm.a(lib_a-sf_cos.o)
                0x08003918                cosf
 .text.sinf     0x080039a8       0x94 c:/program files (x86)/gnu tools arm embedded/6 2017-q1-update/bin/../lib/gcc/arm-none-eabi/6.3.1/../../../../arm-none-eabi/lib/thumb/v7e-m/fpv4-sp/hard\libm.a(lib_a-sf_sin.o)
                0x080039a8                sinf
 .text.sqrtf    0x08003a3c       0xac c:/program files (x86)/gnu tools arm embedded/6 2017-q1-update/bin/../lib/gcc/arm-none-eabi/6.3.1/../../../../arm-none-eabi/lib/thumb/v7e-m/fpv4-sp/hard\libm.a(lib_a-wf_sqrt.o)
                0x08003a3c                sqrtf
 .text.__ieee754_rem_pio2f
                0x08003ae8      0x290 c:/program files (x86)/gnu tools arm embedded/6 2017-q1-update/bin/../lib/gcc/arm-none-eabi/6.3.1/../../../../arm-none-eabi/lib/thumb/v7e-m/fpv4-sp/hard\libm.a(lib_a-ef_rem_pio2.o)
                0x08003ae8                __ieee754_rem_pio2f
 .text.__ieee754_sqrtf
                0x08003d78       0xa0 c:/program files (x86)/gnu tools arm embedded/6 2017-q1-update/bin/../lib/gcc/arm-none-eabi/6.3.1/../../../../arm-none-eabi/lib/thumb/v7e-m/fpv4-sp/hard\libm.a(lib_a-ef_sqrt.o)
                0x08003d78                __ieee754_sqrtf
 .text.__kernel_cosf
                0x08003e18      0x104 c:/program files (x86)/gnu tools arm embedded/6 2017-q1-update/bin/../lib/gcc/arm-none-eabi/6.3.1/../../../../arm-none-eabi/lib/thumb/v7e-m/fpv4-sp/hard\libm.a(lib_a-kf_cos.o)
                0x08003e18                __kernel_cosf
 .text.__kernel_rem_pio2f
                0x08003f1c      0x690 c:/program files (x86)/gnu tools arm embedded/6 2017-q1-update/bin/../lib/gcc/arm-none-eabi/6.3.1/../../../../arm-none-eabi/lib/thumb/v7e-m/fpv4-sp/hard\libm.a(lib_a-kf_rem_pio2.o)
                0x08003f1c                __kernel_rem_pio2f
 .text.__kernel_sinf
                0x080045ac       0x90 c:/program files (x86)/gnu tools arm embedded/6 2017-q1-update/bin/../lib/gcc/arm-none-eabi/6.3.1/../../../../arm-none-eabi/lib/thumb/v7e-m/fpv4-sp/hard\libm.a(lib_a-kf_sin.o)
                0x080045ac                __kernel_sinf
 .text.matherr  0x0800463c        0x4 c:/program files (x86)/gnu tools arm embedded/6 2017-q1-update/bin/../lib/gcc/arm-none-eabi/6.3.1/../../../../arm-none-eabi/lib/thumb/v7e-m/fpv4-sp/hard\libm.a(lib_a-s_matherr.o)
                0x0800463c                matherr
 .text.fabsf    0x08004640       0x10 c:/program files (x86)/gnu tools arm embedded/6 2017-q1-update/bin/../lib/gcc/arm-none-eabi/6.3.1/../../../../arm-none-eabi/lib/thumb/v7e-m/fpv4-sp/hard\libm.a(lib_a-sf_fabs.o)
                0x08004640                fabsf
 .text.floorf   0x08004650       0x90 c:/program files (x86)/gnu tools arm embedded/6 2017-q1-update/bin/../lib/gcc/arm-none-eabi/6.3.1/../../../../arm-none-eabi/lib/thumb/v7e-m/fpv4-sp/hard\libm.a(lib_a-sf_floor.o)
                0x08004650                floorf
 .text.scalbnf  0x080046e0       0xd0 c:/program files (x86)/gnu tools arm embedded/6 2017-q1-update/bin/../lib/gcc/arm-none-eabi/6.3.1/../../../../arm-none-eabi/lib/thumb/v7e-m/fpv4-sp/hard\libm.a(lib_a-sf_scalbn.o)
                0x080046e0                scalbnf
 .text.copysignf
                0x080047b0       0x18 c:/program files (x86)/gnu tools arm embedded/6 2017-q1-update/bin/../lib/gcc/arm-none-eabi/6.3.1/../../../../arm-none-eabi/lib/thumb/v7e-m/fpv4-sp/hard\libm.a(lib_a-sf_copysign.o)
                0x080047b0                copysignf
 .text          0x080047c8      0x370 c:/program files (x86)/gnu tools arm embedded/6 2017-q1-update/bin/../lib/gcc/arm-none-eabi/6.3.1/thumb/v7e-m/fpv4-sp/hard\libgcc.a(_arm_addsubdf3.o)
                0x080047c8                __aeabi_drsub
                0x080047d0                __aeabi_dsub
                0x080047d0                __subdf3
                0x080047d4                __aeabi_dadd
                0x080047d4                __adddf3
                0x08004a4c                __floatunsidf
                0x08004a4c                __aeabi_ui2d
                0x08004a6c                __floatsidf
                0x08004a6c                __aeabi_i2d
                0x08004a90                __aeabi_f2d
                0x08004a90                __extendsfdf2
                0x08004acc                __floatundidf
                0x08004acc                __aeabi_ul2d
                0x08004adc                __floatdidf
                0x08004adc                __aeabi_l2d
 .text          0x08004b38      0x424 c:/program files (x86)/gnu tools arm embedded/6 2017-q1-update/bin/../lib/gcc/arm-none-eabi/6.3.1/thumb/v7e-m/fpv4-sp/hard\libgcc.a(_arm_muldivdf3.o)
                0x08004b38                __aeabi_dmul
                0x08004b38                __muldf3
                0x08004d8c                __divdf3
                0x08004d8c                __aeabi_ddiv
 .text          0x08004f5c       0xa0 c:/program files (x86)/gnu tools arm embedded/6 2017-q1-update/bin/../lib/gcc/arm-none-eabi/6.3.1/thumb/v7e-m/fpv4-sp/hard\libgcc.a(_arm_truncdfsf2.o)
                0x08004f5c                __truncdfsf2
                0x08004f5c                __aeabi_d2f
 .text.__errno  0x08004ffc        0xc c:/program files (x86)/gnu tools arm embedded/6 2017-q1-update/bin/../lib/gcc/arm-none-eabi/6.3.1/../../../../arm-none-eabi/lib/thumb/v7e-m/fpv4-sp/hard\libc.a(lib_a-errno.o)
                0x08004ffc                __errno
 .text          0x08005008      0x134 c:/program files (x86)/gnu tools arm embedded/6 2017-q1-update/bin/../lib/gcc/arm-none-eabi/6.3.1/../../../../arm-none-eabi/lib/thumb/v7e-m/fpv4-sp/hard\libc.a(lib_a-memcpy.o)
                0x08005008                memcpy
 .text.memset   0x0800513c       0x9c c:/program files (x86)/gnu tools arm embedded/6 2017-q1-update/bin/../lib/gcc/arm-none-eabi/6.3.1/../../../../arm-none-eabi/lib/thumb/v7e-m/fpv4-sp/hard\libc.a(lib_a-memset.o)
                0x0800513c                memset
 .text.startup.register_fini
                0x080051d8       0x14 c:/program files (x86)/gnu tools arm embedded/6 2017-q1-update/bin/../lib/gcc/arm-none-eabi/6.3.1/../../../../arm-none-eabi/lib/thumb/v7e-m/fpv4-sp/hard\libc.a(lib_a-__call_atexit.o)
 .text.atexit   0x080051ec        0xc c:/program files (x86)/gnu tools arm embedded/6 2017-q1-update/bin/../lib/gcc/arm-none-eabi/6.3.1/../../../../arm-none-eabi/lib/thumb/v7e-m/fpv4-sp/hard\libc.a(lib_a-atexit.o)
                0x080051ec                atexit
 .text.__libc_fini_array
                0x080051f8       0x34 c:/program files (x86)/gnu tools arm embedded/6 2017-q1-update/bin/../lib/gcc/arm-none-eabi/6.3.1/../../../../arm-none-eabi/lib/thumb/v7e-m/fpv4-sp/hard\libc.a(lib_a-fini.o)
                0x080051f8                __libc_fini_array
 .text.__retarget_lock_acquire_recursive
                0x0800522c        0x4 c:/program files (x86)/gnu tools arm embedded/6 2017-q1-update/bin/../lib/gcc/arm-none-eabi/6.3.1/../../../../arm-none-eabi/lib/thumb/v7e-m/fpv4-sp/hard\libc.a(lib_a-lock.o)
                0x0800522c                __retarget_lock_acquire_recursive
 .text.__retarget_lock_release_recursive
                0x08005230        0x4 c:/program files (x86)/gnu tools arm embedded/6 2017-q1-update/bin/../lib/gcc/arm-none-eabi/6.3.1/../../../../arm-none-eabi/lib/thumb/v7e-m/fpv4-sp/hard\libc.a(lib_a-lock.o)
                0x08005230                __retarget_lock_release_recursive
 .text.__register_exitproc
                0x08005234       0xc4 c:/program files (x86)/gnu tools arm embedded/6 2017-q1-update/bin/../lib/gcc/arm-none-eabi/6.3.1/../../../../arm-none-eabi/lib/thumb/v7e-m/fpv4-sp/hard\libc.a(lib_a-__atexit.o)
                0x08005234                __register_exitproc
 *(.init)
 .init          0x080052f8        0x4 c:/program files (x86)/gnu tools arm embedded/6 2017-q1-update/bin/../lib/gcc/arm-none-eabi/6.3.1/thumb/v7e-m/fpv4-sp/hard/crti.o
                0x080052f8                _init
 .init          0x080052fc        0x8 c:/program files (x86)/gnu tools arm embedded/6 2017-q1-update/bin/../lib/gcc/arm-none-eabi/6.3.1/thumb/v7e-m/fpv4-sp/hard/crtn.o
 *(.fini)
 .fini          0x08005304        0x4 c:/program files (x86)/gnu tools arm embedded/6 2017-q1-update/bin/../lib/gcc/arm-none-eabi/6.3.1/thumb/v7e-m/fpv4-sp/hard/crti.o
                0x08005304                _fini
 .fini          0x08005308        0x8 c:/program files (x86)/gnu tools arm embedded/6 2017-q1-update/bin/../lib/gcc/arm-none-eabi/6.3.1/thumb/v7e-m/fpv4-sp/hard/crtn.o
 *crtbegin.o(.ctors)
 *crtbegin?.o(.ctors)
 *(EXCLUDE_FILE(*crtend.o *crtend?.o) .ctors)
 *(SORT(.ctors.*))
 *(.ctors)
 *crtbegin.o(.dtors)
 *crtbegin?.o(.dtors)
 *(EXCLUDE_FILE(*crtend.o *crtend?.o) .dtors)
 *(SORT(.dtors.*))
 *(.dtors)
 *(.rodata*)
 .rodata        0x08005310        0x8 ..\obj\mbutils.o
 .rodata        0x08005318      0x200 ..\obj\mbcrc.o
 .rodata        0x08005518       0xc0 ..\obj\encoder.o
 .rodata.sqrtf.str1.4
                0x080055d8        0x8 c:/program files (x86)/gnu tools arm embedded/6 2017-q1-update/bin/../lib/gcc/arm-none-eabi/6.3.1/../../../../arm-none-eabi/lib/thumb/v7e-m/fpv4-sp/hard\libm.a(lib_a-wf_sqrt.o)
                                  0x6 (size before relaxing)
 .rodata.npio2_hw
                0x080055e0       0x80 c:/program files (x86)/gnu tools arm embedded/6 2017-q1-update/bin/../lib/gcc/arm-none-eabi/6.3.1/../../../../arm-none-eabi/lib/thumb/v7e-m/fpv4-sp/hard\libm.a(lib_a-ef_rem_pio2.o)
 .rodata.two_over_pi
                0x08005660      0x318 c:/program files (x86)/gnu tools arm embedded/6 2017-q1-update/bin/../lib/gcc/arm-none-eabi/6.3.1/../../../../arm-none-eabi/lib/thumb/v7e-m/fpv4-sp/hard\libm.a(lib_a-ef_rem_pio2.o)
 .rodata.PIo2   0x08005978       0x2c c:/program files (x86)/gnu tools arm embedded/6 2017-q1-update/bin/../lib/gcc/arm-none-eabi/6.3.1/../../../../arm-none-eabi/lib/thumb/v7e-m/fpv4-sp/hard\libm.a(lib_a-kf_rem_pio2.o)
 .rodata.init_jk
                0x080059a4        0xc c:/program files (x86)/gnu tools arm embedded/6 2017-q1-update/bin/../lib/gcc/arm-none-eabi/6.3.1/../../../../arm-none-eabi/lib/thumb/v7e-m/fpv4-sp/hard\libm.a(lib_a-kf_rem_pio2.o)
 .rodata._global_impure_ptr
                0x080059b0        0x4 c:/program files (x86)/gnu tools arm embedded/6 2017-q1-update/bin/../lib/gcc/arm-none-eabi/6.3.1/../../../../arm-none-eabi/lib/thumb/v7e-m/fpv4-sp/hard\libc.a(lib_a-impure.o)
                0x080059b0                _global_impure_ptr
 *(.eh_fram e*)

.eh_frame       0x080059b4        0x0
 .eh_frame      0x080059b4        0x0 c:/program files (x86)/gnu tools arm embedded/6 2017-q1-update/bin/../lib/gcc/arm-none-eabi/6.3.1/thumb/v7e-m/fpv4-sp/hard/crtbegin.o

.glue_7         0x080059b4        0x0
 .glue_7        0x080059b4        0x0 linker stubs

.glue_7t        0x080059b4        0x0
 .glue_7t       0x080059b4        0x0 linker stubs

.vfp11_veneer   0x080059b4        0x0
 .vfp11_veneer  0x080059b4        0x0 linker stubs

.v4_bx          0x080059b4        0x0
 .v4_bx         0x080059b4        0x0 linker stubs

.iplt           0x080059b4        0x0
 .iplt          0x080059b4        0x0 c:/program files (x86)/gnu tools arm embedded/6 2017-q1-update/bin/../lib/gcc/arm-none-eabi/6.3.1/thumb/v7e-m/fpv4-sp/hard/crtbegin.o

.rel.dyn        0x080059b4        0x0
 .rel.iplt      0x080059b4        0x0 c:/program files (x86)/gnu tools arm embedded/6 2017-q1-update/bin/../lib/gcc/arm-none-eabi/6.3.1/thumb/v7e-m/fpv4-sp/hard/crtbegin.o

.ARM.extab
 *(.ARM.extab* .gnu.linkonce.armextab.*)
                0x080059b4                __exidx_start = .

.ARM.exidx
 *(.ARM.exidx* .gnu.linkonce.armexidx.*)
                0x080059b4                __exidx_end = .
                0x080059b4                __etext = .
                0x080059b4                _sidata = __etext

.data           0x20000000      0x4f4 load address 0x080059b4
                0x20000000                __data_start__ = .
                0x20000000                _sdata = __data_start__
 *(vtable)
 *(.data*)
 .data          0x20000000       0x84 ..\obj\mb.o
 .data          0x20000084       0x10 ..\obj\stm32f4xx_rcc.o
 .data          0x20000094        0x4 ..\obj\encoder.o
 .data          0x20000098       0x14 ..\obj\system_stm32f4xx.o
                0x20000098                SystemCoreClock
                0x2000009c                AHBPrescTable
 .data.__fdlib_version
                0x200000ac        0x1 c:/program files (x86)/gnu tools arm embedded/6 2017-q1-update/bin/../lib/gcc/arm-none-eabi/6.3.1/../../../../arm-none-eabi/lib/thumb/v7e-m/fpv4-sp/hard\libm.a(lib_a-s_lib_ver.o)
                0x200000ac                __fdlib_version
 *fill*         0x200000ad        0x3 
 .data._impure_ptr
                0x200000b0        0x4 c:/program files (x86)/gnu tools arm embedded/6 2017-q1-update/bin/../lib/gcc/arm-none-eabi/6.3.1/../../../../arm-none-eabi/lib/thumb/v7e-m/fpv4-sp/hard\libc.a(lib_a-impure.o)
                0x200000b0                _impure_ptr
 *fill*         0x200000b4        0x4 
 .data.impure_data
                0x200000b8      0x428 c:/program files (x86)/gnu tools arm embedded/6 2017-q1-update/bin/../lib/gcc/arm-none-eabi/6.3.1/../../../../arm-none-eabi/lib/thumb/v7e-m/fpv4-sp/hard\libc.a(lib_a-impure.o)
 .data.__atexit_recursive_mutex
                0x200004e0        0x4 c:/program files (x86)/gnu tools arm embedded/6 2017-q1-update/bin/../lib/gcc/arm-none-eabi/6.3.1/../../../../arm-none-eabi/lib/thumb/v7e-m/fpv4-sp/hard\libc.a(lib_a-__call_atexit.o)
                0x200004e0                __atexit_recursive_mutex
                0x200004e4                . = ALIGN (0x4)
                0x200004e4                PROVIDE (__preinit_array_start, .)
 *(.preinit_array)
                0x200004e4                PROVIDE (__preinit_array_end, .)
                0x200004e4                . = ALIGN (0x4)
                0x200004e4                PROVIDE (__init_array_start, .)
 *(SORT(.init_array.*))
 .init_array.00000
                0x200004e4        0x4 c:/program files (x86)/gnu tools arm embedded/6 2017-q1-update/bin/../lib/gcc/arm-none-eabi/6.3.1/../../../../arm-none-eabi/lib/thumb/v7e-m/fpv4-sp/hard\libc.a(lib_a-__call_atexit.o)
 *(.init_array)
 .init_array    0x200004e8        0x4 c:/program files (x86)/gnu tools arm embedded/6 2017-q1-update/bin/../lib/gcc/arm-none-eabi/6.3.1/thumb/v7e-m/fpv4-sp/hard/crtbegin.o
                0x200004ec                PROVIDE (__init_array_end, .)
                0x200004ec                . = ALIGN (0x4)
                0x200004ec                PROVIDE (__fini_array_start, .)
 *(SORT(.fini_array.*))
 *(.fini_array)
 .fini_array    0x200004ec        0x4 c:/program files (x86)/gnu tools arm embedded/6 2017-q1-update/bin/../lib/gcc/arm-none-eabi/6.3.1/thumb/v7e-m/fpv4-sp/hard/crtbegin.o
                0x200004f0                PROVIDE (__fini_array_end, .)
 *(.jcr*)
 .jcr           0x200004f0        0x0 c:/program files (x86)/gnu tools arm embedded/6 2017-q1-update/bin/../lib/gcc/arm-none-eabi/6.3.1/thumb/v7e-m/fpv4-sp/hard/crtbegin.o
 .jcr           0x200004f0        0x4 c:/program files (x86)/gnu tools arm embedded/6 2017-q1-update/bin/../lib/gcc/arm-none-eabi/6.3.1/thumb/v7e-m/fpv4-sp/hard/crtend.o
                0x200004f4                . = ALIGN (0x4)
                0x200004f4                __data_end__ = .
                0x200004f4                _edata = __data_end__

.igot.plt       0x200004f4        0x0 load address 0x08005ea8
 .igot.plt      0x200004f4        0x0 c:/program files (x86)/gnu tools arm embedded/6 2017-q1-update/bin/../lib/gcc/arm-none-eabi/6.3.1/thumb/v7e-m/fpv4-sp/hard/crtbegin.o

.bss            0x200004f4     0x8138 load address 0x08005ea8
                0x200004f4                . = ALIGN (0x4)
                0x200004f4                __bss_start__ = .
                0x200004f4                _sbss = __bss_start__
 *(.bss*)
 .bss           0x200004f4       0x1c c:/program files (x86)/gnu tools arm embedded/6 2017-q1-update/bin/../lib/gcc/arm-none-eabi/6.3.1/thumb/v7e-m/fpv4-sp/hard/crtbegin.o
 .bss           0x20000510       0x23 ..\obj\mb.o
 .bss           0x20000533        0x2 ..\obj\portevent.o
 *fill*         0x20000535        0x1 
 .bss           0x20000536       0x22 ..\obj\mbfuncother.o
 .bss           0x20000558       0x30 ..\obj\main.o
                0x2000055c                sp_counter
 .bss           0x20000588       0xc0 ..\obj\foc.o
 .bss           0x20000648     0x7d0c ..\obj\encoder.o
                0x20008350                uwTIM10PulseLength
 .bss           0x20008354        0xb ..\obj\mbrtu.o
 *fill*         0x2000835f        0x1 
 .bss           0x20008360        0xd ..\obj\mbascii.o
 *(COMMON)
 *fill*         0x2000836d        0x3 
 COMMON         0x20008370       0x14 ..\obj\mb.o
                0x20008370                pxMBFrameCBTransmitterEmpty
                0x20008374                pxMBPortCBTimerExpired
                0x20008378                pxMBFrameCBByteReceived
                0x2000837c                pxMBFrameCBTransmitFSMCur
                0x20008380                pxMBFrameCBReceiveFSMCur
 COMMON         0x20008384       0xd0 ..\obj\main.o
                0x20008384                stFoc
 COMMON         0x20008454       0xb4 ..\obj\foc.o
                0x20008454                pidPos
                0x20008488                f_rpm_mt_temp_filtered_value
                0x2000848c                sp_counter_old
                0x20008490                f_rpm_mt_filtered_value
                0x20008494                f_rpm_m_filtered_value
                0x20008498                sp_speed
                0x2000849c                pv_speed
                0x200084a0                f_rpm_m
                0x200084a4                f_rpm_t_filtered_value
                0x200084a8                f_rpm_t
                0x200084ac                pidSpeed
                0x200084e0                ADC_values
                0x200084f0                f_rpm_mt_temp
                0x200084f4                f_rpm_mt
                0x200084f8                enc_delta
                0x200084fa                ai1
                0x200084fc                ai0
                0x20008500                ai0_filtered_value
                0x20008504                sp_counter_temp
 COMMON         0x20008508      0x100 ..\obj\mbrtu.o
                0x20008508                ucRTUBuf
 COMMON         0x20008608       0x21 c:/program files (x86)/gnu tools arm embedded/6 2017-q1-update/bin/../lib/gcc/arm-none-eabi/6.3.1/../../../../arm-none-eabi/lib/thumb/v7e-m/fpv4-sp/hard\libc.a(lib_a-lock.o)
                0x20008608                __lock___atexit_recursive_mutex
                0x2000860c                __lock___arc4random_mutex
                0x20008610                __lock___env_recursive_mutex
                0x20008614                __lock___sinit_recursive_mutex
                0x20008618                __lock___malloc_recursive_mutex
                0x2000861c                __lock___at_quick_exit_mutex
                0x20008620                __lock___dd_hash_mutex
                0x20008624                __lock___tz_mutex
                0x20008628                __lock___sfp_recursive_mutex
                0x2000862c                . = ALIGN (0x4)
 *fill*         0x20008629        0x3 
                0x2000862c                __bss_end__ = .
                0x2000862c                _ebss = __bss_end__

.heap           0x2000862c        0x0
                0x2000862c                __end__ = .
                0x2000862c                _end = __end__
                0x2000862c                end = __end__
 *(.heap*)
                0x2000862c                __HeapLimit = .

.co_stack       0x2000862c      0x804 load address 0x0800dfe0
                0x20008630                . = ALIGN (0x8)
 *fill*         0x2000862c        0x4 
 *(.co_stack .co_stack.*)
 .co_stack      0x20008630      0x800 ..\obj\startup_stm32f4xx.o
                0x20008630                pulStack
                0x20020000                __StackTop = (ORIGIN (ram) + LENGTH (ram))
                0x2001f7fc                __StackLimit = (__StackTop - SIZEOF (.co_stack))
                0x20020000                PROVIDE (__stack, __StackTop)
                0x00000001                ASSERT ((__StackLimit >= __HeapLimit), region ram  overflowed with stack)
LOAD ..\obj\stm32f4xx_syscfg.o
LOAD ..\obj\mb.o
LOAD ..\obj\mbfuncdisc.o
LOAD ..\obj\portevent.o
LOAD ..\obj\mbfuncother.o
LOAD ..\obj\stm32f4xx_usart.o
LOAD ..\obj\stm32f4xx_can.o
LOAD ..\obj\mbutils.o
LOAD ..\obj\stm32f4xx_dac.o
LOAD ..\obj\startup_stm32f4xx.o
LOAD ..\obj\mbfuncholding.o
LOAD ..\obj\main.o
LOAD ..\obj\mbcrc.o
LOAD ..\obj\stm32f4xx_rcc.o
LOAD ..\obj\foc.o
LOAD ..\obj\stm32f4xx_adc.o
LOAD ..\obj\mbfuncinput.o
LOAD ..\obj\encoder.o
LOAD ..\obj\mbfuncdiag.o
LOAD ..\obj\stm32f4xx_gpio.o
LOAD ..\obj\porttimer.o
LOAD ..\obj\mbrtu.o
LOAD ..\obj\system_stm32f4xx.o
LOAD ..\obj\syscalls.o
LOAD ..\obj\stm32f4xx_dma.o
LOAD ..\obj\port.o
LOAD ..\obj\portserial.o
LOAD ..\obj\mbfunccoils.o
LOAD ..\obj\stm32f4xx_exti.o
LOAD ..\obj\misc.o
LOAD ..\obj\svpwm.o
LOAD ..\obj\mbtcp.o
LOAD ..\obj\mbascii.o
LOAD ..\obj\pid.o
LOAD ..\obj\stm32f4xx_tim.o
LOAD c:/program files (x86)/gnu tools arm embedded/6 2017-q1-update/bin/../lib/gcc/arm-none-eabi/6.3.1/../../../../arm-none-eabi/lib/thumb/v7e-m/fpv4-sp/hard\libm.a
LOAD c:/program files (x86)/gnu tools arm embedded/6 2017-q1-update/bin/../lib/gcc/arm-none-eabi/6.3.1/thumb/v7e-m/fpv4-sp/hard\libgcc.a
LOAD c:/program files (x86)/gnu tools arm embedded/6 2017-q1-update/bin/../lib/gcc/arm-none-eabi/6.3.1/../../../../arm-none-eabi/lib/thumb/v7e-m/fpv4-sp/hard\libc.a
START GROUP
LOAD c:/program files (x86)/gnu tools arm embedded/6 2017-q1-update/bin/../lib/gcc/arm-none-eabi/6.3.1/thumb/v7e-m/fpv4-sp/hard\libgcc.a
LOAD c:/program files (x86)/gnu tools arm embedded/6 2017-q1-update/bin/../lib/gcc/arm-none-eabi/6.3.1/../../../../arm-none-eabi/lib/thumb/v7e-m/fpv4-sp/hard\libg.a
LOAD c:/program files (x86)/gnu tools arm embedded/6 2017-q1-update/bin/../lib/gcc/arm-none-eabi/6.3.1/../../../../arm-none-eabi/lib/thumb/v7e-m/fpv4-sp/hard\libc.a
END GROUP
LOAD c:/program files (x86)/gnu tools arm embedded/6 2017-q1-update/bin/../lib/gcc/arm-none-eabi/6.3.1/thumb/v7e-m/fpv4-sp/hard/crtend.o
LOAD c:/program files (x86)/gnu tools arm embedded/6 2017-q1-update/bin/../lib/gcc/arm-none-eabi/6.3.1/thumb/v7e-m/fpv4-sp/hard/crtn.o
OUTPUT(main.elf elf32-littlearm)

.ARM.attributes
                0x00000000       0x30
 .ARM.attributes
                0x00000000       0x22 c:/program files (x86)/gnu tools arm embedded/6 2017-q1-update/bin/../lib/gcc/arm-none-eabi/6.3.1/thumb/v7e-m/fpv4-sp/hard/crti.o
 .ARM.attributes
                0x00000022       0x34 c:/program files (x86)/gnu tools arm embedded/6 2017-q1-update/bin/../lib/gcc/arm-none-eabi/6.3.1/thumb/v7e-m/fpv4-sp/hard/crtbegin.o
 .ARM.attributes
                0x00000056       0x39 ..\obj\stm32f4xx_syscfg.o
 .ARM.attributes
                0x0000008f       0x39 ..\obj\mb.o
 .ARM.attributes
                0x000000c8       0x39 ..\obj\mbfuncdisc.o
 .ARM.attributes
                0x00000101       0x39 ..\obj\portevent.o
 .ARM.attributes
                0x0000013a       0x39 ..\obj\mbfuncother.o
 .ARM.attributes
                0x00000173       0x39 ..\obj\stm32f4xx_usart.o
 .ARM.attributes
                0x000001ac       0x39 ..\obj\mbutils.o
 .ARM.attributes
                0x000001e5       0x39 ..\obj\stm32f4xx_dac.o
 .ARM.attributes
                0x0000021e       0x39 ..\obj\startup_stm32f4xx.o
 .ARM.attributes
                0x00000257       0x39 ..\obj\mbfuncholding.o
 .ARM.attributes
                0x00000290       0x39 ..\obj\main.o
 .ARM.attributes
                0x000002c9       0x39 ..\obj\mbcrc.o
 .ARM.attributes
                0x00000302       0x39 ..\obj\stm32f4xx_rcc.o
 .ARM.attributes
                0x0000033b       0x39 ..\obj\foc.o
 .ARM.attributes
                0x00000374       0x39 ..\obj\stm32f4xx_adc.o
 .ARM.attributes
                0x000003ad       0x39 ..\obj\mbfuncinput.o
 .ARM.attributes
                0x000003e6       0x39 ..\obj\encoder.o
 .ARM.attributes
                0x0000041f       0x39 ..\obj\stm32f4xx_gpio.o
 .ARM.attributes
                0x00000458       0x39 ..\obj\porttimer.o
 .ARM.attributes
                0x00000491       0x39 ..\obj\mbrtu.o
 .ARM.attributes
                0x000004ca       0x39 ..\obj\system_stm32f4xx.o
 .ARM.attributes
                0x00000503       0x39 ..\obj\stm32f4xx_dma.o
 .ARM.attributes
                0x0000053c       0x39 ..\obj\portserial.o
 .ARM.attributes
                0x00000575       0x39 ..\obj\mbfunccoils.o
 .ARM.attributes
                0x000005ae       0x39 ..\obj\stm32f4xx_exti.o
 .ARM.attributes
                0x000005e7       0x39 ..\obj\misc.o
 .ARM.attributes
                0x00000620       0x39 ..\obj\svpwm.o
 .ARM.attributes
                0x00000659       0x39 ..\obj\mbascii.o
 .ARM.attributes
                0x00000692       0x39 ..\obj\pid.o
 .ARM.attributes
                0x000006cb       0x39 ..\obj\stm32f4xx_tim.o
 .ARM.attributes
                0x00000704       0x34 c:/program files (x86)/gnu tools arm embedded/6 2017-q1-update/bin/../lib/gcc/arm-none-eabi/6.3.1/../../../../arm-none-eabi/lib/thumb/v7e-m/fpv4-sp/hard\libm.a(lib_a-sf_cos.o)
 .ARM.attributes
                0x00000738       0x34 c:/program files (x86)/gnu tools arm embedded/6 2017-q1-update/bin/../lib/gcc/arm-none-eabi/6.3.1/../../../../arm-none-eabi/lib/thumb/v7e-m/fpv4-sp/hard\libm.a(lib_a-sf_sin.o)
 .ARM.attributes
                0x0000076c       0x34 c:/program files (x86)/gnu tools arm embedded/6 2017-q1-update/bin/../lib/gcc/arm-none-eabi/6.3.1/../../../../arm-none-eabi/lib/thumb/v7e-m/fpv4-sp/hard\libm.a(lib_a-wf_sqrt.o)
 .ARM.attributes
                0x000007a0       0x34 c:/program files (x86)/gnu tools arm embedded/6 2017-q1-update/bin/../lib/gcc/arm-none-eabi/6.3.1/../../../../arm-none-eabi/lib/thumb/v7e-m/fpv4-sp/hard\libm.a(lib_a-ef_rem_pio2.o)
 .ARM.attributes
                0x000007d4       0x34 c:/program files (x86)/gnu tools arm embedded/6 2017-q1-update/bin/../lib/gcc/arm-none-eabi/6.3.1/../../../../arm-none-eabi/lib/thumb/v7e-m/fpv4-sp/hard\libm.a(lib_a-ef_sqrt.o)
 .ARM.attributes
                0x00000808       0x34 c:/program files (x86)/gnu tools arm embedded/6 2017-q1-update/bin/../lib/gcc/arm-none-eabi/6.3.1/../../../../arm-none-eabi/lib/thumb/v7e-m/fpv4-sp/hard\libm.a(lib_a-kf_cos.o)
 .ARM.attributes
                0x0000083c       0x34 c:/program files (x86)/gnu tools arm embedded/6 2017-q1-update/bin/../lib/gcc/arm-none-eabi/6.3.1/../../../../arm-none-eabi/lib/thumb/v7e-m/fpv4-sp/hard\libm.a(lib_a-kf_rem_pio2.o)
 .ARM.attributes
                0x00000870       0x34 c:/program files (x86)/gnu tools arm embedded/6 2017-q1-update/bin/../lib/gcc/arm-none-eabi/6.3.1/../../../../arm-none-eabi/lib/thumb/v7e-m/fpv4-sp/hard\libm.a(lib_a-kf_sin.o)
 .ARM.attributes
                0x000008a4       0x34 c:/program files (x86)/gnu tools arm embedded/6 2017-q1-update/bin/../lib/gcc/arm-none-eabi/6.3.1/../../../../arm-none-eabi/lib/thumb/v7e-m/fpv4-sp/hard\libm.a(lib_a-s_lib_ver.o)
 .ARM.attributes
                0x000008d8       0x34 c:/program files (x86)/gnu tools arm embedded/6 2017-q1-update/bin/../lib/gcc/arm-none-eabi/6.3.1/../../../../arm-none-eabi/lib/thumb/v7e-m/fpv4-sp/hard\libm.a(lib_a-s_matherr.o)
 .ARM.attributes
                0x0000090c       0x34 c:/program files (x86)/gnu tools arm embedded/6 2017-q1-update/bin/../lib/gcc/arm-none-eabi/6.3.1/../../../../arm-none-eabi/lib/thumb/v7e-m/fpv4-sp/hard\libm.a(lib_a-sf_fabs.o)
 .ARM.attributes
                0x00000940       0x34 c:/program files (x86)/gnu tools arm embedded/6 2017-q1-update/bin/../lib/gcc/arm-none-eabi/6.3.1/../../../../arm-none-eabi/lib/thumb/v7e-m/fpv4-sp/hard\libm.a(lib_a-sf_floor.o)
 .ARM.attributes
                0x00000974       0x34 c:/program files (x86)/gnu tools arm embedded/6 2017-q1-update/bin/../lib/gcc/arm-none-eabi/6.3.1/../../../../arm-none-eabi/lib/thumb/v7e-m/fpv4-sp/hard\libm.a(lib_a-sf_scalbn.o)
 .ARM.attributes
                0x000009a8       0x34 c:/program files (x86)/gnu tools arm embedded/6 2017-q1-update/bin/../lib/gcc/arm-none-eabi/6.3.1/../../../../arm-none-eabi/lib/thumb/v7e-m/fpv4-sp/hard\libm.a(lib_a-sf_copysign.o)
 .ARM.attributes
                0x000009dc       0x22 c:/program files (x86)/gnu tools arm embedded/6 2017-q1-update/bin/../lib/gcc/arm-none-eabi/6.3.1/thumb/v7e-m/fpv4-sp/hard\libgcc.a(_arm_addsubdf3.o)
 .ARM.attributes
                0x000009fe       0x22 c:/program files (x86)/gnu tools arm embedded/6 2017-q1-update/bin/../lib/gcc/arm-none-eabi/6.3.1/thumb/v7e-m/fpv4-sp/hard\libgcc.a(_arm_muldivdf3.o)
 .ARM.attributes
                0x00000a20       0x22 c:/program files (x86)/gnu tools arm embedded/6 2017-q1-update/bin/../lib/gcc/arm-none-eabi/6.3.1/thumb/v7e-m/fpv4-sp/hard\libgcc.a(_arm_truncdfsf2.o)
 .ARM.attributes
                0x00000a42       0x34 c:/program files (x86)/gnu tools arm embedded/6 2017-q1-update/bin/../lib/gcc/arm-none-eabi/6.3.1/../../../../arm-none-eabi/lib/thumb/v7e-m/fpv4-sp/hard\libc.a(lib_a-errno.o)
 .ARM.attributes
                0x00000a76       0x34 c:/program files (x86)/gnu tools arm embedded/6 2017-q1-update/bin/../lib/gcc/arm-none-eabi/6.3.1/../../../../arm-none-eabi/lib/thumb/v7e-m/fpv4-sp/hard\libc.a(lib_a-impure.o)
 .ARM.attributes
                0x00000aaa       0x20 c:/program files (x86)/gnu tools arm embedded/6 2017-q1-update/bin/../lib/gcc/arm-none-eabi/6.3.1/../../../../arm-none-eabi/lib/thumb/v7e-m/fpv4-sp/hard\libc.a(lib_a-memcpy.o)
 .ARM.attributes
                0x00000aca       0x34 c:/program files (x86)/gnu tools arm embedded/6 2017-q1-update/bin/../lib/gcc/arm-none-eabi/6.3.1/../../../../arm-none-eabi/lib/thumb/v7e-m/fpv4-sp/hard\libc.a(lib_a-memset.o)
 .ARM.attributes
                0x00000afe       0x34 c:/program files (x86)/gnu tools arm embedded/6 2017-q1-update/bin/../lib/gcc/arm-none-eabi/6.3.1/../../../../arm-none-eabi/lib/thumb/v7e-m/fpv4-sp/hard\libc.a(lib_a-__call_atexit.o)
 .ARM.attributes
                0x00000b32       0x34 c:/program files (x86)/gnu tools arm embedded/6 2017-q1-update/bin/../lib/gcc/arm-none-eabi/6.3.1/../../../../arm-none-eabi/lib/thumb/v7e-m/fpv4-sp/hard\libc.a(lib_a-atexit.o)
 .ARM.attributes
                0x00000b66       0x34 c:/program files (x86)/gnu tools arm embedded/6 2017-q1-update/bin/../lib/gcc/arm-none-eabi/6.3.1/../../../../arm-none-eabi/lib/thumb/v7e-m/fpv4-sp/hard\libc.a(lib_a-fini.o)
 .ARM.attributes
                0x00000b9a       0x34 c:/program files (x86)/gnu tools arm embedded/6 2017-q1-update/bin/../lib/gcc/arm-none-eabi/6.3.1/../../../../arm-none-eabi/lib/thumb/v7e-m/fpv4-sp/hard\libc.a(lib_a-lock.o)
 .ARM.attributes
                0x00000bce       0x34 c:/program files (x86)/gnu tools arm embedded/6 2017-q1-update/bin/../lib/gcc/arm-none-eabi/6.3.1/../../../../arm-none-eabi/lib/thumb/v7e-m/fpv4-sp/hard\libc.a(lib_a-__atexit.o)
 .ARM.attributes
                0x00000c02       0x34 c:/program files (x86)/gnu tools arm embedded/6 2017-q1-update/bin/../lib/gcc/arm-none-eabi/6.3.1/thumb/v7e-m/fpv4-sp/hard/crtend.o
 .ARM.attributes
                0x00000c36       0x22 c:/program files (x86)/gnu tools arm embedded/6 2017-q1-update/bin/../lib/gcc/arm-none-eabi/6.3.1/thumb/v7e-m/fpv4-sp/hard/crtn.o

.comment        0x00000000       0x7f
 .comment       0x00000000       0x7f ..\obj\stm32f4xx_syscfg.o
                                 0x80 (size before relaxing)
 .comment       0x0000007f       0x80 ..\obj\mb.o
 .comment       0x0000007f       0x80 ..\obj\mbfuncdisc.o
 .comment       0x0000007f       0x80 ..\obj\portevent.o
 .comment       0x0000007f       0x80 ..\obj\mbfuncother.o
 .comment       0x0000007f       0x80 ..\obj\stm32f4xx_usart.o
 .comment       0x0000007f       0x80 ..\obj\mbutils.o
 .comment       0x0000007f       0x80 ..\obj\stm32f4xx_dac.o
 .comment       0x0000007f       0x80 ..\obj\startup_stm32f4xx.o
 .comment       0x0000007f       0x80 ..\obj\mbfuncholding.o
 .comment       0x0000007f       0x80 ..\obj\main.o
 .comment       0x0000007f       0x80 ..\obj\mbcrc.o
 .comment       0x0000007f       0x80 ..\obj\stm32f4xx_rcc.o
 .comment       0x0000007f       0x80 ..\obj\foc.o
 .comment       0x0000007f       0x80 ..\obj\stm32f4xx_adc.o
 .comment       0x0000007f       0x80 ..\obj\mbfuncinput.o
 .comment       0x0000007f       0x80 ..\obj\encoder.o
 .comment       0x0000007f       0x80 ..\obj\stm32f4xx_gpio.o
 .comment       0x0000007f       0x80 ..\obj\porttimer.o
 .comment       0x0000007f       0x80 ..\obj\mbrtu.o
 .comment       0x0000007f       0x80 ..\obj\system_stm32f4xx.o
 .comment       0x0000007f       0x80 ..\obj\stm32f4xx_dma.o
 .comment       0x0000007f       0x80 ..\obj\portserial.o
 .comment       0x0000007f       0x80 ..\obj\mbfunccoils.o
 .comment       0x0000007f       0x80 ..\obj\stm32f4xx_exti.o
 .comment       0x0000007f       0x80 ..\obj\misc.o
 .comment       0x0000007f       0x80 ..\obj\svpwm.o
 .comment       0x0000007f       0x80 ..\obj\mbascii.o
 .comment       0x0000007f       0x80 ..\obj\pid.o
 .comment       0x0000007f       0x80 ..\obj\stm32f4xx_tim.o

.debug_info     0x00000000    0x16808
 .debug_info    0x00000000      0x2c1 ..\obj\stm32f4xx_syscfg.o
 .debug_info    0x000002c1      0xf3d ..\obj\mb.o
 .debug_info    0x000011fe      0xad5 ..\obj\mbfuncdisc.o
 .debug_info    0x00001cd3      0x1d9 ..\obj\portevent.o
 .debug_info    0x00001eac      0xb35 ..\obj\mbfuncother.o
 .debug_info    0x000029e1      0xaaf ..\obj\stm32f4xx_usart.o
 .debug_info    0x00003490      0xb56 ..\obj\mbutils.o
 .debug_info    0x00003fe6      0x68e ..\obj\stm32f4xx_dac.o
 .debug_info    0x00004674      0x121 ..\obj\startup_stm32f4xx.o
 .debug_info    0x00004795      0xd1a ..\obj\mbfuncholding.o
 .debug_info    0x000054af     0x14fa ..\obj\main.o
 .debug_info    0x000069a9      0x191 ..\obj\mbcrc.o
 .debug_info    0x00006b3a      0xca3 ..\obj\stm32f4xx_rcc.o
 .debug_info    0x000077dd     0x1b92 ..\obj\foc.o
 .debug_info    0x0000936f      0xc7e ..\obj\stm32f4xx_adc.o
 .debug_info    0x00009fed      0xac6 ..\obj\mbfuncinput.o
 .debug_info    0x0000aab3     0x1572 ..\obj\encoder.o
 .debug_info    0x0000c025      0x712 ..\obj\stm32f4xx_gpio.o
 .debug_info    0x0000c737      0x836 ..\obj\porttimer.o
 .debug_info    0x0000cf6d      0xf30 ..\obj\mbrtu.o
 .debug_info    0x0000de9d      0x5e9 ..\obj\system_stm32f4xx.o
 .debug_info    0x0000e486      0x732 ..\obj\stm32f4xx_dma.o
 .debug_info    0x0000ebb8      0xca1 ..\obj\portserial.o
 .debug_info    0x0000f859      0xc54 ..\obj\mbfunccoils.o
 .debug_info    0x000104ad      0x365 ..\obj\stm32f4xx_exti.o
 .debug_info    0x00010812      0x54d ..\obj\misc.o
 .debug_info    0x00010d5f     0x1d4e ..\obj\svpwm.o
 .debug_info    0x00012aad     0x111e ..\obj\mbascii.o
 .debug_info    0x00013bcb      0xc30 ..\obj\pid.o
 .debug_info    0x000147fb     0x200d ..\obj\stm32f4xx_tim.o

.debug_abbrev   0x00000000     0x40c2
 .debug_abbrev  0x00000000      0x173 ..\obj\stm32f4xx_syscfg.o
 .debug_abbrev  0x00000173      0x2f7 ..\obj\mb.o
 .debug_abbrev  0x0000046a      0x238 ..\obj\mbfuncdisc.o
 .debug_abbrev  0x000006a2       0xeb ..\obj\portevent.o
 .debug_abbrev  0x0000078d      0x222 ..\obj\mbfuncother.o
 .debug_abbrev  0x000009af      0x1d8 ..\obj\stm32f4xx_usart.o
 .debug_abbrev  0x00000b87      0x225 ..\obj\mbutils.o
 .debug_abbrev  0x00000dac      0x231 ..\obj\stm32f4xx_dac.o
 .debug_abbrev  0x00000fdd       0xeb ..\obj\startup_stm32f4xx.o
 .debug_abbrev  0x000010c8      0x238 ..\obj\mbfuncholding.o
 .debug_abbrev  0x00001300      0x35f ..\obj\main.o
 .debug_abbrev  0x0000165f       0xc9 ..\obj\mbcrc.o
 .debug_abbrev  0x00001728      0x21c ..\obj\stm32f4xx_rcc.o
 .debug_abbrev  0x00001944      0x323 ..\obj\foc.o
 .debug_abbrev  0x00001c67      0x205 ..\obj\stm32f4xx_adc.o
 .debug_abbrev  0x00001e6c      0x238 ..\obj\mbfuncinput.o
 .debug_abbrev  0x000020a4      0x30e ..\obj\encoder.o
 .debug_abbrev  0x000023b2      0x1ff ..\obj\stm32f4xx_gpio.o
 .debug_abbrev  0x000025b1      0x1be ..\obj\porttimer.o
 .debug_abbrev  0x0000276f      0x2c1 ..\obj\mbrtu.o
 .debug_abbrev  0x00002a30      0x17b ..\obj\system_stm32f4xx.o
 .debug_abbrev  0x00002bab      0x1af ..\obj\stm32f4xx_dma.o
 .debug_abbrev  0x00002d5a      0x210 ..\obj\portserial.o
 .debug_abbrev  0x00002f6a      0x252 ..\obj\mbfunccoils.o
 .debug_abbrev  0x000031bc      0x206 ..\obj\stm32f4xx_exti.o
 .debug_abbrev  0x000033c2      0x17f ..\obj\misc.o
 .debug_abbrev  0x00003541      0x2e1 ..\obj\svpwm.o
 .debug_abbrev  0x00003822      0x352 ..\obj\mbascii.o
 .debug_abbrev  0x00003b74      0x289 ..\obj\pid.o
 .debug_abbrev  0x00003dfd      0x2c5 ..\obj\stm32f4xx_tim.o

.debug_loc      0x00000000     0x7521
 .debug_loc     0x00000000       0x97 ..\obj\stm32f4xx_syscfg.o
 .debug_loc     0x00000097      0x299 ..\obj\mb.o
 .debug_loc     0x00000330      0x183 ..\obj\mbfuncdisc.o
 .debug_loc     0x000004b3       0x6e ..\obj\portevent.o
 .debug_loc     0x00000521      0x124 ..\obj\mbfuncother.o
 .debug_loc     0x00000645      0x7d5 ..\obj\stm32f4xx_usart.o
 .debug_loc     0x00000e1a      0x3d2 ..\obj\mbutils.o
 .debug_loc     0x000011ec      0x3cd ..\obj\stm32f4xx_dac.o
 .debug_loc     0x000015b9       0x2b ..\obj\startup_stm32f4xx.o
 .debug_loc     0x000015e4      0x73d ..\obj\mbfuncholding.o
 .debug_loc     0x00001d21      0x571 ..\obj\main.o
 .debug_loc     0x00002292       0xb5 ..\obj\mbcrc.o
 .debug_loc     0x00002347      0x9c7 ..\obj\stm32f4xx_rcc.o
 .debug_loc     0x00002d0e       0xb7 ..\obj\foc.o
 .debug_loc     0x00002dc5      0x9fe ..\obj\stm32f4xx_adc.o
 .debug_loc     0x000037c3      0x170 ..\obj\mbfuncinput.o
 .debug_loc     0x00003933      0x31b ..\obj\encoder.o
 .debug_loc     0x00003c4e      0x30c ..\obj\stm32f4xx_gpio.o
 .debug_loc     0x00003f5a       0x21 ..\obj\porttimer.o
 .debug_loc     0x00003f7b      0x2e7 ..\obj\mbrtu.o
 .debug_loc     0x00004262      0x10b ..\obj\system_stm32f4xx.o
 .debug_loc     0x0000436d      0x415 ..\obj\stm32f4xx_dma.o
 .debug_loc     0x00004782      0x123 ..\obj\portserial.o
 .debug_loc     0x000048a5      0x400 ..\obj\mbfunccoils.o
 .debug_loc     0x00004ca5      0x188 ..\obj\stm32f4xx_exti.o
 .debug_loc     0x00004e2d      0x15c ..\obj\misc.o
 .debug_loc     0x00004f89      0x721 ..\obj\svpwm.o
 .debug_loc     0x000056aa      0x411 ..\obj\mbascii.o
 .debug_loc     0x00005abb      0x176 ..\obj\pid.o
 .debug_loc     0x00005c31     0x18f0 ..\obj\stm32f4xx_tim.o

.debug_aranges  0x00000000      0xe80
 .debug_aranges
                0x00000000       0x48 ..\obj\stm32f4xx_syscfg.o
 .debug_aranges
                0x00000048       0x48 ..\obj\mb.o
 .debug_aranges
                0x00000090       0x20 ..\obj\mbfuncdisc.o
 .debug_aranges
                0x000000b0       0x30 ..\obj\portevent.o
 .debug_aranges
                0x000000e0       0x28 ..\obj\mbfuncother.o
 .debug_aranges
                0x00000108      0x100 ..\obj\stm32f4xx_usart.o
 .debug_aranges
                0x00000208       0x30 ..\obj\mbutils.o
 .debug_aranges
                0x00000238       0x90 ..\obj\stm32f4xx_dac.o
 .debug_aranges
                0x000002c8       0x28 ..\obj\startup_stm32f4xx.o
 .debug_aranges
                0x000002f0       0x38 ..\obj\mbfuncholding.o
 .debug_aranges
                0x00000328       0x58 ..\obj\main.o
 .debug_aranges
                0x00000380       0x20 ..\obj\mbcrc.o
 .debug_aranges
                0x000003a0      0x178 ..\obj\stm32f4xx_rcc.o
 .debug_aranges
                0x00000518       0x68 ..\obj\foc.o
 .debug_aranges
                0x00000580      0x140 ..\obj\stm32f4xx_adc.o
 .debug_aranges
                0x000006c0       0x20 ..\obj\mbfuncinput.o
 .debug_aranges
                0x000006e0       0xb0 ..\obj\encoder.o
 .debug_aranges
                0x00000790       0x88 ..\obj\stm32f4xx_gpio.o
 .debug_aranges
                0x00000818       0x38 ..\obj\porttimer.o
 .debug_aranges
                0x00000850       0x58 ..\obj\mbrtu.o
 .debug_aranges
                0x000008a8       0x28 ..\obj\system_stm32f4xx.o
 .debug_aranges
                0x000008d0       0xa8 ..\obj\stm32f4xx_dma.o
 .debug_aranges
                0x00000978       0x40 ..\obj\portserial.o
 .debug_aranges
                0x000009b8       0x30 ..\obj\mbfunccoils.o
 .debug_aranges
                0x000009e8       0x50 ..\obj\stm32f4xx_exti.o
 .debug_aranges
                0x00000a38       0x40 ..\obj\misc.o
 .debug_aranges
                0x00000a78       0x88 ..\obj\svpwm.o
 .debug_aranges
                0x00000b00       0x58 ..\obj\mbascii.o
 .debug_aranges
                0x00000b58       0x50 ..\obj\pid.o
 .debug_aranges
                0x00000ba8      0x2d8 ..\obj\stm32f4xx_tim.o

.debug_ranges   0x00000000      0xed0
 .debug_ranges  0x00000000       0x38 ..\obj\stm32f4xx_syscfg.o
 .debug_ranges  0x00000038       0x38 ..\obj\mb.o
 .debug_ranges  0x00000070       0x10 ..\obj\mbfuncdisc.o
 .debug_ranges  0x00000080       0x20 ..\obj\portevent.o
 .debug_ranges  0x000000a0       0x18 ..\obj\mbfuncother.o
 .debug_ranges  0x000000b8       0xf0 ..\obj\stm32f4xx_usart.o
 .debug_ranges  0x000001a8       0x20 ..\obj\mbutils.o
 .debug_ranges  0x000001c8       0x80 ..\obj\stm32f4xx_dac.o
 .debug_ranges  0x00000248       0x18 ..\obj\startup_stm32f4xx.o
 .debug_ranges  0x00000260       0x28 ..\obj\mbfuncholding.o
 .debug_ranges  0x00000288      0x190 ..\obj\main.o
 .debug_ranges  0x00000418       0x10 ..\obj\mbcrc.o
 .debug_ranges  0x00000428      0x168 ..\obj\stm32f4xx_rcc.o
 .debug_ranges  0x00000590       0x70 ..\obj\foc.o
 .debug_ranges  0x00000600      0x130 ..\obj\stm32f4xx_adc.o
 .debug_ranges  0x00000730       0x10 ..\obj\mbfuncinput.o
 .debug_ranges  0x00000740       0xc8 ..\obj\encoder.o
 .debug_ranges  0x00000808       0x78 ..\obj\stm32f4xx_gpio.o
 .debug_ranges  0x00000880       0x28 ..\obj\porttimer.o
 .debug_ranges  0x000008a8       0x48 ..\obj\mbrtu.o
 .debug_ranges  0x000008f0       0x30 ..\obj\system_stm32f4xx.o
 .debug_ranges  0x00000920       0x98 ..\obj\stm32f4xx_dma.o
 .debug_ranges  0x000009b8       0x48 ..\obj\portserial.o
 .debug_ranges  0x00000a00       0x20 ..\obj\mbfunccoils.o
 .debug_ranges  0x00000a20       0x40 ..\obj\stm32f4xx_exti.o
 .debug_ranges  0x00000a60       0x30 ..\obj\misc.o
 .debug_ranges  0x00000a90       0x78 ..\obj\svpwm.o
 .debug_ranges  0x00000b08       0x88 ..\obj\mbascii.o
 .debug_ranges  0x00000b90       0x40 ..\obj\pid.o
 .debug_ranges  0x00000bd0      0x300 ..\obj\stm32f4xx_tim.o

.debug_line     0x00000000     0x85b3
 .debug_line    0x00000000      0x307 ..\obj\stm32f4xx_syscfg.o
 .debug_line    0x00000307      0x5ac ..\obj\mb.o
 .debug_line    0x000008b3      0x423 ..\obj\mbfuncdisc.o
 .debug_line    0x00000cd6      0x2b1 ..\obj\portevent.o
 .debug_line    0x00000f87      0x410 ..\obj\mbfuncother.o
 .debug_line    0x00001397      0x580 ..\obj\stm32f4xx_usart.o
 .debug_line    0x00001917      0x42e ..\obj\mbutils.o
 .debug_line    0x00001d45      0x3e5 ..\obj\stm32f4xx_dac.o
 .debug_line    0x0000212a       0xbb ..\obj\startup_stm32f4xx.o
 .debug_line    0x000021e5      0x4cb ..\obj\mbfuncholding.o
 .debug_line    0x000026b0      0x5fc ..\obj\main.o
 .debug_line    0x00002cac      0x281 ..\obj\mbcrc.o
 .debug_line    0x00002f2d      0x62e ..\obj\stm32f4xx_rcc.o
 .debug_line    0x0000355b      0x553 ..\obj\foc.o
 .debug_line    0x00003aae      0x603 ..\obj\stm32f4xx_adc.o
 .debug_line    0x000040b1      0x415 ..\obj\mbfuncinput.o
 .debug_line    0x000044c6      0x583 ..\obj\encoder.o
 .debug_line    0x00004a49      0x3f7 ..\obj\stm32f4xx_gpio.o
 .debug_line    0x00004e40      0x377 ..\obj\porttimer.o
 .debug_line    0x000051b7      0x528 ..\obj\mbrtu.o
 .debug_line    0x000056df      0x23f ..\obj\system_stm32f4xx.o
 .debug_line    0x0000591e      0x494 ..\obj\stm32f4xx_dma.o
 .debug_line    0x00005db2      0x3e2 ..\obj\portserial.o
 .debug_line    0x00006194      0x497 ..\obj\mbfunccoils.o
 .debug_line    0x0000662b      0x337 ..\obj\stm32f4xx_exti.o
 .debug_line    0x00006962      0x2ef ..\obj\misc.o
 .debug_line    0x00006c51      0x5cb ..\obj\svpwm.o
 .debug_line    0x0000721c      0x59d ..\obj\mbascii.o
 .debug_line    0x000077b9      0x279 ..\obj\pid.o
 .debug_line    0x00007a32      0xb81 ..\obj\stm32f4xx_tim.o

.debug_str      0x00000000     0x53f8
 .debug_str     0x00000000      0x2fc ..\obj\stm32f4xx_syscfg.o
                                0x35a (size before relaxing)
 .debug_str     0x000002fc      0x8b7 ..\obj\mb.o
                                0xaa3 (size before relaxing)
 .debug_str     0x00000bb3       0xed ..\obj\mbfuncdisc.o
                                0x82e (size before relaxing)
 .debug_str     0x00000ca0       0x86 ..\obj\portevent.o
                                0x2d6 (size before relaxing)
 .debug_str     0x00000d26       0xe2 ..\obj\mbfuncother.o
                                0x832 (size before relaxing)
 .debug_str     0x00000e08      0x51b ..\obj\stm32f4xx_usart.o
                                0x71e (size before relaxing)
 .debug_str     0x00001323       0xdf ..\obj\mbutils.o
                                0x836 (size before relaxing)
 .debug_str     0x00001402      0x2b7 ..\obj\stm32f4xx_dac.o
                                0x4b9 (size before relaxing)
 .debug_str     0x000016b9       0xe3 ..\obj\startup_stm32f4xx.o
                                0x19d (size before relaxing)
 .debug_str     0x0000179c      0x181 ..\obj\mbfuncholding.o
                                0x90b (size before relaxing)
 .debug_str     0x0000191d      0xdd5 ..\obj\main.o
                               0x1181 (size before relaxing)
 .debug_str     0x000026f2       0x7a ..\obj\mbcrc.o
                                0x22e (size before relaxing)
 .debug_str     0x0000276c      0x58b ..\obj\stm32f4xx_rcc.o
                                0x89f (size before relaxing)
 .debug_str     0x00002cf7      0x2f2 ..\obj\foc.o
                                0xe0a (size before relaxing)
 .debug_str     0x00002fe9      0x5ac ..\obj\stm32f4xx_adc.o
                                0x86a (size before relaxing)
 .debug_str     0x00003595       0x7c ..\obj\mbfuncinput.o
                                0x81f (size before relaxing)
 .debug_str     0x00003611      0x352 ..\obj\encoder.o
                                0xf9d (size before relaxing)
 .debug_str     0x00003963      0x13a ..\obj\stm32f4xx_gpio.o
                                0x509 (size before relaxing)
 .debug_str     0x00003a9d       0xd4 ..\obj\porttimer.o
                                0xa3d (size before relaxing)
 .debug_str     0x00003b71      0x222 ..\obj\mbrtu.o
                                0x99f (size before relaxing)
 .debug_str     0x00003d93      0x103 ..\obj\system_stm32f4xx.o
                                0x3e9 (size before relaxing)
 .debug_str     0x00003e96      0x3a0 ..\obj\stm32f4xx_dma.o
                                0x591 (size before relaxing)
 .debug_str     0x00004236       0xca ..\obj\portserial.o
                                0xcd3 (size before relaxing)
 .debug_str     0x00004300       0xd9 ..\obj\mbfunccoils.o
                                0x893 (size before relaxing)
 .debug_str     0x000043d9       0xda ..\obj\stm32f4xx_exti.o
                                0x3a8 (size before relaxing)
 .debug_str     0x000044b3      0x15c ..\obj\misc.o
                                0x41d (size before relaxing)
 .debug_str     0x0000460f      0x3f8 ..\obj\svpwm.o
                               0x1456 (size before relaxing)
 .debug_str     0x00004a07      0x1ba ..\obj\mbascii.o
                                0xa35 (size before relaxing)
 .debug_str     0x00004bc1       0xc8 ..\obj\pid.o
                                0x6be (size before relaxing)
 .debug_str     0x00004c89      0x76f ..\obj\stm32f4xx_tim.o
                                0xe4d (size before relaxing)

.debug_frame    0x00000000     0x26d4
 .debug_frame   0x00000000       0x84 ..\obj\stm32f4xx_syscfg.o
 .debug_frame   0x00000084       0xb8 ..\obj\mb.o
 .debug_frame   0x0000013c       0x38 ..\obj\mbfuncdisc.o
 .debug_frame   0x00000174       0x40 ..\obj\portevent.o
 .debug_frame   0x000001b4       0x48 ..\obj\mbfuncother.o
 .debug_frame   0x000001fc      0x224 ..\obj\stm32f4xx_usart.o
 .debug_frame   0x00000420       0x58 ..\obj\mbutils.o
 .debug_frame   0x00000478      0x150 ..\obj\stm32f4xx_dac.o
 .debug_frame   0x000005c8       0x30 ..\obj\startup_stm32f4xx.o
 .debug_frame   0x000005f8       0xac ..\obj\mbfuncholding.o
 .debug_frame   0x000006a4      0x104 ..\obj\main.o
 .debug_frame   0x000007a8       0x2c ..\obj\mbcrc.o
 .debug_frame   0x000007d4      0x2e8 ..\obj\stm32f4xx_rcc.o
 .debug_frame   0x00000abc      0x154 ..\obj\foc.o
 .debug_frame   0x00000c10      0x2b4 ..\obj\stm32f4xx_adc.o
 .debug_frame   0x00000ec4       0x38 ..\obj\mbfuncinput.o
 .debug_frame   0x00000efc      0x208 ..\obj\encoder.o
 .debug_frame   0x00001104      0x124 ..\obj\stm32f4xx_gpio.o
 .debug_frame   0x00001228       0x7c ..\obj\porttimer.o
 .debug_frame   0x000012a4       0xec ..\obj\mbrtu.o
 .debug_frame   0x00001390       0x44 ..\obj\system_stm32f4xx.o
 .debug_frame   0x000013d4      0x160 ..\obj\stm32f4xx_dma.o
 .debug_frame   0x00001534       0xac ..\obj\portserial.o
 .debug_frame   0x000015e0       0x78 ..\obj\mbfunccoils.o
 .debug_frame   0x00001658       0x9c ..\obj\stm32f4xx_exti.o
 .debug_frame   0x000016f4       0x68 ..\obj\misc.o
 .debug_frame   0x0000175c      0x188 ..\obj\svpwm.o
 .debug_frame   0x000018e4       0xf0 ..\obj\mbascii.o
 .debug_frame   0x000019d4       0xa0 ..\obj\pid.o
 .debug_frame   0x00001a74      0x6bc ..\obj\stm32f4xx_tim.o
 .debug_frame   0x00002130       0x34 c:/program files (x86)/gnu tools arm embedded/6 2017-q1-update/bin/../lib/gcc/arm-none-eabi/6.3.1/../../../../arm-none-eabi/lib/thumb/v7e-m/fpv4-sp/hard\libm.a(lib_a-sf_cos.o)
 .debug_frame   0x00002164       0x34 c:/program files (x86)/gnu tools arm embedded/6 2017-q1-update/bin/../lib/gcc/arm-none-eabi/6.3.1/../../../../arm-none-eabi/lib/thumb/v7e-m/fpv4-sp/hard\libm.a(lib_a-sf_sin.o)
 .debug_frame   0x00002198       0x50 c:/program files (x86)/gnu tools arm embedded/6 2017-q1-update/bin/../lib/gcc/arm-none-eabi/6.3.1/../../../../arm-none-eabi/lib/thumb/v7e-m/fpv4-sp/hard\libm.a(lib_a-wf_sqrt.o)
 .debug_frame   0x000021e8       0x3c c:/program files (x86)/gnu tools arm embedded/6 2017-q1-update/bin/../lib/gcc/arm-none-eabi/6.3.1/../../../../arm-none-eabi/lib/thumb/v7e-m/fpv4-sp/hard\libm.a(lib_a-ef_rem_pio2.o)
 .debug_frame   0x00002224       0x48 c:/program files (x86)/gnu tools arm embedded/6 2017-q1-update/bin/../lib/gcc/arm-none-eabi/6.3.1/../../../../arm-none-eabi/lib/thumb/v7e-m/fpv4-sp/hard\libm.a(lib_a-ef_sqrt.o)
 .debug_frame   0x0000226c       0x20 c:/program files (x86)/gnu tools arm embedded/6 2017-q1-update/bin/../lib/gcc/arm-none-eabi/6.3.1/../../../../arm-none-eabi/lib/thumb/v7e-m/fpv4-sp/hard\libm.a(lib_a-kf_cos.o)
 .debug_frame   0x0000228c       0x5c c:/program files (x86)/gnu tools arm embedded/6 2017-q1-update/bin/../lib/gcc/arm-none-eabi/6.3.1/../../../../arm-none-eabi/lib/thumb/v7e-m/fpv4-sp/hard\libm.a(lib_a-kf_rem_pio2.o)
 .debug_frame   0x000022e8       0x20 c:/program files (x86)/gnu tools arm embedded/6 2017-q1-update/bin/../lib/gcc/arm-none-eabi/6.3.1/../../../../arm-none-eabi/lib/thumb/v7e-m/fpv4-sp/hard\libm.a(lib_a-kf_sin.o)
 .debug_frame   0x00002308       0x20 c:/program files (x86)/gnu tools arm embedded/6 2017-q1-update/bin/../lib/gcc/arm-none-eabi/6.3.1/../../../../arm-none-eabi/lib/thumb/v7e-m/fpv4-sp/hard\libm.a(lib_a-s_matherr.o)
 .debug_frame   0x00002328       0x20 c:/program files (x86)/gnu tools arm embedded/6 2017-q1-update/bin/../lib/gcc/arm-none-eabi/6.3.1/../../../../arm-none-eabi/lib/thumb/v7e-m/fpv4-sp/hard\libm.a(lib_a-sf_fabs.o)
 .debug_frame   0x00002348       0x20 c:/program files (x86)/gnu tools arm embedded/6 2017-q1-update/bin/../lib/gcc/arm-none-eabi/6.3.1/../../../../arm-none-eabi/lib/thumb/v7e-m/fpv4-sp/hard\libm.a(lib_a-sf_floor.o)
 .debug_frame   0x00002368       0x44 c:/program files (x86)/gnu tools arm embedded/6 2017-q1-update/bin/../lib/gcc/arm-none-eabi/6.3.1/../../../../arm-none-eabi/lib/thumb/v7e-m/fpv4-sp/hard\libm.a(lib_a-sf_scalbn.o)
 .debug_frame   0x000023ac       0x20 c:/program files (x86)/gnu tools arm embedded/6 2017-q1-update/bin/../lib/gcc/arm-none-eabi/6.3.1/../../../../arm-none-eabi/lib/thumb/v7e-m/fpv4-sp/hard\libm.a(lib_a-sf_copysign.o)
 .debug_frame   0x000023cc       0xac c:/program files (x86)/gnu tools arm embedded/6 2017-q1-update/bin/../lib/gcc/arm-none-eabi/6.3.1/thumb/v7e-m/fpv4-sp/hard\libgcc.a(_arm_addsubdf3.o)
 .debug_frame   0x00002478       0x50 c:/program files (x86)/gnu tools arm embedded/6 2017-q1-update/bin/../lib/gcc/arm-none-eabi/6.3.1/thumb/v7e-m/fpv4-sp/hard\libgcc.a(_arm_muldivdf3.o)
 .debug_frame   0x000024c8       0x24 c:/program files (x86)/gnu tools arm embedded/6 2017-q1-update/bin/../lib/gcc/arm-none-eabi/6.3.1/thumb/v7e-m/fpv4-sp/hard\libgcc.a(_arm_truncdfsf2.o)
 .debug_frame   0x000024ec       0x20 c:/program files (x86)/gnu tools arm embedded/6 2017-q1-update/bin/../lib/gcc/arm-none-eabi/6.3.1/../../../../arm-none-eabi/lib/thumb/v7e-m/fpv4-sp/hard\libc.a(lib_a-errno.o)
 .debug_frame   0x0000250c       0x34 c:/program files (x86)/gnu tools arm embedded/6 2017-q1-update/bin/../lib/gcc/arm-none-eabi/6.3.1/../../../../arm-none-eabi/lib/thumb/v7e-m/fpv4-sp/hard\libc.a(lib_a-memset.o)
 .debug_frame   0x00002540       0x5c c:/program files (x86)/gnu tools arm embedded/6 2017-q1-update/bin/../lib/gcc/arm-none-eabi/6.3.1/../../../../arm-none-eabi/lib/thumb/v7e-m/fpv4-sp/hard\libc.a(lib_a-__call_atexit.o)
 .debug_frame   0x0000259c       0x20 c:/program files (x86)/gnu tools arm embedded/6 2017-q1-update/bin/../lib/gcc/arm-none-eabi/6.3.1/../../../../arm-none-eabi/lib/thumb/v7e-m/fpv4-sp/hard\libc.a(lib_a-atexit.o)
 .debug_frame   0x000025bc       0x34 c:/program files (x86)/gnu tools arm embedded/6 2017-q1-update/bin/../lib/gcc/arm-none-eabi/6.3.1/../../../../arm-none-eabi/lib/thumb/v7e-m/fpv4-sp/hard\libc.a(lib_a-fini.o)
 .debug_frame   0x000025f0       0xb0 c:/program files (x86)/gnu tools arm embedded/6 2017-q1-update/bin/../lib/gcc/arm-none-eabi/6.3.1/../../../../arm-none-eabi/lib/thumb/v7e-m/fpv4-sp/hard\libc.a(lib_a-lock.o)
 .debug_frame   0x000026a0       0x34 c:/program files (x86)/gnu tools arm embedded/6 2017-q1-update/bin/../lib/gcc/arm-none-eabi/6.3.1/../../../../arm-none-eabi/lib/thumb/v7e-m/fpv4-sp/hard\libc.a(lib_a-__atexit.o)
