Archive member included to satisfy reference by file (symbol)

c:/program files (x86)/gnu tools arm embedded/6 2017-q1-update/bin/../lib/gcc/arm-none-eabi/6.3.1/../../../../arm-none-eabi/lib/thumb/v7e-m/fpv4-sp/hard\libm.a(lib_a-sf_cos.o)
                              ..\obj\encoder.o (cosf)
c:/program files (x86)/gnu tools arm embedded/6 2017-q1-update/bin/../lib/gcc/arm-none-eabi/6.3.1/../../../../arm-none-eabi/lib/thumb/v7e-m/fpv4-sp/hard\libm.a(lib_a-sf_sin.o)
                              ..\obj\encoder.o (sinf)
c:/program files (x86)/gnu tools arm embedded/6 2017-q1-update/bin/../lib/gcc/arm-none-eabi/6.3.1/../../../../arm-none-eabi/lib/thumb/v7e-m/fpv4-sp/hard\libm.a(lib_a-wf_sqrt.o)
                              ..\obj\main.o (sqrtf)
c:/program files (x86)/gnu tools arm embedded/6 2017-q1-update/bin/../lib/gcc/arm-none-eabi/6.3.1/../../../../arm-none-eabi/lib/thumb/v7e-m/fpv4-sp/hard\libm.a(lib_a-ef_rem_pio2.o)
                              c:/program files (x86)/gnu tools arm embedded/6 2017-q1-update/bin/../lib/gcc/arm-none-eabi/6.3.1/../../../../arm-none-eabi/lib/thumb/v7e-m/fpv4-sp/hard\libm.a(lib_a-sf_cos.o) (__ieee754_rem_pio2f)
c:/program files (x86)/gnu tools arm embedded/6 2017-q1-update/bin/../lib/gcc/arm-none-eabi/6.3.1/../../../../arm-none-eabi/lib/thumb/v7e-m/fpv4-sp/hard\libm.a(lib_a-ef_sqrt.o)
                              c:/program files (x86)/gnu tools arm embedded/6 2017-q1-update/bin/../lib/gcc/arm-none-eabi/6.3.1/../../../../arm-none-eabi/lib/thumb/v7e-m/fpv4-sp/hard\libm.a(lib_a-wf_sqrt.o) (__ieee754_sqrtf)
c:/program files (x86)/gnu tools arm embedded/6 2017-q1-update/bin/../lib/gcc/arm-none-eabi/6.3.1/../../../../arm-none-eabi/lib/thumb/v7e-m/fpv4-sp/hard\libm.a(lib_a-kf_cos.o)
                              c:/program files (x86)/gnu tools arm embedded/6 2017-q1-update/bin/../lib/gcc/arm-none-eabi/6.3.1/../../../../arm-none-eabi/lib/thumb/v7e-m/fpv4-sp/hard\libm.a(lib_a-sf_cos.o) (__kernel_cosf)
c:/program files (x86)/gnu tools arm embedded/6 2017-q1-update/bin/../lib/gcc/arm-none-eabi/6.3.1/../../../../arm-none-eabi/lib/thumb/v7e-m/fpv4-sp/hard\libm.a(lib_a-kf_rem_pio2.o)
                              c:/program files (x86)/gnu tools arm embedded/6 2017-q1-update/bin/../lib/gcc/arm-none-eabi/6.3.1/../../../../arm-none-eabi/lib/thumb/v7e-m/fpv4-sp/hard\libm.a(lib_a-ef_rem_pio2.o) (__kernel_rem_pio2f)
c:/program files (x86)/gnu tools arm embedded/6 2017-q1-update/bin/../lib/gcc/arm-none-eabi/6.3.1/../../../../arm-none-eabi/lib/thumb/v7e-m/fpv4-sp/hard\libm.a(lib_a-kf_sin.o)
                              c:/program files (x86)/gnu tools arm embedded/6 2017-q1-update/bin/../lib/gcc/arm-none-eabi/6.3.1/../../../../arm-none-eabi/lib/thumb/v7e-m/fpv4-sp/hard\libm.a(lib_a-sf_cos.o) (__kernel_sinf)
c:/program files (x86)/gnu tools arm embedded/6 2017-q1-update/bin/../lib/gcc/arm-none-eabi/6.3.1/../../../../arm-none-eabi/lib/thumb/v7e-m/fpv4-sp/hard\libm.a(lib_a-s_lib_ver.o)
                              c:/program files (x86)/gnu tools arm embedded/6 2017-q1-update/bin/../lib/gcc/arm-none-eabi/6.3.1/../../../../arm-none-eabi/lib/thumb/v7e-m/fpv4-sp/hard\libm.a(lib_a-wf_sqrt.o) (__fdlib_version)
c:/program files (x86)/gnu tools arm embedded/6 2017-q1-update/bin/../lib/gcc/arm-none-eabi/6.3.1/../../../../arm-none-eabi/lib/thumb/v7e-m/fpv4-sp/hard\libm.a(lib_a-s_matherr.o)
                              c:/program files (x86)/gnu tools arm embedded/6 2017-q1-update/bin/../lib/gcc/arm-none-eabi/6.3.1/../../../../arm-none-eabi/lib/thumb/v7e-m/fpv4-sp/hard\libm.a(lib_a-wf_sqrt.o) (matherr)
c:/program files (x86)/gnu tools arm embedded/6 2017-q1-update/bin/../lib/gcc/arm-none-eabi/6.3.1/../../../../arm-none-eabi/lib/thumb/v7e-m/fpv4-sp/hard\libm.a(lib_a-sf_fabs.o)
                              c:/program files (x86)/gnu tools arm embedded/6 2017-q1-update/bin/../lib/gcc/arm-none-eabi/6.3.1/../../../../arm-none-eabi/lib/thumb/v7e-m/fpv4-sp/hard\libm.a(lib_a-ef_rem_pio2.o) (fabsf)
c:/program files (x86)/gnu tools arm embedded/6 2017-q1-update/bin/../lib/gcc/arm-none-eabi/6.3.1/../../../../arm-none-eabi/lib/thumb/v7e-m/fpv4-sp/hard\libm.a(lib_a-sf_floor.o)
                              c:/program files (x86)/gnu tools arm embedded/6 2017-q1-update/bin/../lib/gcc/arm-none-eabi/6.3.1/../../../../arm-none-eabi/lib/thumb/v7e-m/fpv4-sp/hard\libm.a(lib_a-kf_rem_pio2.o) (floorf)
c:/program files (x86)/gnu tools arm embedded/6 2017-q1-update/bin/../lib/gcc/arm-none-eabi/6.3.1/../../../../arm-none-eabi/lib/thumb/v7e-m/fpv4-sp/hard\libm.a(lib_a-sf_scalbn.o)
                              c:/program files (x86)/gnu tools arm embedded/6 2017-q1-update/bin/../lib/gcc/arm-none-eabi/6.3.1/../../../../arm-none-eabi/lib/thumb/v7e-m/fpv4-sp/hard\libm.a(lib_a-kf_rem_pio2.o) (scalbnf)
c:/program files (x86)/gnu tools arm embedded/6 2017-q1-update/bin/../lib/gcc/arm-none-eabi/6.3.1/../../../../arm-none-eabi/lib/thumb/v7e-m/fpv4-sp/hard\libm.a(lib_a-sf_copysign.o)
[...]
Memory Configuration

Name             Origin             Length             Attributes
rom              0x08000000         0x00100000         xr
ram              0x20000000         0x00020000         xrw
ram1             0x10000000         0x00010000         xrw
*default*        0x00000000         0xffffffff

Linker script and memory map

LOAD c:/program files (x86)/gnu tools arm embedded/6 2017-q1-update/bin/../lib/gcc/arm-none-eabi/6.3.1/thumb/v7e-m/fpv4-sp/hard/crti.o
LOAD c:/program files (x86)/gnu tools arm embedded/6 2017-q1-update/bin/../lib/gcc/arm-none-eabi/6.3.1/thumb/v7e-m/fpv4-sp/hard/crtbegin.o
LOAD c:/program files (x86)/gnu tools arm embedded/6 2017-q1-update/bin/../lib/gcc/arm-none-eabi/6.3.1/../../../../arm-none-eabi/lib/thumb/v7e-m/fpv4-sp/hard/crt0.o
                0x20020000                _eram = 0x20020000

.text           0x08000000     0x5c44
 *(.isr_vector)
 .isr_vector    0x08000000      0x188 ..\obj\startup_stm32f4xx.o
                0x08000000                g_pfnVectors
 *(.text*)
 .text          0x08000188       0x6c c:/program files (x86)/gnu tools arm embedded/6 2017-q1-update/bin/../lib/gcc/arm-none-eabi/6.3.1/thumb/v7e-m/fpv4-sp/hard/crtbegin.o
 .text.SYSCFG_EXTILineConfig
                0x080001f4       0x2a ..\obj\stm32f4xx_syscfg.o
                0x080001f4                SYSCFG_EXTILineConfig
 *fill*         0x0800021e        0x2 
 .text.eMBInit  0x08000220       0xdc ..\obj\mb.o
                0x08000220                eMBInit
 .text.eMBEnable
                0x080002fc       0x24 ..\obj\mb.o
                0x080002fc                eMBEnable
 .text.eMBPoll  0x08000320       0xd4 ..\obj\mb.o
                0x08000320                eMBPoll
 .text.eMBFuncReadDiscreteInputs
                0x080003f4       0x6a ..\obj\mbfuncdisc.o
                0x080003f4                eMBFuncReadDiscreteInputs
 *fill*         0x0800045e        0x2 
 .text.xMBPortEventInit
                0x08000460       0x10 ..\obj\portevent.o
                0x08000460                xMBPortEventInit
 .text.xMBPortEventPost
                0x08000470       0x10 ..\obj\portevent.o
                0x08000470                xMBPortEventPost
 .text.xMBPortEventGet
                0x08000480       0x18 ..\obj\portevent.o
                0x08000480                xMBPortEventGet
 .text.eMBFuncReportSlaveID
                0x08000498       0x1c ..\obj\mbfuncother.o
                0x08000498                eMBFuncReportSlaveID
 .text.USART_DeInit
                0x080004b4       0xb0 ..\obj\stm32f4xx_usart.o
                0x080004b4                USART_DeInit
 .text.USART_Init
                0x08000564       0xb4 ..\obj\stm32f4xx_usart.o
                0x08000564                USART_Init
 .text.USART_ClockInit
                0x08000618       0x20 ..\obj\stm32f4xx_usart.o
                0x08000618                USART_ClockInit
 .text.USART_ClockStructInit
                0x08000638        0xc ..\obj\stm32f4xx_usart.o
                0x08000638                USART_ClockStructInit
 .text.USART_Cmd
                0x08000644       0x18 ..\obj\stm32f4xx_usart.o
                0x08000644                USART_Cmd
 .text.USART_SendData
                0x0800065c        0x8 ..\obj\stm32f4xx_usart.o
                0x0800065c                USART_SendData
 .text.USART_ReceiveData
                0x08000664        0x8 ..\obj\stm32f4xx_usart.o
                0x08000664                USART_ReceiveData
 .text.USART_ITConfig
                0x0800066c       0x32 ..\obj\stm32f4xx_usart.o
                0x0800066c                USART_ITConfig
 .text.USART_GetITStatus
                0x0800069e       0x40 ..\obj\stm32f4xx_usart.o
                0x0800069e                USART_GetITStatus
 .text.USART_ClearITPendingBit
                0x080006de        0xe ..\obj\stm32f4xx_usart.o
                0x080006de                USART_ClearITPendingBit
 .text.prveMBError2Exception
                0x080006ec       0x10 ..\obj\mbutils.o
                0x080006ec                prveMBError2Exception
 .text.DAC_Init
                0x080006fc       0x2c ..\obj\stm32f4xx_dac.o
                0x080006fc                DAC_Init
 .text.DAC_StructInit
                0x08000728        0xc ..\obj\stm32f4xx_dac.o
                0x08000728                DAC_StructInit
 .text.DAC_Cmd  0x08000734       0x20 ..\obj\stm32f4xx_dac.o
                0x08000734                DAC_Cmd
 .text.DAC_SetDualChannelData
                0x08000754       0x18 ..\obj\stm32f4xx_dac.o
                0x08000754                DAC_SetDualChannelData
 .text.Default_Handler
                0x0800076c        0x2 ..\obj\startup_stm32f4xx.o
                0x0800076c                RTC_Alarm_IRQHandler
                0x0800076c                HASH_RNG_IRQHandler
                0x0800076c                EXTI2_IRQHandler
                0x0800076c                TIM8_CC_IRQHandler
                0x0800076c                DebugMon_Handler
                0x0800076c                TIM1_CC_IRQHandler
                0x0800076c                DMA2_Stream5_IRQHandler
                0x0800076c                HardFault_Handler
                0x0800076c                DMA1_Stream5_IRQHandler
                0x0800076c                SysTick_Handler
                0x0800076c                PVD_IRQHandler
                0x0800076c                SDIO_IRQHandler
                0x0800076c                TAMP_STAMP_IRQHandler
                0x0800076c                PendSV_Handler
                0x0800076c                NMI_Handler
                0x0800076c                CAN2_RX1_IRQHandler
                0x0800076c                EXTI3_IRQHandler
                0x0800076c                TIM8_TRG_COM_TIM14_IRQHandler
                0x0800076c                TIM8_UP_TIM13_IRQHandler
                0x0800076c                I2C3_ER_IRQHandler
                0x0800076c                EXTI0_IRQHandler
                0x0800076c                I2C2_EV_IRQHandler
                0x0800076c                DMA1_Stream2_IRQHandler
                0x0800076c                CAN1_RX0_IRQHandler
                0x0800076c                FPU_IRQHandler
                0x0800076c                OTG_HS_WKUP_IRQHandler
                0x0800076c                UsageFault_Handler
                0x0800076c                CAN2_SCE_IRQHandler
                0x0800076c                DMA2_Stream2_IRQHandler
                0x0800076c                SPI1_IRQHandler
                0x0800076c                TIM6_DAC_IRQHandler
                0x0800076c                TIM1_BRK_TIM9_IRQHandler
                0x0800076c                DCMI_IRQHandler
                0x0800076c                CAN2_RX0_IRQHandler
                0x0800076c                DMA2_Stream3_IRQHandler
                0x0800076c                USART6_IRQHandler
                0x0800076c                CRYP_IRQHandler
                0x0800076c                CAN1_RX1_IRQHandler
                0x0800076c                UART5_IRQHandler
                0x0800076c                DMA2_Stream0_IRQHandler
                0x0800076c                TIM4_IRQHandler
                0x0800076c                I2C1_EV_IRQHandler
                0x0800076c                DMA1_Stream6_IRQHandler
                0x0800076c                UART4_IRQHandler
                0x0800076c                TIM3_IRQHandler
                0x0800076c                RCC_IRQHandler
                0x0800076c                TIM8_BRK_TIM12_IRQHandler
                0x0800076c                DMA1_Stream7_IRQHandler
                0x0800076c                CAN2_TX_IRQHandler
                0x0800076c                TIM5_IRQHandler
                0x0800076c                DMA2_Stream7_IRQHandler
                0x0800076c                I2C3_EV_IRQHandler
                0x0800076c                RTC_WKUP_IRQHandler
                0x0800076c                ETH_WKUP_IRQHandler
                0x0800076c                SPI2_IRQHandler
                0x0800076c                OTG_HS_EP1_IN_IRQHandler
                0x0800076c                MemManage_Handler
                0x0800076c                DMA1_Stream0_IRQHandler
                0x0800076c                CAN1_TX_IRQHandler
                0x0800076c                SVC_Handler
                0x0800076c                EXTI4_IRQHandler
                0x0800076c                FSMC_IRQHandler
                0x0800076c                ETH_IRQHandler
                0x0800076c                OTG_HS_EP1_OUT_IRQHandler
                0x0800076c                WWDG_IRQHandler
                0x0800076c                TIM2_IRQHandler
                0x0800076c                OTG_FS_WKUP_IRQHandler
                0x0800076c                TIM1_TRG_COM_TIM11_IRQHandler
                0x0800076c                OTG_HS_IRQHandler
                0x0800076c                EXTI1_IRQHandler
                0x0800076c                USART2_IRQHandler
                0x0800076c                I2C2_ER_IRQHandler
                0x0800076c                DMA2_Stream1_IRQHandler
                0x0800076c                CAN1_SCE_IRQHandler
                0x0800076c                FLASH_IRQHandler
                0x0800076c                DMA2_Stream4_IRQHandler
                0x0800076c                BusFault_Handler
                0x0800076c                USART1_IRQHandler
                0x0800076c                OTG_FS_IRQHandler
                0x0800076c                SPI3_IRQHandler
                0x0800076c                DMA1_Stream4_IRQHandler
                0x0800076c                I2C1_ER_IRQHandler
                0x0800076c                DMA2_Stream6_IRQHandler
                0x0800076c                DMA1_Stream3_IRQHandler
 *fill*         0x0800076e        0x2 
 .text.Default_Reset_Handler
                0x08000770       0x50 ..\obj\startup_stm32f4xx.o
                0x08000770                Default_Reset_Handler
                0x08000770                Reset_Handler
 .text.eMBFuncWriteHoldingRegister
                0x080007c0       0x2e ..\obj\mbfuncholding.o
                0x080007c0                eMBFuncWriteHoldingRegister
 .text.eMBFuncWriteMultipleHoldingRegister
                0x080007ee       0x4a ..\obj\mbfuncholding.o
                0x080007ee                eMBFuncWriteMultipleHoldingRegister
 .text.eMBFuncReadHoldingRegister
                0x08000838       0x58 ..\obj\mbfuncholding.o
                0x08000838                eMBFuncReadHoldingRegister
 .text.eMBFuncReadWriteMultipleHoldingRegister
                0x08000890       0x9c ..\obj\mbfuncholding.o
                0x08000890                eMBFuncReadWriteMultipleHoldingRegister
 .text.EXTI9_5_IRQHandler
                0x0800092c       0x4c ..\obj\main.o
                0x0800092c                EXTI9_5_IRQHandler
 .text.eMBRegHoldingCB
                0x08000978       0x70 ..\obj\main.o
                0x08000978                eMBRegHoldingCB
 .text.eMBRegCoilsCB
                0x080009e8        0x4 ..\obj\main.o
                0x080009e8                eMBRegCoilsCB
 .text.eMBRegDiscreteCB
                0x080009ec        0x4 ..\obj\main.o
                0x080009ec                eMBRegDiscreteCB
 .text.eMBRegInputCB
                0x080009f0        0x4 ..\obj\main.o
                0x080009f0                eMBRegInputCB
 .text.Configure_PC6
                0x080009f4       0x78 ..\obj\main.o
                0x080009f4                Configure_PC6
 .text.boardInit
                0x08000a6c       0xcc ..\obj\main.o
                0x08000a6c                boardInit
 .text.startup.main
                0x08000b38      0x2f4 ..\obj\main.o
                0x08000b38                main
 .text.usMBCRC16
                0x08000e2c       0x2c ..\obj\mbcrc.o
                0x08000e2c                usMBCRC16
 .text.RCC_GetClocksFreq
                0x08000e58       0x88 ..\obj\stm32f4xx_rcc.o
                0x08000e58                RCC_GetClocksFreq
 .text.RCC_AHB1PeriphClockCmd
                0x08000ee0       0x18 ..\obj\stm32f4xx_rcc.o
                0x08000ee0                RCC_AHB1PeriphClockCmd
 .text.RCC_APB1PeriphClockCmd
                0x08000ef8       0x18 ..\obj\stm32f4xx_rcc.o
                0x08000ef8                RCC_APB1PeriphClockCmd
 .text.RCC_APB2PeriphClockCmd
                0x08000f10       0x18 ..\obj\stm32f4xx_rcc.o
                0x08000f10                RCC_APB2PeriphClockCmd
 .text.RCC_APB1PeriphResetCmd
                0x08000f28       0x18 ..\obj\stm32f4xx_rcc.o
                0x08000f28                RCC_APB1PeriphResetCmd
 .text.RCC_APB2PeriphResetCmd
                0x08000f40       0x18 ..\obj\stm32f4xx_rcc.o
                0x08000f40                RCC_APB2PeriphResetCmd
 .text.initDAC  0x08000f58       0x5c ..\obj\foc.o
                0x08000f58                initDAC
 .text.focInit  0x08000fb4      0x140 ..\obj\foc.o
                0x08000fb4                focInit
 .text.mcFocSetAngle
                0x080010f4       0x2a ..\obj\foc.o
                0x080010f4                mcFocSetAngle
 .text.mcFocCalcCurrent
                0x0800111e       0x36 ..\obj\foc.o
                0x0800111e                mcFocCalcCurrent
 .text.mcClark  0x08001154       0x28 ..\obj\foc.o
                0x08001154                mcClark
 .text.mcPark   0x0800117c       0x2a ..\obj\foc.o
                0x0800117c                mcPark
 .text.mcInvPark
                0x080011a6       0x2a ..\obj\foc.o
                0x080011a6                mcInvPark
 .text.mcInvClark
                0x080011d0       0x3c ..\obj\foc.o
                0x080011d0                mcInvClark
 .text.mcUsrefLimit
                0x0800120c       0x5c ..\obj\foc.o
                0x0800120c                mcUsrefLimit
 .text.adc_current_filter
                0x08001268       0x9c ..\obj\foc.o
                0x08001268                adc_current_filter
 *fill*         0x08001304        0x4 
 .text.ADC_IRQHandler
                0x08001308      0x4f4 ..\obj\foc.o
                0x08001308                ADC_IRQHandler
 .text.ADC_Init
                0x080017fc       0x4c ..\obj\stm32f4xx_adc.o
                0x080017fc                ADC_Init
 .text.ADC_StructInit
                0x08001848       0x14 ..\obj\stm32f4xx_adc.o
                0x08001848                ADC_StructInit
 .text.ADC_CommonInit
                0x0800185c       0x28 ..\obj\stm32f4xx_adc.o
                0x0800185c                ADC_CommonInit
 .text.ADC_CommonStructInit
                0x08001884        0xc ..\obj\stm32f4xx_adc.o
                0x08001884                ADC_CommonStructInit
 .text.ADC_Cmd  0x08001890       0x12 ..\obj\stm32f4xx_adc.o
                0x08001890                ADC_Cmd
 .text.ADC_RegularChannelConfig
                0x080018a2       0x8c ..\obj\stm32f4xx_adc.o
                0x080018a2                ADC_RegularChannelConfig
 .text.ADC_SoftwareStartConv
                0x0800192e        0xa ..\obj\stm32f4xx_adc.o
                0x0800192e                ADC_SoftwareStartConv
 .text.ADC_DMACmd
                0x08001938       0x12 ..\obj\stm32f4xx_adc.o
                0x08001938                ADC_DMACmd
 .text.ADC_DMARequestAfterLastTransferCmd
                0x0800194a       0x12 ..\obj\stm32f4xx_adc.o
                0x0800194a                ADC_DMARequestAfterLastTransferCmd
 .text.ADC_InjectedChannelConfig
                0x0800195c       0x58 ..\obj\stm32f4xx_adc.o
                0x0800195c                ADC_InjectedChannelConfig
 .text.ADC_InjectedSequencerLengthConfig
                0x080019b4       0x10 ..\obj\stm32f4xx_adc.o
                0x080019b4                ADC_InjectedSequencerLengthConfig
 .text.ADC_ExternalTrigInjectedConvConfig
                0x080019c4        0xc ..\obj\stm32f4xx_adc.o
                0x080019c4                ADC_ExternalTrigInjectedConvConfig
 .text.ADC_ExternalTrigInjectedConvEdgeConfig
                0x080019d0        0xc ..\obj\stm32f4xx_adc.o
                0x080019d0                ADC_ExternalTrigInjectedConvEdgeConfig
 .text.ADC_AutoInjectedConvCmd
                0x080019dc       0x12 ..\obj\stm32f4xx_adc.o
                0x080019dc                ADC_AutoInjectedConvCmd
 .text.ADC_InjectedDiscModeCmd
                0x080019ee       0x12 ..\obj\stm32f4xx_adc.o
                0x080019ee                ADC_InjectedDiscModeCmd
 .text.ADC_GetInjectedConversionValue
                0x08001a00       0x1a ..\obj\stm32f4xx_adc.o
                0x08001a00                ADC_GetInjectedConversionValue
 .text.ADC_ITConfig
                0x08001a1a       0x18 ..\obj\stm32f4xx_adc.o
                0x08001a1a                ADC_ITConfig
 .text.ADC_ClearITPendingBit
                0x08001a32        0x8 ..\obj\stm32f4xx_adc.o
                0x08001a32                ADC_ClearITPendingBit
 .text.eMBFuncReadInputRegister
                0x08001a3a       0x58 ..\obj\mbfuncinput.o
                0x08001a3a                eMBFuncReadInputRegister
 *fill*         0x08001a92        0x2 
 .text.encoderInitZ
                0x08001a94       0x80 ..\obj\encoder.o
                0x08001a94                encoderInitZ
 .text.initHall
                0x08001b14       0x3c ..\obj\encoder.o
                0x08001b14                initHall
 .text.iEncoderGetAbsPos
                0x08001b50        0xa ..\obj\encoder.o
                0x08001b50                iEncoderGetAbsPos
 .text.encoderAddOffset
                0x08001b5a       0x20 ..\obj\encoder.o
                0x08001b5a                encoderAddOffset
 .text.EXTI15_10_IRQHandler
                0x08001b7a       0x1a ..\obj\encoder.o
                0x08001b7a                EXTI15_10_IRQHandler
 .text.readRawHallInput
                0x08001b94       0x2c ..\obj\encoder.o
                0x08001b94                readRawHallInput
 .text.readHallMap
                0x08001bc0       0x14 ..\obj\encoder.o
                0x08001bc0                readHallMap
 .text.readRawEncoderWithUVW
                0x08001bd4       0xa0 ..\obj\encoder.o
                0x08001bd4                readRawEncoderWithUVW
 .text.createSinCosTable
                0x08001c74       0x5c ..\obj\encoder.o
                0x08001c74                createSinCosTable
 .text.fSinAngle
                0x08001cd0       0x10 ..\obj\encoder.o
                0x08001cd0                fSinAngle
 .text.fCosAngle
                0x08001ce0       0x10 ..\obj\encoder.o
                0x08001ce0                fCosAngle
 .text.initTim10
                0x08001cf0       0xc0 ..\obj\encoder.o
                0x08001cf0                initTim10
 .text.initEncoder
                0x08001db0      0x1a8 ..\obj\encoder.o
                0x08001db0                initEncoder
 .text.TIM1_UP_TIM10_IRQHandler
                0x08001f58       0x34 ..\obj\encoder.o
                0x08001f58                TIM1_UP_TIM10_IRQHandler
 .text.GPIO_Init
                0x08001f8c       0x9c ..\obj\stm32f4xx_gpio.o
                0x08001f8c                GPIO_Init
 .text.GPIO_StructInit
                0x08002028       0x12 ..\obj\stm32f4xx_gpio.o
                0x08002028                GPIO_StructInit
 .text.GPIO_ReadInputData
                0x0800203a        0x6 ..\obj\stm32f4xx_gpio.o
                0x0800203a                GPIO_ReadInputData
 .text.GPIO_SetBits
                0x08002040        0x4 ..\obj\stm32f4xx_gpio.o
                0x08002040                GPIO_SetBits
 .text.GPIO_ResetBits
                0x08002044        0x4 ..\obj\stm32f4xx_gpio.o
                0x08002044                GPIO_ResetBits
 .text.GPIO_ToggleBits
                0x08002048        0x8 ..\obj\stm32f4xx_gpio.o
                0x08002048                GPIO_ToggleBits
 .text.GPIO_PinAFConfig
                0x08002050       0x24 ..\obj\stm32f4xx_gpio.o
                0x08002050                GPIO_PinAFConfig
 .text.xMBPortTimersInit
                0x08002074       0x74 ..\obj\porttimer.o
                0x08002074                xMBPortTimersInit
 .text.vMBPortTimersEnable
                0x080020e8       0x1c ..\obj\porttimer.o
                0x080020e8                vMBPortTimersEnable
 .text.vMBPortTimersDisable
                0x08002104        0xc ..\obj\porttimer.o
                0x08002104                vMBPortTimersDisable
 .text.TIM7_IRQHandler
                0x08002110       0x28 ..\obj\porttimer.o
                0x08002110                TIM7_IRQHandler
 .text.eMBRTUInit
                0x08002138       0x3c ..\obj\mbrtu.o
                0x08002138                eMBRTUInit
 .text.eMBRTUStart
                0x08002174       0x1c ..\obj\mbrtu.o
                0x08002174                eMBRTUStart
 .text.eMBRTUStop
                0x08002190       0x14 ..\obj\mbrtu.o
                0x08002190                eMBRTUStop
 .text.eMBRTUReceive
                0x080021a4       0x48 ..\obj\mbrtu.o
                0x080021a4                eMBRTUReceive
 .text.eMBRTUSend
                0x080021ec       0x68 ..\obj\mbrtu.o
                0x080021ec                eMBRTUSend
 .text.xMBRTUReceiveFSM
                0x08002254       0x68 ..\obj\mbrtu.o
                0x08002254                xMBRTUReceiveFSM
 .text.xMBRTUTransmitFSM
                0x080022bc       0x58 ..\obj\mbrtu.o
                0x080022bc                xMBRTUTransmitFSM
 .text.xMBRTUTimerT35Expired
                0x08002314       0x2c ..\obj\mbrtu.o
                0x08002314                xMBRTUTimerT35Expired
 .text.SystemInit
                0x08002340       0xf8 ..\obj\system_stm32f4xx.o
                0x08002340                SystemInit
 .text.SystemCoreClockUpdate
                0x08002438       0x70 ..\obj\system_stm32f4xx.o
                0x08002438                SystemCoreClockUpdate
 .text.DMA_Init
                0x080024a8       0x54 ..\obj\stm32f4xx_dma.o
                0x080024a8                DMA_Init
 .text.DMA_StructInit
                0x080024fc       0x22 ..\obj\stm32f4xx_dma.o
                0x080024fc                DMA_StructInit
 .text.DMA_Cmd  0x0800251e       0x12 ..\obj\stm32f4xx_dma.o
                0x0800251e                DMA_Cmd
 .text.vMBPortSerialEnable
                0x08002530       0x54 ..\obj\portserial.o
                0x08002530                vMBPortSerialEnable
 .text.xMBPortSerialInit
                0x08002584      0x128 ..\obj\portserial.o
                0x08002584                xMBPortSerialInit
 .text.USART3_IRQHandler
                0x080026ac       0x70 ..\obj\portserial.o
                0x080026ac                USART3_IRQHandler
 .text.xMBPortSerialPutByte
                0x0800271c       0x14 ..\obj\portserial.o
                0x0800271c                xMBPortSerialPutByte
 .text.xMBPortSerialGetByte
                0x08002730       0x14 ..\obj\portserial.o
                0x08002730                xMBPortSerialGetByte
 .text.eMBFuncReadCoils
                0x08002744       0x6c ..\obj\mbfunccoils.o
                0x08002744                eMBFuncReadCoils
 .text.eMBFuncWriteCoil
                0x080027b0       0x4a ..\obj\mbfunccoils.o
                0x080027b0                eMBFuncWriteCoil
 .text.eMBFuncWriteMultipleCoils
                0x080027fa       0x58 ..\obj\mbfunccoils.o
                0x080027fa                eMBFuncWriteMultipleCoils
 *fill*         0x08002852        0x2 
 .text.EXTI_Init
                0x08002854       0x74 ..\obj\stm32f4xx_exti.o
                0x08002854                EXTI_Init
 .text.EXTI_GetITStatus
                0x080028c8       0x1c ..\obj\stm32f4xx_exti.o
                0x080028c8                EXTI_GetITStatus
 .text.EXTI_ClearITPendingBit
                0x080028e4        0xc ..\obj\stm32f4xx_exti.o
                0x080028e4                EXTI_ClearITPendingBit
 .text.NVIC_PriorityGroupConfig
                0x080028f0       0x14 ..\obj\misc.o
                0x080028f0                NVIC_PriorityGroupConfig
 .text.NVIC_Init
                0x08002904       0x68 ..\obj\misc.o
                0x08002904                NVIC_Init
 .text.svpwmInitGPIO
                0x0800296c       0x94 ..\obj\svpwm.o
                0x0800296c                svpwmInitGPIO
 .text.RCC_Configuration_Adc1
                0x08002a00       0x20 ..\obj\svpwm.o
                0x08002a00                RCC_Configuration_Adc1
 .text.RCC_Configuration_Adc2
                0x08002a20       0x18 ..\obj\svpwm.o
                0x08002a20                RCC_Configuration_Adc2
 .text.GPIO_Configuration_Adc1
                0x08002a38       0x60 ..\obj\svpwm.o
                0x08002a38                GPIO_Configuration_Adc1
 .text.GPIO_Configuration_Adc2
                0x08002a98       0x3c ..\obj\svpwm.o
                0x08002a98                GPIO_Configuration_Adc2
 .text.DMAInit  0x08002ad4       0x74 ..\obj\svpwm.o
                0x08002ad4                DMAInit
 .text.svpwmInitADC
                0x08002b48      0x174 ..\obj\svpwm.o
                0x08002b48                svpwmInitADC
 .text.DMA1_Stream1_IRQHandler
                0x08002cbc        0x2 ..\obj\svpwm.o
                0x08002cbc                DMA1_Stream1_IRQHandler
 *fill*         0x08002cbe        0x2 
 .text.mcFocSVPWM_TTHI
                0x08002cc0      0x1b8 ..\obj\svpwm.o
                0x08002cc0                mcFocSVPWM_TTHI
 .text.svpwmInitSinTable
                0x08002e78       0x58 ..\obj\svpwm.o
                0x08002e78                svpwmInitSinTable
 .text.svpwmInitTIM
                0x08002ed0      0x138 ..\obj\svpwm.o
                0x08002ed0                svpwmInitTIM
 .text.svpwmInit
                0x08003008        0xe ..\obj\svpwm.o
                0x08003008                svpwmInit
 .text.FirstOrderLagFilter
                0x08003016       0x1a ..\obj\filter.o
                0x08003016                FirstOrderLagFilter
 .text.ffilter  0x08003030       0x44 ..\obj\filter.o
                0x08003030                ffilter
 .text.eMBASCIIInit
                0x08003074       0x34 ..\obj\mbascii.o
                0x08003074                eMBASCIIInit
 .text.eMBASCIIStart
                0x080030a8       0x20 ..\obj\mbascii.o
                0x080030a8                eMBASCIIStart
 .text.eMBASCIIStop
                0x080030c8       0x14 ..\obj\mbascii.o
                0x080030c8                eMBASCIIStop
 .text.eMBASCIIReceive
                0x080030dc       0x5c ..\obj\mbascii.o
                0x080030dc                eMBASCIIReceive
 .text.eMBASCIISend
                0x08003138       0x6c ..\obj\mbascii.o
                0x08003138                eMBASCIISend
 .text.xMBASCIIReceiveFSM
                0x080031a4       0xf4 ..\obj\mbascii.o
                0x080031a4                xMBASCIIReceiveFSM
 .text.xMBASCIITransmitFSM
                0x08003298       0xbc ..\obj\mbascii.o
                0x08003298                xMBASCIITransmitFSM
 .text.xMBASCIITimerT1SExpired
                0x08003354       0x1c ..\obj\mbascii.o
                0x08003354                xMBASCIITimerT1SExpired
 .text.pidTask_test
                0x08003370       0x96 ..\obj\pid.o
                0x08003370                pidTask_test
 .text.pidInit  0x08003406       0x18 ..\obj\pid.o
                0x08003406                pidInit
 .text.pidSetOutLimit
                0x0800341e        0xa ..\obj\pid.o
                0x0800341e                pidSetOutLimit
 .text.pidSetIntegralLimit
                0x08003428        0xe ..\obj\pid.o
                0x08003428                pidSetIntegralLimit
 .text.pidSetInputRange
                0x08003436        0xe ..\obj\pid.o
                0x08003436                pidSetInputRange
 .text.pidTask  0x08003444       0xcc ..\obj\pid.o
                0x08003444                pidTask
 .text.TI1_Config
                0x08003510       0x36 ..\obj\stm32f4xx_tim.o
 .text.TI2_Config
                0x08003546       0x3c ..\obj\stm32f4xx_tim.o
 *fill*         0x08003582        0x2 
 .text.TIM_DeInit
                0x08003584      0x16c ..\obj\stm32f4xx_tim.o
                0x08003584                TIM_DeInit
 .text.TIM_TimeBaseInit
                0x080036f0       0x7c ..\obj\stm32f4xx_tim.o
                0x080036f0                TIM_TimeBaseInit
 .text.TIM_TimeBaseStructInit
                0x0800376c       0x12 ..\obj\stm32f4xx_tim.o
                0x0800376c                TIM_TimeBaseStructInit
 .text.TIM_SetCounter
                0x0800377e        0x4 ..\obj\stm32f4xx_tim.o
                0x0800377e                TIM_SetCounter
 .text.TIM_ARRPreloadConfig
                0x08003782       0x18 ..\obj\stm32f4xx_tim.o
                0x08003782                TIM_ARRPreloadConfig
 .text.TIM_Cmd  0x0800379a       0x18 ..\obj\stm32f4xx_tim.o
                0x0800379a                TIM_Cmd
 *fill*         0x080037b2        0x2 
 .text.TIM_OC1Init
                0x080037b4       0x70 ..\obj\stm32f4xx_tim.o
                0x080037b4                TIM_OC1Init
 .text.TIM_OC2Init
                0x08003824       0x80 ..\obj\stm32f4xx_tim.o
                0x08003824                TIM_OC2Init
 .text.TIM_OC3Init
                0x080038a4       0x7c ..\obj\stm32f4xx_tim.o
                0x080038a4                TIM_OC3Init
 .text.TIM_OC4Init
                0x08003920       0x64 ..\obj\stm32f4xx_tim.o
                0x08003920                TIM_OC4Init
 .text.TIM_OCStructInit
                0x08003984       0x14 ..\obj\stm32f4xx_tim.o
                0x08003984                TIM_OCStructInit
 .text.TIM_SetCompare1
                0x08003998        0x4 ..\obj\stm32f4xx_tim.o
                0x08003998                TIM_SetCompare1
 .text.TIM_SetCompare2
                0x0800399c        0x4 ..\obj\stm32f4xx_tim.o
                0x0800399c                TIM_SetCompare2
 .text.TIM_SetCompare3
                0x080039a0        0x4 ..\obj\stm32f4xx_tim.o
                0x080039a0                TIM_SetCompare3
 .text.TIM_OC1PreloadConfig
                0x080039a4       0x10 ..\obj\stm32f4xx_tim.o
                0x080039a4                TIM_OC1PreloadConfig
 .text.TIM_OC2PreloadConfig
                0x080039b4       0x14 ..\obj\stm32f4xx_tim.o
                0x080039b4                TIM_OC2PreloadConfig
 .text.TIM_OC3PreloadConfig
                0x080039c8       0x10 ..\obj\stm32f4xx_tim.o
                0x080039c8                TIM_OC3PreloadConfig
 .text.TIM_OC4PreloadConfig
                0x080039d8       0x14 ..\obj\stm32f4xx_tim.o
                0x080039d8                TIM_OC4PreloadConfig
 .text.TIM_ICStructInit
                0x080039ec       0x10 ..\obj\stm32f4xx_tim.o
                0x080039ec                TIM_ICStructInit
 .text.TIM_GetCapture1
                0x080039fc        0x4 ..\obj\stm32f4xx_tim.o
                0x080039fc                TIM_GetCapture1
 .text.TIM_SetIC1Prescaler
                0x08003a00       0x16 ..\obj\stm32f4xx_tim.o
                0x08003a00                TIM_SetIC1Prescaler
 .text.TIM_SetIC2Prescaler
                0x08003a16       0x1a ..\obj\stm32f4xx_tim.o
                0x08003a16                TIM_SetIC2Prescaler
 .text.TIM_SetIC3Prescaler
                0x08003a30       0x16 ..\obj\stm32f4xx_tim.o
                0x08003a30                TIM_SetIC3Prescaler
 .text.TIM_SetIC4Prescaler
                0x08003a46       0x1a ..\obj\stm32f4xx_tim.o
                0x08003a46                TIM_SetIC4Prescaler
 .text.TIM_ICInit
                0x08003a60       0xae ..\obj\stm32f4xx_tim.o
                0x08003a60                TIM_ICInit
 .text.TIM_BDTRConfig
                0x08003b0e       0x22 ..\obj\stm32f4xx_tim.o
                0x08003b0e                TIM_BDTRConfig
 .text.TIM_GetITStatus
                0x08003b30       0x16 ..\obj\stm32f4xx_tim.o
                0x08003b30                TIM_GetITStatus
 .text.TIM_ClearITPendingBit
                0x08003b46        0x8 ..\obj\stm32f4xx_tim.o
                0x08003b46                TIM_ClearITPendingBit
 .text.TIM_DMACmd
                0x08003b4e       0x12 ..\obj\stm32f4xx_tim.o
                0x08003b4e                TIM_DMACmd
 .text.TIM_ITConfig
                0x08003b60        0x4 ..\obj\stm32f4xx_tim.o
                0x08003b60                TIM_ITConfig
 .text.TIM_SelectOutputTrigger
                0x08003b64       0x16 ..\obj\stm32f4xx_tim.o
                0x08003b64                TIM_SelectOutputTrigger
 .text.TIM_EncoderInterfaceConfig
                0x08003b7a       0x3e ..\obj\stm32f4xx_tim.o
                0x08003b7a                TIM_EncoderInterfaceConfig
 .text.cosf     0x08003bb8       0x90 c:/program files (x86)/gnu tools arm embedded/6 2017-q1-update/bin/../lib/gcc/arm-none-eabi/6.3.1/../../../../arm-none-eabi/lib/thumb/v7e-m/fpv4-sp/hard\libm.a(lib_a-sf_cos.o)
                0x08003bb8                cosf
 .text.sinf     0x08003c48       0x94 c:/program files (x86)/gnu tools arm embedded/6 2017-q1-update/bin/../lib/gcc/arm-none-eabi/6.3.1/../../../../arm-none-eabi/lib/thumb/v7e-m/fpv4-sp/hard\libm.a(lib_a-sf_sin.o)
                0x08003c48                sinf
 .text.sqrtf    0x08003cdc       0xac c:/program files (x86)/gnu tools arm embedded/6 2017-q1-update/bin/../lib/gcc/arm-none-eabi/6.3.1/../../../../arm-none-eabi/lib/thumb/v7e-m/fpv4-sp/hard\libm.a(lib_a-wf_sqrt.o)
                0x08003cdc                sqrtf
 .text.__ieee754_rem_pio2f
                0x08003d88      0x290 c:/program files (x86)/gnu tools arm embedded/6 2017-q1-update/bin/../lib/gcc/arm-none-eabi/6.3.1/../../../../arm-none-eabi/lib/thumb/v7e-m/fpv4-sp/hard\libm.a(lib_a-ef_rem_pio2.o)
                0x08003d88                __ieee754_rem_pio2f
 .text.__ieee754_sqrtf
                0x08004018       0xa0 c:/program files (x86)/gnu tools arm embedded/6 2017-q1-update/bin/../lib/gcc/arm-none-eabi/6.3.1/../../../../arm-none-eabi/lib/thumb/v7e-m/fpv4-sp/hard\libm.a(lib_a-ef_sqrt.o)
                0x08004018                __ieee754_sqrtf
 .text.__kernel_cosf
                0x080040b8      0x104 c:/program files (x86)/gnu tools arm embedded/6 2017-q1-update/bin/../lib/gcc/arm-none-eabi/6.3.1/../../../../arm-none-eabi/lib/thumb/v7e-m/fpv4-sp/hard\libm.a(lib_a-kf_cos.o)
                0x080040b8                __kernel_cosf
 .text.__kernel_rem_pio2f
                0x080041bc      0x690 c:/program files (x86)/gnu tools arm embedded/6 2017-q1-update/bin/../lib/gcc/arm-none-eabi/6.3.1/../../../../arm-none-eabi/lib/thumb/v7e-m/fpv4-sp/hard\libm.a(lib_a-kf_rem_pio2.o)
                0x080041bc                __kernel_rem_pio2f
 .text.__kernel_sinf
                0x0800484c       0x90 c:/program files (x86)/gnu tools arm embedded/6 2017-q1-update/bin/../lib/gcc/arm-none-eabi/6.3.1/../../../../arm-none-eabi/lib/thumb/v7e-m/fpv4-sp/hard\libm.a(lib_a-kf_sin.o)
                0x0800484c                __kernel_sinf
 .text.matherr  0x080048dc        0x4 c:/program files (x86)/gnu tools arm embedded/6 2017-q1-update/bin/../lib/gcc/arm-none-eabi/6.3.1/../../../../arm-none-eabi/lib/thumb/v7e-m/fpv4-sp/hard\libm.a(lib_a-s_matherr.o)
                0x080048dc                matherr
 .text.fabsf    0x080048e0       0x10 c:/program files (x86)/gnu tools arm embedded/6 2017-q1-update/bin/../lib/gcc/arm-none-eabi/6.3.1/../../../../arm-none-eabi/lib/thumb/v7e-m/fpv4-sp/hard\libm.a(lib_a-sf_fabs.o)
                0x080048e0                fabsf
 .text.floorf   0x080048f0       0x90 c:/program files (x86)/gnu tools arm embedded/6 2017-q1-update/bin/../lib/gcc/arm-none-eabi/6.3.1/../../../../arm-none-eabi/lib/thumb/v7e-m/fpv4-sp/hard\libm.a(lib_a-sf_floor.o)
                0x080048f0                floorf
 .text.scalbnf  0x08004980       0xd0 c:/program files (x86)/gnu tools arm embedded/6 2017-q1-update/bin/../lib/gcc/arm-none-eabi/6.3.1/../../../../arm-none-eabi/lib/thumb/v7e-m/fpv4-sp/hard\libm.a(lib_a-sf_scalbn.o)
                0x08004980                scalbnf
 .text.copysignf
                0x08004a50       0x18 c:/program files (x86)/gnu tools arm embedded/6 2017-q1-update/bin/../lib/gcc/arm-none-eabi/6.3.1/../../../../arm-none-eabi/lib/thumb/v7e-m/fpv4-sp/hard\libm.a(lib_a-sf_copysign.o)
                0x08004a50                copysignf
 .text          0x08004a68      0x370 c:/program files (x86)/gnu tools arm embedded/6 2017-q1-update/bin/../lib/gcc/arm-none-eabi/6.3.1/thumb/v7e-m/fpv4-sp/hard\libgcc.a(_arm_addsubdf3.o)
                0x08004a68                __aeabi_drsub
                0x08004a70                __aeabi_dsub
                0x08004a70                __subdf3
                0x08004a74                __aeabi_dadd
                0x08004a74                __adddf3
                0x08004cec                __floatunsidf
                0x08004cec                __aeabi_ui2d
                0x08004d0c                __floatsidf
                0x08004d0c                __aeabi_i2d
                0x08004d30                __aeabi_f2d
                0x08004d30                __extendsfdf2
                0x08004d6c                __floatundidf
                0x08004d6c                __aeabi_ul2d
                0x08004d7c                __floatdidf
                0x08004d7c                __aeabi_l2d
 .text          0x08004dd8      0x424 c:/program files (x86)/gnu tools arm embedded/6 2017-q1-update/bin/../lib/gcc/arm-none-eabi/6.3.1/thumb/v7e-m/fpv4-sp/hard\libgcc.a(_arm_muldivdf3.o)
                0x08004dd8                __aeabi_dmul
                0x08004dd8                __muldf3
                0x0800502c                __divdf3
                0x0800502c                __aeabi_ddiv
 .text          0x080051fc       0xa0 c:/program files (x86)/gnu tools arm embedded/6 2017-q1-update/bin/../lib/gcc/arm-none-eabi/6.3.1/thumb/v7e-m/fpv4-sp/hard\libgcc.a(_arm_truncdfsf2.o)
                0x080051fc                __truncdfsf2
                0x080051fc                __aeabi_d2f
 .text.__errno  0x0800529c        0xc c:/program files (x86)/gnu tools arm embedded/6 2017-q1-update/bin/../lib/gcc/arm-none-eabi/6.3.1/../../../../arm-none-eabi/lib/thumb/v7e-m/fpv4-sp/hard\libc.a(lib_a-errno.o)
                0x0800529c                __errno
 .text          0x080052a8      0x134 c:/program files (x86)/gnu tools arm embedded/6 2017-q1-update/bin/../lib/gcc/arm-none-eabi/6.3.1/../../../../arm-none-eabi/lib/thumb/v7e-m/fpv4-sp/hard\libc.a(lib_a-memcpy.o)
                0x080052a8                memcpy
 .text.memset   0x080053dc       0x9c c:/program files (x86)/gnu tools arm embedded/6 2017-q1-update/bin/../lib/gcc/arm-none-eabi/6.3.1/../../../../arm-none-eabi/lib/thumb/v7e-m/fpv4-sp/hard\libc.a(lib_a-memset.o)
                0x080053dc                memset
 .text.startup.register_fini
                0x08005478       0x14 c:/program files (x86)/gnu tools arm embedded/6 2017-q1-update/bin/../lib/gcc/arm-none-eabi/6.3.1/../../../../arm-none-eabi/lib/thumb/v7e-m/fpv4-sp/hard\libc.a(lib_a-__call_atexit.o)
 .text.atexit   0x0800548c        0xc c:/program files (x86)/gnu tools arm embedded/6 2017-q1-update/bin/../lib/gcc/arm-none-eabi/6.3.1/../../../../arm-none-eabi/lib/thumb/v7e-m/fpv4-sp/hard\libc.a(lib_a-atexit.o)
                0x0800548c                atexit
 .text.__libc_fini_array
                0x08005498       0x34 c:/program files (x86)/gnu tools arm embedded/6 2017-q1-update/bin/../lib/gcc/arm-none-eabi/6.3.1/../../../../arm-none-eabi/lib/thumb/v7e-m/fpv4-sp/hard\libc.a(lib_a-fini.o)
                0x08005498                __libc_fini_array
 .text.__retarget_lock_acquire_recursive
                0x080054cc        0x4 c:/program files (x86)/gnu tools arm embedded/6 2017-q1-update/bin/../lib/gcc/arm-none-eabi/6.3.1/../../../../arm-none-eabi/lib/thumb/v7e-m/fpv4-sp/hard\libc.a(lib_a-lock.o)
                0x080054cc                __retarget_lock_acquire_recursive
 .text.__retarget_lock_release_recursive
                0x080054d0        0x4 c:/program files (x86)/gnu tools arm embedded/6 2017-q1-update/bin/../lib/gcc/arm-none-eabi/6.3.1/../../../../arm-none-eabi/lib/thumb/v7e-m/fpv4-sp/hard\libc.a(lib_a-lock.o)
                0x080054d0                __retarget_lock_release_recursive
 .text.__register_exitproc
                0x080054d4       0xc4 c:/program files (x86)/gnu tools arm embedded/6 2017-q1-update/bin/../lib/gcc/arm-none-eabi/6.3.1/../../../../arm-none-eabi/lib/thumb/v7e-m/fpv4-sp/hard\libc.a(lib_a-__atexit.o)
                0x080054d4                __register_exitproc
 *(.init)
 .init          0x08005598        0x4 c:/program files (x86)/gnu tools arm embedded/6 2017-q1-update/bin/../lib/gcc/arm-none-eabi/6.3.1/thumb/v7e-m/fpv4-sp/hard/crti.o
                0x08005598                _init
 .init          0x0800559c        0x8 c:/program files (x86)/gnu tools arm embedded/6 2017-q1-update/bin/../lib/gcc/arm-none-eabi/6.3.1/thumb/v7e-m/fpv4-sp/hard/crtn.o
 *(.fini)
 .fini          0x080055a4        0x4 c:/program files (x86)/gnu tools arm embedded/6 2017-q1-update/bin/../lib/gcc/arm-none-eabi/6.3.1/thumb/v7e-m/fpv4-sp/hard/crti.o
                0x080055a4                _fini
 .fini          0x080055a8        0x8 c:/program files (x86)/gnu tools arm embedded/6 2017-q1-update/bin/../lib/gcc/arm-none-eabi/6.3.1/thumb/v7e-m/fpv4-sp/hard/crtn.o
 *crtbegin.o(.ctors)
 *crtbegin?.o(.ctors)
 *(EXCLUDE_FILE(*crtend.o *crtend?.o) .ctors)
 *(SORT(.ctors.*))
 *(.ctors)
 *crtbegin.o(.dtors)
 *crtbegin?.o(.dtors)
 *(EXCLUDE_FILE(*crtend.o *crtend?.o) .dtors)
 *(SORT(.dtors.*))
 *(.dtors)
 *(.rodata*)
 .rodata        0x080055b0        0x8 ..\obj\mbutils.o
 .rodata        0x080055b8      0x200 ..\obj\mbcrc.o
 .rodata        0x080057b8       0xb0 ..\obj\encoder.o
 .rodata.sqrtf.str1.4
                0x08005868        0x8 c:/program files (x86)/gnu tools arm embedded/6 2017-q1-update/bin/../lib/gcc/arm-none-eabi/6.3.1/../../../../arm-none-eabi/lib/thumb/v7e-m/fpv4-sp/hard\libm.a(lib_a-wf_sqrt.o)
                                  0x6 (size before relaxing)
 .rodata.npio2_hw
                0x08005870       0x80 c:/program files (x86)/gnu tools arm embedded/6 2017-q1-update/bin/../lib/gcc/arm-none-eabi/6.3.1/../../../../arm-none-eabi/lib/thumb/v7e-m/fpv4-sp/hard\libm.a(lib_a-ef_rem_pio2.o)
 .rodata.two_over_pi
                0x080058f0      0x318 c:/program files (x86)/gnu tools arm embedded/6 2017-q1-update/bin/../lib/gcc/arm-none-eabi/6.3.1/../../../../arm-none-eabi/lib/thumb/v7e-m/fpv4-sp/hard\libm.a(lib_a-ef_rem_pio2.o)
 .rodata.PIo2   0x08005c08       0x2c c:/program files (x86)/gnu tools arm embedded/6 2017-q1-update/bin/../lib/gcc/arm-none-eabi/6.3.1/../../../../arm-none-eabi/lib/thumb/v7e-m/fpv4-sp/hard\libm.a(lib_a-kf_rem_pio2.o)
 .rodata.init_jk
                0x08005c34        0xc c:/program files (x86)/gnu tools arm embedded/6 2017-q1-update/bin/../lib/gcc/arm-none-eabi/6.3.1/../../../../arm-none-eabi/lib/thumb/v7e-m/fpv4-sp/hard\libm.a(lib_a-kf_rem_pio2.o)
 .rodata._global_impure_ptr
                0x08005c40        0x4 c:/program files (x86)/gnu tools arm embedded/6 2017-q1-update/bin/../lib/gcc/arm-none-eabi/6.3.1/../../../../arm-none-eabi/lib/thumb/v7e-m/fpv4-sp/hard\libc.a(lib_a-impure.o)
                0x08005c40                _global_impure_ptr
 *(.eh_fram e*)

.eh_frame       0x08005c44        0x0
 .eh_frame      0x08005c44        0x0 c:/program files (x86)/gnu tools arm embedded/6 2017-q1-update/bin/../lib/gcc/arm-none-eabi/6.3.1/thumb/v7e-m/fpv4-sp/hard/crtbegin.o

.glue_7         0x08005c44        0x0
 .glue_7        0x08005c44        0x0 linker stubs

.glue_7t        0x08005c44        0x0
 .glue_7t       0x08005c44        0x0 linker stubs

.vfp11_veneer   0x08005c44        0x0
 .vfp11_veneer  0x08005c44        0x0 linker stubs

.v4_bx          0x08005c44        0x0
 .v4_bx         0x08005c44        0x0 linker stubs

.iplt           0x08005c44        0x0
 .iplt          0x08005c44        0x0 c:/program files (x86)/gnu tools arm embedded/6 2017-q1-update/bin/../lib/gcc/arm-none-eabi/6.3.1/thumb/v7e-m/fpv4-sp/hard/crtbegin.o

.rel.dyn        0x08005c44        0x0
 .rel.iplt      0x08005c44        0x0 c:/program files (x86)/gnu tools arm embedded/6 2017-q1-update/bin/../lib/gcc/arm-none-eabi/6.3.1/thumb/v7e-m/fpv4-sp/hard/crtbegin.o

.ARM.extab
 *(.ARM.extab* .gnu.linkonce.armextab.*)
                0x08005c44                __exidx_start = .

.ARM.exidx
 *(.ARM.exidx* .gnu.linkonce.armexidx.*)
                0x08005c44                __exidx_end = .
                0x08005c44                __etext = .
                0x08005c44                _sidata = __etext

.data           0x20000000      0x4ec load address 0x08005c44
                0x20000000                __data_start__ = .
                0x20000000                _sdata = __data_start__
 *(vtable)
 *(.data*)
 .data          0x20000000       0x84 ..\obj\mb.o
 .data          0x20000084       0x10 ..\obj\stm32f4xx_rcc.o
 .data          0x20000094       0x14 ..\obj\system_stm32f4xx.o
                0x20000094                SystemCoreClock
                0x20000098                AHBPrescTable
 .data.__fdlib_version
                0x200000a8        0x1 c:/program files (x86)/gnu tools arm embedded/6 2017-q1-update/bin/../lib/gcc/arm-none-eabi/6.3.1/../../../../arm-none-eabi/lib/thumb/v7e-m/fpv4-sp/hard\libm.a(lib_a-s_lib_ver.o)
                0x200000a8                __fdlib_version
 *fill*         0x200000a9        0x3 
 .data._impure_ptr
                0x200000ac        0x4 c:/program files (x86)/gnu tools arm embedded/6 2017-q1-update/bin/../lib/gcc/arm-none-eabi/6.3.1/../../../../arm-none-eabi/lib/thumb/v7e-m/fpv4-sp/hard\libc.a(lib_a-impure.o)
                0x200000ac                _impure_ptr
 .data.impure_data
                0x200000b0      0x428 c:/program files (x86)/gnu tools arm embedded/6 2017-q1-update/bin/../lib/gcc/arm-none-eabi/6.3.1/../../../../arm-none-eabi/lib/thumb/v7e-m/fpv4-sp/hard\libc.a(lib_a-impure.o)
 .data.__atexit_recursive_mutex
                0x200004d8        0x4 c:/program files (x86)/gnu tools arm embedded/6 2017-q1-update/bin/../lib/gcc/arm-none-eabi/6.3.1/../../../../arm-none-eabi/lib/thumb/v7e-m/fpv4-sp/hard\libc.a(lib_a-__call_atexit.o)
                0x200004d8                __atexit_recursive_mutex
                0x200004dc                . = ALIGN (0x4)
                0x200004dc                PROVIDE (__preinit_array_start, .)
 *(.preinit_array)
                0x200004dc                PROVIDE (__preinit_array_end, .)
                0x200004dc                . = ALIGN (0x4)
                0x200004dc                PROVIDE (__init_array_start, .)
 *(SORT(.init_array.*))
 .init_array.00000
                0x200004dc        0x4 c:/program files (x86)/gnu tools arm embedded/6 2017-q1-update/bin/../lib/gcc/arm-none-eabi/6.3.1/../../../../arm-none-eabi/lib/thumb/v7e-m/fpv4-sp/hard\libc.a(lib_a-__call_atexit.o)
 *(.init_array)
 .init_array    0x200004e0        0x4 c:/program files (x86)/gnu tools arm embedded/6 2017-q1-update/bin/../lib/gcc/arm-none-eabi/6.3.1/thumb/v7e-m/fpv4-sp/hard/crtbegin.o
                0x200004e4                PROVIDE (__init_array_end, .)
                0x200004e4                . = ALIGN (0x4)
                0x200004e4                PROVIDE (__fini_array_start, .)
 *(SORT(.fini_array.*))
 *(.fini_array)
 .fini_array    0x200004e4        0x4 c:/program files (x86)/gnu tools arm embedded/6 2017-q1-update/bin/../lib/gcc/arm-none-eabi/6.3.1/thumb/v7e-m/fpv4-sp/hard/crtbegin.o
                0x200004e8                PROVIDE (__fini_array_end, .)
 *(.jcr*)
 .jcr           0x200004e8        0x0 c:/program files (x86)/gnu tools arm embedded/6 2017-q1-update/bin/../lib/gcc/arm-none-eabi/6.3.1/thumb/v7e-m/fpv4-sp/hard/crtbegin.o
 .jcr           0x200004e8        0x4 c:/program files (x86)/gnu tools arm embedded/6 2017-q1-update/bin/../lib/gcc/arm-none-eabi/6.3.1/thumb/v7e-m/fpv4-sp/hard/crtend.o
                0x200004ec                . = ALIGN (0x4)
                0x200004ec                __data_end__ = .
                0x200004ec                _edata = __data_end__

.igot.plt       0x200004ec        0x0 load address 0x08006130
 .igot.plt      0x200004ec        0x0 c:/program files (x86)/gnu tools arm embedded/6 2017-q1-update/bin/../lib/gcc/arm-none-eabi/6.3.1/thumb/v7e-m/fpv4-sp/hard/crtbegin.o

.bss            0x200004ec     0xc998 load address 0x08006130
                0x200004ec                . = ALIGN (0x4)
                0x200004ec                __bss_start__ = .
                0x200004ec                _sbss = __bss_start__
 *(.bss*)
 .bss           0x200004ec       0x1c c:/program files (x86)/gnu tools arm embedded/6 2017-q1-update/bin/../lib/gcc/arm-none-eabi/6.3.1/thumb/v7e-m/fpv4-sp/hard/crtbegin.o
 .bss           0x20000508       0x23 ..\obj\mb.o
 .bss           0x2000052b        0x2 ..\obj\portevent.o
 *fill*         0x2000052d        0x1 
 .bss           0x2000052e       0x22 ..\obj\mbfuncother.o
 .bss           0x20000550       0x30 ..\obj\main.o
                0x20000554                sp_counter
 .bss           0x20000580      0x61c ..\obj\foc.o
 .bss           0x20000b9c     0x8010 ..\obj\encoder.o
                0x20000b9c                sanyo_uvw
                0x20008ba8                uwTIM10PulseLength
 .bss           0x20008bac        0xb ..\obj\mbrtu.o
 *fill*         0x20008bb7        0x1 
 .bss           0x20008bb8     0x4000 ..\obj\svpwm.o
 .bss           0x2000cbb8        0xd ..\obj\mbascii.o
 *(COMMON)
 *fill*         0x2000cbc5        0x3 
 COMMON         0x2000cbc8       0x14 ..\obj\mb.o
                0x2000cbc8                pxMBFrameCBTransmitterEmpty
                0x2000cbcc                pxMBPortCBTimerExpired
                0x2000cbd0                pxMBFrameCBByteReceived
                0x2000cbd4                pxMBFrameCBTransmitFSMCur
                0x2000cbd8                pxMBFrameCBReceiveFSMCur
 COMMON         0x2000cbdc       0xf8 ..\obj\main.o
                0x2000cbdc                stFoc
 COMMON         0x2000ccd4       0x8c ..\obj\foc.o
                0x2000ccd4                pidPos
                0x2000cd08                sp_speed
                0x2000cd0c                pv_speed
                0x2000cd10                pidSpeed
                0x2000cd44                ADC_values
                0x2000cd54                enc_delta
                0x2000cd56                ai1
                0x2000cd58                ai0
                0x2000cd5c                ai0_filtered_value
 COMMON         0x2000cd60      0x100 ..\obj\mbrtu.o
                0x2000cd60                ucRTUBuf
 COMMON         0x2000ce60       0x21 c:/program files (x86)/gnu tools arm embedded/6 2017-q1-update/bin/../lib/gcc/arm-none-eabi/6.3.1/../../../../arm-none-eabi/lib/thumb/v7e-m/fpv4-sp/hard\libc.a(lib_a-lock.o)
                0x2000ce60                __lock___atexit_recursive_mutex
                0x2000ce64                __lock___arc4random_mutex
                0x2000ce68                __lock___env_recursive_mutex
                0x2000ce6c                __lock___sinit_recursive_mutex
                0x2000ce70                __lock___malloc_recursive_mutex
                0x2000ce74                __lock___at_quick_exit_mutex
                0x2000ce78                __lock___dd_hash_mutex
                0x2000ce7c                __lock___tz_mutex
                0x2000ce80                __lock___sfp_recursive_mutex
                0x2000ce84                . = ALIGN (0x4)
 *fill*         0x2000ce81        0x3 
                0x2000ce84                __bss_end__ = .
                0x2000ce84                _ebss = __bss_end__

.heap           0x2000ce84        0x0
                0x2000ce84                __end__ = .
                0x2000ce84                _end = __end__
                0x2000ce84                end = __end__
 *(.heap*)
                0x2000ce84                __HeapLimit = .

.co_stack       0x2000ce84      0x804 load address 0x08012ac8
                0x2000ce88                . = ALIGN (0x8)
 *fill*         0x2000ce84        0x4 
 *(.co_stack .co_stack.*)
 .co_stack      0x2000ce88      0x800 ..\obj\startup_stm32f4xx.o
                0x2000ce88                pulStack
                0x20020000                __StackTop = (ORIGIN (ram) + LENGTH (ram))
                0x2001f7fc                __StackLimit = (__StackTop - SIZEOF (.co_stack))
                0x20020000                PROVIDE (__stack, __StackTop)
                0x00000001                ASSERT ((__StackLimit >= __HeapLimit), region ram  overflowed with stack)
LOAD ..\obj\stm32f4xx_syscfg.o
LOAD ..\obj\mb.o
LOAD ..\obj\mbfuncdisc.o
LOAD ..\obj\portevent.o
LOAD ..\obj\mbfuncother.o
LOAD ..\obj\stm32f4xx_usart.o
LOAD ..\obj\stm32f4xx_can.o
LOAD ..\obj\mbutils.o
LOAD ..\obj\stm32f4xx_dac.o
LOAD ..\obj\startup_stm32f4xx.o
LOAD ..\obj\mbfuncholding.o
LOAD ..\obj\main.o
LOAD ..\obj\mbcrc.o
LOAD ..\obj\stm32f4xx_rcc.o
LOAD ..\obj\foc.o
LOAD ..\obj\stm32f4xx_adc.o
LOAD ..\obj\mbfuncinput.o
LOAD ..\obj\encoder.o
LOAD ..\obj\mbfuncdiag.o
LOAD ..\obj\stm32f4xx_gpio.o
LOAD ..\obj\porttimer.o
LOAD ..\obj\mbrtu.o
LOAD ..\obj\system_stm32f4xx.o
LOAD ..\obj\syscalls.o
LOAD ..\obj\stm32f4xx_dma.o
LOAD ..\obj\port.o
LOAD ..\obj\portserial.o
LOAD ..\obj\mbfunccoils.o
LOAD ..\obj\stm32f4xx_exti.o
LOAD ..\obj\misc.o
LOAD ..\obj\svpwm.o
LOAD ..\obj\mbtcp.o
LOAD ..\obj\filter.o
LOAD ..\obj\mbascii.o
LOAD ..\obj\pid.o
LOAD ..\obj\stm32f4xx_tim.o
LOAD c:/program files (x86)/gnu tools arm embedded/6 2017-q1-update/bin/../lib/gcc/arm-none-eabi/6.3.1/../../../../arm-none-eabi/lib/thumb/v7e-m/fpv4-sp/hard\libm.a
LOAD c:/program files (x86)/gnu tools arm embedded/6 2017-q1-update/bin/../lib/gcc/arm-none-eabi/6.3.1/thumb/v7e-m/fpv4-sp/hard\libgcc.a
LOAD c:/program files (x86)/gnu tools arm embedded/6 2017-q1-update/bin/../lib/gcc/arm-none-eabi/6.3.1/../../../../arm-none-eabi/lib/thumb/v7e-m/fpv4-sp/hard\libc.a
START GROUP
LOAD c:/program files (x86)/gnu tools arm embedded/6 2017-q1-update/bin/../lib/gcc/arm-none-eabi/6.3.1/thumb/v7e-m/fpv4-sp/hard\libgcc.a
LOAD c:/program files (x86)/gnu tools arm embedded/6 2017-q1-update/bin/../lib/gcc/arm-none-eabi/6.3.1/../../../../arm-none-eabi/lib/thumb/v7e-m/fpv4-sp/hard\libg.a
LOAD c:/program files (x86)/gnu tools arm embedded/6 2017-q1-update/bin/../lib/gcc/arm-none-eabi/6.3.1/../../../../arm-none-eabi/lib/thumb/v7e-m/fpv4-sp/hard\libc.a
END GROUP
LOAD c:/program files (x86)/gnu tools arm embedded/6 2017-q1-update/bin/../lib/gcc/arm-none-eabi/6.3.1/thumb/v7e-m/fpv4-sp/hard/crtend.o
LOAD c:/program files (x86)/gnu tools arm embedded/6 2017-q1-update/bin/../lib/gcc/arm-none-eabi/6.3.1/thumb/v7e-m/fpv4-sp/hard/crtn.o
OUTPUT(main.elf elf32-littlearm)

.ARM.attributes
                0x00000000       0x30
 .ARM.attributes
                0x00000000       0x22 c:/program files (x86)/gnu tools arm embedded/6 2017-q1-update/bin/../lib/gcc/arm-none-eabi/6.3.1/thumb/v7e-m/fpv4-sp/hard/crti.o
 .ARM.attributes
                0x00000022       0x34 c:/program files (x86)/gnu tools arm embedded/6 2017-q1-update/bin/../lib/gcc/arm-none-eabi/6.3.1/thumb/v7e-m/fpv4-sp/hard/crtbegin.o
 .ARM.attributes
                0x00000056       0x39 ..\obj\stm32f4xx_syscfg.o
 .ARM.attributes
                0x0000008f       0x39 ..\obj\mb.o
 .ARM.attributes
                0x000000c8       0x39 ..\obj\mbfuncdisc.o
 .ARM.attributes
                0x00000101       0x39 ..\obj\portevent.o
 .ARM.attributes
                0x0000013a       0x39 ..\obj\mbfuncother.o
 .ARM.attributes
                0x00000173       0x39 ..\obj\stm32f4xx_usart.o
 .ARM.attributes
                0x000001ac       0x39 ..\obj\mbutils.o
 .ARM.attributes
                0x000001e5       0x39 ..\obj\stm32f4xx_dac.o
 .ARM.attributes
                0x0000021e       0x39 ..\obj\startup_stm32f4xx.o
 .ARM.attributes
                0x00000257       0x39 ..\obj\mbfuncholding.o
 .ARM.attributes
                0x00000290       0x39 ..\obj\main.o
 .ARM.attributes
                0x000002c9       0x39 ..\obj\mbcrc.o
 .ARM.attributes
                0x00000302       0x39 ..\obj\stm32f4xx_rcc.o
 .ARM.attributes
                0x0000033b       0x39 ..\obj\foc.o
 .ARM.attributes
                0x00000374       0x39 ..\obj\stm32f4xx_adc.o
 .ARM.attributes
                0x000003ad       0x39 ..\obj\mbfuncinput.o
 .ARM.attributes
                0x000003e6       0x39 ..\obj\encoder.o
 .ARM.attributes
                0x0000041f       0x39 ..\obj\stm32f4xx_gpio.o
 .ARM.attributes
                0x00000458       0x39 ..\obj\porttimer.o
 .ARM.attributes
                0x00000491       0x39 ..\obj\mbrtu.o
 .ARM.attributes
                0x000004ca       0x39 ..\obj\system_stm32f4xx.o
 .ARM.attributes
                0x00000503       0x39 ..\obj\stm32f4xx_dma.o
 .ARM.attributes
                0x0000053c       0x39 ..\obj\portserial.o
 .ARM.attributes
                0x00000575       0x39 ..\obj\mbfunccoils.o
 .ARM.attributes
                0x000005ae       0x39 ..\obj\stm32f4xx_exti.o
 .ARM.attributes
                0x000005e7       0x39 ..\obj\misc.o
 .ARM.attributes
                0x00000620       0x39 ..\obj\svpwm.o
 .ARM.attributes
                0x00000659       0x39 ..\obj\filter.o
 .ARM.attributes
                0x00000692       0x39 ..\obj\mbascii.o
 .ARM.attributes
                0x000006cb       0x39 ..\obj\pid.o
 .ARM.attributes
                0x00000704       0x39 ..\obj\stm32f4xx_tim.o
 .ARM.attributes
                0x0000073d       0x34 c:/program files (x86)/gnu tools arm embedded/6 2017-q1-update/bin/../lib/gcc/arm-none-eabi/6.3.1/../../../../arm-none-eabi/lib/thumb/v7e-m/fpv4-sp/hard\libm.a(lib_a-sf_cos.o)
 .ARM.attributes
                0x00000771       0x34 c:/program files (x86)/gnu tools arm embedded/6 2017-q1-update/bin/../lib/gcc/arm-none-eabi/6.3.1/../../../../arm-none-eabi/lib/thumb/v7e-m/fpv4-sp/hard\libm.a(lib_a-sf_sin.o)
 .ARM.attributes
                0x000007a5       0x34 c:/program files (x86)/gnu tools arm embedded/6 2017-q1-update/bin/../lib/gcc/arm-none-eabi/6.3.1/../../../../arm-none-eabi/lib/thumb/v7e-m/fpv4-sp/hard\libm.a(lib_a-wf_sqrt.o)
 .ARM.attributes
                0x000007d9       0x34 c:/program files (x86)/gnu tools arm embedded/6 2017-q1-update/bin/../lib/gcc/arm-none-eabi/6.3.1/../../../../arm-none-eabi/lib/thumb/v7e-m/fpv4-sp/hard\libm.a(lib_a-ef_rem_pio2.o)
 .ARM.attributes
                0x0000080d       0x34 c:/program files (x86)/gnu tools arm embedded/6 2017-q1-update/bin/../lib/gcc/arm-none-eabi/6.3.1/../../../../arm-none-eabi/lib/thumb/v7e-m/fpv4-sp/hard\libm.a(lib_a-ef_sqrt.o)
 .ARM.attributes
                0x00000841       0x34 c:/program files (x86)/gnu tools arm embedded/6 2017-q1-update/bin/../lib/gcc/arm-none-eabi/6.3.1/../../../../arm-none-eabi/lib/thumb/v7e-m/fpv4-sp/hard\libm.a(lib_a-kf_cos.o)
 .ARM.attributes
                0x00000875       0x34 c:/program files (x86)/gnu tools arm embedded/6 2017-q1-update/bin/../lib/gcc/arm-none-eabi/6.3.1/../../../../arm-none-eabi/lib/thumb/v7e-m/fpv4-sp/hard\libm.a(lib_a-kf_rem_pio2.o)
 .ARM.attributes
                0x000008a9       0x34 c:/program files (x86)/gnu tools arm embedded/6 2017-q1-update/bin/../lib/gcc/arm-none-eabi/6.3.1/../../../../arm-none-eabi/lib/thumb/v7e-m/fpv4-sp/hard\libm.a(lib_a-kf_sin.o)
 .ARM.attributes
                0x000008dd       0x34 c:/program files (x86)/gnu tools arm embedded/6 2017-q1-update/bin/../lib/gcc/arm-none-eabi/6.3.1/../../../../arm-none-eabi/lib/thumb/v7e-m/fpv4-sp/hard\libm.a(lib_a-s_lib_ver.o)
 .ARM.attributes
                0x00000911       0x34 c:/program files (x86)/gnu tools arm embedded/6 2017-q1-update/bin/../lib/gcc/arm-none-eabi/6.3.1/../../../../arm-none-eabi/lib/thumb/v7e-m/fpv4-sp/hard\libm.a(lib_a-s_matherr.o)
 .ARM.attributes
                0x00000945       0x34 c:/program files (x86)/gnu tools arm embedded/6 2017-q1-update/bin/../lib/gcc/arm-none-eabi/6.3.1/../../../../arm-none-eabi/lib/thumb/v7e-m/fpv4-sp/hard\libm.a(lib_a-sf_fabs.o)
 .ARM.attributes
                0x00000979       0x34 c:/program files (x86)/gnu tools arm embedded/6 2017-q1-update/bin/../lib/gcc/arm-none-eabi/6.3.1/../../../../arm-none-eabi/lib/thumb/v7e-m/fpv4-sp/hard\libm.a(lib_a-sf_floor.o)
 .ARM.attributes
                0x000009ad       0x34 c:/program files (x86)/gnu tools arm embedded/6 2017-q1-update/bin/../lib/gcc/arm-none-eabi/6.3.1/../../../../arm-none-eabi/lib/thumb/v7e-m/fpv4-sp/hard\libm.a(lib_a-sf_scalbn.o)
 .ARM.attributes
                0x000009e1       0x34 c:/program files (x86)/gnu tools arm embedded/6 2017-q1-update/bin/../lib/gcc/arm-none-eabi/6.3.1/../../../../arm-none-eabi/lib/thumb/v7e-m/fpv4-sp/hard\libm.a(lib_a-sf_copysign.o)
 .ARM.attributes
                0x00000a15       0x22 c:/program files (x86)/gnu tools arm embedded/6 2017-q1-update/bin/../lib/gcc/arm-none-eabi/6.3.1/thumb/v7e-m/fpv4-sp/hard\libgcc.a(_arm_addsubdf3.o)
 .ARM.attributes
                0x00000a37       0x22 c:/program files (x86)/gnu tools arm embedded/6 2017-q1-update/bin/../lib/gcc/arm-none-eabi/6.3.1/thumb/v7e-m/fpv4-sp/hard\libgcc.a(_arm_muldivdf3.o)
 .ARM.attributes
                0x00000a59       0x22 c:/program files (x86)/gnu tools arm embedded/6 2017-q1-update/bin/../lib/gcc/arm-none-eabi/6.3.1/thumb/v7e-m/fpv4-sp/hard\libgcc.a(_arm_truncdfsf2.o)
 .ARM.attributes
                0x00000a7b       0x34 c:/program files (x86)/gnu tools arm embedded/6 2017-q1-update/bin/../lib/gcc/arm-none-eabi/6.3.1/../../../../arm-none-eabi/lib/thumb/v7e-m/fpv4-sp/hard\libc.a(lib_a-errno.o)
 .ARM.attributes
                0x00000aaf       0x34 c:/program files (x86)/gnu tools arm embedded/6 2017-q1-update/bin/../lib/gcc/arm-none-eabi/6.3.1/../../../../arm-none-eabi/lib/thumb/v7e-m/fpv4-sp/hard\libc.a(lib_a-impure.o)
 .ARM.attributes
                0x00000ae3       0x20 c:/program files (x86)/gnu tools arm embedded/6 2017-q1-update/bin/../lib/gcc/arm-none-eabi/6.3.1/../../../../arm-none-eabi/lib/thumb/v7e-m/fpv4-sp/hard\libc.a(lib_a-memcpy.o)
 .ARM.attributes
                0x00000b03       0x34 c:/program files (x86)/gnu tools arm embedded/6 2017-q1-update/bin/../lib/gcc/arm-none-eabi/6.3.1/../../../../arm-none-eabi/lib/thumb/v7e-m/fpv4-sp/hard\libc.a(lib_a-memset.o)
 .ARM.attributes
                0x00000b37       0x34 c:/program files (x86)/gnu tools arm embedded/6 2017-q1-update/bin/../lib/gcc/arm-none-eabi/6.3.1/../../../../arm-none-eabi/lib/thumb/v7e-m/fpv4-sp/hard\libc.a(lib_a-__call_atexit.o)
 .ARM.attributes
                0x00000b6b       0x34 c:/program files (x86)/gnu tools arm embedded/6 2017-q1-update/bin/../lib/gcc/arm-none-eabi/6.3.1/../../../../arm-none-eabi/lib/thumb/v7e-m/fpv4-sp/hard\libc.a(lib_a-atexit.o)
 .ARM.attributes
                0x00000b9f       0x34 c:/program files (x86)/gnu tools arm embedded/6 2017-q1-update/bin/../lib/gcc/arm-none-eabi/6.3.1/../../../../arm-none-eabi/lib/thumb/v7e-m/fpv4-sp/hard\libc.a(lib_a-fini.o)
 .ARM.attributes
                0x00000bd3       0x34 c:/program files (x86)/gnu tools arm embedded/6 2017-q1-update/bin/../lib/gcc/arm-none-eabi/6.3.1/../../../../arm-none-eabi/lib/thumb/v7e-m/fpv4-sp/hard\libc.a(lib_a-lock.o)
 .ARM.attributes
                0x00000c07       0x34 c:/program files (x86)/gnu tools arm embedded/6 2017-q1-update/bin/../lib/gcc/arm-none-eabi/6.3.1/../../../../arm-none-eabi/lib/thumb/v7e-m/fpv4-sp/hard\libc.a(lib_a-__atexit.o)
 .ARM.attributes
                0x00000c3b       0x34 c:/program files (x86)/gnu tools arm embedded/6 2017-q1-update/bin/../lib/gcc/arm-none-eabi/6.3.1/thumb/v7e-m/fpv4-sp/hard/crtend.o
 .ARM.attributes
                0x00000c6f       0x22 c:/program files (x86)/gnu tools arm embedded/6 2017-q1-update/bin/../lib/gcc/arm-none-eabi/6.3.1/thumb/v7e-m/fpv4-sp/hard/crtn.o

.comment        0x00000000       0x7f
 .comment       0x00000000       0x7f ..\obj\stm32f4xx_syscfg.o
                                 0x80 (size before relaxing)
 .comment       0x0000007f       0x80 ..\obj\mb.o
 .comment       0x0000007f       0x80 ..\obj\mbfuncdisc.o
 .comment       0x0000007f       0x80 ..\obj\portevent.o
 .comment       0x0000007f       0x80 ..\obj\mbfuncother.o
 .comment       0x0000007f       0x80 ..\obj\stm32f4xx_usart.o
 .comment       0x0000007f       0x80 ..\obj\mbutils.o
 .comment       0x0000007f       0x80 ..\obj\stm32f4xx_dac.o
 .comment       0x0000007f       0x80 ..\obj\startup_stm32f4xx.o
 .comment       0x0000007f       0x80 ..\obj\mbfuncholding.o
 .comment       0x0000007f       0x80 ..\obj\main.o
 .comment       0x0000007f       0x80 ..\obj\mbcrc.o
 .comment       0x0000007f       0x80 ..\obj\stm32f4xx_rcc.o
 .comment       0x0000007f       0x80 ..\obj\foc.o
 .comment       0x0000007f       0x80 ..\obj\stm32f4xx_adc.o
 .comment       0x0000007f       0x80 ..\obj\mbfuncinput.o
 .comment       0x0000007f       0x80 ..\obj\encoder.o
 .comment       0x0000007f       0x80 ..\obj\stm32f4xx_gpio.o
 .comment       0x0000007f       0x80 ..\obj\porttimer.o
 .comment       0x0000007f       0x80 ..\obj\mbrtu.o
 .comment       0x0000007f       0x80 ..\obj\system_stm32f4xx.o
 .comment       0x0000007f       0x80 ..\obj\stm32f4xx_dma.o
 .comment       0x0000007f       0x80 ..\obj\portserial.o
 .comment       0x0000007f       0x80 ..\obj\mbfunccoils.o
 .comment       0x0000007f       0x80 ..\obj\stm32f4xx_exti.o
 .comment       0x0000007f       0x80 ..\obj\misc.o
 .comment       0x0000007f       0x80 ..\obj\svpwm.o
 .comment       0x0000007f       0x80 ..\obj\filter.o
 .comment       0x0000007f       0x80 ..\obj\mbascii.o
 .comment       0x0000007f       0x80 ..\obj\pid.o
 .comment       0x0000007f       0x80 ..\obj\stm32f4xx_tim.o

.debug_info     0x00000000    0x16bf6
 .debug_info    0x00000000      0x2c1 ..\obj\stm32f4xx_syscfg.o
 .debug_info    0x000002c1      0xf3d ..\obj\mb.o
 .debug_info    0x000011fe      0xad5 ..\obj\mbfuncdisc.o
 .debug_info    0x00001cd3      0x1d9 ..\obj\portevent.o
 .debug_info    0x00001eac      0xb35 ..\obj\mbfuncother.o
 .debug_info    0x000029e1      0xaaf ..\obj\stm32f4xx_usart.o
 .debug_info    0x00003490      0xb56 ..\obj\mbutils.o
 .debug_info    0x00003fe6      0x68e ..\obj\stm32f4xx_dac.o
 .debug_info    0x00004674      0x121 ..\obj\startup_stm32f4xx.o
 .debug_info    0x00004795      0xd1a ..\obj\mbfuncholding.o
 .debug_info    0x000054af     0x14d1 ..\obj\main.o
 .debug_info    0x00006980      0x191 ..\obj\mbcrc.o
 .debug_info    0x00006b11      0xca3 ..\obj\stm32f4xx_rcc.o
 .debug_info    0x000077b4     0x1ca0 ..\obj\foc.o
 .debug_info    0x00009454      0xc7e ..\obj\stm32f4xx_adc.o
 .debug_info    0x0000a0d2      0xac6 ..\obj\mbfuncinput.o
 .debug_info    0x0000ab98     0x1584 ..\obj\encoder.o
 .debug_info    0x0000c11c      0x712 ..\obj\stm32f4xx_gpio.o
 .debug_info    0x0000c82e      0x836 ..\obj\porttimer.o
 .debug_info    0x0000d064      0xf30 ..\obj\mbrtu.o
 .debug_info    0x0000df94      0x5e9 ..\obj\system_stm32f4xx.o
 .debug_info    0x0000e57d      0x732 ..\obj\stm32f4xx_dma.o
 .debug_info    0x0000ecaf      0xca1 ..\obj\portserial.o
 .debug_info    0x0000f950      0xc54 ..\obj\mbfunccoils.o
 .debug_info    0x000105a4      0x365 ..\obj\stm32f4xx_exti.o
 .debug_info    0x00010909      0x54d ..\obj\misc.o
 .debug_info    0x00010e56     0x1ee1 ..\obj\svpwm.o
 .debug_info    0x00012d37      0x15e ..\obj\filter.o
 .debug_info    0x00012e95     0x111e ..\obj\mbascii.o
 .debug_info    0x00013fb3      0xc36 ..\obj\pid.o
 .debug_info    0x00014be9     0x200d ..\obj\stm32f4xx_tim.o

.debug_abbrev   0x00000000     0x4218
 .debug_abbrev  0x00000000      0x173 ..\obj\stm32f4xx_syscfg.o
 .debug_abbrev  0x00000173      0x2f7 ..\obj\mb.o
 .debug_abbrev  0x0000046a      0x238 ..\obj\mbfuncdisc.o
 .debug_abbrev  0x000006a2       0xeb ..\obj\portevent.o
 .debug_abbrev  0x0000078d      0x222 ..\obj\mbfuncother.o
 .debug_abbrev  0x000009af      0x1d8 ..\obj\stm32f4xx_usart.o
 .debug_abbrev  0x00000b87      0x225 ..\obj\mbutils.o
 .debug_abbrev  0x00000dac      0x231 ..\obj\stm32f4xx_dac.o
 .debug_abbrev  0x00000fdd       0xeb ..\obj\startup_stm32f4xx.o
 .debug_abbrev  0x000010c8      0x238 ..\obj\mbfuncholding.o
 .debug_abbrev  0x00001300      0x316 ..\obj\main.o
 .debug_abbrev  0x00001616       0xc9 ..\obj\mbcrc.o
 .debug_abbrev  0x000016df      0x21c ..\obj\stm32f4xx_rcc.o
 .debug_abbrev  0x000018fb      0x384 ..\obj\foc.o
 .debug_abbrev  0x00001c7f      0x205 ..\obj\stm32f4xx_adc.o
 .debug_abbrev  0x00001e84      0x238 ..\obj\mbfuncinput.o
 .debug_abbrev  0x000020bc      0x331 ..\obj\encoder.o
 .debug_abbrev  0x000023ed      0x1ff ..\obj\stm32f4xx_gpio.o
 .debug_abbrev  0x000025ec      0x1be ..\obj\porttimer.o
 .debug_abbrev  0x000027aa      0x2c1 ..\obj\mbrtu.o
 .debug_abbrev  0x00002a6b      0x17b ..\obj\system_stm32f4xx.o
 .debug_abbrev  0x00002be6      0x1af ..\obj\stm32f4xx_dma.o
 .debug_abbrev  0x00002d95      0x210 ..\obj\portserial.o
 .debug_abbrev  0x00002fa5      0x252 ..\obj\mbfunccoils.o
 .debug_abbrev  0x000031f7      0x206 ..\obj\stm32f4xx_exti.o
 .debug_abbrev  0x000033fd      0x17f ..\obj\misc.o
 .debug_abbrev  0x0000357c      0x32b ..\obj\svpwm.o
 .debug_abbrev  0x000038a7       0xd7 ..\obj\filter.o
 .debug_abbrev  0x0000397e      0x352 ..\obj\mbascii.o
 .debug_abbrev  0x00003cd0      0x283 ..\obj\pid.o
 .debug_abbrev  0x00003f53      0x2c5 ..\obj\stm32f4xx_tim.o

.debug_loc      0x00000000     0x740f
 .debug_loc     0x00000000       0x97 ..\obj\stm32f4xx_syscfg.o
 .debug_loc     0x00000097      0x299 ..\obj\mb.o
 .debug_loc     0x00000330      0x183 ..\obj\mbfuncdisc.o
 .debug_loc     0x000004b3       0x6e ..\obj\portevent.o
 .debug_loc     0x00000521      0x124 ..\obj\mbfuncother.o
 .debug_loc     0x00000645      0x7d5 ..\obj\stm32f4xx_usart.o
 .debug_loc     0x00000e1a      0x3d2 ..\obj\mbutils.o
 .debug_loc     0x000011ec      0x3cd ..\obj\stm32f4xx_dac.o
 .debug_loc     0x000015b9       0x2b ..\obj\startup_stm32f4xx.o
 .debug_loc     0x000015e4      0x73d ..\obj\mbfuncholding.o
 .debug_loc     0x00001d21      0x2f1 ..\obj\main.o
 .debug_loc     0x00002012       0xb5 ..\obj\mbcrc.o
 .debug_loc     0x000020c7      0x9c7 ..\obj\stm32f4xx_rcc.o
 .debug_loc     0x00002a8e       0xf3 ..\obj\foc.o
 .debug_loc     0x00002b81      0x9fe ..\obj\stm32f4xx_adc.o
 .debug_loc     0x0000357f      0x170 ..\obj\mbfuncinput.o
 .debug_loc     0x000036ef      0x301 ..\obj\encoder.o
 .debug_loc     0x000039f0      0x30c ..\obj\stm32f4xx_gpio.o
 .debug_loc     0x00003cfc       0x21 ..\obj\porttimer.o
 .debug_loc     0x00003d1d      0x2e7 ..\obj\mbrtu.o
 .debug_loc     0x00004004      0x10b ..\obj\system_stm32f4xx.o
 .debug_loc     0x0000410f      0x415 ..\obj\stm32f4xx_dma.o
 .debug_loc     0x00004524      0x123 ..\obj\portserial.o
 .debug_loc     0x00004647      0x400 ..\obj\mbfunccoils.o
 .debug_loc     0x00004a47      0x188 ..\obj\stm32f4xx_exti.o
 .debug_loc     0x00004bcf      0x15c ..\obj\misc.o
 .debug_loc     0x00004d2b      0x762 ..\obj\svpwm.o
 .debug_loc     0x0000548d      0x10b ..\obj\filter.o
 .debug_loc     0x00005598      0x411 ..\obj\mbascii.o
 .debug_loc     0x000059a9      0x176 ..\obj\pid.o
 .debug_loc     0x00005b1f     0x18f0 ..\obj\stm32f4xx_tim.o

.debug_aranges  0x00000000      0xea8
 .debug_aranges
                0x00000000       0x48 ..\obj\stm32f4xx_syscfg.o
 .debug_aranges
                0x00000048       0x48 ..\obj\mb.o
 .debug_aranges
                0x00000090       0x20 ..\obj\mbfuncdisc.o
 .debug_aranges
                0x000000b0       0x30 ..\obj\portevent.o
 .debug_aranges
                0x000000e0       0x28 ..\obj\mbfuncother.o
 .debug_aranges
                0x00000108      0x100 ..\obj\stm32f4xx_usart.o
 .debug_aranges
                0x00000208       0x30 ..\obj\mbutils.o
 .debug_aranges
                0x00000238       0x90 ..\obj\stm32f4xx_dac.o
 .debug_aranges
                0x000002c8       0x28 ..\obj\startup_stm32f4xx.o
 .debug_aranges
                0x000002f0       0x38 ..\obj\mbfuncholding.o
 .debug_aranges
                0x00000328       0x50 ..\obj\main.o
 .debug_aranges
                0x00000378       0x20 ..\obj\mbcrc.o
 .debug_aranges
                0x00000398      0x178 ..\obj\stm32f4xx_rcc.o
 .debug_aranges
                0x00000510       0x70 ..\obj\foc.o
 .debug_aranges
                0x00000580      0x140 ..\obj\stm32f4xx_adc.o
 .debug_aranges
                0x000006c0       0x20 ..\obj\mbfuncinput.o
 .debug_aranges
                0x000006e0       0xb0 ..\obj\encoder.o
 .debug_aranges
                0x00000790       0x88 ..\obj\stm32f4xx_gpio.o
 .debug_aranges
                0x00000818       0x38 ..\obj\porttimer.o
 .debug_aranges
                0x00000850       0x58 ..\obj\mbrtu.o
 .debug_aranges
                0x000008a8       0x28 ..\obj\system_stm32f4xx.o
 .debug_aranges
                0x000008d0       0xa8 ..\obj\stm32f4xx_dma.o
 .debug_aranges
                0x00000978       0x40 ..\obj\portserial.o
 .debug_aranges
                0x000009b8       0x30 ..\obj\mbfunccoils.o
 .debug_aranges
                0x000009e8       0x50 ..\obj\stm32f4xx_exti.o
 .debug_aranges
                0x00000a38       0x40 ..\obj\misc.o
 .debug_aranges
                0x00000a78       0x90 ..\obj\svpwm.o
 .debug_aranges
                0x00000b08       0x28 ..\obj\filter.o
 .debug_aranges
                0x00000b30       0x58 ..\obj\mbascii.o
 .debug_aranges
                0x00000b88       0x48 ..\obj\pid.o
 .debug_aranges
                0x00000bd0      0x2d8 ..\obj\stm32f4xx_tim.o

.debug_ranges   0x00000000      0xe30
 .debug_ranges  0x00000000       0x38 ..\obj\stm32f4xx_syscfg.o
 .debug_ranges  0x00000038       0x38 ..\obj\mb.o
 .debug_ranges  0x00000070       0x10 ..\obj\mbfuncdisc.o
 .debug_ranges  0x00000080       0x20 ..\obj\portevent.o
 .debug_ranges  0x000000a0       0x18 ..\obj\mbfuncother.o
 .debug_ranges  0x000000b8       0xf0 ..\obj\stm32f4xx_usart.o
 .debug_ranges  0x000001a8       0x20 ..\obj\mbutils.o
 .debug_ranges  0x000001c8       0x80 ..\obj\stm32f4xx_dac.o
 .debug_ranges  0x00000248       0x18 ..\obj\startup_stm32f4xx.o
 .debug_ranges  0x00000260       0x28 ..\obj\mbfuncholding.o
 .debug_ranges  0x00000288       0xa8 ..\obj\main.o
 .debug_ranges  0x00000330       0x10 ..\obj\mbcrc.o
 .debug_ranges  0x00000340      0x168 ..\obj\stm32f4xx_rcc.o
 .debug_ranges  0x000004a8       0x78 ..\obj\foc.o
 .debug_ranges  0x00000520      0x130 ..\obj\stm32f4xx_adc.o
 .debug_ranges  0x00000650       0x10 ..\obj\mbfuncinput.o
 .debug_ranges  0x00000660       0xc8 ..\obj\encoder.o
 .debug_ranges  0x00000728       0x78 ..\obj\stm32f4xx_gpio.o
 .debug_ranges  0x000007a0       0x28 ..\obj\porttimer.o
 .debug_ranges  0x000007c8       0x48 ..\obj\mbrtu.o
 .debug_ranges  0x00000810       0x30 ..\obj\system_stm32f4xx.o
 .debug_ranges  0x00000840       0x98 ..\obj\stm32f4xx_dma.o
 .debug_ranges  0x000008d8       0x48 ..\obj\portserial.o
 .debug_ranges  0x00000920       0x20 ..\obj\mbfunccoils.o
 .debug_ranges  0x00000940       0x40 ..\obj\stm32f4xx_exti.o
 .debug_ranges  0x00000980       0x30 ..\obj\misc.o
 .debug_ranges  0x000009b0       0xa8 ..\obj\svpwm.o
 .debug_ranges  0x00000a58       0x18 ..\obj\filter.o
 .debug_ranges  0x00000a70       0x88 ..\obj\mbascii.o
 .debug_ranges  0x00000af8       0x38 ..\obj\pid.o
 .debug_ranges  0x00000b30      0x300 ..\obj\stm32f4xx_tim.o

.debug_line     0x00000000     0x8866
 .debug_line    0x00000000      0x307 ..\obj\stm32f4xx_syscfg.o
 .debug_line    0x00000307      0x5ac ..\obj\mb.o
 .debug_line    0x000008b3      0x423 ..\obj\mbfuncdisc.o
 .debug_line    0x00000cd6      0x2b1 ..\obj\portevent.o
 .debug_line    0x00000f87      0x410 ..\obj\mbfuncother.o
 .debug_line    0x00001397      0x580 ..\obj\stm32f4xx_usart.o
 .debug_line    0x00001917      0x42e ..\obj\mbutils.o
 .debug_line    0x00001d45      0x3e5 ..\obj\stm32f4xx_dac.o
 .debug_line    0x0000212a       0xbb ..\obj\startup_stm32f4xx.o
 .debug_line    0x000021e5      0x4cb ..\obj\mbfuncholding.o
 .debug_line    0x000026b0      0x5b4 ..\obj\main.o
 .debug_line    0x00002c64      0x281 ..\obj\mbcrc.o
 .debug_line    0x00002ee5      0x62e ..\obj\stm32f4xx_rcc.o
 .debug_line    0x00003513      0x5ad ..\obj\foc.o
 .debug_line    0x00003ac0      0x603 ..\obj\stm32f4xx_adc.o
 .debug_line    0x000040c3      0x415 ..\obj\mbfuncinput.o
 .debug_line    0x000044d8      0x57b ..\obj\encoder.o
 .debug_line    0x00004a53      0x3f7 ..\obj\stm32f4xx_gpio.o
 .debug_line    0x00004e4a      0x377 ..\obj\porttimer.o
 .debug_line    0x000051c1      0x528 ..\obj\mbrtu.o
 .debug_line    0x000056e9      0x23f ..\obj\system_stm32f4xx.o
 .debug_line    0x00005928      0x494 ..\obj\stm32f4xx_dma.o
 .debug_line    0x00005dbc      0x3e2 ..\obj\portserial.o
 .debug_line    0x0000619e      0x497 ..\obj\mbfunccoils.o
 .debug_line    0x00006635      0x337 ..\obj\stm32f4xx_exti.o
 .debug_line    0x0000696c      0x2ef ..\obj\misc.o
 .debug_line    0x00006c5b      0x641 ..\obj\svpwm.o
 .debug_line    0x0000729c      0x246 ..\obj\filter.o
 .debug_line    0x000074e2      0x59d ..\obj\mbascii.o
 .debug_line    0x00007a7f      0x266 ..\obj\pid.o
 .debug_line    0x00007ce5      0xb81 ..\obj\stm32f4xx_tim.o

.debug_str      0x00000000     0x5506
 .debug_str     0x00000000      0x2fc ..\obj\stm32f4xx_syscfg.o
                                0x35a (size before relaxing)
 .debug_str     0x000002fc      0x8b7 ..\obj\mb.o
                                0xaa3 (size before relaxing)
 .debug_str     0x00000bb3       0xed ..\obj\mbfuncdisc.o
                                0x82e (size before relaxing)
 .debug_str     0x00000ca0       0x86 ..\obj\portevent.o
                                0x2d6 (size before relaxing)
 .debug_str     0x00000d26       0xe2 ..\obj\mbfuncother.o
                                0x832 (size before relaxing)
 .debug_str     0x00000e08      0x51b ..\obj\stm32f4xx_usart.o
                                0x71e (size before relaxing)
 .debug_str     0x00001323       0xdf ..\obj\mbutils.o
                                0x836 (size before relaxing)
 .debug_str     0x00001402      0x2b7 ..\obj\stm32f4xx_dac.o
                                0x4b9 (size before relaxing)
 .debug_str     0x000016b9       0xe3 ..\obj\startup_stm32f4xx.o
                                0x19d (size before relaxing)
 .debug_str     0x0000179c      0x181 ..\obj\mbfuncholding.o
                                0x90b (size before relaxing)
 .debug_str     0x0000191d      0xdf5 ..\obj\main.o
                               0x11a2 (size before relaxing)
 .debug_str     0x00002712       0x7a ..\obj\mbcrc.o
                                0x22e (size before relaxing)
 .debug_str     0x0000278c      0x58b ..\obj\stm32f4xx_rcc.o
                                0x89f (size before relaxing)
 .debug_str     0x00002d17      0x31a ..\obj\foc.o
                                0xec1 (size before relaxing)
 .debug_str     0x00003031      0x5ac ..\obj\stm32f4xx_adc.o
                                0x86a (size before relaxing)
 .debug_str     0x000035dd       0x7c ..\obj\mbfuncinput.o
                                0x81f (size before relaxing)
 .debug_str     0x00003659      0x352 ..\obj\encoder.o
                                0xfa7 (size before relaxing)
 .debug_str     0x000039ab      0x13a ..\obj\stm32f4xx_gpio.o
                                0x509 (size before relaxing)
 .debug_str     0x00003ae5       0xd4 ..\obj\porttimer.o
                                0xa3d (size before relaxing)
 .debug_str     0x00003bb9      0x222 ..\obj\mbrtu.o
                                0x99f (size before relaxing)
 .debug_str     0x00003ddb      0x103 ..\obj\system_stm32f4xx.o
                                0x3e9 (size before relaxing)
 .debug_str     0x00003ede      0x3a0 ..\obj\stm32f4xx_dma.o
                                0x591 (size before relaxing)
 .debug_str     0x0000427e       0xca ..\obj\portserial.o
                                0xcd3 (size before relaxing)
 .debug_str     0x00004348       0xd9 ..\obj\mbfunccoils.o
                                0x893 (size before relaxing)
 .debug_str     0x00004421       0xda ..\obj\stm32f4xx_exti.o
                                0x3a8 (size before relaxing)
 .debug_str     0x000044fb      0x15c ..\obj\misc.o
                                0x41d (size before relaxing)
 .debug_str     0x00004657      0x41a ..\obj\svpwm.o
                               0x156c (size before relaxing)
 .debug_str     0x00004a71       0x6a ..\obj\filter.o
                                0x20f (size before relaxing)
 .debug_str     0x00004adb      0x1ba ..\obj\mbascii.o
                                0xa35 (size before relaxing)
 .debug_str     0x00004c95      0x102 ..\obj\pid.o
                                0x6be (size before relaxing)
 .debug_str     0x00004d97      0x76f ..\obj\stm32f4xx_tim.o
                                0xe4d (size before relaxing)

.debug_frame    0x00000000     0x2748
 .debug_frame   0x00000000       0x84 ..\obj\stm32f4xx_syscfg.o
 .debug_frame   0x00000084       0xb8 ..\obj\mb.o
 .debug_frame   0x0000013c       0x38 ..\obj\mbfuncdisc.o
 .debug_frame   0x00000174       0x40 ..\obj\portevent.o
 .debug_frame   0x000001b4       0x48 ..\obj\mbfuncother.o
 .debug_frame   0x000001fc      0x224 ..\obj\stm32f4xx_usart.o
 .debug_frame   0x00000420       0x58 ..\obj\mbutils.o
 .debug_frame   0x00000478      0x150 ..\obj\stm32f4xx_dac.o
 .debug_frame   0x000005c8       0x30 ..\obj\startup_stm32f4xx.o
 .debug_frame   0x000005f8       0xac ..\obj\mbfuncholding.o
 .debug_frame   0x000006a4       0xec ..\obj\main.o
 .debug_frame   0x00000790       0x2c ..\obj\mbcrc.o
 .debug_frame   0x000007bc      0x2e8 ..\obj\stm32f4xx_rcc.o
 .debug_frame   0x00000aa4      0x160 ..\obj\foc.o
 .debug_frame   0x00000c04      0x2b4 ..\obj\stm32f4xx_adc.o
 .debug_frame   0x00000eb8       0x38 ..\obj\mbfuncinput.o
 .debug_frame   0x00000ef0      0x204 ..\obj\encoder.o
 .debug_frame   0x000010f4      0x124 ..\obj\stm32f4xx_gpio.o
 .debug_frame   0x00001218       0x7c ..\obj\porttimer.o
 .debug_frame   0x00001294       0xec ..\obj\mbrtu.o
 .debug_frame   0x00001380       0x44 ..\obj\system_stm32f4xx.o
 .debug_frame   0x000013c4      0x160 ..\obj\stm32f4xx_dma.o
 .debug_frame   0x00001524       0xac ..\obj\portserial.o
 .debug_frame   0x000015d0       0x78 ..\obj\mbfunccoils.o
 .debug_frame   0x00001648       0x9c ..\obj\stm32f4xx_exti.o
 .debug_frame   0x000016e4       0x68 ..\obj\misc.o
 .debug_frame   0x0000174c      0x1d0 ..\obj\svpwm.o
 .debug_frame   0x0000191c       0x3c ..\obj\filter.o
 .debug_frame   0x00001958       0xf0 ..\obj\mbascii.o
 .debug_frame   0x00001a48       0xa0 ..\obj\pid.o
 .debug_frame   0x00001ae8      0x6bc ..\obj\stm32f4xx_tim.o
 .debug_frame   0x000021a4       0x34 c:/program files (x86)/gnu tools arm embedded/6 2017-q1-update/bin/../lib/gcc/arm-none-eabi/6.3.1/../../../../arm-none-eabi/lib/thumb/v7e-m/fpv4-sp/hard\libm.a(lib_a-sf_cos.o)
 .debug_frame   0x000021d8       0x34 c:/program files (x86)/gnu tools arm embedded/6 2017-q1-update/bin/../lib/gcc/arm-none-eabi/6.3.1/../../../../arm-none-eabi/lib/thumb/v7e-m/fpv4-sp/hard\libm.a(lib_a-sf_sin.o)
 .debug_frame   0x0000220c       0x50 c:/program files (x86)/gnu tools arm embedded/6 2017-q1-update/bin/../lib/gcc/arm-none-eabi/6.3.1/../../../../arm-none-eabi/lib/thumb/v7e-m/fpv4-sp/hard\libm.a(lib_a-wf_sqrt.o)
 .debug_frame   0x0000225c       0x3c c:/program files (x86)/gnu tools arm embedded/6 2017-q1-update/bin/../lib/gcc/arm-none-eabi/6.3.1/../../../../arm-none-eabi/lib/thumb/v7e-m/fpv4-sp/hard\libm.a(lib_a-ef_rem_pio2.o)
 .debug_frame   0x00002298       0x48 c:/program files (x86)/gnu tools arm embedded/6 2017-q1-update/bin/../lib/gcc/arm-none-eabi/6.3.1/../../../../arm-none-eabi/lib/thumb/v7e-m/fpv4-sp/hard\libm.a(lib_a-ef_sqrt.o)
 .debug_frame   0x000022e0       0x20 c:/program files (x86)/gnu tools arm embedded/6 2017-q1-update/bin/../lib/gcc/arm-none-eabi/6.3.1/../../../../arm-none-eabi/lib/thumb/v7e-m/fpv4-sp/hard\libm.a(lib_a-kf_cos.o)
 .debug_frame   0x00002300       0x5c c:/program files (x86)/gnu tools arm embedded/6 2017-q1-update/bin/../lib/gcc/arm-none-eabi/6.3.1/../../../../arm-none-eabi/lib/thumb/v7e-m/fpv4-sp/hard\libm.a(lib_a-kf_rem_pio2.o)
 .debug_frame   0x0000235c       0x20 c:/program files (x86)/gnu tools arm embedded/6 2017-q1-update/bin/../lib/gcc/arm-none-eabi/6.3.1/../../../../arm-none-eabi/lib/thumb/v7e-m/fpv4-sp/hard\libm.a(lib_a-kf_sin.o)
 .debug_frame   0x0000237c       0x20 c:/program files (x86)/gnu tools arm embedded/6 2017-q1-update/bin/../lib/gcc/arm-none-eabi/6.3.1/../../../../arm-none-eabi/lib/thumb/v7e-m/fpv4-sp/hard\libm.a(lib_a-s_matherr.o)
 .debug_frame   0x0000239c       0x20 c:/program files (x86)/gnu tools arm embedded/6 2017-q1-update/bin/../lib/gcc/arm-none-eabi/6.3.1/../../../../arm-none-eabi/lib/thumb/v7e-m/fpv4-sp/hard\libm.a(lib_a-sf_fabs.o)
 .debug_frame   0x000023bc       0x20 c:/program files (x86)/gnu tools arm embedded/6 2017-q1-update/bin/../lib/gcc/arm-none-eabi/6.3.1/../../../../arm-none-eabi/lib/thumb/v7e-m/fpv4-sp/hard\libm.a(lib_a-sf_floor.o)
 .debug_frame   0x000023dc       0x44 c:/program files (x86)/gnu tools arm embedded/6 2017-q1-update/bin/../lib/gcc/arm-none-eabi/6.3.1/../../../../arm-none-eabi/lib/thumb/v7e-m/fpv4-sp/hard\libm.a(lib_a-sf_scalbn.o)
 .debug_frame   0x00002420       0x20 c:/program files (x86)/gnu tools arm embedded/6 2017-q1-update/bin/../lib/gcc/arm-none-eabi/6.3.1/../../../../arm-none-eabi/lib/thumb/v7e-m/fpv4-sp/hard\libm.a(lib_a-sf_copysign.o)
 .debug_frame   0x00002440       0xac c:/program files (x86)/gnu tools arm embedded/6 2017-q1-update/bin/../lib/gcc/arm-none-eabi/6.3.1/thumb/v7e-m/fpv4-sp/hard\libgcc.a(_arm_addsubdf3.o)
 .debug_frame   0x000024ec       0x50 c:/program files (x86)/gnu tools arm embedded/6 2017-q1-update/bin/../lib/gcc/arm-none-eabi/6.3.1/thumb/v7e-m/fpv4-sp/hard\libgcc.a(_arm_muldivdf3.o)
 .debug_frame   0x0000253c       0x24 c:/program files (x86)/gnu tools arm embedded/6 2017-q1-update/bin/../lib/gcc/arm-none-eabi/6.3.1/thumb/v7e-m/fpv4-sp/hard\libgcc.a(_arm_truncdfsf2.o)
 .debug_frame   0x00002560       0x20 c:/program files (x86)/gnu tools arm embedded/6 2017-q1-update/bin/../lib/gcc/arm-none-eabi/6.3.1/../../../../arm-none-eabi/lib/thumb/v7e-m/fpv4-sp/hard\libc.a(lib_a-errno.o)
 .debug_frame   0x00002580       0x34 c:/program files (x86)/gnu tools arm embedded/6 2017-q1-update/bin/../lib/gcc/arm-none-eabi/6.3.1/../../../../arm-none-eabi/lib/thumb/v7e-m/fpv4-sp/hard\libc.a(lib_a-memset.o)
 .debug_frame   0x000025b4       0x5c c:/program files (x86)/gnu tools arm embedded/6 2017-q1-update/bin/../lib/gcc/arm-none-eabi/6.3.1/../../../../arm-none-eabi/lib/thumb/v7e-m/fpv4-sp/hard\libc.a(lib_a-__call_atexit.o)
 .debug_frame   0x00002610       0x20 c:/program files (x86)/gnu tools arm embedded/6 2017-q1-update/bin/../lib/gcc/arm-none-eabi/6.3.1/../../../../arm-none-eabi/lib/thumb/v7e-m/fpv4-sp/hard\libc.a(lib_a-atexit.o)
 .debug_frame   0x00002630       0x34 c:/program files (x86)/gnu tools arm embedded/6 2017-q1-update/bin/../lib/gcc/arm-none-eabi/6.3.1/../../../../arm-none-eabi/lib/thumb/v7e-m/fpv4-sp/hard\libc.a(lib_a-fini.o)
 .debug_frame   0x00002664       0xb0 c:/program files (x86)/gnu tools arm embedded/6 2017-q1-update/bin/../lib/gcc/arm-none-eabi/6.3.1/../../../../arm-none-eabi/lib/thumb/v7e-m/fpv4-sp/hard\libc.a(lib_a-lock.o)
 .debug_frame   0x00002714       0x34 c:/program files (x86)/gnu tools arm embedded/6 2017-q1-update/bin/../lib/gcc/arm-none-eabi/6.3.1/../../../../arm-none-eabi/lib/thumb/v7e-m/fpv4-sp/hard\libc.a(lib_a-__atexit.o)
