Archive member included to satisfy reference by file (symbol)

c:/program files (x86)/gnu tools arm embedded/6 2017-q1-update/bin/../lib/gcc/arm-none-eabi/6.3.1/../../../../arm-none-eabi/lib/thumb/v7e-m/fpv4-sp/hard\libm.a(lib_a-sf_cos.o)
                              ..\obj\encoder.o (cosf)
c:/program files (x86)/gnu tools arm embedded/6 2017-q1-update/bin/../lib/gcc/arm-none-eabi/6.3.1/../../../../arm-none-eabi/lib/thumb/v7e-m/fpv4-sp/hard\libm.a(lib_a-sf_sin.o)
                              ..\obj\encoder.o (sinf)
c:/program files (x86)/gnu tools arm embedded/6 2017-q1-update/bin/../lib/gcc/arm-none-eabi/6.3.1/../../../../arm-none-eabi/lib/thumb/v7e-m/fpv4-sp/hard\libm.a(lib_a-ef_rem_pio2.o)
                              c:/program files (x86)/gnu tools arm embedded/6 2017-q1-update/bin/../lib/gcc/arm-none-eabi/6.3.1/../../../../arm-none-eabi/lib/thumb/v7e-m/fpv4-sp/hard\libm.a(lib_a-sf_cos.o) (__ieee754_rem_pio2f)
c:/program files (x86)/gnu tools arm embedded/6 2017-q1-update/bin/../lib/gcc/arm-none-eabi/6.3.1/../../../../arm-none-eabi/lib/thumb/v7e-m/fpv4-sp/hard\libm.a(lib_a-kf_cos.o)
                              c:/program files (x86)/gnu tools arm embedded/6 2017-q1-update/bin/../lib/gcc/arm-none-eabi/6.3.1/../../../../arm-none-eabi/lib/thumb/v7e-m/fpv4-sp/hard\libm.a(lib_a-sf_cos.o) (__kernel_cosf)
c:/program files (x86)/gnu tools arm embedded/6 2017-q1-update/bin/../lib/gcc/arm-none-eabi/6.3.1/../../../../arm-none-eabi/lib/thumb/v7e-m/fpv4-sp/hard\libm.a(lib_a-kf_rem_pio2.o)
                              c:/program files (x86)/gnu tools arm embedded/6 2017-q1-update/bin/../lib/gcc/arm-none-eabi/6.3.1/../../../../arm-none-eabi/lib/thumb/v7e-m/fpv4-sp/hard\libm.a(lib_a-ef_rem_pio2.o) (__kernel_rem_pio2f)
c:/program files (x86)/gnu tools arm embedded/6 2017-q1-update/bin/../lib/gcc/arm-none-eabi/6.3.1/../../../../arm-none-eabi/lib/thumb/v7e-m/fpv4-sp/hard\libm.a(lib_a-kf_sin.o)
                              c:/program files (x86)/gnu tools arm embedded/6 2017-q1-update/bin/../lib/gcc/arm-none-eabi/6.3.1/../../../../arm-none-eabi/lib/thumb/v7e-m/fpv4-sp/hard\libm.a(lib_a-sf_cos.o) (__kernel_sinf)
c:/program files (x86)/gnu tools arm embedded/6 2017-q1-update/bin/../lib/gcc/arm-none-eabi/6.3.1/../../../../arm-none-eabi/lib/thumb/v7e-m/fpv4-sp/hard\libm.a(lib_a-sf_fabs.o)
                              c:/program files (x86)/gnu tools arm embedded/6 2017-q1-update/bin/../lib/gcc/arm-none-eabi/6.3.1/../../../../arm-none-eabi/lib/thumb/v7e-m/fpv4-sp/hard\libm.a(lib_a-ef_rem_pio2.o) (fabsf)
c:/program files (x86)/gnu tools arm embedded/6 2017-q1-update/bin/../lib/gcc/arm-none-eabi/6.3.1/../../../../arm-none-eabi/lib/thumb/v7e-m/fpv4-sp/hard\libm.a(lib_a-sf_floor.o)
                              c:/program files (x86)/gnu tools arm embedded/6 2017-q1-update/bin/../lib/gcc/arm-none-eabi/6.3.1/../../../../arm-none-eabi/lib/thumb/v7e-m/fpv4-sp/hard\libm.a(lib_a-kf_rem_pio2.o) (floorf)
c:/program files (x86)/gnu tools arm embedded/6 2017-q1-update/bin/../lib/gcc/arm-none-eabi/6.3.1/../../../../arm-none-eabi/lib/thumb/v7e-m/fpv4-sp/hard\libm.a(lib_a-sf_scalbn.o)
                              c:/program files (x86)/gnu tools arm embedded/6 2017-q1-update/bin/../lib/gcc/arm-none-eabi/6.3.1/../../../../arm-none-eabi/lib/thumb/v7e-m/fpv4-sp/hard\libm.a(lib_a-kf_rem_pio2.o) (scalbnf)
c:/program files (x86)/gnu tools arm embedded/6 2017-q1-update/bin/../lib/gcc/arm-none-eabi/6.3.1/../../../../arm-none-eabi/lib/thumb/v7e-m/fpv4-sp/hard\libm.a(lib_a-sf_copysign.o)
                              c:/program files (x86)/gnu tools arm embedded/6 2017-q1-update/bin/../lib/gcc/arm-none-eabi/6.3.1/../../../../arm-none-eabi/lib/thumb/v7e-m/fpv4-sp/hard\libm.a(lib_a-sf_scalbn.o) (copysignf)
c:/program files (x86)/gnu tools arm embedded/6 2017-q1-update/bin/../lib/gcc/arm-none-eabi/6.3.1/../../../../arm-none-eabi/lib/thumb/v7e-m/fpv4-sp/hard\libc.a(lib_a-exit.o)
                              c:/program files (x86)/gnu tools arm embedded/6 2017-q1-update/bin/../lib/gcc/arm-none-eabi/6.3.1/../../../../arm-none-eabi/lib/thumb/v7e-m/fpv4-sp/hard/crt0.o (exit)
c:/program files (x86)/gnu tools arm embedded/6 2017-q1-update/bin/../lib/gcc/arm-none-eabi/6.3.1/../../../../arm-none-eabi/lib/thumb/v7e-m/fpv4-sp/hard\libc.a(lib_a-impure.o)
                              c:/program files (x86)/gnu tools arm embedded/6 2017-q1-update/bin/../lib/gcc/arm-none-eabi/6.3.1/../../../../arm-none-eabi/lib/thumb/v7e-m/fpv4-sp/hard\libc.a(lib_a-exit.o) (_global_impure_ptr)
c:/program files (x86)/gnu tools arm embedded/6 2017-q1-update/bin/../lib/gcc/arm-none-eabi/6.3.1/../../../../arm-none-eabi/lib/thumb/v7e-m/fpv4-sp/hard\libc.a(lib_a-init.o)
                              c:/program files (x86)/gnu tools arm embedded/6 2017-q1-update/bin/../lib/gcc/arm-none-eabi/6.3.1/../../../../arm-none-eabi/lib/thumb/v7e-m/fpv4-sp/hard/crt0.o (__libc_init_array)
[...]
Memory Configuration

Name             Origin             Length             Attributes
rom              0x08000000         0x00100000         xr
ram              0x20000000         0x00020000         xrw
ram1             0x10000000         0x00010000         xrw
*default*        0x00000000         0xffffffff

Linker script and memory map

LOAD c:/program files (x86)/gnu tools arm embedded/6 2017-q1-update/bin/../lib/gcc/arm-none-eabi/6.3.1/thumb/v7e-m/fpv4-sp/hard/crti.o
LOAD c:/program files (x86)/gnu tools arm embedded/6 2017-q1-update/bin/../lib/gcc/arm-none-eabi/6.3.1/thumb/v7e-m/fpv4-sp/hard/crtbegin.o
LOAD c:/program files (x86)/gnu tools arm embedded/6 2017-q1-update/bin/../lib/gcc/arm-none-eabi/6.3.1/../../../../arm-none-eabi/lib/thumb/v7e-m/fpv4-sp/hard/crt0.o
                0x20020000                _eram = 0x20020000

.text           0x08000000     0x4cd4
 *(.isr_vector)
 .isr_vector    0x08000000      0x188 ..\obj\startup_stm32f4xx.o
                0x08000000                g_pfnVectors
 *(.text*)
 .text          0x08000188       0x6c c:/program files (x86)/gnu tools arm embedded/6 2017-q1-update/bin/../lib/gcc/arm-none-eabi/6.3.1/thumb/v7e-m/fpv4-sp/hard/crtbegin.o
 .text.SYSCFG_EXTILineConfig
                0x080001f4       0x2a ..\obj\stm32f4xx_syscfg.o
                0x080001f4                SYSCFG_EXTILineConfig
 *fill*         0x0800021e        0x2 
 .text.eMBInit  0x08000220       0xdc ..\obj\mb.o
                0x08000220                eMBInit
 .text.eMBEnable
                0x080002fc       0x24 ..\obj\mb.o
                0x080002fc                eMBEnable
 .text.eMBPoll  0x08000320       0xd4 ..\obj\mb.o
                0x08000320                eMBPoll
 .text.eMBFuncReadDiscreteInputs
                0x080003f4       0x6a ..\obj\mbfuncdisc.o
                0x080003f4                eMBFuncReadDiscreteInputs
 *fill*         0x0800045e        0x2 
 .text.xMBPortEventInit
                0x08000460       0x10 ..\obj\portevent.o
                0x08000460                xMBPortEventInit
 .text.xMBPortEventPost
                0x08000470       0x10 ..\obj\portevent.o
                0x08000470                xMBPortEventPost
 .text.xMBPortEventGet
                0x08000480       0x18 ..\obj\portevent.o
                0x08000480                xMBPortEventGet
 .text.eMBFuncReportSlaveID
                0x08000498       0x1c ..\obj\mbfuncother.o
                0x08000498                eMBFuncReportSlaveID
 .text.USART_DeInit
                0x080004b4       0xb0 ..\obj\stm32f4xx_usart.o
                0x080004b4                USART_DeInit
 .text.USART_Init
                0x08000564       0xb4 ..\obj\stm32f4xx_usart.o
                0x08000564                USART_Init
 .text.USART_ClockInit
                0x08000618       0x20 ..\obj\stm32f4xx_usart.o
                0x08000618                USART_ClockInit
 .text.USART_ClockStructInit
                0x08000638        0xc ..\obj\stm32f4xx_usart.o
                0x08000638                USART_ClockStructInit
 .text.USART_Cmd
                0x08000644       0x18 ..\obj\stm32f4xx_usart.o
                0x08000644                USART_Cmd
 .text.USART_SendData
                0x0800065c        0x8 ..\obj\stm32f4xx_usart.o
                0x0800065c                USART_SendData
 .text.USART_ReceiveData
                0x08000664        0x8 ..\obj\stm32f4xx_usart.o
                0x08000664                USART_ReceiveData
 .text.USART_ITConfig
                0x0800066c       0x32 ..\obj\stm32f4xx_usart.o
                0x0800066c                USART_ITConfig
 .text.USART_GetITStatus
                0x0800069e       0x40 ..\obj\stm32f4xx_usart.o
                0x0800069e                USART_GetITStatus
 .text.USART_ClearITPendingBit
                0x080006de        0xe ..\obj\stm32f4xx_usart.o
                0x080006de                USART_ClearITPendingBit
 .text.prveMBError2Exception
                0x080006ec       0x10 ..\obj\mbutils.o
                0x080006ec                prveMBError2Exception
 .text.DAC_Init
                0x080006fc       0x2c ..\obj\stm32f4xx_dac.o
                0x080006fc                DAC_Init
 .text.DAC_StructInit
                0x08000728        0xc ..\obj\stm32f4xx_dac.o
                0x08000728                DAC_StructInit
 .text.DAC_Cmd  0x08000734       0x20 ..\obj\stm32f4xx_dac.o
                0x08000734                DAC_Cmd
 .text.DAC_SetDualChannelData
                0x08000754       0x18 ..\obj\stm32f4xx_dac.o
                0x08000754                DAC_SetDualChannelData
 .text.Default_Handler
                0x0800076c        0x2 ..\obj\startup_stm32f4xx.o
                0x0800076c                RTC_Alarm_IRQHandler
                0x0800076c                HASH_RNG_IRQHandler
                0x0800076c                EXTI2_IRQHandler
                0x0800076c                TIM8_CC_IRQHandler
                0x0800076c                DebugMon_Handler
                0x0800076c                TIM1_CC_IRQHandler
                0x0800076c                DMA2_Stream5_IRQHandler
                0x0800076c                HardFault_Handler
                0x0800076c                DMA1_Stream5_IRQHandler
                0x0800076c                SysTick_Handler
                0x0800076c                PVD_IRQHandler
                0x0800076c                SDIO_IRQHandler
                0x0800076c                TAMP_STAMP_IRQHandler
                0x0800076c                PendSV_Handler
                0x0800076c                NMI_Handler
                0x0800076c                CAN2_RX1_IRQHandler
                0x0800076c                EXTI3_IRQHandler
                0x0800076c                TIM8_TRG_COM_TIM14_IRQHandler
                0x0800076c                TIM1_UP_TIM10_IRQHandler
                0x0800076c                TIM8_UP_TIM13_IRQHandler
                0x0800076c                I2C3_ER_IRQHandler
                0x0800076c                EXTI0_IRQHandler
                0x0800076c                I2C2_EV_IRQHandler
                0x0800076c                DMA1_Stream2_IRQHandler
                0x0800076c                CAN1_RX0_IRQHandler
                0x0800076c                FPU_IRQHandler
                0x0800076c                OTG_HS_WKUP_IRQHandler
                0x0800076c                UsageFault_Handler
                0x0800076c                CAN2_SCE_IRQHandler
                0x0800076c                DMA2_Stream2_IRQHandler
                0x0800076c                SPI1_IRQHandler
                0x0800076c                TIM6_DAC_IRQHandler
                0x0800076c                TIM1_BRK_TIM9_IRQHandler
                0x0800076c                DCMI_IRQHandler
                0x0800076c                CAN2_RX0_IRQHandler
                0x0800076c                DMA2_Stream3_IRQHandler
                0x0800076c                USART6_IRQHandler
                0x0800076c                CRYP_IRQHandler
                0x0800076c                CAN1_RX1_IRQHandler
                0x0800076c                UART5_IRQHandler
                0x0800076c                DMA2_Stream0_IRQHandler
                0x0800076c                I2C1_EV_IRQHandler
                0x0800076c                DMA1_Stream6_IRQHandler
                0x0800076c                UART4_IRQHandler
                0x0800076c                TIM3_IRQHandler
                0x0800076c                RCC_IRQHandler
                0x0800076c                TIM8_BRK_TIM12_IRQHandler
                0x0800076c                DMA1_Stream7_IRQHandler
                0x0800076c                TIM7_IRQHandler
                0x0800076c                CAN2_TX_IRQHandler
                0x0800076c                TIM5_IRQHandler
                0x0800076c                DMA2_Stream7_IRQHandler
                0x0800076c                I2C3_EV_IRQHandler
                0x0800076c                RTC_WKUP_IRQHandler
                0x0800076c                ETH_WKUP_IRQHandler
                0x0800076c                SPI2_IRQHandler
                0x0800076c                OTG_HS_EP1_IN_IRQHandler
                0x0800076c                MemManage_Handler
                0x0800076c                DMA1_Stream0_IRQHandler
                0x0800076c                CAN1_TX_IRQHandler
                0x0800076c                SVC_Handler
                0x0800076c                EXTI4_IRQHandler
                0x0800076c                FSMC_IRQHandler
                0x0800076c                ETH_IRQHandler
                0x0800076c                OTG_HS_EP1_OUT_IRQHandler
                0x0800076c                WWDG_IRQHandler
                0x0800076c                TIM2_IRQHandler
                0x0800076c                OTG_FS_WKUP_IRQHandler
                0x0800076c                TIM1_TRG_COM_TIM11_IRQHandler
                0x0800076c                OTG_HS_IRQHandler
                0x0800076c                EXTI1_IRQHandler
                0x0800076c                USART2_IRQHandler
                0x0800076c                I2C2_ER_IRQHandler
                0x0800076c                DMA2_Stream1_IRQHandler
                0x0800076c                CAN1_SCE_IRQHandler
                0x0800076c                FLASH_IRQHandler
                0x0800076c                DMA2_Stream4_IRQHandler
                0x0800076c                BusFault_Handler
                0x0800076c                USART1_IRQHandler
                0x0800076c                OTG_FS_IRQHandler
                0x0800076c                SPI3_IRQHandler
                0x0800076c                DMA1_Stream4_IRQHandler
                0x0800076c                I2C1_ER_IRQHandler
                0x0800076c                DMA2_Stream6_IRQHandler
                0x0800076c                DMA1_Stream3_IRQHandler
 *fill*         0x0800076e        0x2 
 .text.Default_Reset_Handler
                0x08000770       0x50 ..\obj\startup_stm32f4xx.o
                0x08000770                Default_Reset_Handler
                0x08000770                Reset_Handler
 .text.eMBFuncWriteHoldingRegister
                0x080007c0       0x2e ..\obj\mbfuncholding.o
                0x080007c0                eMBFuncWriteHoldingRegister
 .text.eMBFuncWriteMultipleHoldingRegister
                0x080007ee       0x4a ..\obj\mbfuncholding.o
                0x080007ee                eMBFuncWriteMultipleHoldingRegister
 .text.eMBFuncReadHoldingRegister
                0x08000838       0x58 ..\obj\mbfuncholding.o
                0x08000838                eMBFuncReadHoldingRegister
 .text.eMBFuncReadWriteMultipleHoldingRegister
                0x08000890       0x9c ..\obj\mbfuncholding.o
                0x08000890                eMBFuncReadWriteMultipleHoldingRegister
 .text.EXTI9_5_IRQHandler
                0x0800092c       0x40 ..\obj\main.o
                0x0800092c                EXTI9_5_IRQHandler
 .text.eMBRegHoldingCB
                0x0800096c       0x70 ..\obj\main.o
                0x0800096c                eMBRegHoldingCB
 .text.eMBRegCoilsCB
                0x080009dc        0x4 ..\obj\main.o
                0x080009dc                eMBRegCoilsCB
 .text.eMBRegDiscreteCB
                0x080009e0        0x4 ..\obj\main.o
                0x080009e0                eMBRegDiscreteCB
 .text.eMBRegInputCB
                0x080009e4        0x4 ..\obj\main.o
                0x080009e4                eMBRegInputCB
 .text.Configure_PC6
                0x080009e8       0x78 ..\obj\main.o
                0x080009e8                Configure_PC6
 .text.boardInit
                0x08000a60       0xe4 ..\obj\main.o
                0x08000a60                boardInit
 .text.startup.main
                0x08000b44      0x174 ..\obj\main.o
                0x08000b44                main
 .text.usMBCRC16
                0x08000cb8       0x2c ..\obj\mbcrc.o
                0x08000cb8                usMBCRC16
 .text.RCC_GetClocksFreq
                0x08000ce4       0x88 ..\obj\stm32f4xx_rcc.o
                0x08000ce4                RCC_GetClocksFreq
 .text.RCC_AHB1PeriphClockCmd
                0x08000d6c       0x18 ..\obj\stm32f4xx_rcc.o
                0x08000d6c                RCC_AHB1PeriphClockCmd
 .text.RCC_APB1PeriphClockCmd
                0x08000d84       0x18 ..\obj\stm32f4xx_rcc.o
                0x08000d84                RCC_APB1PeriphClockCmd
 .text.RCC_APB2PeriphClockCmd
                0x08000d9c       0x18 ..\obj\stm32f4xx_rcc.o
                0x08000d9c                RCC_APB2PeriphClockCmd
 .text.RCC_APB1PeriphResetCmd
                0x08000db4       0x18 ..\obj\stm32f4xx_rcc.o
                0x08000db4                RCC_APB1PeriphResetCmd
 .text.RCC_APB2PeriphResetCmd
                0x08000dcc       0x18 ..\obj\stm32f4xx_rcc.o
                0x08000dcc                RCC_APB2PeriphResetCmd
 .text.initDAC  0x08000de4       0x5c ..\obj\foc.o
                0x08000de4                initDAC
 .text.focInit  0x08000e40      0x18c ..\obj\foc.o
                0x08000e40                focInit
 .text.mcFocSetAngle
                0x08000fcc       0x2a ..\obj\foc.o
                0x08000fcc                mcFocSetAngle
 *fill*         0x08000ff6        0x2 
 .text.mcClark  0x08000ff8       0x28 ..\obj\foc.o
                0x08000ff8                mcClark
 .text.mcPark   0x08001020       0x2a ..\obj\foc.o
                0x08001020                mcPark
 .text.mcInvPark
                0x0800104a       0x2a ..\obj\foc.o
                0x0800104a                mcInvPark
 .text.ADC_IRQHandler
                0x08001074      0x424 ..\obj\foc.o
                0x08001074                ADC_IRQHandler
 .text.ADC_Init
                0x08001498       0x4c ..\obj\stm32f4xx_adc.o
                0x08001498                ADC_Init
 .text.ADC_StructInit
                0x080014e4       0x14 ..\obj\stm32f4xx_adc.o
                0x080014e4                ADC_StructInit
 .text.ADC_CommonInit
                0x080014f8       0x28 ..\obj\stm32f4xx_adc.o
                0x080014f8                ADC_CommonInit
 .text.ADC_CommonStructInit
                0x08001520        0xc ..\obj\stm32f4xx_adc.o
                0x08001520                ADC_CommonStructInit
 .text.ADC_Cmd  0x0800152c       0x12 ..\obj\stm32f4xx_adc.o
                0x0800152c                ADC_Cmd
 .text.ADC_RegularChannelConfig
                0x0800153e       0x8c ..\obj\stm32f4xx_adc.o
                0x0800153e                ADC_RegularChannelConfig
 .text.ADC_SoftwareStartConv
                0x080015ca        0xa ..\obj\stm32f4xx_adc.o
                0x080015ca                ADC_SoftwareStartConv
 .text.ADC_DMACmd
                0x080015d4       0x12 ..\obj\stm32f4xx_adc.o
                0x080015d4                ADC_DMACmd
 .text.ADC_DMARequestAfterLastTransferCmd
                0x080015e6       0x12 ..\obj\stm32f4xx_adc.o
                0x080015e6                ADC_DMARequestAfterLastTransferCmd
 .text.ADC_InjectedChannelConfig
                0x080015f8       0x58 ..\obj\stm32f4xx_adc.o
                0x080015f8                ADC_InjectedChannelConfig
 .text.ADC_InjectedSequencerLengthConfig
                0x08001650       0x10 ..\obj\stm32f4xx_adc.o
                0x08001650                ADC_InjectedSequencerLengthConfig
 .text.ADC_ExternalTrigInjectedConvConfig
                0x08001660        0xc ..\obj\stm32f4xx_adc.o
                0x08001660                ADC_ExternalTrigInjectedConvConfig
 .text.ADC_ExternalTrigInjectedConvEdgeConfig
                0x0800166c        0xc ..\obj\stm32f4xx_adc.o
                0x0800166c                ADC_ExternalTrigInjectedConvEdgeConfig
 .text.ADC_AutoInjectedConvCmd
                0x08001678       0x12 ..\obj\stm32f4xx_adc.o
                0x08001678                ADC_AutoInjectedConvCmd
 .text.ADC_InjectedDiscModeCmd
                0x0800168a       0x12 ..\obj\stm32f4xx_adc.o
                0x0800168a                ADC_InjectedDiscModeCmd
 .text.ADC_GetInjectedConversionValue
                0x0800169c       0x1a ..\obj\stm32f4xx_adc.o
                0x0800169c                ADC_GetInjectedConversionValue
 .text.ADC_ITConfig
                0x080016b6       0x18 ..\obj\stm32f4xx_adc.o
                0x080016b6                ADC_ITConfig
 .text.ADC_ClearITPendingBit
                0x080016ce        0x8 ..\obj\stm32f4xx_adc.o
                0x080016ce                ADC_ClearITPendingBit
 .text.eMBFuncReadInputRegister
                0x080016d6       0x58 ..\obj\mbfuncinput.o
                0x080016d6                eMBFuncReadInputRegister
 *fill*         0x0800172e        0x2 
 .text.encoderInitZ
                0x08001730       0x80 ..\obj\encoder.o
                0x08001730                encoderInitZ
 .text.initHall
                0x080017b0       0x3c ..\obj\encoder.o
                0x080017b0                initHall
 .text.iEncoderGetAbsPos
                0x080017ec        0xa ..\obj\encoder.o
                0x080017ec                iEncoderGetAbsPos
 .text.encoderAddOffset
                0x080017f6       0x20 ..\obj\encoder.o
                0x080017f6                encoderAddOffset
 *fill*         0x08001816        0x2 
 .text.readRawHallInput
                0x08001818       0x2c ..\obj\encoder.o
                0x08001818                readRawHallInput
 .text.readHallMap
                0x08001844       0x14 ..\obj\encoder.o
                0x08001844                readHallMap
 .text.readRawUVW
                0x08001858       0x98 ..\obj\encoder.o
                0x08001858                readRawUVW
 .text.read360uvw
                0x080018f0       0x94 ..\obj\encoder.o
                0x080018f0                read360uvw
 .text.read360uvwWithOffset
                0x08001984       0x28 ..\obj\encoder.o
                0x08001984                read360uvwWithOffset
 .text.EXTI15_10_IRQHandler
                0x080019ac       0x1a ..\obj\encoder.o
                0x080019ac                EXTI15_10_IRQHandler
 *fill*         0x080019c6        0x2 
 .text.createSinCosTable
                0x080019c8       0x5c ..\obj\encoder.o
                0x080019c8                createSinCosTable
 .text.initEncoder
                0x08001a24      0x150 ..\obj\encoder.o
                0x08001a24                initEncoder
 .text.fSinAngle
                0x08001b74       0x10 ..\obj\encoder.o
                0x08001b74                fSinAngle
 .text.fCosAngle
                0x08001b84       0x10 ..\obj\encoder.o
                0x08001b84                fCosAngle
 .text.GPIO_Init
                0x08001b94       0x9c ..\obj\stm32f4xx_gpio.o
                0x08001b94                GPIO_Init
 .text.GPIO_StructInit
                0x08001c30       0x12 ..\obj\stm32f4xx_gpio.o
                0x08001c30                GPIO_StructInit
 .text.GPIO_ReadInputData
                0x08001c42        0x6 ..\obj\stm32f4xx_gpio.o
                0x08001c42                GPIO_ReadInputData
 .text.GPIO_SetBits
                0x08001c48        0x4 ..\obj\stm32f4xx_gpio.o
                0x08001c48                GPIO_SetBits
 .text.GPIO_ResetBits
                0x08001c4c        0x4 ..\obj\stm32f4xx_gpio.o
                0x08001c4c                GPIO_ResetBits
 .text.GPIO_ToggleBits
                0x08001c50        0x8 ..\obj\stm32f4xx_gpio.o
                0x08001c50                GPIO_ToggleBits
 .text.GPIO_PinAFConfig
                0x08001c58       0x24 ..\obj\stm32f4xx_gpio.o
                0x08001c58                GPIO_PinAFConfig
 .text.xMBPortTimersInit
                0x08001c7c       0x78 ..\obj\porttimer.o
                0x08001c7c                xMBPortTimersInit
 .text.vMBPortTimersEnable
                0x08001cf4       0x1c ..\obj\porttimer.o
                0x08001cf4                vMBPortTimersEnable
 .text.vMBPortTimersDisable
                0x08001d10        0xc ..\obj\porttimer.o
                0x08001d10                vMBPortTimersDisable
 .text.TIM4_IRQHandler
                0x08001d1c       0x28 ..\obj\porttimer.o
                0x08001d1c                TIM4_IRQHandler
 .text.eMBRTUInit
                0x08001d44       0x3c ..\obj\mbrtu.o
                0x08001d44                eMBRTUInit
 .text.eMBRTUStart
                0x08001d80       0x1c ..\obj\mbrtu.o
                0x08001d80                eMBRTUStart
 .text.eMBRTUStop
                0x08001d9c       0x14 ..\obj\mbrtu.o
                0x08001d9c                eMBRTUStop
 .text.eMBRTUReceive
                0x08001db0       0x48 ..\obj\mbrtu.o
                0x08001db0                eMBRTUReceive
 .text.eMBRTUSend
                0x08001df8       0x68 ..\obj\mbrtu.o
                0x08001df8                eMBRTUSend
 .text.xMBRTUReceiveFSM
                0x08001e60       0x68 ..\obj\mbrtu.o
                0x08001e60                xMBRTUReceiveFSM
 .text.xMBRTUTransmitFSM
                0x08001ec8       0x58 ..\obj\mbrtu.o
                0x08001ec8                xMBRTUTransmitFSM
 .text.xMBRTUTimerT35Expired
                0x08001f20       0x2c ..\obj\mbrtu.o
                0x08001f20                xMBRTUTimerT35Expired
 .text.SystemInit
                0x08001f4c       0xf8 ..\obj\system_stm32f4xx.o
                0x08001f4c                SystemInit
 .text.SystemCoreClockUpdate
                0x08002044       0x70 ..\obj\system_stm32f4xx.o
                0x08002044                SystemCoreClockUpdate
 .text.DMA_Init
                0x080020b4       0x54 ..\obj\stm32f4xx_dma.o
                0x080020b4                DMA_Init
 .text.DMA_StructInit
                0x08002108       0x22 ..\obj\stm32f4xx_dma.o
                0x08002108                DMA_StructInit
 .text.DMA_Cmd  0x0800212a       0x12 ..\obj\stm32f4xx_dma.o
                0x0800212a                DMA_Cmd
 .text.vMBPortSerialEnable
                0x0800213c       0x54 ..\obj\portserial.o
                0x0800213c                vMBPortSerialEnable
 .text.xMBPortSerialInit
                0x08002190      0x128 ..\obj\portserial.o
                0x08002190                xMBPortSerialInit
 .text.USART3_IRQHandler
                0x080022b8       0x70 ..\obj\portserial.o
                0x080022b8                USART3_IRQHandler
 .text.xMBPortSerialPutByte
                0x08002328       0x14 ..\obj\portserial.o
                0x08002328                xMBPortSerialPutByte
 .text.xMBPortSerialGetByte
                0x0800233c       0x14 ..\obj\portserial.o
                0x0800233c                xMBPortSerialGetByte
 .text.eMBFuncReadCoils
                0x08002350       0x6c ..\obj\mbfunccoils.o
                0x08002350                eMBFuncReadCoils
 .text.eMBFuncWriteCoil
                0x080023bc       0x4a ..\obj\mbfunccoils.o
                0x080023bc                eMBFuncWriteCoil
 .text.eMBFuncWriteMultipleCoils
                0x08002406       0x58 ..\obj\mbfunccoils.o
                0x08002406                eMBFuncWriteMultipleCoils
 *fill*         0x0800245e        0x2 
 .text.EXTI_Init
                0x08002460       0x74 ..\obj\stm32f4xx_exti.o
                0x08002460                EXTI_Init
 .text.EXTI_GetITStatus
                0x080024d4       0x1c ..\obj\stm32f4xx_exti.o
                0x080024d4                EXTI_GetITStatus
 .text.EXTI_ClearITPendingBit
                0x080024f0        0xc ..\obj\stm32f4xx_exti.o
                0x080024f0                EXTI_ClearITPendingBit
 .text.NVIC_PriorityGroupConfig
                0x080024fc       0x14 ..\obj\misc.o
                0x080024fc                NVIC_PriorityGroupConfig
 .text.NVIC_Init
                0x08002510       0x68 ..\obj\misc.o
                0x08002510                NVIC_Init
 .text.svpwmInitGPIO
                0x08002578       0x94 ..\obj\svpwm.o
                0x08002578                svpwmInitGPIO
 .text.svpwmInitTIM
                0x0800260c      0x134 ..\obj\svpwm.o
                0x0800260c                svpwmInitTIM
 .text.RCC_Configuration_Adc1
                0x08002740       0x20 ..\obj\svpwm.o
                0x08002740                RCC_Configuration_Adc1
 .text.RCC_Configuration_Adc2
                0x08002760       0x18 ..\obj\svpwm.o
                0x08002760                RCC_Configuration_Adc2
 .text.GPIO_Configuration_Adc1
                0x08002778       0x60 ..\obj\svpwm.o
                0x08002778                GPIO_Configuration_Adc1
 .text.GPIO_Configuration_Adc2
                0x080027d8       0x3c ..\obj\svpwm.o
                0x080027d8                GPIO_Configuration_Adc2
 .text.DMAInit  0x08002814       0x74 ..\obj\svpwm.o
                0x08002814                DMAInit
 .text.svpwmInitADC
                0x08002888      0x168 ..\obj\svpwm.o
                0x08002888                svpwmInitADC
 .text.svpwmInit
                0x080029f0        0xe ..\obj\svpwm.o
                0x080029f0                svpwmInit
 .text.DMA1_Stream1_IRQHandler
                0x080029fe        0x2 ..\obj\svpwm.o
                0x080029fe                DMA1_Stream1_IRQHandler
 .text.mcFocSVPWM2
                0x08002a00      0x12c ..\obj\svpwm.o
                0x08002a00                mcFocSVPWM2
 .text.eMBASCIIInit
                0x08002b2c       0x34 ..\obj\mbascii.o
                0x08002b2c                eMBASCIIInit
 .text.eMBASCIIStart
                0x08002b60       0x20 ..\obj\mbascii.o
                0x08002b60                eMBASCIIStart
 .text.eMBASCIIStop
                0x08002b80       0x14 ..\obj\mbascii.o
                0x08002b80                eMBASCIIStop
 .text.eMBASCIIReceive
                0x08002b94       0x5c ..\obj\mbascii.o
                0x08002b94                eMBASCIIReceive
 .text.eMBASCIISend
                0x08002bf0       0x6c ..\obj\mbascii.o
                0x08002bf0                eMBASCIISend
 .text.xMBASCIIReceiveFSM
                0x08002c5c       0xf4 ..\obj\mbascii.o
                0x08002c5c                xMBASCIIReceiveFSM
 .text.xMBASCIITransmitFSM
                0x08002d50       0xbc ..\obj\mbascii.o
                0x08002d50                xMBASCIITransmitFSM
 .text.xMBASCIITimerT1SExpired
                0x08002e0c       0x1c ..\obj\mbascii.o
                0x08002e0c                xMBASCIITimerT1SExpired
 .text.pidInit_test
                0x08002e28       0x18 ..\obj\pid.o
                0x08002e28                pidInit_test
 .text.pidSetOutLimit_test
                0x08002e40        0xa ..\obj\pid.o
                0x08002e40                pidSetOutLimit_test
 .text.pidSetIntegralLimit_test
                0x08002e4a        0x6 ..\obj\pid.o
                0x08002e4a                pidSetIntegralLimit_test
 .text.pidInit  0x08002e50       0x18 ..\obj\pid.o
                0x08002e50                pidInit
 .text.pidSetOutLimit
                0x08002e68        0xa ..\obj\pid.o
                0x08002e68                pidSetOutLimit
 .text.pidSetIntegralLimit
                0x08002e72        0xe ..\obj\pid.o
                0x08002e72                pidSetIntegralLimit
 .text.pidSetInputRange
                0x08002e80        0xe ..\obj\pid.o
                0x08002e80                pidSetInputRange
 *fill*         0x08002e8e        0x2 
 .text.pidTask  0x08002e90       0xcc ..\obj\pid.o
                0x08002e90                pidTask
 .text.TI1_Config
                0x08002f5c       0x36 ..\obj\stm32f4xx_tim.o
 .text.TI2_Config
                0x08002f92       0x3c ..\obj\stm32f4xx_tim.o
 *fill*         0x08002fce        0x2 
 .text.TIM_DeInit
                0x08002fd0      0x16c ..\obj\stm32f4xx_tim.o
                0x08002fd0                TIM_DeInit
 .text.TIM_TimeBaseInit
                0x0800313c       0x7c ..\obj\stm32f4xx_tim.o
                0x0800313c                TIM_TimeBaseInit
 .text.TIM_TimeBaseStructInit
                0x080031b8       0x12 ..\obj\stm32f4xx_tim.o
                0x080031b8                TIM_TimeBaseStructInit
 .text.TIM_SetCounter
                0x080031ca        0x4 ..\obj\stm32f4xx_tim.o
                0x080031ca                TIM_SetCounter
 .text.TIM_ARRPreloadConfig
                0x080031ce       0x18 ..\obj\stm32f4xx_tim.o
                0x080031ce                TIM_ARRPreloadConfig
 .text.TIM_Cmd  0x080031e6       0x18 ..\obj\stm32f4xx_tim.o
                0x080031e6                TIM_Cmd
 *fill*         0x080031fe        0x2 
 .text.TIM_OC1Init
                0x08003200       0x70 ..\obj\stm32f4xx_tim.o
                0x08003200                TIM_OC1Init
 .text.TIM_OC2Init
                0x08003270       0x80 ..\obj\stm32f4xx_tim.o
                0x08003270                TIM_OC2Init
 .text.TIM_OC3Init
                0x080032f0       0x7c ..\obj\stm32f4xx_tim.o
                0x080032f0                TIM_OC3Init
 .text.TIM_OC4Init
                0x0800336c       0x64 ..\obj\stm32f4xx_tim.o
                0x0800336c                TIM_OC4Init
 .text.TIM_OCStructInit
                0x080033d0       0x14 ..\obj\stm32f4xx_tim.o
                0x080033d0                TIM_OCStructInit
 .text.TIM_SetCompare1
                0x080033e4        0x4 ..\obj\stm32f4xx_tim.o
                0x080033e4                TIM_SetCompare1
 .text.TIM_SetCompare2
                0x080033e8        0x4 ..\obj\stm32f4xx_tim.o
                0x080033e8                TIM_SetCompare2
 .text.TIM_SetCompare3
                0x080033ec        0x4 ..\obj\stm32f4xx_tim.o
                0x080033ec                TIM_SetCompare3
 .text.TIM_OC1PreloadConfig
                0x080033f0       0x10 ..\obj\stm32f4xx_tim.o
                0x080033f0                TIM_OC1PreloadConfig
 .text.TIM_OC2PreloadConfig
                0x08003400       0x14 ..\obj\stm32f4xx_tim.o
                0x08003400                TIM_OC2PreloadConfig
 .text.TIM_OC3PreloadConfig
                0x08003414       0x10 ..\obj\stm32f4xx_tim.o
                0x08003414                TIM_OC3PreloadConfig
 .text.TIM_OC4PreloadConfig
                0x08003424       0x14 ..\obj\stm32f4xx_tim.o
                0x08003424                TIM_OC4PreloadConfig
 .text.TIM_ICStructInit
                0x08003438       0x10 ..\obj\stm32f4xx_tim.o
                0x08003438                TIM_ICStructInit
 .text.TIM_SetIC1Prescaler
                0x08003448       0x16 ..\obj\stm32f4xx_tim.o
                0x08003448                TIM_SetIC1Prescaler
 .text.TIM_SetIC2Prescaler
                0x0800345e       0x1a ..\obj\stm32f4xx_tim.o
                0x0800345e                TIM_SetIC2Prescaler
 .text.TIM_SetIC3Prescaler
                0x08003478       0x16 ..\obj\stm32f4xx_tim.o
                0x08003478                TIM_SetIC3Prescaler
 .text.TIM_SetIC4Prescaler
                0x0800348e       0x1a ..\obj\stm32f4xx_tim.o
                0x0800348e                TIM_SetIC4Prescaler
 .text.TIM_ICInit
                0x080034a8       0xae ..\obj\stm32f4xx_tim.o
                0x080034a8                TIM_ICInit
 .text.TIM_BDTRConfig
                0x08003556       0x22 ..\obj\stm32f4xx_tim.o
                0x08003556                TIM_BDTRConfig
 .text.TIM_GetITStatus
                0x08003578       0x16 ..\obj\stm32f4xx_tim.o
                0x08003578                TIM_GetITStatus
 .text.TIM_ClearITPendingBit
                0x0800358e        0x8 ..\obj\stm32f4xx_tim.o
                0x0800358e                TIM_ClearITPendingBit
 .text.TIM_DMACmd
                0x08003596       0x12 ..\obj\stm32f4xx_tim.o
                0x08003596                TIM_DMACmd
 .text.TIM_ITConfig
                0x080035a8        0x4 ..\obj\stm32f4xx_tim.o
                0x080035a8                TIM_ITConfig
 .text.TIM_SelectOutputTrigger
                0x080035ac       0x16 ..\obj\stm32f4xx_tim.o
                0x080035ac                TIM_SelectOutputTrigger
 .text.TIM_EncoderInterfaceConfig
                0x080035c2       0x3e ..\obj\stm32f4xx_tim.o
                0x080035c2                TIM_EncoderInterfaceConfig
 .text.cosf     0x08003600       0x90 c:/program files (x86)/gnu tools arm embedded/6 2017-q1-update/bin/../lib/gcc/arm-none-eabi/6.3.1/../../../../arm-none-eabi/lib/thumb/v7e-m/fpv4-sp/hard\libm.a(lib_a-sf_cos.o)
                0x08003600                cosf
 .text.sinf     0x08003690       0x94 c:/program files (x86)/gnu tools arm embedded/6 2017-q1-update/bin/../lib/gcc/arm-none-eabi/6.3.1/../../../../arm-none-eabi/lib/thumb/v7e-m/fpv4-sp/hard\libm.a(lib_a-sf_sin.o)
                0x08003690                sinf
 .text.__ieee754_rem_pio2f
                0x08003724      0x290 c:/program files (x86)/gnu tools arm embedded/6 2017-q1-update/bin/../lib/gcc/arm-none-eabi/6.3.1/../../../../arm-none-eabi/lib/thumb/v7e-m/fpv4-sp/hard\libm.a(lib_a-ef_rem_pio2.o)
                0x08003724                __ieee754_rem_pio2f
 .text.__kernel_cosf
                0x080039b4      0x104 c:/program files (x86)/gnu tools arm embedded/6 2017-q1-update/bin/../lib/gcc/arm-none-eabi/6.3.1/../../../../arm-none-eabi/lib/thumb/v7e-m/fpv4-sp/hard\libm.a(lib_a-kf_cos.o)
                0x080039b4                __kernel_cosf
 .text.__kernel_rem_pio2f
                0x08003ab8      0x690 c:/program files (x86)/gnu tools arm embedded/6 2017-q1-update/bin/../lib/gcc/arm-none-eabi/6.3.1/../../../../arm-none-eabi/lib/thumb/v7e-m/fpv4-sp/hard\libm.a(lib_a-kf_rem_pio2.o)
                0x08003ab8                __kernel_rem_pio2f
 .text.__kernel_sinf
                0x08004148       0x90 c:/program files (x86)/gnu tools arm embedded/6 2017-q1-update/bin/../lib/gcc/arm-none-eabi/6.3.1/../../../../arm-none-eabi/lib/thumb/v7e-m/fpv4-sp/hard\libm.a(lib_a-kf_sin.o)
                0x08004148                __kernel_sinf
 .text.fabsf    0x080041d8       0x10 c:/program files (x86)/gnu tools arm embedded/6 2017-q1-update/bin/../lib/gcc/arm-none-eabi/6.3.1/../../../../arm-none-eabi/lib/thumb/v7e-m/fpv4-sp/hard\libm.a(lib_a-sf_fabs.o)
                0x080041d8                fabsf
 .text.floorf   0x080041e8       0x90 c:/program files (x86)/gnu tools arm embedded/6 2017-q1-update/bin/../lib/gcc/arm-none-eabi/6.3.1/../../../../arm-none-eabi/lib/thumb/v7e-m/fpv4-sp/hard\libm.a(lib_a-sf_floor.o)
                0x080041e8                floorf
 .text.scalbnf  0x08004278       0xd0 c:/program files (x86)/gnu tools arm embedded/6 2017-q1-update/bin/../lib/gcc/arm-none-eabi/6.3.1/../../../../arm-none-eabi/lib/thumb/v7e-m/fpv4-sp/hard\libm.a(lib_a-sf_scalbn.o)
                0x08004278                scalbnf
 .text.copysignf
                0x08004348       0x18 c:/program files (x86)/gnu tools arm embedded/6 2017-q1-update/bin/../lib/gcc/arm-none-eabi/6.3.1/../../../../arm-none-eabi/lib/thumb/v7e-m/fpv4-sp/hard\libm.a(lib_a-sf_copysign.o)
                0x08004348                copysignf
 .text          0x08004360      0x134 c:/program files (x86)/gnu tools arm embedded/6 2017-q1-update/bin/../lib/gcc/arm-none-eabi/6.3.1/../../../../arm-none-eabi/lib/thumb/v7e-m/fpv4-sp/hard\libc.a(lib_a-memcpy.o)
                0x08004360                memcpy
 .text.memset   0x08004494       0x9c c:/program files (x86)/gnu tools arm embedded/6 2017-q1-update/bin/../lib/gcc/arm-none-eabi/6.3.1/../../../../arm-none-eabi/lib/thumb/v7e-m/fpv4-sp/hard\libc.a(lib_a-memset.o)
                0x08004494                memset
 .text.startup.register_fini
                0x08004530       0x14 c:/program files (x86)/gnu tools arm embedded/6 2017-q1-update/bin/../lib/gcc/arm-none-eabi/6.3.1/../../../../arm-none-eabi/lib/thumb/v7e-m/fpv4-sp/hard\libc.a(lib_a-__call_atexit.o)
 .text.atexit   0x08004544        0xc c:/program files (x86)/gnu tools arm embedded/6 2017-q1-update/bin/../lib/gcc/arm-none-eabi/6.3.1/../../../../arm-none-eabi/lib/thumb/v7e-m/fpv4-sp/hard\libc.a(lib_a-atexit.o)
                0x08004544                atexit
 .text.__libc_fini_array
                0x08004550       0x34 c:/program files (x86)/gnu tools arm embedded/6 2017-q1-update/bin/../lib/gcc/arm-none-eabi/6.3.1/../../../../arm-none-eabi/lib/thumb/v7e-m/fpv4-sp/hard\libc.a(lib_a-fini.o)
                0x08004550                __libc_fini_array
 .text.__retarget_lock_acquire_recursive
                0x08004584        0x4 c:/program files (x86)/gnu tools arm embedded/6 2017-q1-update/bin/../lib/gcc/arm-none-eabi/6.3.1/../../../../arm-none-eabi/lib/thumb/v7e-m/fpv4-sp/hard\libc.a(lib_a-lock.o)
                0x08004584                __retarget_lock_acquire_recursive
 .text.__retarget_lock_release_recursive
                0x08004588        0x4 c:/program files (x86)/gnu tools arm embedded/6 2017-q1-update/bin/../lib/gcc/arm-none-eabi/6.3.1/../../../../arm-none-eabi/lib/thumb/v7e-m/fpv4-sp/hard\libc.a(lib_a-lock.o)
                0x08004588                __retarget_lock_release_recursive
 .text.__register_exitproc
                0x0800458c       0xc4 c:/program files (x86)/gnu tools arm embedded/6 2017-q1-update/bin/../lib/gcc/arm-none-eabi/6.3.1/../../../../arm-none-eabi/lib/thumb/v7e-m/fpv4-sp/hard\libc.a(lib_a-__atexit.o)
                0x0800458c                __register_exitproc
 *(.init)
 .init          0x08004650        0x4 c:/program files (x86)/gnu tools arm embedded/6 2017-q1-update/bin/../lib/gcc/arm-none-eabi/6.3.1/thumb/v7e-m/fpv4-sp/hard/crti.o
                0x08004650                _init
 .init          0x08004654        0x8 c:/program files (x86)/gnu tools arm embedded/6 2017-q1-update/bin/../lib/gcc/arm-none-eabi/6.3.1/thumb/v7e-m/fpv4-sp/hard/crtn.o
 *(.fini)
 .fini          0x0800465c        0x4 c:/program files (x86)/gnu tools arm embedded/6 2017-q1-update/bin/../lib/gcc/arm-none-eabi/6.3.1/thumb/v7e-m/fpv4-sp/hard/crti.o
                0x0800465c                _fini
 .fini          0x08004660        0x8 c:/program files (x86)/gnu tools arm embedded/6 2017-q1-update/bin/../lib/gcc/arm-none-eabi/6.3.1/thumb/v7e-m/fpv4-sp/hard/crtn.o
 *crtbegin.o(.ctors)
 *crtbegin?.o(.ctors)
 *(EXCLUDE_FILE(*crtend.o *crtend?.o) .ctors)
 *(SORT(.ctors.*))
 *(.ctors)
 *crtbegin.o(.dtors)
 *crtbegin?.o(.dtors)
 *(EXCLUDE_FILE(*crtend.o *crtend?.o) .dtors)
 *(SORT(.dtors.*))
 *(.dtors)
 *(.rodata*)
 .rodata        0x08004668        0x8 ..\obj\mbutils.o
 .rodata        0x08004670      0x200 ..\obj\mbcrc.o
 .rodata        0x08004870       0x90 ..\obj\encoder.o
 .rodata.npio2_hw
                0x08004900       0x80 c:/program files (x86)/gnu tools arm embedded/6 2017-q1-update/bin/../lib/gcc/arm-none-eabi/6.3.1/../../../../arm-none-eabi/lib/thumb/v7e-m/fpv4-sp/hard\libm.a(lib_a-ef_rem_pio2.o)
 .rodata.two_over_pi
                0x08004980      0x318 c:/program files (x86)/gnu tools arm embedded/6 2017-q1-update/bin/../lib/gcc/arm-none-eabi/6.3.1/../../../../arm-none-eabi/lib/thumb/v7e-m/fpv4-sp/hard\libm.a(lib_a-ef_rem_pio2.o)
 .rodata.PIo2   0x08004c98       0x2c c:/program files (x86)/gnu tools arm embedded/6 2017-q1-update/bin/../lib/gcc/arm-none-eabi/6.3.1/../../../../arm-none-eabi/lib/thumb/v7e-m/fpv4-sp/hard\libm.a(lib_a-kf_rem_pio2.o)
 .rodata.init_jk
                0x08004cc4        0xc c:/program files (x86)/gnu tools arm embedded/6 2017-q1-update/bin/../lib/gcc/arm-none-eabi/6.3.1/../../../../arm-none-eabi/lib/thumb/v7e-m/fpv4-sp/hard\libm.a(lib_a-kf_rem_pio2.o)
 .rodata._global_impure_ptr
                0x08004cd0        0x4 c:/program files (x86)/gnu tools arm embedded/6 2017-q1-update/bin/../lib/gcc/arm-none-eabi/6.3.1/../../../../arm-none-eabi/lib/thumb/v7e-m/fpv4-sp/hard\libc.a(lib_a-impure.o)
                0x08004cd0                _global_impure_ptr
 *(.eh_fram e*)

.eh_frame       0x08004cd4        0x0
 .eh_frame      0x08004cd4        0x0 c:/program files (x86)/gnu tools arm embedded/6 2017-q1-update/bin/../lib/gcc/arm-none-eabi/6.3.1/thumb/v7e-m/fpv4-sp/hard/crtbegin.o

.glue_7         0x08004cd4        0x0
 .glue_7        0x08004cd4        0x0 linker stubs

.glue_7t        0x08004cd4        0x0
 .glue_7t       0x08004cd4        0x0 linker stubs

.vfp11_veneer   0x08004cd4        0x0
 .vfp11_veneer  0x08004cd4        0x0 linker stubs

.v4_bx          0x08004cd4        0x0
 .v4_bx         0x08004cd4        0x0 linker stubs

.iplt           0x08004cd4        0x0
 .iplt          0x08004cd4        0x0 c:/program files (x86)/gnu tools arm embedded/6 2017-q1-update/bin/../lib/gcc/arm-none-eabi/6.3.1/thumb/v7e-m/fpv4-sp/hard/crtbegin.o

.rel.dyn        0x08004cd4        0x0
 .rel.iplt      0x08004cd4        0x0 c:/program files (x86)/gnu tools arm embedded/6 2017-q1-update/bin/../lib/gcc/arm-none-eabi/6.3.1/thumb/v7e-m/fpv4-sp/hard/crtbegin.o

.ARM.extab
 *(.ARM.extab* .gnu.linkonce.armextab.*)
                0x08004cd4                __exidx_start = .

.ARM.exidx
 *(.ARM.exidx* .gnu.linkonce.armexidx.*)
                0x08004cd4                __exidx_end = .
                0x08004cd4                __etext = .
                0x08004cd4                _sidata = __etext

.data           0x20000000      0x4ec load address 0x08004cd4
                0x20000000                __data_start__ = .
                0x20000000                _sdata = __data_start__
 *(vtable)
 *(.data*)
 .data          0x20000000       0x84 ..\obj\mb.o
 .data          0x20000084        0x8 ..\obj\main.o
                0x20000084                current_a_offset
                0x20000088                current_b_offset
 .data          0x2000008c       0x10 ..\obj\stm32f4xx_rcc.o
 .data          0x2000009c       0x14 ..\obj\system_stm32f4xx.o
                0x2000009c                SystemCoreClock
                0x200000a0                AHBPrescTable
 .data.impure_data
                0x200000b0      0x428 c:/program files (x86)/gnu tools arm embedded/6 2017-q1-update/bin/../lib/gcc/arm-none-eabi/6.3.1/../../../../arm-none-eabi/lib/thumb/v7e-m/fpv4-sp/hard\libc.a(lib_a-impure.o)
 .data.__atexit_recursive_mutex
                0x200004d8        0x4 c:/program files (x86)/gnu tools arm embedded/6 2017-q1-update/bin/../lib/gcc/arm-none-eabi/6.3.1/../../../../arm-none-eabi/lib/thumb/v7e-m/fpv4-sp/hard\libc.a(lib_a-__call_atexit.o)
                0x200004d8                __atexit_recursive_mutex
                0x200004dc                . = ALIGN (0x4)
                0x200004dc                PROVIDE (__preinit_array_start, .)
 *(.preinit_array)
                0x200004dc                PROVIDE (__preinit_array_end, .)
                0x200004dc                . = ALIGN (0x4)
                0x200004dc                PROVIDE (__init_array_start, .)
 *(SORT(.init_array.*))
 .init_array.00000
                0x200004dc        0x4 c:/program files (x86)/gnu tools arm embedded/6 2017-q1-update/bin/../lib/gcc/arm-none-eabi/6.3.1/../../../../arm-none-eabi/lib/thumb/v7e-m/fpv4-sp/hard\libc.a(lib_a-__call_atexit.o)
 *(.init_array)
 .init_array    0x200004e0        0x4 c:/program files (x86)/gnu tools arm embedded/6 2017-q1-update/bin/../lib/gcc/arm-none-eabi/6.3.1/thumb/v7e-m/fpv4-sp/hard/crtbegin.o
                0x200004e4                PROVIDE (__init_array_end, .)
                0x200004e4                . = ALIGN (0x4)
                0x200004e4                PROVIDE (__fini_array_start, .)
 *(SORT(.fini_array.*))
 *(.fini_array)
 .fini_array    0x200004e4        0x4 c:/program files (x86)/gnu tools arm embedded/6 2017-q1-update/bin/../lib/gcc/arm-none-eabi/6.3.1/thumb/v7e-m/fpv4-sp/hard/crtbegin.o
                0x200004e8                PROVIDE (__fini_array_end, .)
 *(.jcr*)
 .jcr           0x200004e8        0x0 c:/program files (x86)/gnu tools arm embedded/6 2017-q1-update/bin/../lib/gcc/arm-none-eabi/6.3.1/thumb/v7e-m/fpv4-sp/hard/crtbegin.o
 .jcr           0x200004e8        0x4 c:/program files (x86)/gnu tools arm embedded/6 2017-q1-update/bin/../lib/gcc/arm-none-eabi/6.3.1/thumb/v7e-m/fpv4-sp/hard/crtend.o
                0x200004ec                . = ALIGN (0x4)
                0x200004ec                __data_end__ = .
                0x200004ec                _edata = __data_end__

.igot.plt       0x200004ec        0x0 load address 0x080051c0
 .igot.plt      0x200004ec        0x0 c:/program files (x86)/gnu tools arm embedded/6 2017-q1-update/bin/../lib/gcc/arm-none-eabi/6.3.1/thumb/v7e-m/fpv4-sp/hard/crtbegin.o

.bss            0x200004ec     0x8114 load address 0x080051c0
                0x200004ec                . = ALIGN (0x4)
                0x200004ec                __bss_start__ = .
                0x200004ec                _sbss = __bss_start__
 *(.bss*)
 .bss           0x200004ec       0x1c c:/program files (x86)/gnu tools arm embedded/6 2017-q1-update/bin/../lib/gcc/arm-none-eabi/6.3.1/thumb/v7e-m/fpv4-sp/hard/crtbegin.o
 .bss           0x20000508       0x23 ..\obj\mb.o
 .bss           0x2000052b        0x2 ..\obj\portevent.o
 *fill*         0x2000052d        0x1 
 .bss           0x2000052e       0x22 ..\obj\mbfuncother.o
 .bss           0x20000550       0x22 ..\obj\main.o
                0x20000550                main_state
                0x20000554                counter
                0x20000558                sp_counter
 *fill*         0x20000572        0x2 
 .bss           0x20000574       0xe4 ..\obj\foc.o
 .bss           0x20000658     0x7d08 ..\obj\encoder.o
 .bss           0x20008360        0xb ..\obj\mbrtu.o
 *fill*         0x2000836b        0x1 
 .bss           0x2000836c        0xd ..\obj\mbascii.o
 *(COMMON)
 *fill*         0x20008379        0x3 
 COMMON         0x2000837c       0x14 ..\obj\mb.o
                0x2000837c                pxMBFrameCBTransmitterEmpty
                0x20008380                pxMBPortCBTimerExpired
                0x20008384                pxMBFrameCBByteReceived
                0x20008388                pxMBFrameCBTransmitFSMCur
                0x2000838c                pxMBFrameCBReceiveFSMCur
 COMMON         0x20008390       0xc4 ..\obj\main.o
                0x20008390                stFoc
 COMMON         0x20008454       0x86 ..\obj\foc.o
                0x20008454                pidPos
                0x20008488                current_a
                0x2000848c                pidSpeed
                0x200084c0                ADC_values
                0x200084d0                dc_voltage
                0x200084d2                enc_delta
                0x200084d4                ai1
                0x200084d6                ai0
                0x200084d8                current_b
 COMMON         0x200084da      0x100 ..\obj\mbrtu.o
                0x200084da                ucRTUBuf
 *fill*         0x200085da        0x2 
 COMMON         0x200085dc       0x21 c:/program files (x86)/gnu tools arm embedded/6 2017-q1-update/bin/../lib/gcc/arm-none-eabi/6.3.1/../../../../arm-none-eabi/lib/thumb/v7e-m/fpv4-sp/hard\libc.a(lib_a-lock.o)
                0x200085dc                __lock___atexit_recursive_mutex
                0x200085e0                __lock___arc4random_mutex
                0x200085e4                __lock___env_recursive_mutex
                0x200085e8                __lock___sinit_recursive_mutex
                0x200085ec                __lock___malloc_recursive_mutex
                0x200085f0                __lock___at_quick_exit_mutex
                0x200085f4                __lock___dd_hash_mutex
                0x200085f8                __lock___tz_mutex
                0x200085fc                __lock___sfp_recursive_mutex
                0x20008600                . = ALIGN (0x4)
 *fill*         0x200085fd        0x3 
                0x20008600                __bss_end__ = .
                0x20008600                _ebss = __bss_end__

.heap           0x20008600        0x0
                0x20008600                __end__ = .
                0x20008600                _end = __end__
                0x20008600                end = __end__
 *(.heap*)
                0x20008600                __HeapLimit = .

.co_stack       0x20008600      0x800 load address 0x0800d2d4
                0x20008600                . = ALIGN (0x8)
 *(.co_stack .co_stack.*)
 .co_stack      0x20008600      0x800 ..\obj\startup_stm32f4xx.o
                0x20008600                pulStack
                0x20020000                __StackTop = (ORIGIN (ram) + LENGTH (ram))
                0x2001f800                __StackLimit = (__StackTop - SIZEOF (.co_stack))
                0x20020000                PROVIDE (__stack, __StackTop)
                0x00000001                ASSERT ((__StackLimit >= __HeapLimit), region ram  overflowed with stack)
LOAD ..\obj\stm32f4xx_syscfg.o
LOAD ..\obj\mb.o
LOAD ..\obj\mbfuncdisc.o
LOAD ..\obj\portevent.o
LOAD ..\obj\mbfuncother.o
LOAD ..\obj\stm32f4xx_usart.o
LOAD ..\obj\stm32f4xx_can.o
LOAD ..\obj\mbutils.o
LOAD ..\obj\stm32f4xx_dac.o
LOAD ..\obj\startup_stm32f4xx.o
LOAD ..\obj\mbfuncholding.o
LOAD ..\obj\main.o
LOAD ..\obj\mbcrc.o
LOAD ..\obj\stm32f4xx_rcc.o
LOAD ..\obj\foc.o
LOAD ..\obj\stm32f4xx_adc.o
LOAD ..\obj\mbfuncinput.o
LOAD ..\obj\encoder.o
LOAD ..\obj\mbfuncdiag.o
LOAD ..\obj\stm32f4xx_gpio.o
LOAD ..\obj\porttimer.o
LOAD ..\obj\mbrtu.o
LOAD ..\obj\system_stm32f4xx.o
LOAD ..\obj\syscalls.o
LOAD ..\obj\stm32f4xx_dma.o
LOAD ..\obj\port.o
LOAD ..\obj\portserial.o
LOAD ..\obj\mbfunccoils.o
LOAD ..\obj\stm32f4xx_exti.o
LOAD ..\obj\misc.o
LOAD ..\obj\svpwm.o
LOAD ..\obj\mbtcp.o
LOAD ..\obj\mbascii.o
LOAD ..\obj\pid.o
LOAD ..\obj\stm32f4xx_tim.o
LOAD c:/program files (x86)/gnu tools arm embedded/6 2017-q1-update/bin/../lib/gcc/arm-none-eabi/6.3.1/../../../../arm-none-eabi/lib/thumb/v7e-m/fpv4-sp/hard\libm.a
LOAD c:/program files (x86)/gnu tools arm embedded/6 2017-q1-update/bin/../lib/gcc/arm-none-eabi/6.3.1/thumb/v7e-m/fpv4-sp/hard\libgcc.a
LOAD c:/program files (x86)/gnu tools arm embedded/6 2017-q1-update/bin/../lib/gcc/arm-none-eabi/6.3.1/../../../../arm-none-eabi/lib/thumb/v7e-m/fpv4-sp/hard\libc.a
START GROUP
LOAD c:/program files (x86)/gnu tools arm embedded/6 2017-q1-update/bin/../lib/gcc/arm-none-eabi/6.3.1/thumb/v7e-m/fpv4-sp/hard\libgcc.a
LOAD c:/program files (x86)/gnu tools arm embedded/6 2017-q1-update/bin/../lib/gcc/arm-none-eabi/6.3.1/../../../../arm-none-eabi/lib/thumb/v7e-m/fpv4-sp/hard\libg.a
LOAD c:/program files (x86)/gnu tools arm embedded/6 2017-q1-update/bin/../lib/gcc/arm-none-eabi/6.3.1/../../../../arm-none-eabi/lib/thumb/v7e-m/fpv4-sp/hard\libc.a
END GROUP
LOAD c:/program files (x86)/gnu tools arm embedded/6 2017-q1-update/bin/../lib/gcc/arm-none-eabi/6.3.1/thumb/v7e-m/fpv4-sp/hard/crtend.o
LOAD c:/program files (x86)/gnu tools arm embedded/6 2017-q1-update/bin/../lib/gcc/arm-none-eabi/6.3.1/thumb/v7e-m/fpv4-sp/hard/crtn.o
OUTPUT(main.elf elf32-littlearm)

.ARM.attributes
                0x00000000       0x30
 .ARM.attributes
                0x00000000       0x22 c:/program files (x86)/gnu tools arm embedded/6 2017-q1-update/bin/../lib/gcc/arm-none-eabi/6.3.1/thumb/v7e-m/fpv4-sp/hard/crti.o
 .ARM.attributes
                0x00000022       0x34 c:/program files (x86)/gnu tools arm embedded/6 2017-q1-update/bin/../lib/gcc/arm-none-eabi/6.3.1/thumb/v7e-m/fpv4-sp/hard/crtbegin.o
 .ARM.attributes
                0x00000056       0x39 ..\obj\stm32f4xx_syscfg.o
 .ARM.attributes
                0x0000008f       0x39 ..\obj\mb.o
 .ARM.attributes
                0x000000c8       0x39 ..\obj\mbfuncdisc.o
 .ARM.attributes
                0x00000101       0x39 ..\obj\portevent.o
 .ARM.attributes
                0x0000013a       0x39 ..\obj\mbfuncother.o
 .ARM.attributes
                0x00000173       0x39 ..\obj\stm32f4xx_usart.o
 .ARM.attributes
                0x000001ac       0x39 ..\obj\mbutils.o
 .ARM.attributes
                0x000001e5       0x39 ..\obj\stm32f4xx_dac.o
 .ARM.attributes
                0x0000021e       0x39 ..\obj\startup_stm32f4xx.o
 .ARM.attributes
                0x00000257       0x39 ..\obj\mbfuncholding.o
 .ARM.attributes
                0x00000290       0x39 ..\obj\main.o
 .ARM.attributes
                0x000002c9       0x39 ..\obj\mbcrc.o
 .ARM.attributes
                0x00000302       0x39 ..\obj\stm32f4xx_rcc.o
 .ARM.attributes
                0x0000033b       0x39 ..\obj\foc.o
 .ARM.attributes
                0x00000374       0x39 ..\obj\stm32f4xx_adc.o
 .ARM.attributes
                0x000003ad       0x39 ..\obj\mbfuncinput.o
 .ARM.attributes
                0x000003e6       0x39 ..\obj\encoder.o
 .ARM.attributes
                0x0000041f       0x39 ..\obj\stm32f4xx_gpio.o
 .ARM.attributes
                0x00000458       0x39 ..\obj\porttimer.o
 .ARM.attributes
                0x00000491       0x39 ..\obj\mbrtu.o
 .ARM.attributes
                0x000004ca       0x39 ..\obj\system_stm32f4xx.o
 .ARM.attributes
                0x00000503       0x39 ..\obj\stm32f4xx_dma.o
 .ARM.attributes
                0x0000053c       0x39 ..\obj\portserial.o
 .ARM.attributes
                0x00000575       0x39 ..\obj\mbfunccoils.o
 .ARM.attributes
                0x000005ae       0x39 ..\obj\stm32f4xx_exti.o
 .ARM.attributes
                0x000005e7       0x39 ..\obj\misc.o
 .ARM.attributes
                0x00000620       0x39 ..\obj\svpwm.o
 .ARM.attributes
                0x00000659       0x39 ..\obj\mbascii.o
 .ARM.attributes
                0x00000692       0x39 ..\obj\pid.o
 .ARM.attributes
                0x000006cb       0x39 ..\obj\stm32f4xx_tim.o
 .ARM.attributes
                0x00000704       0x34 c:/program files (x86)/gnu tools arm embedded/6 2017-q1-update/bin/../lib/gcc/arm-none-eabi/6.3.1/../../../../arm-none-eabi/lib/thumb/v7e-m/fpv4-sp/hard\libm.a(lib_a-sf_cos.o)
 .ARM.attributes
                0x00000738       0x34 c:/program files (x86)/gnu tools arm embedded/6 2017-q1-update/bin/../lib/gcc/arm-none-eabi/6.3.1/../../../../arm-none-eabi/lib/thumb/v7e-m/fpv4-sp/hard\libm.a(lib_a-sf_sin.o)
 .ARM.attributes
                0x0000076c       0x34 c:/program files (x86)/gnu tools arm embedded/6 2017-q1-update/bin/../lib/gcc/arm-none-eabi/6.3.1/../../../../arm-none-eabi/lib/thumb/v7e-m/fpv4-sp/hard\libm.a(lib_a-ef_rem_pio2.o)
 .ARM.attributes
                0x000007a0       0x34 c:/program files (x86)/gnu tools arm embedded/6 2017-q1-update/bin/../lib/gcc/arm-none-eabi/6.3.1/../../../../arm-none-eabi/lib/thumb/v7e-m/fpv4-sp/hard\libm.a(lib_a-kf_cos.o)
 .ARM.attributes
                0x000007d4       0x34 c:/program files (x86)/gnu tools arm embedded/6 2017-q1-update/bin/../lib/gcc/arm-none-eabi/6.3.1/../../../../arm-none-eabi/lib/thumb/v7e-m/fpv4-sp/hard\libm.a(lib_a-kf_rem_pio2.o)
 .ARM.attributes
                0x00000808       0x34 c:/program files (x86)/gnu tools arm embedded/6 2017-q1-update/bin/../lib/gcc/arm-none-eabi/6.3.1/../../../../arm-none-eabi/lib/thumb/v7e-m/fpv4-sp/hard\libm.a(lib_a-kf_sin.o)
 .ARM.attributes
                0x0000083c       0x34 c:/program files (x86)/gnu tools arm embedded/6 2017-q1-update/bin/../lib/gcc/arm-none-eabi/6.3.1/../../../../arm-none-eabi/lib/thumb/v7e-m/fpv4-sp/hard\libm.a(lib_a-sf_fabs.o)
 .ARM.attributes
                0x00000870       0x34 c:/program files (x86)/gnu tools arm embedded/6 2017-q1-update/bin/../lib/gcc/arm-none-eabi/6.3.1/../../../../arm-none-eabi/lib/thumb/v7e-m/fpv4-sp/hard\libm.a(lib_a-sf_floor.o)
 .ARM.attributes
                0x000008a4       0x34 c:/program files (x86)/gnu tools arm embedded/6 2017-q1-update/bin/../lib/gcc/arm-none-eabi/6.3.1/../../../../arm-none-eabi/lib/thumb/v7e-m/fpv4-sp/hard\libm.a(lib_a-sf_scalbn.o)
 .ARM.attributes
                0x000008d8       0x34 c:/program files (x86)/gnu tools arm embedded/6 2017-q1-update/bin/../lib/gcc/arm-none-eabi/6.3.1/../../../../arm-none-eabi/lib/thumb/v7e-m/fpv4-sp/hard\libm.a(lib_a-sf_copysign.o)
 .ARM.attributes
                0x0000090c       0x34 c:/program files (x86)/gnu tools arm embedded/6 2017-q1-update/bin/../lib/gcc/arm-none-eabi/6.3.1/../../../../arm-none-eabi/lib/thumb/v7e-m/fpv4-sp/hard\libc.a(lib_a-impure.o)
 .ARM.attributes
                0x00000940       0x20 c:/program files (x86)/gnu tools arm embedded/6 2017-q1-update/bin/../lib/gcc/arm-none-eabi/6.3.1/../../../../arm-none-eabi/lib/thumb/v7e-m/fpv4-sp/hard\libc.a(lib_a-memcpy.o)
 .ARM.attributes
                0x00000960       0x34 c:/program files (x86)/gnu tools arm embedded/6 2017-q1-update/bin/../lib/gcc/arm-none-eabi/6.3.1/../../../../arm-none-eabi/lib/thumb/v7e-m/fpv4-sp/hard\libc.a(lib_a-memset.o)
 .ARM.attributes
                0x00000994       0x34 c:/program files (x86)/gnu tools arm embedded/6 2017-q1-update/bin/../lib/gcc/arm-none-eabi/6.3.1/../../../../arm-none-eabi/lib/thumb/v7e-m/fpv4-sp/hard\libc.a(lib_a-__call_atexit.o)
 .ARM.attributes
                0x000009c8       0x34 c:/program files (x86)/gnu tools arm embedded/6 2017-q1-update/bin/../lib/gcc/arm-none-eabi/6.3.1/../../../../arm-none-eabi/lib/thumb/v7e-m/fpv4-sp/hard\libc.a(lib_a-atexit.o)
 .ARM.attributes
                0x000009fc       0x34 c:/program files (x86)/gnu tools arm embedded/6 2017-q1-update/bin/../lib/gcc/arm-none-eabi/6.3.1/../../../../arm-none-eabi/lib/thumb/v7e-m/fpv4-sp/hard\libc.a(lib_a-fini.o)
 .ARM.attributes
                0x00000a30       0x34 c:/program files (x86)/gnu tools arm embedded/6 2017-q1-update/bin/../lib/gcc/arm-none-eabi/6.3.1/../../../../arm-none-eabi/lib/thumb/v7e-m/fpv4-sp/hard\libc.a(lib_a-lock.o)
 .ARM.attributes
                0x00000a64       0x34 c:/program files (x86)/gnu tools arm embedded/6 2017-q1-update/bin/../lib/gcc/arm-none-eabi/6.3.1/../../../../arm-none-eabi/lib/thumb/v7e-m/fpv4-sp/hard\libc.a(lib_a-__atexit.o)
 .ARM.attributes
                0x00000a98       0x34 c:/program files (x86)/gnu tools arm embedded/6 2017-q1-update/bin/../lib/gcc/arm-none-eabi/6.3.1/thumb/v7e-m/fpv4-sp/hard/crtend.o
 .ARM.attributes
                0x00000acc       0x22 c:/program files (x86)/gnu tools arm embedded/6 2017-q1-update/bin/../lib/gcc/arm-none-eabi/6.3.1/thumb/v7e-m/fpv4-sp/hard/crtn.o

.comment        0x00000000       0x7f
 .comment       0x00000000       0x7f ..\obj\stm32f4xx_syscfg.o
                                 0x80 (size before relaxing)
 .comment       0x0000007f       0x80 ..\obj\mb.o
 .comment       0x0000007f       0x80 ..\obj\mbfuncdisc.o
 .comment       0x0000007f       0x80 ..\obj\portevent.o
 .comment       0x0000007f       0x80 ..\obj\mbfuncother.o
 .comment       0x0000007f       0x80 ..\obj\stm32f4xx_usart.o
 .comment       0x0000007f       0x80 ..\obj\mbutils.o
 .comment       0x0000007f       0x80 ..\obj\stm32f4xx_dac.o
 .comment       0x0000007f       0x80 ..\obj\startup_stm32f4xx.o
 .comment       0x0000007f       0x80 ..\obj\mbfuncholding.o
 .comment       0x0000007f       0x80 ..\obj\main.o
 .comment       0x0000007f       0x80 ..\obj\mbcrc.o
 .comment       0x0000007f       0x80 ..\obj\stm32f4xx_rcc.o
 .comment       0x0000007f       0x80 ..\obj\foc.o
 .comment       0x0000007f       0x80 ..\obj\stm32f4xx_adc.o
 .comment       0x0000007f       0x80 ..\obj\mbfuncinput.o
 .comment       0x0000007f       0x80 ..\obj\encoder.o
 .comment       0x0000007f       0x80 ..\obj\stm32f4xx_gpio.o
 .comment       0x0000007f       0x80 ..\obj\porttimer.o
 .comment       0x0000007f       0x80 ..\obj\mbrtu.o
 .comment       0x0000007f       0x80 ..\obj\system_stm32f4xx.o
 .comment       0x0000007f       0x80 ..\obj\stm32f4xx_dma.o
 .comment       0x0000007f       0x80 ..\obj\portserial.o
 .comment       0x0000007f       0x80 ..\obj\mbfunccoils.o
 .comment       0x0000007f       0x80 ..\obj\stm32f4xx_exti.o
 .comment       0x0000007f       0x80 ..\obj\misc.o
 .comment       0x0000007f       0x80 ..\obj\svpwm.o
 .comment       0x0000007f       0x80 ..\obj\mbascii.o
 .comment       0x0000007f       0x80 ..\obj\pid.o
 .comment       0x0000007f       0x80 ..\obj\stm32f4xx_tim.o

.debug_info     0x00000000    0x157b9
 .debug_info    0x00000000      0x2c1 ..\obj\stm32f4xx_syscfg.o
 .debug_info    0x000002c1      0xf3d ..\obj\mb.o
 .debug_info    0x000011fe      0xad5 ..\obj\mbfuncdisc.o
 .debug_info    0x00001cd3      0x1d9 ..\obj\portevent.o
 .debug_info    0x00001eac      0xb35 ..\obj\mbfuncother.o
 .debug_info    0x000029e1      0xaaf ..\obj\stm32f4xx_usart.o
 .debug_info    0x00003490      0xb56 ..\obj\mbutils.o
 .debug_info    0x00003fe6      0x68e ..\obj\stm32f4xx_dac.o
 .debug_info    0x00004674      0x121 ..\obj\startup_stm32f4xx.o
 .debug_info    0x00004795      0xd1a ..\obj\mbfuncholding.o
 .debug_info    0x000054af     0x1314 ..\obj\main.o
 .debug_info    0x000067c3      0x191 ..\obj\mbcrc.o
 .debug_info    0x00006954      0xca3 ..\obj\stm32f4xx_rcc.o
 .debug_info    0x000075f7     0x1313 ..\obj\foc.o
 .debug_info    0x0000890a      0xc7e ..\obj\stm32f4xx_adc.o
 .debug_info    0x00009588      0xac6 ..\obj\mbfuncinput.o
 .debug_info    0x0000a04e     0x11b9 ..\obj\encoder.o
 .debug_info    0x0000b207      0x712 ..\obj\stm32f4xx_gpio.o
 .debug_info    0x0000b919      0x838 ..\obj\porttimer.o
 .debug_info    0x0000c151      0xf30 ..\obj\mbrtu.o
 .debug_info    0x0000d081      0x5e9 ..\obj\system_stm32f4xx.o
 .debug_info    0x0000d66a      0x732 ..\obj\stm32f4xx_dma.o
 .debug_info    0x0000dd9c      0xca1 ..\obj\portserial.o
 .debug_info    0x0000ea3d      0xc54 ..\obj\mbfunccoils.o
 .debug_info    0x0000f691      0x365 ..\obj\stm32f4xx_exti.o
 .debug_info    0x0000f9f6      0x54d ..\obj\misc.o
 .debug_info    0x0000ff43     0x1b1b ..\obj\svpwm.o
 .debug_info    0x00011a5e     0x111e ..\obj\mbascii.o
 .debug_info    0x00012b7c      0xc30 ..\obj\pid.o
 .debug_info    0x000137ac     0x200d ..\obj\stm32f4xx_tim.o

.debug_abbrev   0x00000000     0x4020
 .debug_abbrev  0x00000000      0x173 ..\obj\stm32f4xx_syscfg.o
 .debug_abbrev  0x00000173      0x2f7 ..\obj\mb.o
 .debug_abbrev  0x0000046a      0x238 ..\obj\mbfuncdisc.o
 .debug_abbrev  0x000006a2       0xeb ..\obj\portevent.o
 .debug_abbrev  0x0000078d      0x222 ..\obj\mbfuncother.o
 .debug_abbrev  0x000009af      0x1d8 ..\obj\stm32f4xx_usart.o
 .debug_abbrev  0x00000b87      0x225 ..\obj\mbutils.o
 .debug_abbrev  0x00000dac      0x231 ..\obj\stm32f4xx_dac.o
 .debug_abbrev  0x00000fdd       0xeb ..\obj\startup_stm32f4xx.o
 .debug_abbrev  0x000010c8      0x238 ..\obj\mbfuncholding.o
 .debug_abbrev  0x00001300      0x332 ..\obj\main.o
 .debug_abbrev  0x00001632       0xc9 ..\obj\mbcrc.o
 .debug_abbrev  0x000016fb      0x21c ..\obj\stm32f4xx_rcc.o
 .debug_abbrev  0x00001917      0x311 ..\obj\foc.o
 .debug_abbrev  0x00001c28      0x205 ..\obj\stm32f4xx_adc.o
 .debug_abbrev  0x00001e2d      0x238 ..\obj\mbfuncinput.o
 .debug_abbrev  0x00002065      0x2ba ..\obj\encoder.o
 .debug_abbrev  0x0000231f      0x1ff ..\obj\stm32f4xx_gpio.o
 .debug_abbrev  0x0000251e      0x1be ..\obj\porttimer.o
 .debug_abbrev  0x000026dc      0x2c1 ..\obj\mbrtu.o
 .debug_abbrev  0x0000299d      0x17b ..\obj\system_stm32f4xx.o
 .debug_abbrev  0x00002b18      0x1af ..\obj\stm32f4xx_dma.o
 .debug_abbrev  0x00002cc7      0x210 ..\obj\portserial.o
 .debug_abbrev  0x00002ed7      0x252 ..\obj\mbfunccoils.o
 .debug_abbrev  0x00003129      0x206 ..\obj\stm32f4xx_exti.o
 .debug_abbrev  0x0000332f      0x17f ..\obj\misc.o
 .debug_abbrev  0x000034ae      0x2d2 ..\obj\svpwm.o
 .debug_abbrev  0x00003780      0x352 ..\obj\mbascii.o
 .debug_abbrev  0x00003ad2      0x289 ..\obj\pid.o
 .debug_abbrev  0x00003d5b      0x2c5 ..\obj\stm32f4xx_tim.o

.debug_loc      0x00000000     0x6f0b
 .debug_loc     0x00000000       0x97 ..\obj\stm32f4xx_syscfg.o
 .debug_loc     0x00000097      0x299 ..\obj\mb.o
 .debug_loc     0x00000330      0x183 ..\obj\mbfuncdisc.o
 .debug_loc     0x000004b3       0x6e ..\obj\portevent.o
 .debug_loc     0x00000521      0x124 ..\obj\mbfuncother.o
 .debug_loc     0x00000645      0x7d5 ..\obj\stm32f4xx_usart.o
 .debug_loc     0x00000e1a      0x3d2 ..\obj\mbutils.o
 .debug_loc     0x000011ec      0x3cd ..\obj\stm32f4xx_dac.o
 .debug_loc     0x000015b9       0x2b ..\obj\startup_stm32f4xx.o
 .debug_loc     0x000015e4      0x73d ..\obj\mbfuncholding.o
 .debug_loc     0x00001d21      0x401 ..\obj\main.o
 .debug_loc     0x00002122       0xb5 ..\obj\mbcrc.o
 .debug_loc     0x000021d7      0x9c7 ..\obj\stm32f4xx_rcc.o
 .debug_loc     0x00002b9e      0x16c ..\obj\foc.o
 .debug_loc     0x00002d0a      0x9fe ..\obj\stm32f4xx_adc.o
 .debug_loc     0x00003708      0x170 ..\obj\mbfuncinput.o
 .debug_loc     0x00003878      0x293 ..\obj\encoder.o
 .debug_loc     0x00003b0b      0x30c ..\obj\stm32f4xx_gpio.o
 .debug_loc     0x00003e17       0x21 ..\obj\porttimer.o
 .debug_loc     0x00003e38      0x2e7 ..\obj\mbrtu.o
 .debug_loc     0x0000411f      0x10b ..\obj\system_stm32f4xx.o
 .debug_loc     0x0000422a      0x415 ..\obj\stm32f4xx_dma.o
 .debug_loc     0x0000463f      0x123 ..\obj\portserial.o
 .debug_loc     0x00004762      0x400 ..\obj\mbfunccoils.o
 .debug_loc     0x00004b62      0x188 ..\obj\stm32f4xx_exti.o
 .debug_loc     0x00004cea      0x15c ..\obj\misc.o
 .debug_loc     0x00004e46      0x24e ..\obj\svpwm.o
 .debug_loc     0x00005094      0x411 ..\obj\mbascii.o
 .debug_loc     0x000054a5      0x176 ..\obj\pid.o
 .debug_loc     0x0000561b     0x18f0 ..\obj\stm32f4xx_tim.o

.debug_aranges  0x00000000      0xe40
 .debug_aranges
                0x00000000       0x48 ..\obj\stm32f4xx_syscfg.o
 .debug_aranges
                0x00000048       0x48 ..\obj\mb.o
 .debug_aranges
                0x00000090       0x20 ..\obj\mbfuncdisc.o
 .debug_aranges
                0x000000b0       0x30 ..\obj\portevent.o
 .debug_aranges
                0x000000e0       0x28 ..\obj\mbfuncother.o
 .debug_aranges
                0x00000108      0x100 ..\obj\stm32f4xx_usart.o
 .debug_aranges
                0x00000208       0x30 ..\obj\mbutils.o
 .debug_aranges
                0x00000238       0x90 ..\obj\stm32f4xx_dac.o
 .debug_aranges
                0x000002c8       0x28 ..\obj\startup_stm32f4xx.o
 .debug_aranges
                0x000002f0       0x38 ..\obj\mbfuncholding.o
 .debug_aranges
                0x00000328       0x58 ..\obj\main.o
 .debug_aranges
                0x00000380       0x20 ..\obj\mbcrc.o
 .debug_aranges
                0x000003a0      0x178 ..\obj\stm32f4xx_rcc.o
 .debug_aranges
                0x00000518       0x60 ..\obj\foc.o
 .debug_aranges
                0x00000578      0x140 ..\obj\stm32f4xx_adc.o
 .debug_aranges
                0x000006b8       0x20 ..\obj\mbfuncinput.o
 .debug_aranges
                0x000006d8       0x90 ..\obj\encoder.o
 .debug_aranges
                0x00000768       0x88 ..\obj\stm32f4xx_gpio.o
 .debug_aranges
                0x000007f0       0x38 ..\obj\porttimer.o
 .debug_aranges
                0x00000828       0x58 ..\obj\mbrtu.o
 .debug_aranges
                0x00000880       0x28 ..\obj\system_stm32f4xx.o
 .debug_aranges
                0x000008a8       0xa8 ..\obj\stm32f4xx_dma.o
 .debug_aranges
                0x00000950       0x40 ..\obj\portserial.o
 .debug_aranges
                0x00000990       0x30 ..\obj\mbfunccoils.o
 .debug_aranges
                0x000009c0       0x50 ..\obj\stm32f4xx_exti.o
 .debug_aranges
                0x00000a10       0x40 ..\obj\misc.o
 .debug_aranges
                0x00000a50       0x70 ..\obj\svpwm.o
 .debug_aranges
                0x00000ac0       0x58 ..\obj\mbascii.o
 .debug_aranges
                0x00000b18       0x50 ..\obj\pid.o
 .debug_aranges
                0x00000b68      0x2d8 ..\obj\stm32f4xx_tim.o

.debug_ranges   0x00000000      0xdc8
 .debug_ranges  0x00000000       0x38 ..\obj\stm32f4xx_syscfg.o
 .debug_ranges  0x00000038       0x38 ..\obj\mb.o
 .debug_ranges  0x00000070       0x10 ..\obj\mbfuncdisc.o
 .debug_ranges  0x00000080       0x20 ..\obj\portevent.o
 .debug_ranges  0x000000a0       0x18 ..\obj\mbfuncother.o
 .debug_ranges  0x000000b8       0xf0 ..\obj\stm32f4xx_usart.o
 .debug_ranges  0x000001a8       0x20 ..\obj\mbutils.o
 .debug_ranges  0x000001c8       0x80 ..\obj\stm32f4xx_dac.o
 .debug_ranges  0x00000248       0x18 ..\obj\startup_stm32f4xx.o
 .debug_ranges  0x00000260       0x28 ..\obj\mbfuncholding.o
 .debug_ranges  0x00000288       0xc8 ..\obj\main.o
 .debug_ranges  0x00000350       0x10 ..\obj\mbcrc.o
 .debug_ranges  0x00000360      0x168 ..\obj\stm32f4xx_rcc.o
 .debug_ranges  0x000004c8       0x68 ..\obj\foc.o
 .debug_ranges  0x00000530      0x130 ..\obj\stm32f4xx_adc.o
 .debug_ranges  0x00000660       0x10 ..\obj\mbfuncinput.o
 .debug_ranges  0x00000670       0xa8 ..\obj\encoder.o
 .debug_ranges  0x00000718       0x78 ..\obj\stm32f4xx_gpio.o
 .debug_ranges  0x00000790       0x28 ..\obj\porttimer.o
 .debug_ranges  0x000007b8       0x48 ..\obj\mbrtu.o
 .debug_ranges  0x00000800       0x30 ..\obj\system_stm32f4xx.o
 .debug_ranges  0x00000830       0x98 ..\obj\stm32f4xx_dma.o
 .debug_ranges  0x000008c8       0x48 ..\obj\portserial.o
 .debug_ranges  0x00000910       0x20 ..\obj\mbfunccoils.o
 .debug_ranges  0x00000930       0x40 ..\obj\stm32f4xx_exti.o
 .debug_ranges  0x00000970       0x30 ..\obj\misc.o
 .debug_ranges  0x000009a0       0x60 ..\obj\svpwm.o
 .debug_ranges  0x00000a00       0x88 ..\obj\mbascii.o
 .debug_ranges  0x00000a88       0x40 ..\obj\pid.o
 .debug_ranges  0x00000ac8      0x300 ..\obj\stm32f4xx_tim.o

.debug_line     0x00000000     0x83e8
 .debug_line    0x00000000      0x307 ..\obj\stm32f4xx_syscfg.o
 .debug_line    0x00000307      0x5ac ..\obj\mb.o
 .debug_line    0x000008b3      0x423 ..\obj\mbfuncdisc.o
 .debug_line    0x00000cd6      0x2b1 ..\obj\portevent.o
 .debug_line    0x00000f87      0x410 ..\obj\mbfuncother.o
 .debug_line    0x00001397      0x580 ..\obj\stm32f4xx_usart.o
 .debug_line    0x00001917      0x42e ..\obj\mbutils.o
 .debug_line    0x00001d45      0x3e5 ..\obj\stm32f4xx_dac.o
 .debug_line    0x0000212a       0xbb ..\obj\startup_stm32f4xx.o
 .debug_line    0x000021e5      0x4cb ..\obj\mbfuncholding.o
 .debug_line    0x000026b0      0x60d ..\obj\main.o
 .debug_line    0x00002cbd      0x281 ..\obj\mbcrc.o
 .debug_line    0x00002f3e      0x62e ..\obj\stm32f4xx_rcc.o
 .debug_line    0x0000356c      0x4da ..\obj\foc.o
 .debug_line    0x00003a46      0x603 ..\obj\stm32f4xx_adc.o
 .debug_line    0x00004049      0x415 ..\obj\mbfuncinput.o
 .debug_line    0x0000445e      0x4e0 ..\obj\encoder.o
 .debug_line    0x0000493e      0x3f7 ..\obj\stm32f4xx_gpio.o
 .debug_line    0x00004d35      0x377 ..\obj\porttimer.o
 .debug_line    0x000050ac      0x528 ..\obj\mbrtu.o
 .debug_line    0x000055d4      0x23f ..\obj\system_stm32f4xx.o
 .debug_line    0x00005813      0x494 ..\obj\stm32f4xx_dma.o
 .debug_line    0x00005ca7      0x3e2 ..\obj\portserial.o
 .debug_line    0x00006089      0x497 ..\obj\mbfunccoils.o
 .debug_line    0x00006520      0x337 ..\obj\stm32f4xx_exti.o
 .debug_line    0x00006857      0x2ef ..\obj\misc.o
 .debug_line    0x00006b46      0x50e ..\obj\svpwm.o
 .debug_line    0x00007054      0x59d ..\obj\mbascii.o
 .debug_line    0x000075f1      0x276 ..\obj\pid.o
 .debug_line    0x00007867      0xb81 ..\obj\stm32f4xx_tim.o

.debug_str      0x00000000     0x51b9
 .debug_str     0x00000000      0x2fc ..\obj\stm32f4xx_syscfg.o
                                0x35a (size before relaxing)
 .debug_str     0x000002fc      0x8b7 ..\obj\mb.o
                                0xaa3 (size before relaxing)
 .debug_str     0x00000bb3       0xed ..\obj\mbfuncdisc.o
                                0x82e (size before relaxing)
 .debug_str     0x00000ca0       0x86 ..\obj\portevent.o
                                0x2d6 (size before relaxing)
 .debug_str     0x00000d26       0xe2 ..\obj\mbfuncother.o
                                0x832 (size before relaxing)
 .debug_str     0x00000e08      0x51b ..\obj\stm32f4xx_usart.o
                                0x71e (size before relaxing)
 .debug_str     0x00001323       0xdf ..\obj\mbutils.o
                                0x836 (size before relaxing)
 .debug_str     0x00001402      0x2b7 ..\obj\stm32f4xx_dac.o
                                0x4b9 (size before relaxing)
 .debug_str     0x000016b9       0xe3 ..\obj\startup_stm32f4xx.o
                                0x19d (size before relaxing)
 .debug_str     0x0000179c      0x181 ..\obj\mbfuncholding.o
                                0x90b (size before relaxing)
 .debug_str     0x0000191d      0xc6b ..\obj\main.o
                               0x101c (size before relaxing)
 .debug_str     0x00002588       0x7a ..\obj\mbcrc.o
                                0x22e (size before relaxing)
 .debug_str     0x00002602      0x58b ..\obj\stm32f4xx_rcc.o
                                0x89f (size before relaxing)
 .debug_str     0x00002b8d      0x30d ..\obj\foc.o
                                0x988 (size before relaxing)
 .debug_str     0x00002e9a      0x5ac ..\obj\stm32f4xx_adc.o
                                0x86a (size before relaxing)
 .debug_str     0x00003446       0x7c ..\obj\mbfuncinput.o
                                0x81f (size before relaxing)
 .debug_str     0x000034c2      0x25a ..\obj\encoder.o
                                0xe9c (size before relaxing)
 .debug_str     0x0000371c      0x13a ..\obj\stm32f4xx_gpio.o
                                0x509 (size before relaxing)
 .debug_str     0x00003856      0x11a ..\obj\porttimer.o
                                0xa3d (size before relaxing)
 .debug_str     0x00003970      0x222 ..\obj\mbrtu.o
                                0x99f (size before relaxing)
 .debug_str     0x00003b92      0x103 ..\obj\system_stm32f4xx.o
                                0x3e9 (size before relaxing)
 .debug_str     0x00003c95      0x3a0 ..\obj\stm32f4xx_dma.o
                                0x591 (size before relaxing)
 .debug_str     0x00004035       0xca ..\obj\portserial.o
                                0xcd3 (size before relaxing)
 .debug_str     0x000040ff       0xd9 ..\obj\mbfunccoils.o
                                0x893 (size before relaxing)
 .debug_str     0x000041d8       0xda ..\obj\stm32f4xx_exti.o
                                0x3a8 (size before relaxing)
 .debug_str     0x000042b2      0x15c ..\obj\misc.o
                                0x41d (size before relaxing)
 .debug_str     0x0000440e      0x39d ..\obj\svpwm.o
                               0x13a4 (size before relaxing)
 .debug_str     0x000047ab      0x1ba ..\obj\mbascii.o
                                0xa35 (size before relaxing)
 .debug_str     0x00004965       0xd5 ..\obj\pid.o
                                0x6be (size before relaxing)
 .debug_str     0x00004a3a      0x77f ..\obj\stm32f4xx_tim.o
                                0xe4d (size before relaxing)

.debug_frame    0x00000000     0x2430
 .debug_frame   0x00000000       0x84 ..\obj\stm32f4xx_syscfg.o
 .debug_frame   0x00000084       0xb8 ..\obj\mb.o
 .debug_frame   0x0000013c       0x38 ..\obj\mbfuncdisc.o
 .debug_frame   0x00000174       0x40 ..\obj\portevent.o
 .debug_frame   0x000001b4       0x48 ..\obj\mbfuncother.o
 .debug_frame   0x000001fc      0x224 ..\obj\stm32f4xx_usart.o
 .debug_frame   0x00000420       0x58 ..\obj\mbutils.o
 .debug_frame   0x00000478      0x150 ..\obj\stm32f4xx_dac.o
 .debug_frame   0x000005c8       0x30 ..\obj\startup_stm32f4xx.o
 .debug_frame   0x000005f8       0xac ..\obj\mbfuncholding.o
 .debug_frame   0x000006a4      0x100 ..\obj\main.o
 .debug_frame   0x000007a4       0x2c ..\obj\mbcrc.o
 .debug_frame   0x000007d0      0x2e8 ..\obj\stm32f4xx_rcc.o
 .debug_frame   0x00000ab8      0x148 ..\obj\foc.o
 .debug_frame   0x00000c00      0x2b4 ..\obj\stm32f4xx_adc.o
 .debug_frame   0x00000eb4       0x38 ..\obj\mbfuncinput.o
 .debug_frame   0x00000eec      0x19c ..\obj\encoder.o
 .debug_frame   0x00001088      0x124 ..\obj\stm32f4xx_gpio.o
 .debug_frame   0x000011ac       0x7c ..\obj\porttimer.o
 .debug_frame   0x00001228       0xec ..\obj\mbrtu.o
 .debug_frame   0x00001314       0x44 ..\obj\system_stm32f4xx.o
 .debug_frame   0x00001358      0x160 ..\obj\stm32f4xx_dma.o
 .debug_frame   0x000014b8       0xac ..\obj\portserial.o
 .debug_frame   0x00001564       0x78 ..\obj\mbfunccoils.o
 .debug_frame   0x000015dc       0x9c ..\obj\stm32f4xx_exti.o
 .debug_frame   0x00001678       0x68 ..\obj\misc.o
 .debug_frame   0x000016e0      0x158 ..\obj\svpwm.o
 .debug_frame   0x00001838       0xf0 ..\obj\mbascii.o
 .debug_frame   0x00001928       0xa0 ..\obj\pid.o
 .debug_frame   0x000019c8      0x6bc ..\obj\stm32f4xx_tim.o
 .debug_frame   0x00002084       0x34 c:/program files (x86)/gnu tools arm embedded/6 2017-q1-update/bin/../lib/gcc/arm-none-eabi/6.3.1/../../../../arm-none-eabi/lib/thumb/v7e-m/fpv4-sp/hard\libm.a(lib_a-sf_cos.o)
 .debug_frame   0x000020b8       0x34 c:/program files (x86)/gnu tools arm embedded/6 2017-q1-update/bin/../lib/gcc/arm-none-eabi/6.3.1/../../../../arm-none-eabi/lib/thumb/v7e-m/fpv4-sp/hard\libm.a(lib_a-sf_sin.o)
 .debug_frame   0x000020ec       0x3c c:/program files (x86)/gnu tools arm embedded/6 2017-q1-update/bin/../lib/gcc/arm-none-eabi/6.3.1/../../../../arm-none-eabi/lib/thumb/v7e-m/fpv4-sp/hard\libm.a(lib_a-ef_rem_pio2.o)
 .debug_frame   0x00002128       0x20 c:/program files (x86)/gnu tools arm embedded/6 2017-q1-update/bin/../lib/gcc/arm-none-eabi/6.3.1/../../../../arm-none-eabi/lib/thumb/v7e-m/fpv4-sp/hard\libm.a(lib_a-kf_cos.o)
 .debug_frame   0x00002148       0x5c c:/program files (x86)/gnu tools arm embedded/6 2017-q1-update/bin/../lib/gcc/arm-none-eabi/6.3.1/../../../../arm-none-eabi/lib/thumb/v7e-m/fpv4-sp/hard\libm.a(lib_a-kf_rem_pio2.o)
 .debug_frame   0x000021a4       0x20 c:/program files (x86)/gnu tools arm embedded/6 2017-q1-update/bin/../lib/gcc/arm-none-eabi/6.3.1/../../../../arm-none-eabi/lib/thumb/v7e-m/fpv4-sp/hard\libm.a(lib_a-kf_sin.o)
 .debug_frame   0x000021c4       0x20 c:/program files (x86)/gnu tools arm embedded/6 2017-q1-update/bin/../lib/gcc/arm-none-eabi/6.3.1/../../../../arm-none-eabi/lib/thumb/v7e-m/fpv4-sp/hard\libm.a(lib_a-sf_fabs.o)
 .debug_frame   0x000021e4       0x20 c:/program files (x86)/gnu tools arm embedded/6 2017-q1-update/bin/../lib/gcc/arm-none-eabi/6.3.1/../../../../arm-none-eabi/lib/thumb/v7e-m/fpv4-sp/hard\libm.a(lib_a-sf_floor.o)
 .debug_frame   0x00002204       0x44 c:/program files (x86)/gnu tools arm embedded/6 2017-q1-update/bin/../lib/gcc/arm-none-eabi/6.3.1/../../../../arm-none-eabi/lib/thumb/v7e-m/fpv4-sp/hard\libm.a(lib_a-sf_scalbn.o)
 .debug_frame   0x00002248       0x20 c:/program files (x86)/gnu tools arm embedded/6 2017-q1-update/bin/../lib/gcc/arm-none-eabi/6.3.1/../../../../arm-none-eabi/lib/thumb/v7e-m/fpv4-sp/hard\libm.a(lib_a-sf_copysign.o)
 .debug_frame   0x00002268       0x34 c:/program files (x86)/gnu tools arm embedded/6 2017-q1-update/bin/../lib/gcc/arm-none-eabi/6.3.1/../../../../arm-none-eabi/lib/thumb/v7e-m/fpv4-sp/hard\libc.a(lib_a-memset.o)
 .debug_frame   0x0000229c       0x5c c:/program files (x86)/gnu tools arm embedded/6 2017-q1-update/bin/../lib/gcc/arm-none-eabi/6.3.1/../../../../arm-none-eabi/lib/thumb/v7e-m/fpv4-sp/hard\libc.a(lib_a-__call_atexit.o)
 .debug_frame   0x000022f8       0x20 c:/program files (x86)/gnu tools arm embedded/6 2017-q1-update/bin/../lib/gcc/arm-none-eabi/6.3.1/../../../../arm-none-eabi/lib/thumb/v7e-m/fpv4-sp/hard\libc.a(lib_a-atexit.o)
 .debug_frame   0x00002318       0x34 c:/program files (x86)/gnu tools arm embedded/6 2017-q1-update/bin/../lib/gcc/arm-none-eabi/6.3.1/../../../../arm-none-eabi/lib/thumb/v7e-m/fpv4-sp/hard\libc.a(lib_a-fini.o)
 .debug_frame   0x0000234c       0xb0 c:/program files (x86)/gnu tools arm embedded/6 2017-q1-update/bin/../lib/gcc/arm-none-eabi/6.3.1/../../../../arm-none-eabi/lib/thumb/v7e-m/fpv4-sp/hard\libc.a(lib_a-lock.o)
 .debug_frame   0x000023fc       0x34 c:/program files (x86)/gnu tools arm embedded/6 2017-q1-update/bin/../lib/gcc/arm-none-eabi/6.3.1/../../../../arm-none-eabi/lib/thumb/v7e-m/fpv4-sp/hard\libc.a(lib_a-__atexit.o)
