Archive member included to satisfy reference by file (symbol)

c:/program files (x86)/gnu tools arm embedded/6 2017-q1-update/bin/../lib/gcc/arm-none-eabi/6.3.1/../../../../arm-none-eabi/lib/thumb/v7e-m/fpv4-sp/hard\libm.a(lib_a-sf_cos.o)
                              ..\obj\encoder.o (cosf)
c:/program files (x86)/gnu tools arm embedded/6 2017-q1-update/bin/../lib/gcc/arm-none-eabi/6.3.1/../../../../arm-none-eabi/lib/thumb/v7e-m/fpv4-sp/hard\libm.a(lib_a-sf_sin.o)
                              ..\obj\encoder.o (sinf)
c:/program files (x86)/gnu tools arm embedded/6 2017-q1-update/bin/../lib/gcc/arm-none-eabi/6.3.1/../../../../arm-none-eabi/lib/thumb/v7e-m/fpv4-sp/hard\libm.a(lib_a-ef_rem_pio2.o)
                              c:/program files (x86)/gnu tools arm embedded/6 2017-q1-update/bin/../lib/gcc/arm-none-eabi/6.3.1/../../../../arm-none-eabi/lib/thumb/v7e-m/fpv4-sp/hard\libm.a(lib_a-sf_cos.o) (__ieee754_rem_pio2f)
c:/program files (x86)/gnu tools arm embedded/6 2017-q1-update/bin/../lib/gcc/arm-none-eabi/6.3.1/../../../../arm-none-eabi/lib/thumb/v7e-m/fpv4-sp/hard\libm.a(lib_a-kf_cos.o)
                              c:/program files (x86)/gnu tools arm embedded/6 2017-q1-update/bin/../lib/gcc/arm-none-eabi/6.3.1/../../../../arm-none-eabi/lib/thumb/v7e-m/fpv4-sp/hard\libm.a(lib_a-sf_cos.o) (__kernel_cosf)
c:/program files (x86)/gnu tools arm embedded/6 2017-q1-update/bin/../lib/gcc/arm-none-eabi/6.3.1/../../../../arm-none-eabi/lib/thumb/v7e-m/fpv4-sp/hard\libm.a(lib_a-kf_rem_pio2.o)
                              c:/program files (x86)/gnu tools arm embedded/6 2017-q1-update/bin/../lib/gcc/arm-none-eabi/6.3.1/../../../../arm-none-eabi/lib/thumb/v7e-m/fpv4-sp/hard\libm.a(lib_a-ef_rem_pio2.o) (__kernel_rem_pio2f)
c:/program files (x86)/gnu tools arm embedded/6 2017-q1-update/bin/../lib/gcc/arm-none-eabi/6.3.1/../../../../arm-none-eabi/lib/thumb/v7e-m/fpv4-sp/hard\libm.a(lib_a-kf_sin.o)
                              c:/program files (x86)/gnu tools arm embedded/6 2017-q1-update/bin/../lib/gcc/arm-none-eabi/6.3.1/../../../../arm-none-eabi/lib/thumb/v7e-m/fpv4-sp/hard\libm.a(lib_a-sf_cos.o) (__kernel_sinf)
c:/program files (x86)/gnu tools arm embedded/6 2017-q1-update/bin/../lib/gcc/arm-none-eabi/6.3.1/../../../../arm-none-eabi/lib/thumb/v7e-m/fpv4-sp/hard\libm.a(lib_a-sf_fabs.o)
                              c:/program files (x86)/gnu tools arm embedded/6 2017-q1-update/bin/../lib/gcc/arm-none-eabi/6.3.1/../../../../arm-none-eabi/lib/thumb/v7e-m/fpv4-sp/hard\libm.a(lib_a-ef_rem_pio2.o) (fabsf)
c:/program files (x86)/gnu tools arm embedded/6 2017-q1-update/bin/../lib/gcc/arm-none-eabi/6.3.1/../../../../arm-none-eabi/lib/thumb/v7e-m/fpv4-sp/hard\libm.a(lib_a-sf_floor.o)
                              c:/program files (x86)/gnu tools arm embedded/6 2017-q1-update/bin/../lib/gcc/arm-none-eabi/6.3.1/../../../../arm-none-eabi/lib/thumb/v7e-m/fpv4-sp/hard\libm.a(lib_a-kf_rem_pio2.o) (floorf)
c:/program files (x86)/gnu tools arm embedded/6 2017-q1-update/bin/../lib/gcc/arm-none-eabi/6.3.1/../../../../arm-none-eabi/lib/thumb/v7e-m/fpv4-sp/hard\libm.a(lib_a-sf_scalbn.o)
                              c:/program files (x86)/gnu tools arm embedded/6 2017-q1-update/bin/../lib/gcc/arm-none-eabi/6.3.1/../../../../arm-none-eabi/lib/thumb/v7e-m/fpv4-sp/hard\libm.a(lib_a-kf_rem_pio2.o) (scalbnf)
c:/program files (x86)/gnu tools arm embedded/6 2017-q1-update/bin/../lib/gcc/arm-none-eabi/6.3.1/../../../../arm-none-eabi/lib/thumb/v7e-m/fpv4-sp/hard\libm.a(lib_a-sf_copysign.o)
                              c:/program files (x86)/gnu tools arm embedded/6 2017-q1-update/bin/../lib/gcc/arm-none-eabi/6.3.1/../../../../arm-none-eabi/lib/thumb/v7e-m/fpv4-sp/hard\libm.a(lib_a-sf_scalbn.o) (copysignf)
c:/program files (x86)/gnu tools arm embedded/6 2017-q1-update/bin/../lib/gcc/arm-none-eabi/6.3.1/../../../../arm-none-eabi/lib/thumb/v7e-m/fpv4-sp/hard\libc.a(lib_a-exit.o)
                              c:/program files (x86)/gnu tools arm embedded/6 2017-q1-update/bin/../lib/gcc/arm-none-eabi/6.3.1/../../../../arm-none-eabi/lib/thumb/v7e-m/fpv4-sp/hard/crt0.o (exit)
c:/program files (x86)/gnu tools arm embedded/6 2017-q1-update/bin/../lib/gcc/arm-none-eabi/6.3.1/../../../../arm-none-eabi/lib/thumb/v7e-m/fpv4-sp/hard\libc.a(lib_a-impure.o)
                              c:/program files (x86)/gnu tools arm embedded/6 2017-q1-update/bin/../lib/gcc/arm-none-eabi/6.3.1/../../../../arm-none-eabi/lib/thumb/v7e-m/fpv4-sp/hard\libc.a(lib_a-exit.o) (_global_impure_ptr)
c:/program files (x86)/gnu tools arm embedded/6 2017-q1-update/bin/../lib/gcc/arm-none-eabi/6.3.1/../../../../arm-none-eabi/lib/thumb/v7e-m/fpv4-sp/hard\libc.a(lib_a-init.o)
                              c:/program files (x86)/gnu tools arm embedded/6 2017-q1-update/bin/../lib/gcc/arm-none-eabi/6.3.1/../../../../arm-none-eabi/lib/thumb/v7e-m/fpv4-sp/hard/crt0.o (__libc_init_array)
[...]
Memory Configuration

Name             Origin             Length             Attributes
rom              0x08000000         0x00100000         xr
ram              0x20000000         0x00020000         xrw
ram1             0x10000000         0x00010000         xrw
*default*        0x00000000         0xffffffff

Linker script and memory map

LOAD c:/program files (x86)/gnu tools arm embedded/6 2017-q1-update/bin/../lib/gcc/arm-none-eabi/6.3.1/thumb/v7e-m/fpv4-sp/hard/crti.o
LOAD c:/program files (x86)/gnu tools arm embedded/6 2017-q1-update/bin/../lib/gcc/arm-none-eabi/6.3.1/thumb/v7e-m/fpv4-sp/hard/crtbegin.o
LOAD c:/program files (x86)/gnu tools arm embedded/6 2017-q1-update/bin/../lib/gcc/arm-none-eabi/6.3.1/../../../../arm-none-eabi/lib/thumb/v7e-m/fpv4-sp/hard/crt0.o
                0x20020000                _eram = 0x20020000

.text           0x08000000     0x4c14
 *(.isr_vector)
 .isr_vector    0x08000000      0x188 ..\obj\startup_stm32f4xx.o
                0x08000000                g_pfnVectors
 *(.text*)
 .text          0x08000188       0x6c c:/program files (x86)/gnu tools arm embedded/6 2017-q1-update/bin/../lib/gcc/arm-none-eabi/6.3.1/thumb/v7e-m/fpv4-sp/hard/crtbegin.o
 .text.SYSCFG_EXTILineConfig
                0x080001f4       0x2a ..\obj\stm32f4xx_syscfg.o
                0x080001f4                SYSCFG_EXTILineConfig
 *fill*         0x0800021e        0x2 
 .text.eMBInit  0x08000220       0xdc ..\obj\mb.o
                0x08000220                eMBInit
 .text.eMBEnable
                0x080002fc       0x24 ..\obj\mb.o
                0x080002fc                eMBEnable
 .text.eMBPoll  0x08000320       0xd4 ..\obj\mb.o
                0x08000320                eMBPoll
 .text.eMBFuncReadDiscreteInputs
                0x080003f4       0x6a ..\obj\mbfuncdisc.o
                0x080003f4                eMBFuncReadDiscreteInputs
 *fill*         0x0800045e        0x2 
 .text.xMBPortEventInit
                0x08000460       0x10 ..\obj\portevent.o
                0x08000460                xMBPortEventInit
 .text.xMBPortEventPost
                0x08000470       0x10 ..\obj\portevent.o
                0x08000470                xMBPortEventPost
 .text.xMBPortEventGet
                0x08000480       0x18 ..\obj\portevent.o
                0x08000480                xMBPortEventGet
 .text.eMBFuncReportSlaveID
                0x08000498       0x1c ..\obj\mbfuncother.o
                0x08000498                eMBFuncReportSlaveID
 .text.USART_DeInit
                0x080004b4       0xb0 ..\obj\stm32f4xx_usart.o
                0x080004b4                USART_DeInit
 .text.USART_Init
                0x08000564       0xb4 ..\obj\stm32f4xx_usart.o
                0x08000564                USART_Init
 .text.USART_ClockInit
                0x08000618       0x20 ..\obj\stm32f4xx_usart.o
                0x08000618                USART_ClockInit
 .text.USART_ClockStructInit
                0x08000638        0xc ..\obj\stm32f4xx_usart.o
                0x08000638                USART_ClockStructInit
 .text.USART_Cmd
                0x08000644       0x18 ..\obj\stm32f4xx_usart.o
                0x08000644                USART_Cmd
 .text.USART_SendData
                0x0800065c        0x8 ..\obj\stm32f4xx_usart.o
                0x0800065c                USART_SendData
 .text.USART_ReceiveData
                0x08000664        0x8 ..\obj\stm32f4xx_usart.o
                0x08000664                USART_ReceiveData
 .text.USART_ITConfig
                0x0800066c       0x32 ..\obj\stm32f4xx_usart.o
                0x0800066c                USART_ITConfig
 .text.USART_GetITStatus
                0x0800069e       0x40 ..\obj\stm32f4xx_usart.o
                0x0800069e                USART_GetITStatus
 .text.USART_ClearITPendingBit
                0x080006de        0xe ..\obj\stm32f4xx_usart.o
                0x080006de                USART_ClearITPendingBit
 .text.prveMBError2Exception
                0x080006ec       0x10 ..\obj\mbutils.o
                0x080006ec                prveMBError2Exception
 .text.DAC_Init
                0x080006fc       0x2c ..\obj\stm32f4xx_dac.o
                0x080006fc                DAC_Init
 .text.DAC_StructInit
                0x08000728        0xc ..\obj\stm32f4xx_dac.o
                0x08000728                DAC_StructInit
 .text.DAC_Cmd  0x08000734       0x20 ..\obj\stm32f4xx_dac.o
                0x08000734                DAC_Cmd
 .text.DAC_SetDualChannelData
                0x08000754       0x18 ..\obj\stm32f4xx_dac.o
                0x08000754                DAC_SetDualChannelData
 .text.Default_Handler
                0x0800076c        0x2 ..\obj\startup_stm32f4xx.o
                0x0800076c                RTC_Alarm_IRQHandler
                0x0800076c                HASH_RNG_IRQHandler
                0x0800076c                EXTI2_IRQHandler
                0x0800076c                TIM8_CC_IRQHandler
                0x0800076c                DebugMon_Handler
                0x0800076c                TIM1_CC_IRQHandler
                0x0800076c                DMA2_Stream5_IRQHandler
                0x0800076c                HardFault_Handler
                0x0800076c                DMA1_Stream5_IRQHandler
                0x0800076c                SysTick_Handler
                0x0800076c                PVD_IRQHandler
                0x0800076c                SDIO_IRQHandler
                0x0800076c                TAMP_STAMP_IRQHandler
                0x0800076c                PendSV_Handler
                0x0800076c                NMI_Handler
                0x0800076c                CAN2_RX1_IRQHandler
                0x0800076c                EXTI3_IRQHandler
                0x0800076c                TIM8_TRG_COM_TIM14_IRQHandler
                0x0800076c                TIM8_UP_TIM13_IRQHandler
                0x0800076c                I2C3_ER_IRQHandler
                0x0800076c                EXTI0_IRQHandler
                0x0800076c                I2C2_EV_IRQHandler
                0x0800076c                DMA1_Stream2_IRQHandler
                0x0800076c                CAN1_RX0_IRQHandler
                0x0800076c                FPU_IRQHandler
                0x0800076c                OTG_HS_WKUP_IRQHandler
                0x0800076c                UsageFault_Handler
                0x0800076c                CAN2_SCE_IRQHandler
                0x0800076c                DMA2_Stream2_IRQHandler
                0x0800076c                SPI1_IRQHandler
                0x0800076c                TIM6_DAC_IRQHandler
                0x0800076c                TIM1_BRK_TIM9_IRQHandler
                0x0800076c                DCMI_IRQHandler
                0x0800076c                CAN2_RX0_IRQHandler
                0x0800076c                DMA2_Stream3_IRQHandler
                0x0800076c                USART6_IRQHandler
                0x0800076c                CRYP_IRQHandler
                0x0800076c                CAN1_RX1_IRQHandler
                0x0800076c                UART5_IRQHandler
                0x0800076c                DMA2_Stream0_IRQHandler
                0x0800076c                TIM4_IRQHandler
                0x0800076c                I2C1_EV_IRQHandler
                0x0800076c                DMA1_Stream6_IRQHandler
                0x0800076c                UART4_IRQHandler
                0x0800076c                TIM3_IRQHandler
                0x0800076c                RCC_IRQHandler
                0x0800076c                TIM8_BRK_TIM12_IRQHandler
                0x0800076c                DMA1_Stream7_IRQHandler
                0x0800076c                CAN2_TX_IRQHandler
                0x0800076c                TIM5_IRQHandler
                0x0800076c                DMA2_Stream7_IRQHandler
                0x0800076c                I2C3_EV_IRQHandler
                0x0800076c                RTC_WKUP_IRQHandler
                0x0800076c                ETH_WKUP_IRQHandler
                0x0800076c                SPI2_IRQHandler
                0x0800076c                OTG_HS_EP1_IN_IRQHandler
                0x0800076c                MemManage_Handler
                0x0800076c                DMA1_Stream0_IRQHandler
                0x0800076c                CAN1_TX_IRQHandler
                0x0800076c                SVC_Handler
                0x0800076c                EXTI4_IRQHandler
                0x0800076c                FSMC_IRQHandler
                0x0800076c                ETH_IRQHandler
                0x0800076c                OTG_HS_EP1_OUT_IRQHandler
                0x0800076c                WWDG_IRQHandler
                0x0800076c                TIM2_IRQHandler
                0x0800076c                OTG_FS_WKUP_IRQHandler
                0x0800076c                TIM1_TRG_COM_TIM11_IRQHandler
                0x0800076c                OTG_HS_IRQHandler
                0x0800076c                EXTI1_IRQHandler
                0x0800076c                USART2_IRQHandler
                0x0800076c                I2C2_ER_IRQHandler
                0x0800076c                DMA2_Stream1_IRQHandler
                0x0800076c                CAN1_SCE_IRQHandler
                0x0800076c                FLASH_IRQHandler
                0x0800076c                DMA2_Stream4_IRQHandler
                0x0800076c                BusFault_Handler
                0x0800076c                USART1_IRQHandler
                0x0800076c                OTG_FS_IRQHandler
                0x0800076c                SPI3_IRQHandler
                0x0800076c                DMA1_Stream4_IRQHandler
                0x0800076c                I2C1_ER_IRQHandler
                0x0800076c                DMA2_Stream6_IRQHandler
                0x0800076c                DMA1_Stream3_IRQHandler
 *fill*         0x0800076e        0x2 
 .text.Default_Reset_Handler
                0x08000770       0x50 ..\obj\startup_stm32f4xx.o
                0x08000770                Default_Reset_Handler
                0x08000770                Reset_Handler
 .text.eMBFuncWriteHoldingRegister
                0x080007c0       0x2e ..\obj\mbfuncholding.o
                0x080007c0                eMBFuncWriteHoldingRegister
 .text.eMBFuncWriteMultipleHoldingRegister
                0x080007ee       0x4a ..\obj\mbfuncholding.o
                0x080007ee                eMBFuncWriteMultipleHoldingRegister
 .text.eMBFuncReadHoldingRegister
                0x08000838       0x58 ..\obj\mbfuncholding.o
                0x08000838                eMBFuncReadHoldingRegister
 .text.eMBFuncReadWriteMultipleHoldingRegister
                0x08000890       0x9c ..\obj\mbfuncholding.o
                0x08000890                eMBFuncReadWriteMultipleHoldingRegister
 .text.EXTI9_5_IRQHandler
                0x0800092c       0x40 ..\obj\main.o
                0x0800092c                EXTI9_5_IRQHandler
 .text.eMBRegHoldingCB
                0x0800096c       0x70 ..\obj\main.o
                0x0800096c                eMBRegHoldingCB
 .text.eMBRegCoilsCB
                0x080009dc        0x4 ..\obj\main.o
                0x080009dc                eMBRegCoilsCB
 .text.eMBRegDiscreteCB
                0x080009e0        0x4 ..\obj\main.o
                0x080009e0                eMBRegDiscreteCB
 .text.eMBRegInputCB
                0x080009e4        0x4 ..\obj\main.o
                0x080009e4                eMBRegInputCB
 .text.Configure_PC6
                0x080009e8       0x78 ..\obj\main.o
                0x080009e8                Configure_PC6
 .text.boardInit
                0x08000a60       0xe4 ..\obj\main.o
                0x08000a60                boardInit
 .text.startup.main
                0x08000b44      0x154 ..\obj\main.o
                0x08000b44                main
 .text.usMBCRC16
                0x08000c98       0x2c ..\obj\mbcrc.o
                0x08000c98                usMBCRC16
 .text.RCC_GetClocksFreq
                0x08000cc4       0x88 ..\obj\stm32f4xx_rcc.o
                0x08000cc4                RCC_GetClocksFreq
 .text.RCC_AHB1PeriphClockCmd
                0x08000d4c       0x18 ..\obj\stm32f4xx_rcc.o
                0x08000d4c                RCC_AHB1PeriphClockCmd
 .text.RCC_APB1PeriphClockCmd
                0x08000d64       0x18 ..\obj\stm32f4xx_rcc.o
                0x08000d64                RCC_APB1PeriphClockCmd
 .text.RCC_APB2PeriphClockCmd
                0x08000d7c       0x18 ..\obj\stm32f4xx_rcc.o
                0x08000d7c                RCC_APB2PeriphClockCmd
 .text.RCC_APB1PeriphResetCmd
                0x08000d94       0x18 ..\obj\stm32f4xx_rcc.o
                0x08000d94                RCC_APB1PeriphResetCmd
 .text.RCC_APB2PeriphResetCmd
                0x08000dac       0x18 ..\obj\stm32f4xx_rcc.o
                0x08000dac                RCC_APB2PeriphResetCmd
 .text.initDAC  0x08000dc4       0x5c ..\obj\foc.o
                0x08000dc4                initDAC
 .text.focInit  0x08000e20      0x140 ..\obj\foc.o
                0x08000e20                focInit
 .text.mcFocSetAngle
                0x08000f60       0x2a ..\obj\foc.o
                0x08000f60                mcFocSetAngle
 *fill*         0x08000f8a        0x2 
 .text.mcClark  0x08000f8c       0x28 ..\obj\foc.o
                0x08000f8c                mcClark
 .text.mcPark   0x08000fb4       0x2a ..\obj\foc.o
                0x08000fb4                mcPark
 .text.mcInvPark
                0x08000fde       0x2a ..\obj\foc.o
                0x08000fde                mcInvPark
 .text.mcInvClark
                0x08001008       0x3c ..\obj\foc.o
                0x08001008                mcInvClark
 .text.adc_current_filter
                0x08001044       0xd4 ..\obj\foc.o
                0x08001044                adc_current_filter
 .text.ADC_IRQHandler
                0x08001118      0x234 ..\obj\foc.o
                0x08001118                ADC_IRQHandler
 .text.ADC_Init
                0x0800134c       0x4c ..\obj\stm32f4xx_adc.o
                0x0800134c                ADC_Init
 .text.ADC_StructInit
                0x08001398       0x14 ..\obj\stm32f4xx_adc.o
                0x08001398                ADC_StructInit
 .text.ADC_CommonInit
                0x080013ac       0x28 ..\obj\stm32f4xx_adc.o
                0x080013ac                ADC_CommonInit
 .text.ADC_CommonStructInit
                0x080013d4        0xc ..\obj\stm32f4xx_adc.o
                0x080013d4                ADC_CommonStructInit
 .text.ADC_Cmd  0x080013e0       0x12 ..\obj\stm32f4xx_adc.o
                0x080013e0                ADC_Cmd
 .text.ADC_RegularChannelConfig
                0x080013f2       0x8c ..\obj\stm32f4xx_adc.o
                0x080013f2                ADC_RegularChannelConfig
 .text.ADC_DMACmd
                0x0800147e       0x12 ..\obj\stm32f4xx_adc.o
                0x0800147e                ADC_DMACmd
 .text.ADC_DMARequestAfterLastTransferCmd
                0x08001490       0x12 ..\obj\stm32f4xx_adc.o
                0x08001490                ADC_DMARequestAfterLastTransferCmd
 .text.ADC_InjectedChannelConfig
                0x080014a2       0x58 ..\obj\stm32f4xx_adc.o
                0x080014a2                ADC_InjectedChannelConfig
 .text.ADC_InjectedSequencerLengthConfig
                0x080014fa       0x10 ..\obj\stm32f4xx_adc.o
                0x080014fa                ADC_InjectedSequencerLengthConfig
 .text.ADC_ExternalTrigInjectedConvConfig
                0x0800150a        0xc ..\obj\stm32f4xx_adc.o
                0x0800150a                ADC_ExternalTrigInjectedConvConfig
 .text.ADC_ExternalTrigInjectedConvEdgeConfig
                0x08001516        0xc ..\obj\stm32f4xx_adc.o
                0x08001516                ADC_ExternalTrigInjectedConvEdgeConfig
 .text.ADC_AutoInjectedConvCmd
                0x08001522       0x12 ..\obj\stm32f4xx_adc.o
                0x08001522                ADC_AutoInjectedConvCmd
 .text.ADC_InjectedDiscModeCmd
                0x08001534       0x12 ..\obj\stm32f4xx_adc.o
                0x08001534                ADC_InjectedDiscModeCmd
 .text.ADC_GetInjectedConversionValue
                0x08001546       0x1a ..\obj\stm32f4xx_adc.o
                0x08001546                ADC_GetInjectedConversionValue
 .text.ADC_ITConfig
                0x08001560       0x18 ..\obj\stm32f4xx_adc.o
                0x08001560                ADC_ITConfig
 .text.ADC_ClearITPendingBit
                0x08001578        0x8 ..\obj\stm32f4xx_adc.o
                0x08001578                ADC_ClearITPendingBit
 .text.eMBFuncReadInputRegister
                0x08001580       0x58 ..\obj\mbfuncinput.o
                0x08001580                eMBFuncReadInputRegister
 .text.encoderInitZ
                0x080015d8       0x80 ..\obj\encoder.o
                0x080015d8                encoderInitZ
 .text.initHall
                0x08001658       0x3c ..\obj\encoder.o
                0x08001658                initHall
 .text.iEncoderGetAbsPos
                0x08001694        0xa ..\obj\encoder.o
                0x08001694                iEncoderGetAbsPos
 .text.encoderAddOffset
                0x0800169e       0x20 ..\obj\encoder.o
                0x0800169e                encoderAddOffset
 *fill*         0x080016be        0x2 
 .text.readRawHallInput
                0x080016c0       0x2c ..\obj\encoder.o
                0x080016c0                readRawHallInput
 .text.readHallMap
                0x080016ec       0x14 ..\obj\encoder.o
                0x080016ec                readHallMap
 .text.readRawUVW
                0x08001700       0x98 ..\obj\encoder.o
                0x08001700                readRawUVW
 .text.read360uvw
                0x08001798       0x98 ..\obj\encoder.o
                0x08001798                read360uvw
 .text.read360uvwWithOffset
                0x08001830       0x28 ..\obj\encoder.o
                0x08001830                read360uvwWithOffset
 .text.EXTI15_10_IRQHandler
                0x08001858       0x1a ..\obj\encoder.o
                0x08001858                EXTI15_10_IRQHandler
 *fill*         0x08001872        0x2 
 .text.createSinCosTable
                0x08001874       0x5c ..\obj\encoder.o
                0x08001874                createSinCosTable
 .text.fSinAngle
                0x080018d0       0x10 ..\obj\encoder.o
                0x080018d0                fSinAngle
 .text.fCosAngle
                0x080018e0       0x10 ..\obj\encoder.o
                0x080018e0                fCosAngle
 .text.initTim10
                0x080018f0       0xc0 ..\obj\encoder.o
                0x080018f0                initTim10
 .text.initEncoder
                0x080019b0      0x1a8 ..\obj\encoder.o
                0x080019b0                initEncoder
 .text.TIM1_UP_TIM10_IRQHandler
                0x08001b58       0x34 ..\obj\encoder.o
                0x08001b58                TIM1_UP_TIM10_IRQHandler
 .text.GPIO_Init
                0x08001b8c       0x9c ..\obj\stm32f4xx_gpio.o
                0x08001b8c                GPIO_Init
 .text.GPIO_StructInit
                0x08001c28       0x12 ..\obj\stm32f4xx_gpio.o
                0x08001c28                GPIO_StructInit
 .text.GPIO_ReadInputData
                0x08001c3a        0x6 ..\obj\stm32f4xx_gpio.o
                0x08001c3a                GPIO_ReadInputData
 .text.GPIO_SetBits
                0x08001c40        0x4 ..\obj\stm32f4xx_gpio.o
                0x08001c40                GPIO_SetBits
 .text.GPIO_ResetBits
                0x08001c44        0x4 ..\obj\stm32f4xx_gpio.o
                0x08001c44                GPIO_ResetBits
 .text.GPIO_ToggleBits
                0x08001c48        0x8 ..\obj\stm32f4xx_gpio.o
                0x08001c48                GPIO_ToggleBits
 .text.GPIO_PinAFConfig
                0x08001c50       0x24 ..\obj\stm32f4xx_gpio.o
                0x08001c50                GPIO_PinAFConfig
 .text.xMBPortTimersInit
                0x08001c74       0x74 ..\obj\porttimer.o
                0x08001c74                xMBPortTimersInit
 .text.vMBPortTimersEnable
                0x08001ce8       0x1c ..\obj\porttimer.o
                0x08001ce8                vMBPortTimersEnable
 .text.vMBPortTimersDisable
                0x08001d04        0xc ..\obj\porttimer.o
                0x08001d04                vMBPortTimersDisable
 .text.TIM7_IRQHandler
                0x08001d10       0x28 ..\obj\porttimer.o
                0x08001d10                TIM7_IRQHandler
 .text.eMBRTUInit
                0x08001d38       0x3c ..\obj\mbrtu.o
                0x08001d38                eMBRTUInit
 .text.eMBRTUStart
                0x08001d74       0x1c ..\obj\mbrtu.o
                0x08001d74                eMBRTUStart
 .text.eMBRTUStop
                0x08001d90       0x14 ..\obj\mbrtu.o
                0x08001d90                eMBRTUStop
 .text.eMBRTUReceive
                0x08001da4       0x48 ..\obj\mbrtu.o
                0x08001da4                eMBRTUReceive
 .text.eMBRTUSend
                0x08001dec       0x68 ..\obj\mbrtu.o
                0x08001dec                eMBRTUSend
 .text.xMBRTUReceiveFSM
                0x08001e54       0x68 ..\obj\mbrtu.o
                0x08001e54                xMBRTUReceiveFSM
 .text.xMBRTUTransmitFSM
                0x08001ebc       0x58 ..\obj\mbrtu.o
                0x08001ebc                xMBRTUTransmitFSM
 .text.xMBRTUTimerT35Expired
                0x08001f14       0x2c ..\obj\mbrtu.o
                0x08001f14                xMBRTUTimerT35Expired
 .text.SystemInit
                0x08001f40       0xf8 ..\obj\system_stm32f4xx.o
                0x08001f40                SystemInit
 .text.SystemCoreClockUpdate
                0x08002038       0x70 ..\obj\system_stm32f4xx.o
                0x08002038                SystemCoreClockUpdate
 .text.DMA_Init
                0x080020a8       0x54 ..\obj\stm32f4xx_dma.o
                0x080020a8                DMA_Init
 .text.DMA_StructInit
                0x080020fc       0x22 ..\obj\stm32f4xx_dma.o
                0x080020fc                DMA_StructInit
 .text.DMA_Cmd  0x0800211e       0x12 ..\obj\stm32f4xx_dma.o
                0x0800211e                DMA_Cmd
 .text.vMBPortSerialEnable
                0x08002130       0x54 ..\obj\portserial.o
                0x08002130                vMBPortSerialEnable
 .text.xMBPortSerialInit
                0x08002184      0x128 ..\obj\portserial.o
                0x08002184                xMBPortSerialInit
 .text.USART3_IRQHandler
                0x080022ac       0x70 ..\obj\portserial.o
                0x080022ac                USART3_IRQHandler
 .text.xMBPortSerialPutByte
                0x0800231c       0x14 ..\obj\portserial.o
                0x0800231c                xMBPortSerialPutByte
 .text.xMBPortSerialGetByte
                0x08002330       0x14 ..\obj\portserial.o
                0x08002330                xMBPortSerialGetByte
 .text.eMBFuncReadCoils
                0x08002344       0x6c ..\obj\mbfunccoils.o
                0x08002344                eMBFuncReadCoils
 .text.eMBFuncWriteCoil
                0x080023b0       0x4a ..\obj\mbfunccoils.o
                0x080023b0                eMBFuncWriteCoil
 .text.eMBFuncWriteMultipleCoils
                0x080023fa       0x58 ..\obj\mbfunccoils.o
                0x080023fa                eMBFuncWriteMultipleCoils
 *fill*         0x08002452        0x2 
 .text.EXTI_Init
                0x08002454       0x74 ..\obj\stm32f4xx_exti.o
                0x08002454                EXTI_Init
 .text.EXTI_GetITStatus
                0x080024c8       0x1c ..\obj\stm32f4xx_exti.o
                0x080024c8                EXTI_GetITStatus
 .text.EXTI_ClearITPendingBit
                0x080024e4        0xc ..\obj\stm32f4xx_exti.o
                0x080024e4                EXTI_ClearITPendingBit
 .text.NVIC_PriorityGroupConfig
                0x080024f0       0x14 ..\obj\misc.o
                0x080024f0                NVIC_PriorityGroupConfig
 .text.NVIC_Init
                0x08002504       0x68 ..\obj\misc.o
                0x08002504                NVIC_Init
 .text.svpwmInitGPIO
                0x0800256c       0x94 ..\obj\svpwm.o
                0x0800256c                svpwmInitGPIO
 .text.svpwmInitTIM
                0x08002600      0x134 ..\obj\svpwm.o
                0x08002600                svpwmInitTIM
 .text.RCC_Configuration_Adc1
                0x08002734       0x20 ..\obj\svpwm.o
                0x08002734                RCC_Configuration_Adc1
 .text.RCC_Configuration_Adc2
                0x08002754       0x18 ..\obj\svpwm.o
                0x08002754                RCC_Configuration_Adc2
 .text.GPIO_Configuration_Adc1
                0x0800276c       0x60 ..\obj\svpwm.o
                0x0800276c                GPIO_Configuration_Adc1
 .text.GPIO_Configuration_Adc2
                0x080027cc       0x3c ..\obj\svpwm.o
                0x080027cc                GPIO_Configuration_Adc2
 .text.DMAInit  0x08002808       0x74 ..\obj\svpwm.o
                0x08002808                DMAInit
 .text.svpwmInitADC
                0x0800287c      0x16c ..\obj\svpwm.o
                0x0800287c                svpwmInitADC
 .text.svpwmInit
                0x080029e8        0xe ..\obj\svpwm.o
                0x080029e8                svpwmInit
 .text.DMA1_Stream1_IRQHandler
                0x080029f6        0x2 ..\obj\svpwm.o
                0x080029f6                DMA1_Stream1_IRQHandler
 .text.mcFocSVPWM_TI
                0x080029f8       0x98 ..\obj\svpwm.o
                0x080029f8                mcFocSVPWM_TI
 .text.eMBASCIIInit
                0x08002a90       0x34 ..\obj\mbascii.o
                0x08002a90                eMBASCIIInit
 .text.eMBASCIIStart
                0x08002ac4       0x20 ..\obj\mbascii.o
                0x08002ac4                eMBASCIIStart
 .text.eMBASCIIStop
                0x08002ae4       0x14 ..\obj\mbascii.o
                0x08002ae4                eMBASCIIStop
 .text.eMBASCIIReceive
                0x08002af8       0x5c ..\obj\mbascii.o
                0x08002af8                eMBASCIIReceive
 .text.eMBASCIISend
                0x08002b54       0x6c ..\obj\mbascii.o
                0x08002b54                eMBASCIISend
 .text.xMBASCIIReceiveFSM
                0x08002bc0       0xf4 ..\obj\mbascii.o
                0x08002bc0                xMBASCIIReceiveFSM
 .text.xMBASCIITransmitFSM
                0x08002cb4       0xbc ..\obj\mbascii.o
                0x08002cb4                xMBASCIITransmitFSM
 .text.xMBASCIITimerT1SExpired
                0x08002d70       0x1c ..\obj\mbascii.o
                0x08002d70                xMBASCIITimerT1SExpired
 .text.pidInit  0x08002d8c       0x18 ..\obj\pid.o
                0x08002d8c                pidInit
 .text.pidSetOutLimit
                0x08002da4        0xa ..\obj\pid.o
                0x08002da4                pidSetOutLimit
 .text.pidSetIntegralLimit
                0x08002dae        0xe ..\obj\pid.o
                0x08002dae                pidSetIntegralLimit
 .text.pidSetInputRange
                0x08002dbc        0xe ..\obj\pid.o
                0x08002dbc                pidSetInputRange
 *fill*         0x08002dca        0x2 
 .text.pidTask  0x08002dcc       0xcc ..\obj\pid.o
                0x08002dcc                pidTask
 .text.TI1_Config
                0x08002e98       0x36 ..\obj\stm32f4xx_tim.o
 .text.TI2_Config
                0x08002ece       0x3c ..\obj\stm32f4xx_tim.o
 *fill*         0x08002f0a        0x2 
 .text.TIM_DeInit
                0x08002f0c      0x16c ..\obj\stm32f4xx_tim.o
                0x08002f0c                TIM_DeInit
 .text.TIM_TimeBaseInit
                0x08003078       0x7c ..\obj\stm32f4xx_tim.o
                0x08003078                TIM_TimeBaseInit
 .text.TIM_TimeBaseStructInit
                0x080030f4       0x12 ..\obj\stm32f4xx_tim.o
                0x080030f4                TIM_TimeBaseStructInit
 .text.TIM_SetCounter
                0x08003106        0x4 ..\obj\stm32f4xx_tim.o
                0x08003106                TIM_SetCounter
 .text.TIM_ARRPreloadConfig
                0x0800310a       0x18 ..\obj\stm32f4xx_tim.o
                0x0800310a                TIM_ARRPreloadConfig
 .text.TIM_Cmd  0x08003122       0x18 ..\obj\stm32f4xx_tim.o
                0x08003122                TIM_Cmd
 *fill*         0x0800313a        0x2 
 .text.TIM_OC1Init
                0x0800313c       0x70 ..\obj\stm32f4xx_tim.o
                0x0800313c                TIM_OC1Init
 .text.TIM_OC2Init
                0x080031ac       0x80 ..\obj\stm32f4xx_tim.o
                0x080031ac                TIM_OC2Init
 .text.TIM_OC3Init
                0x0800322c       0x7c ..\obj\stm32f4xx_tim.o
                0x0800322c                TIM_OC3Init
 .text.TIM_OC4Init
                0x080032a8       0x64 ..\obj\stm32f4xx_tim.o
                0x080032a8                TIM_OC4Init
 .text.TIM_OCStructInit
                0x0800330c       0x14 ..\obj\stm32f4xx_tim.o
                0x0800330c                TIM_OCStructInit
 .text.TIM_SetCompare1
                0x08003320        0x4 ..\obj\stm32f4xx_tim.o
                0x08003320                TIM_SetCompare1
 .text.TIM_SetCompare2
                0x08003324        0x4 ..\obj\stm32f4xx_tim.o
                0x08003324                TIM_SetCompare2
 .text.TIM_SetCompare3
                0x08003328        0x4 ..\obj\stm32f4xx_tim.o
                0x08003328                TIM_SetCompare3
 .text.TIM_OC1PreloadConfig
                0x0800332c       0x10 ..\obj\stm32f4xx_tim.o
                0x0800332c                TIM_OC1PreloadConfig
 .text.TIM_OC2PreloadConfig
                0x0800333c       0x14 ..\obj\stm32f4xx_tim.o
                0x0800333c                TIM_OC2PreloadConfig
 .text.TIM_OC3PreloadConfig
                0x08003350       0x10 ..\obj\stm32f4xx_tim.o
                0x08003350                TIM_OC3PreloadConfig
 .text.TIM_OC4PreloadConfig
                0x08003360       0x14 ..\obj\stm32f4xx_tim.o
                0x08003360                TIM_OC4PreloadConfig
 .text.TIM_ICStructInit
                0x08003374       0x10 ..\obj\stm32f4xx_tim.o
                0x08003374                TIM_ICStructInit
 .text.TIM_GetCapture1
                0x08003384        0x4 ..\obj\stm32f4xx_tim.o
                0x08003384                TIM_GetCapture1
 .text.TIM_SetIC1Prescaler
                0x08003388       0x16 ..\obj\stm32f4xx_tim.o
                0x08003388                TIM_SetIC1Prescaler
 .text.TIM_SetIC2Prescaler
                0x0800339e       0x1a ..\obj\stm32f4xx_tim.o
                0x0800339e                TIM_SetIC2Prescaler
 .text.TIM_SetIC3Prescaler
                0x080033b8       0x16 ..\obj\stm32f4xx_tim.o
                0x080033b8                TIM_SetIC3Prescaler
 .text.TIM_SetIC4Prescaler
                0x080033ce       0x1a ..\obj\stm32f4xx_tim.o
                0x080033ce                TIM_SetIC4Prescaler
 .text.TIM_ICInit
                0x080033e8       0xae ..\obj\stm32f4xx_tim.o
                0x080033e8                TIM_ICInit
 .text.TIM_BDTRConfig
                0x08003496       0x22 ..\obj\stm32f4xx_tim.o
                0x08003496                TIM_BDTRConfig
 .text.TIM_GetITStatus
                0x080034b8       0x16 ..\obj\stm32f4xx_tim.o
                0x080034b8                TIM_GetITStatus
 .text.TIM_ClearITPendingBit
                0x080034ce        0x8 ..\obj\stm32f4xx_tim.o
                0x080034ce                TIM_ClearITPendingBit
 .text.TIM_DMACmd
                0x080034d6       0x12 ..\obj\stm32f4xx_tim.o
                0x080034d6                TIM_DMACmd
 .text.TIM_ITConfig
                0x080034e8        0x4 ..\obj\stm32f4xx_tim.o
                0x080034e8                TIM_ITConfig
 .text.TIM_SelectOutputTrigger
                0x080034ec       0x16 ..\obj\stm32f4xx_tim.o
                0x080034ec                TIM_SelectOutputTrigger
 .text.TIM_EncoderInterfaceConfig
                0x08003502       0x3e ..\obj\stm32f4xx_tim.o
                0x08003502                TIM_EncoderInterfaceConfig
 .text.cosf     0x08003540       0x90 c:/program files (x86)/gnu tools arm embedded/6 2017-q1-update/bin/../lib/gcc/arm-none-eabi/6.3.1/../../../../arm-none-eabi/lib/thumb/v7e-m/fpv4-sp/hard\libm.a(lib_a-sf_cos.o)
                0x08003540                cosf
 .text.sinf     0x080035d0       0x94 c:/program files (x86)/gnu tools arm embedded/6 2017-q1-update/bin/../lib/gcc/arm-none-eabi/6.3.1/../../../../arm-none-eabi/lib/thumb/v7e-m/fpv4-sp/hard\libm.a(lib_a-sf_sin.o)
                0x080035d0                sinf
 .text.__ieee754_rem_pio2f
                0x08003664      0x290 c:/program files (x86)/gnu tools arm embedded/6 2017-q1-update/bin/../lib/gcc/arm-none-eabi/6.3.1/../../../../arm-none-eabi/lib/thumb/v7e-m/fpv4-sp/hard\libm.a(lib_a-ef_rem_pio2.o)
                0x08003664                __ieee754_rem_pio2f
 .text.__kernel_cosf
                0x080038f4      0x104 c:/program files (x86)/gnu tools arm embedded/6 2017-q1-update/bin/../lib/gcc/arm-none-eabi/6.3.1/../../../../arm-none-eabi/lib/thumb/v7e-m/fpv4-sp/hard\libm.a(lib_a-kf_cos.o)
                0x080038f4                __kernel_cosf
 .text.__kernel_rem_pio2f
                0x080039f8      0x690 c:/program files (x86)/gnu tools arm embedded/6 2017-q1-update/bin/../lib/gcc/arm-none-eabi/6.3.1/../../../../arm-none-eabi/lib/thumb/v7e-m/fpv4-sp/hard\libm.a(lib_a-kf_rem_pio2.o)
                0x080039f8                __kernel_rem_pio2f
 .text.__kernel_sinf
                0x08004088       0x90 c:/program files (x86)/gnu tools arm embedded/6 2017-q1-update/bin/../lib/gcc/arm-none-eabi/6.3.1/../../../../arm-none-eabi/lib/thumb/v7e-m/fpv4-sp/hard\libm.a(lib_a-kf_sin.o)
                0x08004088                __kernel_sinf
 .text.fabsf    0x08004118       0x10 c:/program files (x86)/gnu tools arm embedded/6 2017-q1-update/bin/../lib/gcc/arm-none-eabi/6.3.1/../../../../arm-none-eabi/lib/thumb/v7e-m/fpv4-sp/hard\libm.a(lib_a-sf_fabs.o)
                0x08004118                fabsf
 .text.floorf   0x08004128       0x90 c:/program files (x86)/gnu tools arm embedded/6 2017-q1-update/bin/../lib/gcc/arm-none-eabi/6.3.1/../../../../arm-none-eabi/lib/thumb/v7e-m/fpv4-sp/hard\libm.a(lib_a-sf_floor.o)
                0x08004128                floorf
 .text.scalbnf  0x080041b8       0xd0 c:/program files (x86)/gnu tools arm embedded/6 2017-q1-update/bin/../lib/gcc/arm-none-eabi/6.3.1/../../../../arm-none-eabi/lib/thumb/v7e-m/fpv4-sp/hard\libm.a(lib_a-sf_scalbn.o)
                0x080041b8                scalbnf
 .text.copysignf
                0x08004288       0x18 c:/program files (x86)/gnu tools arm embedded/6 2017-q1-update/bin/../lib/gcc/arm-none-eabi/6.3.1/../../../../arm-none-eabi/lib/thumb/v7e-m/fpv4-sp/hard\libm.a(lib_a-sf_copysign.o)
                0x08004288                copysignf
 .text          0x080042a0      0x134 c:/program files (x86)/gnu tools arm embedded/6 2017-q1-update/bin/../lib/gcc/arm-none-eabi/6.3.1/../../../../arm-none-eabi/lib/thumb/v7e-m/fpv4-sp/hard\libc.a(lib_a-memcpy.o)
                0x080042a0                memcpy
 .text.memset   0x080043d4       0x9c c:/program files (x86)/gnu tools arm embedded/6 2017-q1-update/bin/../lib/gcc/arm-none-eabi/6.3.1/../../../../arm-none-eabi/lib/thumb/v7e-m/fpv4-sp/hard\libc.a(lib_a-memset.o)
                0x080043d4                memset
 .text.startup.register_fini
                0x08004470       0x14 c:/program files (x86)/gnu tools arm embedded/6 2017-q1-update/bin/../lib/gcc/arm-none-eabi/6.3.1/../../../../arm-none-eabi/lib/thumb/v7e-m/fpv4-sp/hard\libc.a(lib_a-__call_atexit.o)
 .text.atexit   0x08004484        0xc c:/program files (x86)/gnu tools arm embedded/6 2017-q1-update/bin/../lib/gcc/arm-none-eabi/6.3.1/../../../../arm-none-eabi/lib/thumb/v7e-m/fpv4-sp/hard\libc.a(lib_a-atexit.o)
                0x08004484                atexit
 .text.__libc_fini_array
                0x08004490       0x34 c:/program files (x86)/gnu tools arm embedded/6 2017-q1-update/bin/../lib/gcc/arm-none-eabi/6.3.1/../../../../arm-none-eabi/lib/thumb/v7e-m/fpv4-sp/hard\libc.a(lib_a-fini.o)
                0x08004490                __libc_fini_array
 .text.__retarget_lock_acquire_recursive
                0x080044c4        0x4 c:/program files (x86)/gnu tools arm embedded/6 2017-q1-update/bin/../lib/gcc/arm-none-eabi/6.3.1/../../../../arm-none-eabi/lib/thumb/v7e-m/fpv4-sp/hard\libc.a(lib_a-lock.o)
                0x080044c4                __retarget_lock_acquire_recursive
 .text.__retarget_lock_release_recursive
                0x080044c8        0x4 c:/program files (x86)/gnu tools arm embedded/6 2017-q1-update/bin/../lib/gcc/arm-none-eabi/6.3.1/../../../../arm-none-eabi/lib/thumb/v7e-m/fpv4-sp/hard\libc.a(lib_a-lock.o)
                0x080044c8                __retarget_lock_release_recursive
 .text.__register_exitproc
                0x080044cc       0xc4 c:/program files (x86)/gnu tools arm embedded/6 2017-q1-update/bin/../lib/gcc/arm-none-eabi/6.3.1/../../../../arm-none-eabi/lib/thumb/v7e-m/fpv4-sp/hard\libc.a(lib_a-__atexit.o)
                0x080044cc                __register_exitproc
 *(.init)
 .init          0x08004590        0x4 c:/program files (x86)/gnu tools arm embedded/6 2017-q1-update/bin/../lib/gcc/arm-none-eabi/6.3.1/thumb/v7e-m/fpv4-sp/hard/crti.o
                0x08004590                _init
 .init          0x08004594        0x8 c:/program files (x86)/gnu tools arm embedded/6 2017-q1-update/bin/../lib/gcc/arm-none-eabi/6.3.1/thumb/v7e-m/fpv4-sp/hard/crtn.o
 *(.fini)
 .fini          0x0800459c        0x4 c:/program files (x86)/gnu tools arm embedded/6 2017-q1-update/bin/../lib/gcc/arm-none-eabi/6.3.1/thumb/v7e-m/fpv4-sp/hard/crti.o
                0x0800459c                _fini
 .fini          0x080045a0        0x8 c:/program files (x86)/gnu tools arm embedded/6 2017-q1-update/bin/../lib/gcc/arm-none-eabi/6.3.1/thumb/v7e-m/fpv4-sp/hard/crtn.o
 *crtbegin.o(.ctors)
 *crtbegin?.o(.ctors)
 *(EXCLUDE_FILE(*crtend.o *crtend?.o) .ctors)
 *(SORT(.ctors.*))
 *(.ctors)
 *crtbegin.o(.dtors)
 *crtbegin?.o(.dtors)
 *(EXCLUDE_FILE(*crtend.o *crtend?.o) .dtors)
 *(SORT(.dtors.*))
 *(.dtors)
 *(.rodata*)
 .rodata        0x080045a8        0x8 ..\obj\mbutils.o
 .rodata        0x080045b0      0x200 ..\obj\mbcrc.o
 .rodata        0x080047b0       0x90 ..\obj\encoder.o
 .rodata.npio2_hw
                0x08004840       0x80 c:/program files (x86)/gnu tools arm embedded/6 2017-q1-update/bin/../lib/gcc/arm-none-eabi/6.3.1/../../../../arm-none-eabi/lib/thumb/v7e-m/fpv4-sp/hard\libm.a(lib_a-ef_rem_pio2.o)
 .rodata.two_over_pi
                0x080048c0      0x318 c:/program files (x86)/gnu tools arm embedded/6 2017-q1-update/bin/../lib/gcc/arm-none-eabi/6.3.1/../../../../arm-none-eabi/lib/thumb/v7e-m/fpv4-sp/hard\libm.a(lib_a-ef_rem_pio2.o)
 .rodata.PIo2   0x08004bd8       0x2c c:/program files (x86)/gnu tools arm embedded/6 2017-q1-update/bin/../lib/gcc/arm-none-eabi/6.3.1/../../../../arm-none-eabi/lib/thumb/v7e-m/fpv4-sp/hard\libm.a(lib_a-kf_rem_pio2.o)
 .rodata.init_jk
                0x08004c04        0xc c:/program files (x86)/gnu tools arm embedded/6 2017-q1-update/bin/../lib/gcc/arm-none-eabi/6.3.1/../../../../arm-none-eabi/lib/thumb/v7e-m/fpv4-sp/hard\libm.a(lib_a-kf_rem_pio2.o)
 .rodata._global_impure_ptr
                0x08004c10        0x4 c:/program files (x86)/gnu tools arm embedded/6 2017-q1-update/bin/../lib/gcc/arm-none-eabi/6.3.1/../../../../arm-none-eabi/lib/thumb/v7e-m/fpv4-sp/hard\libc.a(lib_a-impure.o)
                0x08004c10                _global_impure_ptr
 *(.eh_fram e*)

.eh_frame       0x08004c14        0x0
 .eh_frame      0x08004c14        0x0 c:/program files (x86)/gnu tools arm embedded/6 2017-q1-update/bin/../lib/gcc/arm-none-eabi/6.3.1/thumb/v7e-m/fpv4-sp/hard/crtbegin.o

.glue_7         0x08004c14        0x0
 .glue_7        0x08004c14        0x0 linker stubs

.glue_7t        0x08004c14        0x0
 .glue_7t       0x08004c14        0x0 linker stubs

.vfp11_veneer   0x08004c14        0x0
 .vfp11_veneer  0x08004c14        0x0 linker stubs

.v4_bx          0x08004c14        0x0
 .v4_bx         0x08004c14        0x0 linker stubs

.iplt           0x08004c14        0x0
 .iplt          0x08004c14        0x0 c:/program files (x86)/gnu tools arm embedded/6 2017-q1-update/bin/../lib/gcc/arm-none-eabi/6.3.1/thumb/v7e-m/fpv4-sp/hard/crtbegin.o

.rel.dyn        0x08004c14        0x0
 .rel.iplt      0x08004c14        0x0 c:/program files (x86)/gnu tools arm embedded/6 2017-q1-update/bin/../lib/gcc/arm-none-eabi/6.3.1/thumb/v7e-m/fpv4-sp/hard/crtbegin.o

.ARM.extab
 *(.ARM.extab* .gnu.linkonce.armextab.*)
                0x08004c14                __exidx_start = .

.ARM.exidx
 *(.ARM.exidx* .gnu.linkonce.armexidx.*)
                0x08004c14                __exidx_end = .
                0x08004c14                __etext = .
                0x08004c14                _sidata = __etext

.data           0x20000000      0x4ec load address 0x08004c14
                0x20000000                __data_start__ = .
                0x20000000                _sdata = __data_start__
 *(vtable)
 *(.data*)
 .data          0x20000000       0x84 ..\obj\mb.o
 .data          0x20000084        0x8 ..\obj\main.o
                0x20000084                current_a_offset
                0x20000088                current_b_offset
 .data          0x2000008c       0x10 ..\obj\stm32f4xx_rcc.o
 .data          0x2000009c       0x14 ..\obj\system_stm32f4xx.o
                0x2000009c                SystemCoreClock
                0x200000a0                AHBPrescTable
 .data.impure_data
                0x200000b0      0x428 c:/program files (x86)/gnu tools arm embedded/6 2017-q1-update/bin/../lib/gcc/arm-none-eabi/6.3.1/../../../../arm-none-eabi/lib/thumb/v7e-m/fpv4-sp/hard\libc.a(lib_a-impure.o)
 .data.__atexit_recursive_mutex
                0x200004d8        0x4 c:/program files (x86)/gnu tools arm embedded/6 2017-q1-update/bin/../lib/gcc/arm-none-eabi/6.3.1/../../../../arm-none-eabi/lib/thumb/v7e-m/fpv4-sp/hard\libc.a(lib_a-__call_atexit.o)
                0x200004d8                __atexit_recursive_mutex
                0x200004dc                . = ALIGN (0x4)
                0x200004dc                PROVIDE (__preinit_array_start, .)
 *(.preinit_array)
                0x200004dc                PROVIDE (__preinit_array_end, .)
                0x200004dc                . = ALIGN (0x4)
                0x200004dc                PROVIDE (__init_array_start, .)
 *(SORT(.init_array.*))
 .init_array.00000
                0x200004dc        0x4 c:/program files (x86)/gnu tools arm embedded/6 2017-q1-update/bin/../lib/gcc/arm-none-eabi/6.3.1/../../../../arm-none-eabi/lib/thumb/v7e-m/fpv4-sp/hard\libc.a(lib_a-__call_atexit.o)
 *(.init_array)
 .init_array    0x200004e0        0x4 c:/program files (x86)/gnu tools arm embedded/6 2017-q1-update/bin/../lib/gcc/arm-none-eabi/6.3.1/thumb/v7e-m/fpv4-sp/hard/crtbegin.o
                0x200004e4                PROVIDE (__init_array_end, .)
                0x200004e4                . = ALIGN (0x4)
                0x200004e4                PROVIDE (__fini_array_start, .)
 *(SORT(.fini_array.*))
 *(.fini_array)
 .fini_array    0x200004e4        0x4 c:/program files (x86)/gnu tools arm embedded/6 2017-q1-update/bin/../lib/gcc/arm-none-eabi/6.3.1/thumb/v7e-m/fpv4-sp/hard/crtbegin.o
                0x200004e8                PROVIDE (__fini_array_end, .)
 *(.jcr*)
 .jcr           0x200004e8        0x0 c:/program files (x86)/gnu tools arm embedded/6 2017-q1-update/bin/../lib/gcc/arm-none-eabi/6.3.1/thumb/v7e-m/fpv4-sp/hard/crtbegin.o
 .jcr           0x200004e8        0x4 c:/program files (x86)/gnu tools arm embedded/6 2017-q1-update/bin/../lib/gcc/arm-none-eabi/6.3.1/thumb/v7e-m/fpv4-sp/hard/crtend.o
                0x200004ec                . = ALIGN (0x4)
                0x200004ec                __data_end__ = .
                0x200004ec                _edata = __data_end__

.igot.plt       0x200004ec        0x0 load address 0x08005100
 .igot.plt      0x200004ec        0x0 c:/program files (x86)/gnu tools arm embedded/6 2017-q1-update/bin/../lib/gcc/arm-none-eabi/6.3.1/thumb/v7e-m/fpv4-sp/hard/crtbegin.o

.bss            0x200004ec     0x80a8 load address 0x08005100
                0x200004ec                . = ALIGN (0x4)
                0x200004ec                __bss_start__ = .
                0x200004ec                _sbss = __bss_start__
 *(.bss*)
 .bss           0x200004ec       0x1c c:/program files (x86)/gnu tools arm embedded/6 2017-q1-update/bin/../lib/gcc/arm-none-eabi/6.3.1/thumb/v7e-m/fpv4-sp/hard/crtbegin.o
 .bss           0x20000508       0x23 ..\obj\mb.o
 .bss           0x2000052b        0x2 ..\obj\portevent.o
 *fill*         0x2000052d        0x1 
 .bss           0x2000052e       0x22 ..\obj\mbfuncother.o
 .bss           0x20000550       0x34 ..\obj\main.o
                0x20000550                main_state
                0x20000554                counter
                0x20000558                sp_counter
 .bss           0x20000584       0x6c ..\obj\foc.o
                0x200005d8                current_a
                0x200005da                current_b
 .bss           0x200005f0     0x7d0a ..\obj\encoder.o
                0x200082f8                uwTIM10PulseLength
 *fill*         0x200082fa        0x2 
 .bss           0x200082fc        0xb ..\obj\mbrtu.o
 *fill*         0x20008307        0x1 
 .bss           0x20008308        0xd ..\obj\mbascii.o
 *(COMMON)
 *fill*         0x20008315        0x3 
 COMMON         0x20008318       0x14 ..\obj\mb.o
                0x20008318                pxMBFrameCBTransmitterEmpty
                0x2000831c                pxMBPortCBTimerExpired
                0x20008320                pxMBFrameCBByteReceived
                0x20008324                pxMBFrameCBTransmitFSMCur
                0x20008328                pxMBFrameCBReceiveFSMCur
 COMMON         0x2000832c       0xc4 ..\obj\main.o
                0x2000832c                stFoc
 COMMON         0x200083f0       0x80 ..\obj\foc.o
                0x200083f0                pidPos
                0x20008424                pidSpeed
                0x20008458                ADC_values
                0x20008468                dc_voltage
                0x2000846a                enc_delta
                0x2000846c                ai1
                0x2000846e                ai0
 COMMON         0x20008470      0x100 ..\obj\mbrtu.o
                0x20008470                ucRTUBuf
 COMMON         0x20008570       0x21 c:/program files (x86)/gnu tools arm embedded/6 2017-q1-update/bin/../lib/gcc/arm-none-eabi/6.3.1/../../../../arm-none-eabi/lib/thumb/v7e-m/fpv4-sp/hard\libc.a(lib_a-lock.o)
                0x20008570                __lock___atexit_recursive_mutex
                0x20008574                __lock___arc4random_mutex
                0x20008578                __lock___env_recursive_mutex
                0x2000857c                __lock___sinit_recursive_mutex
                0x20008580                __lock___malloc_recursive_mutex
                0x20008584                __lock___at_quick_exit_mutex
                0x20008588                __lock___dd_hash_mutex
                0x2000858c                __lock___tz_mutex
                0x20008590                __lock___sfp_recursive_mutex
                0x20008594                . = ALIGN (0x4)
 *fill*         0x20008591        0x3 
                0x20008594                __bss_end__ = .
                0x20008594                _ebss = __bss_end__

.heap           0x20008594        0x0
                0x20008594                __end__ = .
                0x20008594                _end = __end__
                0x20008594                end = __end__
 *(.heap*)
                0x20008594                __HeapLimit = .

.co_stack       0x20008594      0x804 load address 0x0800d1a8
                0x20008598                . = ALIGN (0x8)
 *fill*         0x20008594        0x4 
 *(.co_stack .co_stack.*)
 .co_stack      0x20008598      0x800 ..\obj\startup_stm32f4xx.o
                0x20008598                pulStack
                0x20020000                __StackTop = (ORIGIN (ram) + LENGTH (ram))
                0x2001f7fc                __StackLimit = (__StackTop - SIZEOF (.co_stack))
                0x20020000                PROVIDE (__stack, __StackTop)
                0x00000001                ASSERT ((__StackLimit >= __HeapLimit), region ram  overflowed with stack)
LOAD ..\obj\stm32f4xx_syscfg.o
LOAD ..\obj\mb.o
LOAD ..\obj\mbfuncdisc.o
LOAD ..\obj\portevent.o
LOAD ..\obj\mbfuncother.o
LOAD ..\obj\stm32f4xx_usart.o
LOAD ..\obj\stm32f4xx_can.o
LOAD ..\obj\mbutils.o
LOAD ..\obj\stm32f4xx_dac.o
LOAD ..\obj\startup_stm32f4xx.o
LOAD ..\obj\mbfuncholding.o
LOAD ..\obj\main.o
LOAD ..\obj\mbcrc.o
LOAD ..\obj\stm32f4xx_rcc.o
LOAD ..\obj\foc.o
LOAD ..\obj\stm32f4xx_adc.o
LOAD ..\obj\mbfuncinput.o
LOAD ..\obj\encoder.o
LOAD ..\obj\mbfuncdiag.o
LOAD ..\obj\stm32f4xx_gpio.o
LOAD ..\obj\porttimer.o
LOAD ..\obj\mbrtu.o
LOAD ..\obj\system_stm32f4xx.o
LOAD ..\obj\syscalls.o
LOAD ..\obj\stm32f4xx_dma.o
LOAD ..\obj\port.o
LOAD ..\obj\portserial.o
LOAD ..\obj\mbfunccoils.o
LOAD ..\obj\stm32f4xx_exti.o
LOAD ..\obj\misc.o
LOAD ..\obj\svpwm.o
LOAD ..\obj\mbtcp.o
LOAD ..\obj\mbascii.o
LOAD ..\obj\pid.o
LOAD ..\obj\stm32f4xx_tim.o
LOAD c:/program files (x86)/gnu tools arm embedded/6 2017-q1-update/bin/../lib/gcc/arm-none-eabi/6.3.1/../../../../arm-none-eabi/lib/thumb/v7e-m/fpv4-sp/hard\libm.a
LOAD c:/program files (x86)/gnu tools arm embedded/6 2017-q1-update/bin/../lib/gcc/arm-none-eabi/6.3.1/thumb/v7e-m/fpv4-sp/hard\libgcc.a
LOAD c:/program files (x86)/gnu tools arm embedded/6 2017-q1-update/bin/../lib/gcc/arm-none-eabi/6.3.1/../../../../arm-none-eabi/lib/thumb/v7e-m/fpv4-sp/hard\libc.a
START GROUP
LOAD c:/program files (x86)/gnu tools arm embedded/6 2017-q1-update/bin/../lib/gcc/arm-none-eabi/6.3.1/thumb/v7e-m/fpv4-sp/hard\libgcc.a
LOAD c:/program files (x86)/gnu tools arm embedded/6 2017-q1-update/bin/../lib/gcc/arm-none-eabi/6.3.1/../../../../arm-none-eabi/lib/thumb/v7e-m/fpv4-sp/hard\libg.a
LOAD c:/program files (x86)/gnu tools arm embedded/6 2017-q1-update/bin/../lib/gcc/arm-none-eabi/6.3.1/../../../../arm-none-eabi/lib/thumb/v7e-m/fpv4-sp/hard\libc.a
END GROUP
LOAD c:/program files (x86)/gnu tools arm embedded/6 2017-q1-update/bin/../lib/gcc/arm-none-eabi/6.3.1/thumb/v7e-m/fpv4-sp/hard/crtend.o
LOAD c:/program files (x86)/gnu tools arm embedded/6 2017-q1-update/bin/../lib/gcc/arm-none-eabi/6.3.1/thumb/v7e-m/fpv4-sp/hard/crtn.o
OUTPUT(main.elf elf32-littlearm)

.ARM.attributes
                0x00000000       0x30
 .ARM.attributes
                0x00000000       0x22 c:/program files (x86)/gnu tools arm embedded/6 2017-q1-update/bin/../lib/gcc/arm-none-eabi/6.3.1/thumb/v7e-m/fpv4-sp/hard/crti.o
 .ARM.attributes
                0x00000022       0x34 c:/program files (x86)/gnu tools arm embedded/6 2017-q1-update/bin/../lib/gcc/arm-none-eabi/6.3.1/thumb/v7e-m/fpv4-sp/hard/crtbegin.o
 .ARM.attributes
                0x00000056       0x39 ..\obj\stm32f4xx_syscfg.o
 .ARM.attributes
                0x0000008f       0x39 ..\obj\mb.o
 .ARM.attributes
                0x000000c8       0x39 ..\obj\mbfuncdisc.o
 .ARM.attributes
                0x00000101       0x39 ..\obj\portevent.o
 .ARM.attributes
                0x0000013a       0x39 ..\obj\mbfuncother.o
 .ARM.attributes
                0x00000173       0x39 ..\obj\stm32f4xx_usart.o
 .ARM.attributes
                0x000001ac       0x39 ..\obj\mbutils.o
 .ARM.attributes
                0x000001e5       0x39 ..\obj\stm32f4xx_dac.o
 .ARM.attributes
                0x0000021e       0x39 ..\obj\startup_stm32f4xx.o
 .ARM.attributes
                0x00000257       0x39 ..\obj\mbfuncholding.o
 .ARM.attributes
                0x00000290       0x39 ..\obj\main.o
 .ARM.attributes
                0x000002c9       0x39 ..\obj\mbcrc.o
 .ARM.attributes
                0x00000302       0x39 ..\obj\stm32f4xx_rcc.o
 .ARM.attributes
                0x0000033b       0x39 ..\obj\foc.o
 .ARM.attributes
                0x00000374       0x39 ..\obj\stm32f4xx_adc.o
 .ARM.attributes
                0x000003ad       0x39 ..\obj\mbfuncinput.o
 .ARM.attributes
                0x000003e6       0x39 ..\obj\encoder.o
 .ARM.attributes
                0x0000041f       0x39 ..\obj\stm32f4xx_gpio.o
 .ARM.attributes
                0x00000458       0x39 ..\obj\porttimer.o
 .ARM.attributes
                0x00000491       0x39 ..\obj\mbrtu.o
 .ARM.attributes
                0x000004ca       0x39 ..\obj\system_stm32f4xx.o
 .ARM.attributes
                0x00000503       0x39 ..\obj\stm32f4xx_dma.o
 .ARM.attributes
                0x0000053c       0x39 ..\obj\portserial.o
 .ARM.attributes
                0x00000575       0x39 ..\obj\mbfunccoils.o
 .ARM.attributes
                0x000005ae       0x39 ..\obj\stm32f4xx_exti.o
 .ARM.attributes
                0x000005e7       0x39 ..\obj\misc.o
 .ARM.attributes
                0x00000620       0x39 ..\obj\svpwm.o
 .ARM.attributes
                0x00000659       0x39 ..\obj\mbascii.o
 .ARM.attributes
                0x00000692       0x39 ..\obj\pid.o
 .ARM.attributes
                0x000006cb       0x39 ..\obj\stm32f4xx_tim.o
 .ARM.attributes
                0x00000704       0x34 c:/program files (x86)/gnu tools arm embedded/6 2017-q1-update/bin/../lib/gcc/arm-none-eabi/6.3.1/../../../../arm-none-eabi/lib/thumb/v7e-m/fpv4-sp/hard\libm.a(lib_a-sf_cos.o)
 .ARM.attributes
                0x00000738       0x34 c:/program files (x86)/gnu tools arm embedded/6 2017-q1-update/bin/../lib/gcc/arm-none-eabi/6.3.1/../../../../arm-none-eabi/lib/thumb/v7e-m/fpv4-sp/hard\libm.a(lib_a-sf_sin.o)
 .ARM.attributes
                0x0000076c       0x34 c:/program files (x86)/gnu tools arm embedded/6 2017-q1-update/bin/../lib/gcc/arm-none-eabi/6.3.1/../../../../arm-none-eabi/lib/thumb/v7e-m/fpv4-sp/hard\libm.a(lib_a-ef_rem_pio2.o)
 .ARM.attributes
                0x000007a0       0x34 c:/program files (x86)/gnu tools arm embedded/6 2017-q1-update/bin/../lib/gcc/arm-none-eabi/6.3.1/../../../../arm-none-eabi/lib/thumb/v7e-m/fpv4-sp/hard\libm.a(lib_a-kf_cos.o)
 .ARM.attributes
                0x000007d4       0x34 c:/program files (x86)/gnu tools arm embedded/6 2017-q1-update/bin/../lib/gcc/arm-none-eabi/6.3.1/../../../../arm-none-eabi/lib/thumb/v7e-m/fpv4-sp/hard\libm.a(lib_a-kf_rem_pio2.o)
 .ARM.attributes
                0x00000808       0x34 c:/program files (x86)/gnu tools arm embedded/6 2017-q1-update/bin/../lib/gcc/arm-none-eabi/6.3.1/../../../../arm-none-eabi/lib/thumb/v7e-m/fpv4-sp/hard\libm.a(lib_a-kf_sin.o)
 .ARM.attributes
                0x0000083c       0x34 c:/program files (x86)/gnu tools arm embedded/6 2017-q1-update/bin/../lib/gcc/arm-none-eabi/6.3.1/../../../../arm-none-eabi/lib/thumb/v7e-m/fpv4-sp/hard\libm.a(lib_a-sf_fabs.o)
 .ARM.attributes
                0x00000870       0x34 c:/program files (x86)/gnu tools arm embedded/6 2017-q1-update/bin/../lib/gcc/arm-none-eabi/6.3.1/../../../../arm-none-eabi/lib/thumb/v7e-m/fpv4-sp/hard\libm.a(lib_a-sf_floor.o)
 .ARM.attributes
                0x000008a4       0x34 c:/program files (x86)/gnu tools arm embedded/6 2017-q1-update/bin/../lib/gcc/arm-none-eabi/6.3.1/../../../../arm-none-eabi/lib/thumb/v7e-m/fpv4-sp/hard\libm.a(lib_a-sf_scalbn.o)
 .ARM.attributes
                0x000008d8       0x34 c:/program files (x86)/gnu tools arm embedded/6 2017-q1-update/bin/../lib/gcc/arm-none-eabi/6.3.1/../../../../arm-none-eabi/lib/thumb/v7e-m/fpv4-sp/hard\libm.a(lib_a-sf_copysign.o)
 .ARM.attributes
                0x0000090c       0x34 c:/program files (x86)/gnu tools arm embedded/6 2017-q1-update/bin/../lib/gcc/arm-none-eabi/6.3.1/../../../../arm-none-eabi/lib/thumb/v7e-m/fpv4-sp/hard\libc.a(lib_a-impure.o)
 .ARM.attributes
                0x00000940       0x20 c:/program files (x86)/gnu tools arm embedded/6 2017-q1-update/bin/../lib/gcc/arm-none-eabi/6.3.1/../../../../arm-none-eabi/lib/thumb/v7e-m/fpv4-sp/hard\libc.a(lib_a-memcpy.o)
 .ARM.attributes
                0x00000960       0x34 c:/program files (x86)/gnu tools arm embedded/6 2017-q1-update/bin/../lib/gcc/arm-none-eabi/6.3.1/../../../../arm-none-eabi/lib/thumb/v7e-m/fpv4-sp/hard\libc.a(lib_a-memset.o)
 .ARM.attributes
                0x00000994       0x34 c:/program files (x86)/gnu tools arm embedded/6 2017-q1-update/bin/../lib/gcc/arm-none-eabi/6.3.1/../../../../arm-none-eabi/lib/thumb/v7e-m/fpv4-sp/hard\libc.a(lib_a-__call_atexit.o)
 .ARM.attributes
                0x000009c8       0x34 c:/program files (x86)/gnu tools arm embedded/6 2017-q1-update/bin/../lib/gcc/arm-none-eabi/6.3.1/../../../../arm-none-eabi/lib/thumb/v7e-m/fpv4-sp/hard\libc.a(lib_a-atexit.o)
 .ARM.attributes
                0x000009fc       0x34 c:/program files (x86)/gnu tools arm embedded/6 2017-q1-update/bin/../lib/gcc/arm-none-eabi/6.3.1/../../../../arm-none-eabi/lib/thumb/v7e-m/fpv4-sp/hard\libc.a(lib_a-fini.o)
 .ARM.attributes
                0x00000a30       0x34 c:/program files (x86)/gnu tools arm embedded/6 2017-q1-update/bin/../lib/gcc/arm-none-eabi/6.3.1/../../../../arm-none-eabi/lib/thumb/v7e-m/fpv4-sp/hard\libc.a(lib_a-lock.o)
 .ARM.attributes
                0x00000a64       0x34 c:/program files (x86)/gnu tools arm embedded/6 2017-q1-update/bin/../lib/gcc/arm-none-eabi/6.3.1/../../../../arm-none-eabi/lib/thumb/v7e-m/fpv4-sp/hard\libc.a(lib_a-__atexit.o)
 .ARM.attributes
                0x00000a98       0x34 c:/program files (x86)/gnu tools arm embedded/6 2017-q1-update/bin/../lib/gcc/arm-none-eabi/6.3.1/thumb/v7e-m/fpv4-sp/hard/crtend.o
 .ARM.attributes
                0x00000acc       0x22 c:/program files (x86)/gnu tools arm embedded/6 2017-q1-update/bin/../lib/gcc/arm-none-eabi/6.3.1/thumb/v7e-m/fpv4-sp/hard/crtn.o

.comment        0x00000000       0x7f
 .comment       0x00000000       0x7f ..\obj\stm32f4xx_syscfg.o
                                 0x80 (size before relaxing)
 .comment       0x0000007f       0x80 ..\obj\mb.o
 .comment       0x0000007f       0x80 ..\obj\mbfuncdisc.o
 .comment       0x0000007f       0x80 ..\obj\portevent.o
 .comment       0x0000007f       0x80 ..\obj\mbfuncother.o
 .comment       0x0000007f       0x80 ..\obj\stm32f4xx_usart.o
 .comment       0x0000007f       0x80 ..\obj\mbutils.o
 .comment       0x0000007f       0x80 ..\obj\stm32f4xx_dac.o
 .comment       0x0000007f       0x80 ..\obj\startup_stm32f4xx.o
 .comment       0x0000007f       0x80 ..\obj\mbfuncholding.o
 .comment       0x0000007f       0x80 ..\obj\main.o
 .comment       0x0000007f       0x80 ..\obj\mbcrc.o
 .comment       0x0000007f       0x80 ..\obj\stm32f4xx_rcc.o
 .comment       0x0000007f       0x80 ..\obj\foc.o
 .comment       0x0000007f       0x80 ..\obj\stm32f4xx_adc.o
 .comment       0x0000007f       0x80 ..\obj\mbfuncinput.o
 .comment       0x0000007f       0x80 ..\obj\encoder.o
 .comment       0x0000007f       0x80 ..\obj\stm32f4xx_gpio.o
 .comment       0x0000007f       0x80 ..\obj\porttimer.o
 .comment       0x0000007f       0x80 ..\obj\mbrtu.o
 .comment       0x0000007f       0x80 ..\obj\system_stm32f4xx.o
 .comment       0x0000007f       0x80 ..\obj\stm32f4xx_dma.o
 .comment       0x0000007f       0x80 ..\obj\portserial.o
 .comment       0x0000007f       0x80 ..\obj\mbfunccoils.o
 .comment       0x0000007f       0x80 ..\obj\stm32f4xx_exti.o
 .comment       0x0000007f       0x80 ..\obj\misc.o
 .comment       0x0000007f       0x80 ..\obj\svpwm.o
 .comment       0x0000007f       0x80 ..\obj\mbascii.o
 .comment       0x0000007f       0x80 ..\obj\pid.o
 .comment       0x0000007f       0x80 ..\obj\stm32f4xx_tim.o

.debug_info     0x00000000    0x15bf1
 .debug_info    0x00000000      0x2c1 ..\obj\stm32f4xx_syscfg.o
 .debug_info    0x000002c1      0xf3d ..\obj\mb.o
 .debug_info    0x000011fe      0xad5 ..\obj\mbfuncdisc.o
 .debug_info    0x00001cd3      0x1d9 ..\obj\portevent.o
 .debug_info    0x00001eac      0xb35 ..\obj\mbfuncother.o
 .debug_info    0x000029e1      0xaaf ..\obj\stm32f4xx_usart.o
 .debug_info    0x00003490      0xb56 ..\obj\mbutils.o
 .debug_info    0x00003fe6      0x68e ..\obj\stm32f4xx_dac.o
 .debug_info    0x00004674      0x121 ..\obj\startup_stm32f4xx.o
 .debug_info    0x00004795      0xd1a ..\obj\mbfuncholding.o
 .debug_info    0x000054af     0x130e ..\obj\main.o
 .debug_info    0x000067bd      0x191 ..\obj\mbcrc.o
 .debug_info    0x0000694e      0xca3 ..\obj\stm32f4xx_rcc.o
 .debug_info    0x000075f1     0x124c ..\obj\foc.o
 .debug_info    0x0000883d      0xc7e ..\obj\stm32f4xx_adc.o
 .debug_info    0x000094bb      0xac6 ..\obj\mbfuncinput.o
 .debug_info    0x00009f81     0x1496 ..\obj\encoder.o
 .debug_info    0x0000b417      0x712 ..\obj\stm32f4xx_gpio.o
 .debug_info    0x0000bb29      0x836 ..\obj\porttimer.o
 .debug_info    0x0000c35f      0xf30 ..\obj\mbrtu.o
 .debug_info    0x0000d28f      0x5e9 ..\obj\system_stm32f4xx.o
 .debug_info    0x0000d878      0x732 ..\obj\stm32f4xx_dma.o
 .debug_info    0x0000dfaa      0xca1 ..\obj\portserial.o
 .debug_info    0x0000ec4b      0xc54 ..\obj\mbfunccoils.o
 .debug_info    0x0000f89f      0x365 ..\obj\stm32f4xx_exti.o
 .debug_info    0x0000fc04      0x54d ..\obj\misc.o
 .debug_info    0x00010151     0x1d45 ..\obj\svpwm.o
 .debug_info    0x00011e96     0x111e ..\obj\mbascii.o
 .debug_info    0x00012fb4      0xc30 ..\obj\pid.o
 .debug_info    0x00013be4     0x200d ..\obj\stm32f4xx_tim.o

.debug_abbrev   0x00000000     0x4094
 .debug_abbrev  0x00000000      0x173 ..\obj\stm32f4xx_syscfg.o
 .debug_abbrev  0x00000173      0x2f7 ..\obj\mb.o
 .debug_abbrev  0x0000046a      0x238 ..\obj\mbfuncdisc.o
 .debug_abbrev  0x000006a2       0xeb ..\obj\portevent.o
 .debug_abbrev  0x0000078d      0x222 ..\obj\mbfuncother.o
 .debug_abbrev  0x000009af      0x1d8 ..\obj\stm32f4xx_usart.o
 .debug_abbrev  0x00000b87      0x225 ..\obj\mbutils.o
 .debug_abbrev  0x00000dac      0x231 ..\obj\stm32f4xx_dac.o
 .debug_abbrev  0x00000fdd       0xeb ..\obj\startup_stm32f4xx.o
 .debug_abbrev  0x000010c8      0x238 ..\obj\mbfuncholding.o
 .debug_abbrev  0x00001300      0x31a ..\obj\main.o
 .debug_abbrev  0x0000161a       0xc9 ..\obj\mbcrc.o
 .debug_abbrev  0x000016e3      0x21c ..\obj\stm32f4xx_rcc.o
 .debug_abbrev  0x000018ff      0x347 ..\obj\foc.o
 .debug_abbrev  0x00001c46      0x205 ..\obj\stm32f4xx_adc.o
 .debug_abbrev  0x00001e4b      0x238 ..\obj\mbfuncinput.o
 .debug_abbrev  0x00002083      0x2f2 ..\obj\encoder.o
 .debug_abbrev  0x00002375      0x1ff ..\obj\stm32f4xx_gpio.o
 .debug_abbrev  0x00002574      0x1be ..\obj\porttimer.o
 .debug_abbrev  0x00002732      0x2c1 ..\obj\mbrtu.o
 .debug_abbrev  0x000029f3      0x17b ..\obj\system_stm32f4xx.o
 .debug_abbrev  0x00002b6e      0x1af ..\obj\stm32f4xx_dma.o
 .debug_abbrev  0x00002d1d      0x210 ..\obj\portserial.o
 .debug_abbrev  0x00002f2d      0x252 ..\obj\mbfunccoils.o
 .debug_abbrev  0x0000317f      0x206 ..\obj\stm32f4xx_exti.o
 .debug_abbrev  0x00003385      0x17f ..\obj\misc.o
 .debug_abbrev  0x00003504      0x2f0 ..\obj\svpwm.o
 .debug_abbrev  0x000037f4      0x352 ..\obj\mbascii.o
 .debug_abbrev  0x00003b46      0x289 ..\obj\pid.o
 .debug_abbrev  0x00003dcf      0x2c5 ..\obj\stm32f4xx_tim.o

.debug_loc      0x00000000     0x73d9
 .debug_loc     0x00000000       0x97 ..\obj\stm32f4xx_syscfg.o
 .debug_loc     0x00000097      0x299 ..\obj\mb.o
 .debug_loc     0x00000330      0x183 ..\obj\mbfuncdisc.o
 .debug_loc     0x000004b3       0x6e ..\obj\portevent.o
 .debug_loc     0x00000521      0x124 ..\obj\mbfuncother.o
 .debug_loc     0x00000645      0x7d5 ..\obj\stm32f4xx_usart.o
 .debug_loc     0x00000e1a      0x3d2 ..\obj\mbutils.o
 .debug_loc     0x000011ec      0x3cd ..\obj\stm32f4xx_dac.o
 .debug_loc     0x000015b9       0x2b ..\obj\startup_stm32f4xx.o
 .debug_loc     0x000015e4      0x73d ..\obj\mbfuncholding.o
 .debug_loc     0x00001d21      0x3d9 ..\obj\main.o
 .debug_loc     0x000020fa       0xb5 ..\obj\mbcrc.o
 .debug_loc     0x000021af      0x9c7 ..\obj\stm32f4xx_rcc.o
 .debug_loc     0x00002b76      0x11e ..\obj\foc.o
 .debug_loc     0x00002c94      0x9fe ..\obj\stm32f4xx_adc.o
 .debug_loc     0x00003692      0x170 ..\obj\mbfuncinput.o
 .debug_loc     0x00003802      0x29c ..\obj\encoder.o
 .debug_loc     0x00003a9e      0x30c ..\obj\stm32f4xx_gpio.o
 .debug_loc     0x00003daa       0x21 ..\obj\porttimer.o
 .debug_loc     0x00003dcb      0x2e7 ..\obj\mbrtu.o
 .debug_loc     0x000040b2      0x10b ..\obj\system_stm32f4xx.o
 .debug_loc     0x000041bd      0x415 ..\obj\stm32f4xx_dma.o
 .debug_loc     0x000045d2      0x123 ..\obj\portserial.o
 .debug_loc     0x000046f5      0x400 ..\obj\mbfunccoils.o
 .debug_loc     0x00004af5      0x188 ..\obj\stm32f4xx_exti.o
 .debug_loc     0x00004c7d      0x15c ..\obj\misc.o
 .debug_loc     0x00004dd9      0x789 ..\obj\svpwm.o
 .debug_loc     0x00005562      0x411 ..\obj\mbascii.o
 .debug_loc     0x00005973      0x176 ..\obj\pid.o
 .debug_loc     0x00005ae9     0x18f0 ..\obj\stm32f4xx_tim.o

.debug_aranges  0x00000000      0xe70
 .debug_aranges
                0x00000000       0x48 ..\obj\stm32f4xx_syscfg.o
 .debug_aranges
                0x00000048       0x48 ..\obj\mb.o
 .debug_aranges
                0x00000090       0x20 ..\obj\mbfuncdisc.o
 .debug_aranges
                0x000000b0       0x30 ..\obj\portevent.o
 .debug_aranges
                0x000000e0       0x28 ..\obj\mbfuncother.o
 .debug_aranges
                0x00000108      0x100 ..\obj\stm32f4xx_usart.o
 .debug_aranges
                0x00000208       0x30 ..\obj\mbutils.o
 .debug_aranges
                0x00000238       0x90 ..\obj\stm32f4xx_dac.o
 .debug_aranges
                0x000002c8       0x28 ..\obj\startup_stm32f4xx.o
 .debug_aranges
                0x000002f0       0x38 ..\obj\mbfuncholding.o
 .debug_aranges
                0x00000328       0x58 ..\obj\main.o
 .debug_aranges
                0x00000380       0x20 ..\obj\mbcrc.o
 .debug_aranges
                0x000003a0      0x178 ..\obj\stm32f4xx_rcc.o
 .debug_aranges
                0x00000518       0x68 ..\obj\foc.o
 .debug_aranges
                0x00000580      0x140 ..\obj\stm32f4xx_adc.o
 .debug_aranges
                0x000006c0       0x20 ..\obj\mbfuncinput.o
 .debug_aranges
                0x000006e0       0xa0 ..\obj\encoder.o
 .debug_aranges
                0x00000780       0x88 ..\obj\stm32f4xx_gpio.o
 .debug_aranges
                0x00000808       0x38 ..\obj\porttimer.o
 .debug_aranges
                0x00000840       0x58 ..\obj\mbrtu.o
 .debug_aranges
                0x00000898       0x28 ..\obj\system_stm32f4xx.o
 .debug_aranges
                0x000008c0       0xa8 ..\obj\stm32f4xx_dma.o
 .debug_aranges
                0x00000968       0x40 ..\obj\portserial.o
 .debug_aranges
                0x000009a8       0x30 ..\obj\mbfunccoils.o
 .debug_aranges
                0x000009d8       0x50 ..\obj\stm32f4xx_exti.o
 .debug_aranges
                0x00000a28       0x40 ..\obj\misc.o
 .debug_aranges
                0x00000a68       0x88 ..\obj\svpwm.o
 .debug_aranges
                0x00000af0       0x58 ..\obj\mbascii.o
 .debug_aranges
                0x00000b48       0x50 ..\obj\pid.o
 .debug_aranges
                0x00000b98      0x2d8 ..\obj\stm32f4xx_tim.o

.debug_ranges   0x00000000      0xdf0
 .debug_ranges  0x00000000       0x38 ..\obj\stm32f4xx_syscfg.o
 .debug_ranges  0x00000038       0x38 ..\obj\mb.o
 .debug_ranges  0x00000070       0x10 ..\obj\mbfuncdisc.o
 .debug_ranges  0x00000080       0x20 ..\obj\portevent.o
 .debug_ranges  0x000000a0       0x18 ..\obj\mbfuncother.o
 .debug_ranges  0x000000b8       0xf0 ..\obj\stm32f4xx_usart.o
 .debug_ranges  0x000001a8       0x20 ..\obj\mbutils.o
 .debug_ranges  0x000001c8       0x80 ..\obj\stm32f4xx_dac.o
 .debug_ranges  0x00000248       0x18 ..\obj\startup_stm32f4xx.o
 .debug_ranges  0x00000260       0x28 ..\obj\mbfuncholding.o
 .debug_ranges  0x00000288       0xc0 ..\obj\main.o
 .debug_ranges  0x00000348       0x10 ..\obj\mbcrc.o
 .debug_ranges  0x00000358      0x168 ..\obj\stm32f4xx_rcc.o
 .debug_ranges  0x000004c0       0x70 ..\obj\foc.o
 .debug_ranges  0x00000530      0x130 ..\obj\stm32f4xx_adc.o
 .debug_ranges  0x00000660       0x10 ..\obj\mbfuncinput.o
 .debug_ranges  0x00000670       0xb8 ..\obj\encoder.o
 .debug_ranges  0x00000728       0x78 ..\obj\stm32f4xx_gpio.o
 .debug_ranges  0x000007a0       0x28 ..\obj\porttimer.o
 .debug_ranges  0x000007c8       0x48 ..\obj\mbrtu.o
 .debug_ranges  0x00000810       0x30 ..\obj\system_stm32f4xx.o
 .debug_ranges  0x00000840       0x98 ..\obj\stm32f4xx_dma.o
 .debug_ranges  0x000008d8       0x48 ..\obj\portserial.o
 .debug_ranges  0x00000920       0x20 ..\obj\mbfunccoils.o
 .debug_ranges  0x00000940       0x40 ..\obj\stm32f4xx_exti.o
 .debug_ranges  0x00000980       0x30 ..\obj\misc.o
 .debug_ranges  0x000009b0       0x78 ..\obj\svpwm.o
 .debug_ranges  0x00000a28       0x88 ..\obj\mbascii.o
 .debug_ranges  0x00000ab0       0x40 ..\obj\pid.o
 .debug_ranges  0x00000af0      0x300 ..\obj\stm32f4xx_tim.o

.debug_line     0x00000000     0x84d7
 .debug_line    0x00000000      0x307 ..\obj\stm32f4xx_syscfg.o
 .debug_line    0x00000307      0x5ac ..\obj\mb.o
 .debug_line    0x000008b3      0x423 ..\obj\mbfuncdisc.o
 .debug_line    0x00000cd6      0x2b1 ..\obj\portevent.o
 .debug_line    0x00000f87      0x410 ..\obj\mbfuncother.o
 .debug_line    0x00001397      0x580 ..\obj\stm32f4xx_usart.o
 .debug_line    0x00001917      0x42e ..\obj\mbutils.o
 .debug_line    0x00001d45      0x3e5 ..\obj\stm32f4xx_dac.o
 .debug_line    0x0000212a       0xbb ..\obj\startup_stm32f4xx.o
 .debug_line    0x000021e5      0x4cb ..\obj\mbfuncholding.o
 .debug_line    0x000026b0      0x5e5 ..\obj\main.o
 .debug_line    0x00002c95      0x281 ..\obj\mbcrc.o
 .debug_line    0x00002f16      0x62e ..\obj\stm32f4xx_rcc.o
 .debug_line    0x00003544      0x4bc ..\obj\foc.o
 .debug_line    0x00003a00      0x603 ..\obj\stm32f4xx_adc.o
 .debug_line    0x00004003      0x415 ..\obj\mbfuncinput.o
 .debug_line    0x00004418      0x54c ..\obj\encoder.o
 .debug_line    0x00004964      0x3f7 ..\obj\stm32f4xx_gpio.o
 .debug_line    0x00004d5b      0x377 ..\obj\porttimer.o
 .debug_line    0x000050d2      0x528 ..\obj\mbrtu.o
 .debug_line    0x000055fa      0x23f ..\obj\system_stm32f4xx.o
 .debug_line    0x00005839      0x494 ..\obj\stm32f4xx_dma.o
 .debug_line    0x00005ccd      0x3e2 ..\obj\portserial.o
 .debug_line    0x000060af      0x497 ..\obj\mbfunccoils.o
 .debug_line    0x00006546      0x337 ..\obj\stm32f4xx_exti.o
 .debug_line    0x0000687d      0x2ef ..\obj\misc.o
 .debug_line    0x00006b6c      0x5d7 ..\obj\svpwm.o
 .debug_line    0x00007143      0x59d ..\obj\mbascii.o
 .debug_line    0x000076e0      0x276 ..\obj\pid.o
 .debug_line    0x00007956      0xb81 ..\obj\stm32f4xx_tim.o

.debug_str      0x00000000     0x52b1
 .debug_str     0x00000000      0x2fc ..\obj\stm32f4xx_syscfg.o
                                0x35a (size before relaxing)
 .debug_str     0x000002fc      0x8b7 ..\obj\mb.o
                                0xaa3 (size before relaxing)
 .debug_str     0x00000bb3       0xed ..\obj\mbfuncdisc.o
                                0x82e (size before relaxing)
 .debug_str     0x00000ca0       0x86 ..\obj\portevent.o
                                0x2d6 (size before relaxing)
 .debug_str     0x00000d26       0xe2 ..\obj\mbfuncother.o
                                0x832 (size before relaxing)
 .debug_str     0x00000e08      0x51b ..\obj\stm32f4xx_usart.o
                                0x71e (size before relaxing)
 .debug_str     0x00001323       0xdf ..\obj\mbutils.o
                                0x836 (size before relaxing)
 .debug_str     0x00001402      0x2b7 ..\obj\stm32f4xx_dac.o
                                0x4b9 (size before relaxing)
 .debug_str     0x000016b9       0xe3 ..\obj\startup_stm32f4xx.o
                                0x19d (size before relaxing)
 .debug_str     0x0000179c      0x181 ..\obj\mbfuncholding.o
                                0x90b (size before relaxing)
 .debug_str     0x0000191d      0xcad ..\obj\main.o
                               0x1059 (size before relaxing)
 .debug_str     0x000025ca       0x7a ..\obj\mbcrc.o
                                0x22e (size before relaxing)
 .debug_str     0x00002644      0x58b ..\obj\stm32f4xx_rcc.o
                                0x89f (size before relaxing)
 .debug_str     0x00002bcf      0x2ed ..\obj\foc.o
                                0x95a (size before relaxing)
 .debug_str     0x00002ebc      0x5ac ..\obj\stm32f4xx_adc.o
                                0x86a (size before relaxing)
 .debug_str     0x00003468       0x7c ..\obj\mbfuncinput.o
                                0x81f (size before relaxing)
 .debug_str     0x000034e4      0x301 ..\obj\encoder.o
                                0xf56 (size before relaxing)
 .debug_str     0x000037e5      0x13a ..\obj\stm32f4xx_gpio.o
                                0x509 (size before relaxing)
 .debug_str     0x0000391f       0xd4 ..\obj\porttimer.o
                                0xa3d (size before relaxing)
 .debug_str     0x000039f3      0x222 ..\obj\mbrtu.o
                                0x99f (size before relaxing)
 .debug_str     0x00003c15      0x103 ..\obj\system_stm32f4xx.o
                                0x3e9 (size before relaxing)
 .debug_str     0x00003d18      0x3a0 ..\obj\stm32f4xx_dma.o
                                0x591 (size before relaxing)
 .debug_str     0x000040b8       0xca ..\obj\portserial.o
                                0xcd3 (size before relaxing)
 .debug_str     0x00004182       0xd9 ..\obj\mbfunccoils.o
                                0x893 (size before relaxing)
 .debug_str     0x0000425b       0xda ..\obj\stm32f4xx_exti.o
                                0x3a8 (size before relaxing)
 .debug_str     0x00004335      0x15c ..\obj\misc.o
                                0x41d (size before relaxing)
 .debug_str     0x00004491      0x3e8 ..\obj\svpwm.o
                               0x13e6 (size before relaxing)
 .debug_str     0x00004879      0x1ba ..\obj\mbascii.o
                                0xa35 (size before relaxing)
 .debug_str     0x00004a33      0x10f ..\obj\pid.o
                                0x6be (size before relaxing)
 .debug_str     0x00004b42      0x76f ..\obj\stm32f4xx_tim.o
                                0xe4d (size before relaxing)

.debug_frame    0x00000000     0x24f8
 .debug_frame   0x00000000       0x84 ..\obj\stm32f4xx_syscfg.o
 .debug_frame   0x00000084       0xb8 ..\obj\mb.o
 .debug_frame   0x0000013c       0x38 ..\obj\mbfuncdisc.o
 .debug_frame   0x00000174       0x40 ..\obj\portevent.o
 .debug_frame   0x000001b4       0x48 ..\obj\mbfuncother.o
 .debug_frame   0x000001fc      0x224 ..\obj\stm32f4xx_usart.o
 .debug_frame   0x00000420       0x58 ..\obj\mbutils.o
 .debug_frame   0x00000478      0x150 ..\obj\stm32f4xx_dac.o
 .debug_frame   0x000005c8       0x30 ..\obj\startup_stm32f4xx.o
 .debug_frame   0x000005f8       0xac ..\obj\mbfuncholding.o
 .debug_frame   0x000006a4      0x100 ..\obj\main.o
 .debug_frame   0x000007a4       0x2c ..\obj\mbcrc.o
 .debug_frame   0x000007d0      0x2e8 ..\obj\stm32f4xx_rcc.o
 .debug_frame   0x00000ab8      0x164 ..\obj\foc.o
 .debug_frame   0x00000c1c      0x2b4 ..\obj\stm32f4xx_adc.o
 .debug_frame   0x00000ed0       0x38 ..\obj\mbfuncinput.o
 .debug_frame   0x00000f08      0x1e0 ..\obj\encoder.o
 .debug_frame   0x000010e8      0x124 ..\obj\stm32f4xx_gpio.o
 .debug_frame   0x0000120c       0x7c ..\obj\porttimer.o
 .debug_frame   0x00001288       0xec ..\obj\mbrtu.o
 .debug_frame   0x00001374       0x44 ..\obj\system_stm32f4xx.o
 .debug_frame   0x000013b8      0x160 ..\obj\stm32f4xx_dma.o
 .debug_frame   0x00001518       0xac ..\obj\portserial.o
 .debug_frame   0x000015c4       0x78 ..\obj\mbfunccoils.o
 .debug_frame   0x0000163c       0x9c ..\obj\stm32f4xx_exti.o
 .debug_frame   0x000016d8       0x68 ..\obj\misc.o
 .debug_frame   0x00001740      0x1c0 ..\obj\svpwm.o
 .debug_frame   0x00001900       0xf0 ..\obj\mbascii.o
 .debug_frame   0x000019f0       0xa0 ..\obj\pid.o
 .debug_frame   0x00001a90      0x6bc ..\obj\stm32f4xx_tim.o
 .debug_frame   0x0000214c       0x34 c:/program files (x86)/gnu tools arm embedded/6 2017-q1-update/bin/../lib/gcc/arm-none-eabi/6.3.1/../../../../arm-none-eabi/lib/thumb/v7e-m/fpv4-sp/hard\libm.a(lib_a-sf_cos.o)
 .debug_frame   0x00002180       0x34 c:/program files (x86)/gnu tools arm embedded/6 2017-q1-update/bin/../lib/gcc/arm-none-eabi/6.3.1/../../../../arm-none-eabi/lib/thumb/v7e-m/fpv4-sp/hard\libm.a(lib_a-sf_sin.o)
 .debug_frame   0x000021b4       0x3c c:/program files (x86)/gnu tools arm embedded/6 2017-q1-update/bin/../lib/gcc/arm-none-eabi/6.3.1/../../../../arm-none-eabi/lib/thumb/v7e-m/fpv4-sp/hard\libm.a(lib_a-ef_rem_pio2.o)
 .debug_frame   0x000021f0       0x20 c:/program files (x86)/gnu tools arm embedded/6 2017-q1-update/bin/../lib/gcc/arm-none-eabi/6.3.1/../../../../arm-none-eabi/lib/thumb/v7e-m/fpv4-sp/hard\libm.a(lib_a-kf_cos.o)
 .debug_frame   0x00002210       0x5c c:/program files (x86)/gnu tools arm embedded/6 2017-q1-update/bin/../lib/gcc/arm-none-eabi/6.3.1/../../../../arm-none-eabi/lib/thumb/v7e-m/fpv4-sp/hard\libm.a(lib_a-kf_rem_pio2.o)
 .debug_frame   0x0000226c       0x20 c:/program files (x86)/gnu tools arm embedded/6 2017-q1-update/bin/../lib/gcc/arm-none-eabi/6.3.1/../../../../arm-none-eabi/lib/thumb/v7e-m/fpv4-sp/hard\libm.a(lib_a-kf_sin.o)
 .debug_frame   0x0000228c       0x20 c:/program files (x86)/gnu tools arm embedded/6 2017-q1-update/bin/../lib/gcc/arm-none-eabi/6.3.1/../../../../arm-none-eabi/lib/thumb/v7e-m/fpv4-sp/hard\libm.a(lib_a-sf_fabs.o)
 .debug_frame   0x000022ac       0x20 c:/program files (x86)/gnu tools arm embedded/6 2017-q1-update/bin/../lib/gcc/arm-none-eabi/6.3.1/../../../../arm-none-eabi/lib/thumb/v7e-m/fpv4-sp/hard\libm.a(lib_a-sf_floor.o)
 .debug_frame   0x000022cc       0x44 c:/program files (x86)/gnu tools arm embedded/6 2017-q1-update/bin/../lib/gcc/arm-none-eabi/6.3.1/../../../../arm-none-eabi/lib/thumb/v7e-m/fpv4-sp/hard\libm.a(lib_a-sf_scalbn.o)
 .debug_frame   0x00002310       0x20 c:/program files (x86)/gnu tools arm embedded/6 2017-q1-update/bin/../lib/gcc/arm-none-eabi/6.3.1/../../../../arm-none-eabi/lib/thumb/v7e-m/fpv4-sp/hard\libm.a(lib_a-sf_copysign.o)
 .debug_frame   0x00002330       0x34 c:/program files (x86)/gnu tools arm embedded/6 2017-q1-update/bin/../lib/gcc/arm-none-eabi/6.3.1/../../../../arm-none-eabi/lib/thumb/v7e-m/fpv4-sp/hard\libc.a(lib_a-memset.o)
 .debug_frame   0x00002364       0x5c c:/program files (x86)/gnu tools arm embedded/6 2017-q1-update/bin/../lib/gcc/arm-none-eabi/6.3.1/../../../../arm-none-eabi/lib/thumb/v7e-m/fpv4-sp/hard\libc.a(lib_a-__call_atexit.o)
 .debug_frame   0x000023c0       0x20 c:/program files (x86)/gnu tools arm embedded/6 2017-q1-update/bin/../lib/gcc/arm-none-eabi/6.3.1/../../../../arm-none-eabi/lib/thumb/v7e-m/fpv4-sp/hard\libc.a(lib_a-atexit.o)
 .debug_frame   0x000023e0       0x34 c:/program files (x86)/gnu tools arm embedded/6 2017-q1-update/bin/../lib/gcc/arm-none-eabi/6.3.1/../../../../arm-none-eabi/lib/thumb/v7e-m/fpv4-sp/hard\libc.a(lib_a-fini.o)
 .debug_frame   0x00002414       0xb0 c:/program files (x86)/gnu tools arm embedded/6 2017-q1-update/bin/../lib/gcc/arm-none-eabi/6.3.1/../../../../arm-none-eabi/lib/thumb/v7e-m/fpv4-sp/hard\libc.a(lib_a-lock.o)
 .debug_frame   0x000024c4       0x34 c:/program files (x86)/gnu tools arm embedded/6 2017-q1-update/bin/../lib/gcc/arm-none-eabi/6.3.1/../../../../arm-none-eabi/lib/thumb/v7e-m/fpv4-sp/hard\libc.a(lib_a-__atexit.o)
