Archive member included to satisfy reference by file (symbol)

c:/program files (x86)/gnu arm embedded toolchain/10 2021.10/bin/../lib/gcc/arm-none-eabi/10.3.1/../../../../arm-none-eabi/lib/thumb/v7e-m+fp/hard\libm.a(lib_a-sf_cos.o)
                              ..\obj\encoder.o (cosf)
c:/program files (x86)/gnu arm embedded toolchain/10 2021.10/bin/../lib/gcc/arm-none-eabi/10.3.1/../../../../arm-none-eabi/lib/thumb/v7e-m+fp/hard\libm.a(lib_a-sf_sin.o)
                              ..\obj\svpwm.o (sinf)
c:/program files (x86)/gnu arm embedded toolchain/10 2021.10/bin/../lib/gcc/arm-none-eabi/10.3.1/../../../../arm-none-eabi/lib/thumb/v7e-m+fp/hard\libm.a(lib_a-wf_sqrt.o)
                              ..\obj\svpwm.o (sqrtf)
c:/program files (x86)/gnu arm embedded toolchain/10 2021.10/bin/../lib/gcc/arm-none-eabi/10.3.1/../../../../arm-none-eabi/lib/thumb/v7e-m+fp/hard\libm.a(lib_a-ef_rem_pio2.o)
                              c:/program files (x86)/gnu arm embedded toolchain/10 2021.10/bin/../lib/gcc/arm-none-eabi/10.3.1/../../../../arm-none-eabi/lib/thumb/v7e-m+fp/hard\libm.a(lib_a-sf_cos.o) (__ieee754_rem_pio2f)
c:/program files (x86)/gnu arm embedded toolchain/10 2021.10/bin/../lib/gcc/arm-none-eabi/10.3.1/../../../../arm-none-eabi/lib/thumb/v7e-m+fp/hard\libm.a(lib_a-ef_sqrt.o)
                              c:/program files (x86)/gnu arm embedded toolchain/10 2021.10/bin/../lib/gcc/arm-none-eabi/10.3.1/../../../../arm-none-eabi/lib/thumb/v7e-m+fp/hard\libm.a(lib_a-wf_sqrt.o) (__ieee754_sqrtf)
c:/program files (x86)/gnu arm embedded toolchain/10 2021.10/bin/../lib/gcc/arm-none-eabi/10.3.1/../../../../arm-none-eabi/lib/thumb/v7e-m+fp/hard\libm.a(lib_a-kf_cos.o)
                              c:/program files (x86)/gnu arm embedded toolchain/10 2021.10/bin/../lib/gcc/arm-none-eabi/10.3.1/../../../../arm-none-eabi/lib/thumb/v7e-m+fp/hard\libm.a(lib_a-sf_cos.o) (__kernel_cosf)
c:/program files (x86)/gnu arm embedded toolchain/10 2021.10/bin/../lib/gcc/arm-none-eabi/10.3.1/../../../../arm-none-eabi/lib/thumb/v7e-m+fp/hard\libm.a(lib_a-kf_rem_pio2.o)
                              c:/program files (x86)/gnu arm embedded toolchain/10 2021.10/bin/../lib/gcc/arm-none-eabi/10.3.1/../../../../arm-none-eabi/lib/thumb/v7e-m+fp/hard\libm.a(lib_a-ef_rem_pio2.o) (__kernel_rem_pio2f)
c:/program files (x86)/gnu arm embedded toolchain/10 2021.10/bin/../lib/gcc/arm-none-eabi/10.3.1/../../../../arm-none-eabi/lib/thumb/v7e-m+fp/hard\libm.a(lib_a-kf_sin.o)
                              c:/program files (x86)/gnu arm embedded toolchain/10 2021.10/bin/../lib/gcc/arm-none-eabi/10.3.1/../../../../arm-none-eabi/lib/thumb/v7e-m+fp/hard\libm.a(lib_a-sf_cos.o) (__kernel_sinf)
c:/program files (x86)/gnu arm embedded toolchain/10 2021.10/bin/../lib/gcc/arm-none-eabi/10.3.1/../../../../arm-none-eabi/lib/thumb/v7e-m+fp/hard\libm.a(lib_a-sf_fabs.o)
                              c:/program files (x86)/gnu arm embedded toolchain/10 2021.10/bin/../lib/gcc/arm-none-eabi/10.3.1/../../../../arm-none-eabi/lib/thumb/v7e-m+fp/hard\libm.a(lib_a-ef_rem_pio2.o) (fabsf)
c:/program files (x86)/gnu arm embedded toolchain/10 2021.10/bin/../lib/gcc/arm-none-eabi/10.3.1/../../../../arm-none-eabi/lib/thumb/v7e-m+fp/hard\libm.a(lib_a-sf_floor.o)
                              c:/program files (x86)/gnu arm embedded toolchain/10 2021.10/bin/../lib/gcc/arm-none-eabi/10.3.1/../../../../arm-none-eabi/lib/thumb/v7e-m+fp/hard\libm.a(lib_a-kf_rem_pio2.o) (floorf)
c:/program files (x86)/gnu arm embedded toolchain/10 2021.10/bin/../lib/gcc/arm-none-eabi/10.3.1/../../../../arm-none-eabi/lib/thumb/v7e-m+fp/hard\libm.a(lib_a-sf_scalbn.o)
                              c:/program files (x86)/gnu arm embedded toolchain/10 2021.10/bin/../lib/gcc/arm-none-eabi/10.3.1/../../../../arm-none-eabi/lib/thumb/v7e-m+fp/hard\libm.a(lib_a-kf_rem_pio2.o) (scalbnf)
c:/program files (x86)/gnu arm embedded toolchain/10 2021.10/bin/../lib/gcc/arm-none-eabi/10.3.1/../../../../arm-none-eabi/lib/thumb/v7e-m+fp/hard\libc.a(lib_a-errno.o)
                              c:/program files (x86)/gnu arm embedded toolchain/10 2021.10/bin/../lib/gcc/arm-none-eabi/10.3.1/../../../../arm-none-eabi/lib/thumb/v7e-m+fp/hard\libm.a(lib_a-wf_sqrt.o) (__errno)
c:/program files (x86)/gnu arm embedded toolchain/10 2021.10/bin/../lib/gcc/arm-none-eabi/10.3.1/../../../../arm-none-eabi/lib/thumb/v7e-m+fp/hard\libc.a(lib_a-exit.o)
                              c:/program files (x86)/gnu arm embedded toolchain/10 2021.10/bin/../lib/gcc/arm-none-eabi/10.3.1/../../../../arm-none-eabi/lib/thumb/v7e-m+fp/hard/crt0.o (exit)
c:/program files (x86)/gnu arm embedded toolchain/10 2021.10/bin/../lib/gcc/arm-none-eabi/10.3.1/../../../../arm-none-eabi/lib/thumb/v7e-m+fp/hard\libc.a(lib_a-impure.o)
                              c:/program files (x86)/gnu arm embedded toolchain/10 2021.10/bin/../lib/gcc/arm-none-eabi/10.3.1/../../../../arm-none-eabi/lib/thumb/v7e-m+fp/hard\libc.a(lib_a-exit.o) (_global_impure_ptr)
[...]
Memory Configuration

Name             Origin             Length             Attributes
rom              0x08000000         0x00100000         xr
ram              0x20000000         0x00020000         xrw
ram1             0x10000000         0x00010000         xrw
*default*        0x00000000         0xffffffff

Linker script and memory map

LOAD c:/program files (x86)/gnu arm embedded toolchain/10 2021.10/bin/../lib/gcc/arm-none-eabi/10.3.1/thumb/v7e-m+fp/hard/crti.o
LOAD c:/program files (x86)/gnu arm embedded toolchain/10 2021.10/bin/../lib/gcc/arm-none-eabi/10.3.1/thumb/v7e-m+fp/hard/crtbegin.o
LOAD c:/program files (x86)/gnu arm embedded toolchain/10 2021.10/bin/../lib/gcc/arm-none-eabi/10.3.1/../../../../arm-none-eabi/lib/thumb/v7e-m+fp/hard/crt0.o
                0x20020000                _eram = 0x20020000

.text           0x08000000     0x683c
 *(.isr_vector)
 .isr_vector    0x08000000      0x188 ..\obj\startup_stm32f4xx.o
                0x08000000                g_pfnVectors
 *(.text*)
 .text          0x08000188       0x40 c:/program files (x86)/gnu arm embedded toolchain/10 2021.10/bin/../lib/gcc/arm-none-eabi/10.3.1/thumb/v7e-m+fp/hard/crtbegin.o
 .text          0x080001c8      0x204 ..\obj\stm32f4xx_gpio.o
                0x080001c8                GPIO_DeInit
                0x080002b0                GPIO_Init
                0x08000334                GPIO_StructInit
                0x08000340                GPIO_PinLockConfig
                0x08000364                GPIO_ReadInputDataBit
                0x08000370                GPIO_ReadInputData
                0x08000376                GPIO_ReadOutputDataBit
                0x08000382                GPIO_ReadOutputData
                0x08000388                GPIO_SetBits
                0x0800038c                GPIO_ResetBits
                0x08000390                GPIO_WriteBit
                0x0800039a                GPIO_Write
                0x0800039e                GPIO_ToggleBits
                0x080003a6                GPIO_PinAFConfig
 .text          0x080003cc      0x1b8 ..\obj\pid.o
                0x080003cc                pidInit_test
                0x080003ec                pidSetOutLimit_test
                0x080003f6                pidSetIntegralLimit_test
                0x08000404                pidTask_test
                0x0800048a                pidInit
                0x080004a2                pidSetOutLimit
                0x080004ac                pidSetIntegralLimit
                0x080004ba                pidSetInputRange
                0x080004c8                pidTask
 .text          0x08000584       0x58 ..\obj\mbfuncother.o
                0x08000584                eMBSetSlaveID
                0x080005c0                eMBFuncReportSlaveID
 .text          0x080005dc      0x3b0 ..\obj\stm32f4xx_usart.o
                0x080005dc                USART_DeInit
                0x0800068c                USART_Init
                0x08000738                USART_StructInit
                0x0800074c                USART_ClockInit
                0x0800076c                USART_ClockStructInit
                0x08000778                USART_Cmd
                0x08000790                USART_SetPrescaler
                0x080007a2                USART_OverSampling8Cmd
                0x080007ba                USART_OneBitMethodCmd
                0x080007d2                USART_SendData
                0x080007da                USART_ReceiveData
                0x080007e2                USART_SetAddress
                0x080007f8                USART_ReceiverWakeUpCmd
                0x08000810                USART_WakeUpConfig
                0x08000826                USART_LINBreakDetectLengthConfig
                0x0800083c                USART_LINCmd
                0x08000854                USART_SendBreak
                0x08000860                USART_HalfDuplexCmd
                0x08000878                USART_SetGuardTime
                0x0800088a                USART_SmartCardCmd
                0x080008a2                USART_SmartCardNACKCmd
                0x080008ba                USART_IrDAConfig
                0x080008d0                USART_IrDACmd
                0x080008e8                USART_DMACmd
                0x080008fa                USART_ITConfig
                0x0800092a                USART_GetFlagStatus
                0x08000936                USART_ClearFlag
                0x0800093e                USART_GetITStatus
                0x0800097e                USART_ClearITPendingBit
 .text          0x0800098c      0x304 ..\obj\stm32f4xx_dma.o
                0x0800098c                DMA_DeInit
                0x08000a9c                DMA_Init
                0x08000af0                DMA_StructInit
                0x08000b12                DMA_Cmd
                0x08000b24                DMA_PeriphIncOffsetSizeConfig
                0x08000b36                DMA_FlowControllerConfig
                0x08000b48                DMA_SetCurrDataCounter
                0x08000b4c                DMA_GetCurrDataCounter
                0x08000b52                DMA_DoubleBufferModeConfig
                0x08000b66                DMA_DoubleBufferModeCmd
                0x08000b78                DMA_MemoryTargetConfig
                0x08000b82                DMA_GetCurrentMemoryTarget
                0x08000b8a                DMA_GetCmdStatus
                0x08000b92                DMA_GetFIFOStatus
                0x08000b9a                DMA_GetFlagStatus
                0x08000bd0                DMA_ClearFlag
                0x08000bfc                DMA_ITConfig
                0x08000c3a                DMA_GetITStatus
                0x08000c8c                DMA_ClearITPendingBit
 .text          0x08000c90      0x994 ..\obj\svpwm.o
                0x08000c90                svpwmGetFrq
                0x08000c96                svpwmInitGPIO
                0x08000d20                RCC_Configuration_Adc1
                0x08000d40                RCC_Configuration_Adc2
                0x08000d58                GPIO_Configuration_Adc1
                0x08000da8                GPIO_Configuration_Adc2
                0x08000de4                DMAInit
                0x08000e54                svpwmInitADC
                0x08000fb0                DMA1_Stream1_IRQHandler
                0x08000fb2                mcFocSVPWM_ST2_TTHI
                0x0800109c                mcFocSVPWM0_TTHI
                0x0800120c                SPWM
                0x080012e4                mcFocSPWM
                0x08001328                mcFocSVPWM_TTHI
                0x0800140c                mcFocSVPWM_STHI
                0x08001498                svpwmInitSinTable
                0x080014f0                svpwmInitTIM
                0x08001614                svpwmInit
 .text          0x08001624       0xbc ..\obj\porttimer.o
                0x08001624                xMBPortTimersInit
                0x08001690                vMBPortTimersEnable
                0x080016ac                vMBPortTimersDisable
                0x080016b8                TIM7_IRQHandler
 .text          0x080016e0       0x6a ..\obj\mbfuncdisc.o
                0x080016e0                eMBFuncReadDiscreteInputs
 *fill*         0x0800174a        0x2 
 .text          0x0800174c       0x5c ..\obj\filter.o
                0x0800174c                FirstOrderLagFilter
                0x08001766                ffilter
 .text          0x080017a8      0x21c ..\obj\mbrtu.o
                0x080017a8                eMBRTUInit
                0x080017e4                eMBRTUStart
                0x08001800                eMBRTUStop
                0x08001814                eMBRTUReceive
                0x08001850                eMBRTUSend
                0x080018cc                xMBRTUReceiveFSM
                0x08001930                xMBRTUTransmitFSM
                0x08001998                xMBRTUTimerT35Expired
 .text          0x080019c4      0x264 ..\obj\mb.o
                0x080019c4                eMBInit
                0x08001a88                eMBRegisterCB
                0x08001ae8                eMBClose
                0x08001b0c                eMBEnable
                0x08001b30                eMBDisable
                0x08001b58                eMBPoll
 .text          0x08001c28       0x38 ..\obj\portevent.o
                0x08001c28                xMBPortEventInit
                0x08001c38                xMBPortEventPost
                0x08001c48                xMBPortEventGet
 .text          0x08001c60       0xb0 ..\obj\misc.o
                0x08001c60                NVIC_PriorityGroupConfig
                0x08001c74                NVIC_Init
                0x08001ccc                NVIC_SetVectorTable
                0x08001ce0                NVIC_SystemLPConfig
                0x08001cf8                SysTick_CLKSourceConfig
 .text          0x08001d10      0x370 ..\obj\stm32f4xx_adc.o
                0x08001d10                ADC_DeInit
                0x08001d2a                ADC_Init
                0x08001d74                ADC_StructInit
                0x08001d86                ADC_CommonInit
                0x08001dac                ADC_CommonStructInit
                0x08001db8                ADC_Cmd
                0x08001dca                ADC_AnalogWatchdogCmd
                0x08001dda                ADC_AnalogWatchdogThresholdsConfig
                0x08001de0                ADC_AnalogWatchdogSingleChannelConfig
                0x08001dec                ADC_TempSensorVrefintCmd
                0x08001e04                ADC_VBATCmd
                0x08001e1c                ADC_RegularChannelConfig
                0x08001ea8                ADC_SoftwareStartConv
                0x08001eb2                ADC_GetSoftwareStartConvStatus
                0x08001eba                ADC_EOCOnEachRegularChannelCmd
                0x08001ecc                ADC_ContinuousModeCmd
                0x08001ede                ADC_DiscModeChannelCountConfig
                0x08001eee                ADC_DiscModeCmd
                0x08001f00                ADC_GetConversionValue
                0x08001f06                ADC_GetMultiModeConversionValue
                0x08001f14                ADC_DMACmd
                0x08001f26                ADC_DMARequestAfterLastTransferCmd
                0x08001f38                ADC_MultiModeDMARequestAfterLastTransferCmd
                0x08001f50                ADC_InjectedChannelConfig
                0x08001fa8                ADC_InjectedSequencerLengthConfig
                0x08001fb8                ADC_SetInjectedOffset
                0x08001fce                ADC_ExternalTrigInjectedConvConfig
                0x08001fda                ADC_ExternalTrigInjectedConvEdgeConfig
                0x08001fe6                ADC_SoftwareStartInjectedConv
                0x08001ff0                ADC_GetSoftwareStartInjectedConvCmdStatus
                0x08001ff4                ADC_AutoInjectedConvCmd
                0x08002006                ADC_InjectedDiscModeCmd
                0x08002018                ADC_GetInjectedConversionValue
                0x08002032                ADC_ITConfig
                0x08002048                ADC_GetFlagStatus
                0x08002054                ADC_ClearFlag
                0x0800205a                ADC_GetITStatus
                0x08002076                ADC_ClearITPendingBit
 .text          0x08002080      0x166 ..\obj\mbfuncholding.o
                0x08002080                eMBFuncWriteHoldingRegister
                0x080020ae                eMBFuncWriteMultipleHoldingRegister
                0x080020fa                eMBFuncReadHoldingRegister
                0x08002154                eMBFuncReadWriteMultipleHoldingRegister
 *fill*         0x080021e6        0x2 
 .text          0x080021e8      0x1b4 ..\obj\stm32f4xx_dac.o
                0x080021e8                DAC_DeInit
                0x08002202                DAC_Init
                0x08002230                DAC_StructInit
                0x0800223c                DAC_Cmd
                0x08002258                DAC_SoftwareTriggerCmd
                0x08002278                DAC_DualSoftwareTriggerCmd
                0x08002290                DAC_WaveGenerationCmd
                0x080022a8                DAC_SetChannel1Data
                0x080022c8                DAC_SetChannel2Data
                0x080022e8                DAC_SetDualChannelData
                0x08002300                DAC_GetDataOutputValue
                0x08002324                DAC_DMACmd
                0x08002344                DAC_ITConfig
                0x08002348                DAC_GetFlagStatus
                0x08002360                DAC_ClearFlag
                0x08002370                DAC_GetITStatus
                0x0800238c                DAC_ClearITPendingBit
 .text          0x0800239c       0x2c ..\obj\mbcrc.o
                0x0800239c                usMBCRC16
 .text          0x080023c8      0x304 ..\obj\mbascii.o
                0x080023c8                eMBASCIIInit
                0x080023fc                eMBASCIIStart
                0x0800241c                eMBASCIIStop
                0x08002430                eMBASCIIReceive
                0x0800248c                eMBASCIISend
                0x080024fc                xMBASCIIReceiveFSM
                0x080025f4                xMBASCIITransmitFSM
                0x080026b0                xMBASCIITimerT1SExpired
 .text          0x080026cc       0x78 ..\obj\stm32f4xx_syscfg.o
                0x080026cc                SYSCFG_DeInit
                0x080026e6                SYSCFG_MemoryRemapConfig
                0x080026f0                SYSCFG_EXTILineConfig
                0x0800271a                SYSCFG_ETH_MediaInterfaceConfig
                0x08002728                SYSCFG_CompensationCellCmd
                0x08002734                SYSCFG_GetCompensationCellStatus
 .text          0x08002744      0x114 ..\obj\mbfunccoils.o
                0x08002744                eMBFuncReadCoils
                0x080027b0                eMBFuncWriteCoil
                0x080027fe                eMBFuncWriteMultipleCoils
 .text          0x08002858       0x5c ..\obj\startup_stm32f4xx.o
                0x08002858                RTC_Alarm_IRQHandler
                0x08002858                HASH_RNG_IRQHandler
                0x08002858                EXTI2_IRQHandler
                0x08002858                TIM8_CC_IRQHandler
                0x08002858                DebugMon_Handler
                0x08002858                TIM1_CC_IRQHandler
                0x08002858                DMA2_Stream5_IRQHandler
                0x08002858                HardFault_Handler
                0x08002858                DMA1_Stream5_IRQHandler
                0x08002858                SysTick_Handler
                0x08002858                PVD_IRQHandler
                0x08002858                SDIO_IRQHandler
                0x08002858                TAMP_STAMP_IRQHandler
                0x08002858                PendSV_Handler
                0x08002858                NMI_Handler
                0x08002858                CAN2_RX1_IRQHandler
                0x08002858                EXTI3_IRQHandler
                0x08002858                TIM8_TRG_COM_TIM14_IRQHandler
                0x08002858                I2C3_ER_IRQHandler
                0x08002858                EXTI0_IRQHandler
                0x08002858                I2C2_EV_IRQHandler
                0x08002858                DMA1_Stream2_IRQHandler
                0x08002858                CAN1_RX0_IRQHandler
                0x08002858                FPU_IRQHandler
                0x08002858                OTG_HS_WKUP_IRQHandler
                0x08002858                UsageFault_Handler
                0x08002858                CAN2_SCE_IRQHandler
                0x08002858                DMA2_Stream2_IRQHandler
                0x08002858                SPI1_IRQHandler
                0x08002858                TIM6_DAC_IRQHandler
                0x08002858                TIM1_BRK_TIM9_IRQHandler
                0x08002858                DCMI_IRQHandler
                0x08002858                CAN2_RX0_IRQHandler
                0x08002858                DMA2_Stream3_IRQHandler
                0x08002858                USART6_IRQHandler
                0x08002858                CRYP_IRQHandler
                0x08002858                DMA2_Stream6_IRQHandler
                0x08002858                CAN1_RX1_IRQHandler
                0x08002858                UART5_IRQHandler
                0x08002858                DMA2_Stream0_IRQHandler
                0x08002858                TIM4_IRQHandler
                0x08002858                I2C1_EV_IRQHandler
                0x08002858                DMA1_Stream6_IRQHandler
                0x08002858                UART4_IRQHandler
                0x08002858                TIM3_IRQHandler
                0x08002858                RCC_IRQHandler
                0x08002858                TIM8_BRK_TIM12_IRQHandler
                0x08002858                I2C1_ER_IRQHandler
                0x08002858                DMA1_Stream7_IRQHandler
                0x08002858                CAN2_TX_IRQHandler
                0x08002858                TIM5_IRQHandler
                0x08002858                DMA2_Stream7_IRQHandler
                0x08002858                I2C3_EV_IRQHandler
                0x08002858                EXTI9_5_IRQHandler
                0x08002858                RTC_WKUP_IRQHandler
                0x08002858                ETH_WKUP_IRQHandler
                0x08002858                SPI2_IRQHandler
                0x08002858                OTG_HS_EP1_IN_IRQHandler
                0x08002858                MemManage_Handler
                0x08002858                DMA1_Stream0_IRQHandler
                0x08002858                CAN1_TX_IRQHandler
                0x08002858                SVC_Handler
                0x08002858                EXTI4_IRQHandler
                0x08002858                FSMC_IRQHandler
                0x08002858                ETH_IRQHandler
                0x08002858                OTG_HS_EP1_OUT_IRQHandler
                0x08002858                WWDG_IRQHandler
                0x08002858                TIM2_IRQHandler
                0x08002858                OTG_FS_WKUP_IRQHandler
                0x08002858                TIM1_TRG_COM_TIM11_IRQHandler
                0x08002858                OTG_HS_IRQHandler
                0x08002858                EXTI1_IRQHandler
                0x08002858                USART2_IRQHandler
                0x08002858                I2C2_ER_IRQHandler
                0x08002858                DMA2_Stream1_IRQHandler
                0x08002858                CAN1_SCE_IRQHandler
                0x08002858                FLASH_IRQHandler
                0x08002858                DMA2_Stream4_IRQHandler
                0x08002858                BusFault_Handler
                0x08002858                USART1_IRQHandler
                0x08002858                OTG_FS_IRQHandler
                0x08002858                SPI3_IRQHandler
                0x08002858                DMA1_Stream4_IRQHandler
                0x08002858                DMA1_Stream3_IRQHandler
                0x0800285a                Reset_Handler
                0x0800285a                Default_Reset_Handler
 .text          0x080028b4      0x45c ..\obj\stm32f4xx_rcc.o
                0x080028b4                RCC_DeInit
                0x080028e8                RCC_HSEConfig
                0x080028f8                RCC_WaitForHSEStartUp
                0x08002928                RCC_AdjustHSICalibrationValue
                0x0800293c                RCC_HSICmd
                0x08002948                RCC_LSEConfig
                0x08002970                RCC_LSICmd
                0x0800297c                RCC_PLLConfig
                0x0800299c                RCC_PLLCmd
                0x080029a8                RCC_PLLI2SConfig
                0x080029bc                RCC_PLLI2SCmd
                0x080029c8                RCC_ClockSecuritySystemCmd
                0x080029d4                RCC_MCO1Config
                0x080029e8                RCC_MCO2Config
                0x080029fc                RCC_SYSCLKConfig
                0x08002a10                RCC_GetSYSCLKSource
                0x08002a20                RCC_HCLKConfig
                0x08002a34                RCC_PCLK1Config
                0x08002a48                RCC_PCLK2Config
                0x08002a5c                RCC_GetClocksFreq
                0x08002ae4                RCC_RTCCLKConfig
                0x08002b14                RCC_RTCCLKCmd
                0x08002b20                RCC_BackupResetCmd
                0x08002b2c                RCC_I2SCLKConfig
                0x08002b38                RCC_AHB1PeriphClockCmd
                0x08002b50                RCC_AHB2PeriphClockCmd
                0x08002b68                RCC_AHB3PeriphClockCmd
                0x08002b80                RCC_APB1PeriphClockCmd
                0x08002b98                RCC_APB2PeriphClockCmd
                0x08002bb0                RCC_AHB1PeriphResetCmd
                0x08002bc8                RCC_AHB2PeriphResetCmd
                0x08002be0                RCC_AHB3PeriphResetCmd
                0x08002bf8                RCC_APB1PeriphResetCmd
                0x08002c10                RCC_APB2PeriphResetCmd
                0x08002c28                RCC_AHB1PeriphClockLPModeCmd
                0x08002c40                RCC_AHB2PeriphClockLPModeCmd
                0x08002c58                RCC_AHB3PeriphClockLPModeCmd
                0x08002c70                RCC_APB1PeriphClockLPModeCmd
                0x08002c88                RCC_APB2PeriphClockLPModeCmd
                0x08002ca0                RCC_ITConfig
                0x08002cb8                RCC_GetFlagStatus
                0x08002ce0                RCC_ClearFlag
                0x08002cf0                RCC_GetITStatus
                0x08002d04                RCC_ClearITPendingBit
 .text          0x08002d10       0x68 ..\obj\mbutils.o
                0x08002d10                xMBUtilSetBits
                0x08002d44                xMBUtilGetBits
                0x08002d66                prveMBError2Exception
 .text          0x08002d78      0x6e8 ..\obj\encoder.o
                0x08002d78                encoderInitZ
                0x08002dec                initHall
                0x08002e1c                iEncoderGetAbsPos
                0x08002e24                read360
                0x08002e54                encoderAddOffset
                0x08002e74                initSanyoWareSaveEncoder
                0x08002ec0                readSanyoWareSaveEncoder
                0x08002ed0                EXTI15_10_IRQHandler
                0x08002ef8                readRawHallInput
                0x08002f0c                readHallMap
                0x08002f20                readRawEncoderWithUVW
                0x08002fbc                read360uvw
                0x08003058                read360uvwWithOffset
                0x08003080                createSinCosTable
                0x080030dc                fSinAngle
                0x080030ec                fCosAngle
                0x080030fc                initTim10
                0x080031a4                TIM1_UP_TIM10_IRQHandler
                0x080031d4                initTim8_IRQ
                0x0800320c                initEncoder
                0x08003428                TIM8_UP_TIM13_IRQHandler
 .text          0x08003460       0xec ..\obj\stm32f4xx_exti.o
                0x08003460                EXTI_DeInit
                0x0800347c                EXTI_Init
                0x080034e8                EXTI_StructInit
                0x080034f6                EXTI_GenerateSWInterrupt
                0x08003504                EXTI_GetFlagStatus
                0x08003518                EXTI_ClearFlag
                0x08003524                EXTI_GetITStatus
                0x08003540                EXTI_ClearITPendingBit
 .text          0x0800354c      0x164 ..\obj\system_stm32f4xx.o
                0x0800354c                SystemInit
                0x08003640                SystemCoreClockUpdate
 .text          0x080036b0       0x5a ..\obj\mbfuncinput.o
                0x080036b0                eMBFuncReadInputRegister
 *fill*         0x0800370a        0x2 
 .text          0x0800370c      0xaf0 ..\obj\stm32f4xx_tim.o
                0x0800377a                TIM_DeInit
                0x080038e8                TIM_TimeBaseInit
                0x08003964                TIM_TimeBaseStructInit
                0x08003974                TIM_PrescalerConfig
                0x0800397a                TIM_CounterModeConfig
                0x0800398a                TIM_SetCounter
                0x0800398e                TIM_SetAutoreload
                0x08003992                TIM_GetCounter
                0x08003996                TIM_GetPrescaler
                0x0800399c                TIM_UpdateDisableConfig
                0x080039b4                TIM_UpdateRequestConfig
                0x080039cc                TIM_ARRPreloadConfig
                0x080039e4                TIM_SelectOnePulseMode
                0x080039fa                TIM_SetClockDivision
                0x08003a10                TIM_Cmd
                0x08003a28                TIM_OC1Init
                0x08003a98                TIM_OC2Init
                0x08003b18                TIM_OC3Init
                0x08003b94                TIM_OC4Init
                0x08003bf8                TIM_OCStructInit
                0x08003c06                TIM_SelectOCxM
                0x08003c50                TIM_SetCompare1
                0x08003c54                TIM_SetCompare2
                0x08003c58                TIM_SetCompare3
                0x08003c5c                TIM_SetCompare4
                0x08003c60                TIM_ForcedOC1Config
                0x08003c70                TIM_ForcedOC2Config
                0x08003c84                TIM_ForcedOC3Config
                0x08003c94                TIM_ForcedOC4Config
                0x08003ca8                TIM_OC1PreloadConfig
                0x08003cb8                TIM_OC2PreloadConfig
                0x08003ccc                TIM_OC3PreloadConfig
                0x08003cdc                TIM_OC4PreloadConfig
                0x08003cf0                TIM_OC1FastConfig
                0x08003d00                TIM_OC2FastConfig
                0x08003d14                TIM_OC3FastConfig
                0x08003d24                TIM_OC4FastConfig
                0x08003d38                TIM_ClearOC1Ref
                0x08003d48                TIM_ClearOC2Ref
                0x08003d58                TIM_ClearOC3Ref
                0x08003d68                TIM_ClearOC4Ref
                0x08003d78                TIM_OC1PolarityConfig
                0x08003d88                TIM_OC1NPolarityConfig
                0x08003d98                TIM_OC2PolarityConfig
                0x08003dac                TIM_OC2NPolarityConfig
                0x08003dc0                TIM_OC3PolarityConfig
                0x08003dd4                TIM_OC3NPolarityConfig
                0x08003de8                TIM_OC4PolarityConfig
                0x08003dfc                TIM_CCxCmd
                0x08003e18                TIM_CCxNCmd
                0x08003e34                TIM_ICStructInit
                0x08003e44                TIM_GetCapture1
                0x08003e48                TIM_GetCapture2
                0x08003e4c                TIM_GetCapture3
                0x08003e50                TIM_GetCapture4
                0x08003e54                TIM_SetIC1Prescaler
                0x08003e6a                TIM_SetIC2Prescaler
                0x08003e84                TIM_PWMIConfig
                0x08003ede                TIM_SetIC3Prescaler
                0x08003ef4                TIM_SetIC4Prescaler
                0x08003f0e                TIM_ICInit
                0x08003fc6                TIM_BDTRConfig
                0x08003fe8                TIM_BDTRStructInit
                0x08003ffa                TIM_CtrlPWMOutputs
                0x08004016                TIM_SelectCOM
                0x0800402e                TIM_CCPreloadControl
                0x08004046                TIM_ITConfig
                0x08004058                TIM_GenerateEvent
                0x0800405c                TIM_GetFlagStatus
                0x08004068                TIM_ClearFlag
                0x08004070                TIM_GetITStatus
                0x08004086                TIM_ClearITPendingBit
                0x0800408e                TIM_DMAConfig
                0x08004096                TIM_DMACmd
                0x0800409a                TIM_SelectCCDMA
                0x080040b2                TIM_InternalClockConfig
                0x080040c0                TIM_ITRxExternalClockConfig
                0x080040da                TIM_TIxExternalClockConfig
                0x0800410e                TIM_SelectInputTrigger
                0x0800411e                TIM_SelectOutputTrigger
                0x08004134                TIM_SelectSlaveMode
                0x0800414a                TIM_SelectMasterSlaveMode
                0x08004160                TIM_ETRConfig
                0x08004174                TIM_ETRClockMode1Config
                0x0800418c                TIM_ETRClockMode2Config
                0x0800419e                TIM_EncoderInterfaceConfig
                0x080041dc                TIM_SelectHallSensor
                0x080041f4                TIM_RemapConfig
 .text          0x080041fc      0x1f4 ..\obj\portserial.o
                0x080041fc                vMBPortSerialEnable
                0x08004250                xMBPortSerialInit
                0x08004358                USART3_IRQHandler
                0x080043c8                xMBPortSerialPutByte
                0x080043dc                xMBPortSerialGetByte
 .text          0x080043f0      0x95c ..\obj\foc.o
                0x080043f0                initDAC
                0x0800444c                focInit
                0x08004630                mcFocSetAngle
                0x0800465a                mcFocCalcCurrent
                0x08004690                mcClark
                0x080046b8                mcPark
                0x080046e2                mcInvPark
                0x0800470c                mcInvClark
                0x08004744                mcPMSM_QD_PID
                0x080047e0                mcUsrefLimit
                0x0800482c                adc_current_filter
                0x080048cc                ADC_IRQHandler
                0x08004d28                fLimitValue
 .text          0x08004d4c      0x114 ..\obj\main.o
                0x08004d4c                eMBRegHoldingCB
                0x08004db8                eMBRegCoilsCB
                0x08004dbc                eMBRegDiscreteCB
                0x08004dc0                eMBRegInputCB
                0x08004dc4                boardInit
 .text.startup  0x08004e60      0x358 ..\obj\main.o
                0x08004e60                main
 .text.cosf     0x080051b8       0x70 c:/program files (x86)/gnu arm embedded toolchain/10 2021.10/bin/../lib/gcc/arm-none-eabi/10.3.1/../../../../arm-none-eabi/lib/thumb/v7e-m+fp/hard\libm.a(lib_a-sf_cos.o)
                0x080051b8                cosf
 .text.sinf     0x08005228       0x74 c:/program files (x86)/gnu arm embedded toolchain/10 2021.10/bin/../lib/gcc/arm-none-eabi/10.3.1/../../../../arm-none-eabi/lib/thumb/v7e-m+fp/hard\libm.a(lib_a-sf_sin.o)
                0x08005228                sinf
 .text.sqrtf    0x0800529c       0x44 c:/program files (x86)/gnu arm embedded toolchain/10 2021.10/bin/../lib/gcc/arm-none-eabi/10.3.1/../../../../arm-none-eabi/lib/thumb/v7e-m+fp/hard\libm.a(lib_a-wf_sqrt.o)
                0x0800529c                sqrtf
 .text.__ieee754_rem_pio2f
                0x080052e0      0x264 c:/program files (x86)/gnu arm embedded toolchain/10 2021.10/bin/../lib/gcc/arm-none-eabi/10.3.1/../../../../arm-none-eabi/lib/thumb/v7e-m+fp/hard\libm.a(lib_a-ef_rem_pio2.o)
                0x080052e0                __ieee754_rem_pio2f
 .text.__ieee754_sqrtf
                0x08005544        0x8 c:/program files (x86)/gnu arm embedded toolchain/10 2021.10/bin/../lib/gcc/arm-none-eabi/10.3.1/../../../../arm-none-eabi/lib/thumb/v7e-m+fp/hard\libm.a(lib_a-ef_sqrt.o)
                0x08005544                __ieee754_sqrtf
 .text.__kernel_cosf
                0x0800554c      0x104 c:/program files (x86)/gnu arm embedded toolchain/10 2021.10/bin/../lib/gcc/arm-none-eabi/10.3.1/../../../../arm-none-eabi/lib/thumb/v7e-m+fp/hard\libm.a(lib_a-kf_cos.o)
                0x0800554c                __kernel_cosf
 .text.__kernel_rem_pio2f
                0x08005650      0x674 c:/program files (x86)/gnu arm embedded toolchain/10 2021.10/bin/../lib/gcc/arm-none-eabi/10.3.1/../../../../arm-none-eabi/lib/thumb/v7e-m+fp/hard\libm.a(lib_a-kf_rem_pio2.o)
                0x08005650                __kernel_rem_pio2f
 .text.__kernel_sinf
                0x08005cc4       0x90 c:/program files (x86)/gnu arm embedded toolchain/10 2021.10/bin/../lib/gcc/arm-none-eabi/10.3.1/../../../../arm-none-eabi/lib/thumb/v7e-m+fp/hard\libm.a(lib_a-kf_sin.o)
                0x08005cc4                __kernel_sinf
 .text.fabsf    0x08005d54       0x10 c:/program files (x86)/gnu arm embedded toolchain/10 2021.10/bin/../lib/gcc/arm-none-eabi/10.3.1/../../../../arm-none-eabi/lib/thumb/v7e-m+fp/hard\libm.a(lib_a-sf_fabs.o)
                0x08005d54                fabsf
 .text.floorf   0x08005d64       0x8c c:/program files (x86)/gnu arm embedded toolchain/10 2021.10/bin/../lib/gcc/arm-none-eabi/10.3.1/../../../../arm-none-eabi/lib/thumb/v7e-m+fp/hard\libm.a(lib_a-sf_floor.o)
                0x08005d64                floorf
 .text.scalbnf  0x08005df0       0xe4 c:/program files (x86)/gnu arm embedded toolchain/10 2021.10/bin/../lib/gcc/arm-none-eabi/10.3.1/../../../../arm-none-eabi/lib/thumb/v7e-m+fp/hard\libm.a(lib_a-sf_scalbn.o)
                0x08005df0                scalbnf
 .text.__errno  0x08005ed4        0xc c:/program files (x86)/gnu arm embedded toolchain/10 2021.10/bin/../lib/gcc/arm-none-eabi/10.3.1/../../../../arm-none-eabi/lib/thumb/v7e-m+fp/hard\libc.a(lib_a-errno.o)
                0x08005ed4                __errno
 .text          0x08005ee0      0x134 c:/program files (x86)/gnu arm embedded toolchain/10 2021.10/bin/../lib/gcc/arm-none-eabi/10.3.1/../../../../arm-none-eabi/lib/thumb/v7e-m+fp/hard\libc.a(lib_a-memcpy.o)
                0x08005ee0                memcpy
 .text.memset   0x08006014       0xa4 c:/program files (x86)/gnu arm embedded toolchain/10 2021.10/bin/../lib/gcc/arm-none-eabi/10.3.1/../../../../arm-none-eabi/lib/thumb/v7e-m+fp/hard\libc.a(lib_a-memset.o)
                0x08006014                memset
 .text.startup.register_fini
                0x080060b8       0x14 c:/program files (x86)/gnu arm embedded toolchain/10 2021.10/bin/../lib/gcc/arm-none-eabi/10.3.1/../../../../arm-none-eabi/lib/thumb/v7e-m+fp/hard\libc.a(lib_a-__call_atexit.o)
 .text.atexit   0x080060cc        0xc c:/program files (x86)/gnu arm embedded toolchain/10 2021.10/bin/../lib/gcc/arm-none-eabi/10.3.1/../../../../arm-none-eabi/lib/thumb/v7e-m+fp/hard\libc.a(lib_a-atexit.o)
                0x080060cc                atexit
 .text.__libc_fini_array
                0x080060d8       0x2c c:/program files (x86)/gnu arm embedded toolchain/10 2021.10/bin/../lib/gcc/arm-none-eabi/10.3.1/../../../../arm-none-eabi/lib/thumb/v7e-m+fp/hard\libc.a(lib_a-fini.o)
                0x080060d8                __libc_fini_array
 .text.__retarget_lock_acquire_recursive
                0x08006104        0x4 c:/program files (x86)/gnu arm embedded toolchain/10 2021.10/bin/../lib/gcc/arm-none-eabi/10.3.1/../../../../arm-none-eabi/lib/thumb/v7e-m+fp/hard\libc.a(lib_a-lock.o)
                0x08006104                __retarget_lock_acquire_recursive
 .text.__retarget_lock_release_recursive
                0x08006108        0x4 c:/program files (x86)/gnu arm embedded toolchain/10 2021.10/bin/../lib/gcc/arm-none-eabi/10.3.1/../../../../arm-none-eabi/lib/thumb/v7e-m+fp/hard\libc.a(lib_a-lock.o)
                0x08006108                __retarget_lock_release_recursive
 .text.__register_exitproc
                0x0800610c       0x8c c:/program files (x86)/gnu arm embedded toolchain/10 2021.10/bin/../lib/gcc/arm-none-eabi/10.3.1/../../../../arm-none-eabi/lib/thumb/v7e-m+fp/hard\libc.a(lib_a-__atexit.o)
                0x0800610c                __register_exitproc
 *(.init)
 .init          0x08006198        0x4 c:/program files (x86)/gnu arm embedded toolchain/10 2021.10/bin/../lib/gcc/arm-none-eabi/10.3.1/thumb/v7e-m+fp/hard/crti.o
                0x08006198                _init
 .init          0x0800619c        0x8 c:/program files (x86)/gnu arm embedded toolchain/10 2021.10/bin/../lib/gcc/arm-none-eabi/10.3.1/thumb/v7e-m+fp/hard/crtn.o
 *(.fini)
 .fini          0x080061a4        0x4 c:/program files (x86)/gnu arm embedded toolchain/10 2021.10/bin/../lib/gcc/arm-none-eabi/10.3.1/thumb/v7e-m+fp/hard/crti.o
                0x080061a4                _fini
 .fini          0x080061a8        0x8 c:/program files (x86)/gnu arm embedded toolchain/10 2021.10/bin/../lib/gcc/arm-none-eabi/10.3.1/thumb/v7e-m+fp/hard/crtn.o
 *crtbegin.o(.ctors)
 *crtbegin?.o(.ctors)
 *(EXCLUDE_FILE(*crtend.o *crtend?.o) .ctors)
 *(SORT_BY_NAME(.ctors.*))
 *(.ctors)
 *crtbegin.o(.dtors)
 *crtbegin?.o(.dtors)
 *(EXCLUDE_FILE(*crtend.o *crtend?.o) .dtors)
 *(SORT_BY_NAME(.dtors.*))
 *(.dtors)
 *(.rodata*)
 .rodata        0x080061b0      0x200 ..\obj\mbcrc.o
 .rodata        0x080063b0        0x8 ..\obj\mbutils.o
 .rodata        0x080063b8       0xb0 ..\obj\encoder.o
 .rodata.npio2_hw
                0x08006468       0x80 c:/program files (x86)/gnu arm embedded toolchain/10 2021.10/bin/../lib/gcc/arm-none-eabi/10.3.1/../../../../arm-none-eabi/lib/thumb/v7e-m+fp/hard\libm.a(lib_a-ef_rem_pio2.o)
 .rodata.two_over_pi
                0x080064e8      0x318 c:/program files (x86)/gnu arm embedded toolchain/10 2021.10/bin/../lib/gcc/arm-none-eabi/10.3.1/../../../../arm-none-eabi/lib/thumb/v7e-m+fp/hard\libm.a(lib_a-ef_rem_pio2.o)
 .rodata.PIo2   0x08006800       0x2c c:/program files (x86)/gnu arm embedded toolchain/10 2021.10/bin/../lib/gcc/arm-none-eabi/10.3.1/../../../../arm-none-eabi/lib/thumb/v7e-m+fp/hard\libm.a(lib_a-kf_rem_pio2.o)
 .rodata.init_jk
                0x0800682c        0xc c:/program files (x86)/gnu arm embedded toolchain/10 2021.10/bin/../lib/gcc/arm-none-eabi/10.3.1/../../../../arm-none-eabi/lib/thumb/v7e-m+fp/hard\libm.a(lib_a-kf_rem_pio2.o)
 .rodata._global_impure_ptr
                0x08006838        0x4 c:/program files (x86)/gnu arm embedded toolchain/10 2021.10/bin/../lib/gcc/arm-none-eabi/10.3.1/../../../../arm-none-eabi/lib/thumb/v7e-m+fp/hard\libc.a(lib_a-impure.o)
                0x08006838                _global_impure_ptr
 *(.eh_fram e*)

.eh_frame       0x0800683c        0x0
 .eh_frame      0x0800683c        0x0 c:/program files (x86)/gnu arm embedded toolchain/10 2021.10/bin/../lib/gcc/arm-none-eabi/10.3.1/thumb/v7e-m+fp/hard/crtbegin.o

.glue_7         0x0800683c        0x0
 .glue_7        0x0800683c        0x0 linker stubs

.glue_7t        0x0800683c        0x0
 .glue_7t       0x0800683c        0x0 linker stubs

.vfp11_veneer   0x0800683c        0x0
 .vfp11_veneer  0x0800683c        0x0 linker stubs

.v4_bx          0x0800683c        0x0
 .v4_bx         0x0800683c        0x0 linker stubs

.iplt           0x0800683c        0x0
 .iplt          0x0800683c        0x0 c:/program files (x86)/gnu arm embedded toolchain/10 2021.10/bin/../lib/gcc/arm-none-eabi/10.3.1/thumb/v7e-m+fp/hard/crtbegin.o

.rel.dyn        0x0800683c        0x0
 .rel.iplt      0x0800683c        0x0 c:/program files (x86)/gnu arm embedded toolchain/10 2021.10/bin/../lib/gcc/arm-none-eabi/10.3.1/thumb/v7e-m+fp/hard/crtbegin.o

.ARM.extab
 *(.ARM.extab* .gnu.linkonce.armextab.*)
                0x0800683c                __exidx_start = .

.ARM.exidx
 *(.ARM.exidx* .gnu.linkonce.armexidx.*)
                0x0800683c                __exidx_end = .
                0x0800683c                __etext = .
                0x0800683c                _sidata = __etext

.data           0x20000000      0x4e8 load address 0x0800683c
                0x20000000                __data_start__ = .
                0x20000000                _sdata = __data_start__
 *(vtable)
 *(.data*)
 .data          0x20000000       0x84 ..\obj\mb.o
 .data          0x20000084       0x10 ..\obj\stm32f4xx_rcc.o
 .data          0x20000094        0x4 ..\obj\encoder.o
 .data          0x20000098       0x14 ..\obj\system_stm32f4xx.o
                0x20000098                SystemCoreClock
                0x2000009c                AHBPrescTable
 .data._impure_ptr
                0x200000ac        0x4 c:/program files (x86)/gnu arm embedded toolchain/10 2021.10/bin/../lib/gcc/arm-none-eabi/10.3.1/../../../../arm-none-eabi/lib/thumb/v7e-m+fp/hard\libc.a(lib_a-impure.o)
                0x200000ac                _impure_ptr
 .data.impure_data
                0x200000b0      0x428 c:/program files (x86)/gnu arm embedded toolchain/10 2021.10/bin/../lib/gcc/arm-none-eabi/10.3.1/../../../../arm-none-eabi/lib/thumb/v7e-m+fp/hard\libc.a(lib_a-impure.o)
 .data.__atexit_recursive_mutex
                0x200004d8        0x4 c:/program files (x86)/gnu arm embedded toolchain/10 2021.10/bin/../lib/gcc/arm-none-eabi/10.3.1/../../../../arm-none-eabi/lib/thumb/v7e-m+fp/hard\libc.a(lib_a-__call_atexit.o)
                0x200004d8                __atexit_recursive_mutex
                0x200004dc                . = ALIGN (0x4)
                0x200004dc                PROVIDE (__preinit_array_start = .)
 *(.preinit_array)
                0x200004dc                PROVIDE (__preinit_array_end = .)
                0x200004dc                . = ALIGN (0x4)
                0x200004dc                PROVIDE (__init_array_start = .)
 *(SORT_BY_NAME(.init_array.*))
 .init_array.00000
                0x200004dc        0x4 c:/program files (x86)/gnu arm embedded toolchain/10 2021.10/bin/../lib/gcc/arm-none-eabi/10.3.1/../../../../arm-none-eabi/lib/thumb/v7e-m+fp/hard\libc.a(lib_a-__call_atexit.o)
 *(.init_array)
 .init_array    0x200004e0        0x4 c:/program files (x86)/gnu arm embedded toolchain/10 2021.10/bin/../lib/gcc/arm-none-eabi/10.3.1/thumb/v7e-m+fp/hard/crtbegin.o
                0x200004e4                PROVIDE (__init_array_end = .)
                0x200004e4                . = ALIGN (0x4)
                0x200004e4                PROVIDE (__fini_array_start = .)
 *(SORT_BY_NAME(.fini_array.*))
 *(.fini_array)
 .fini_array    0x200004e4        0x4 c:/program files (x86)/gnu arm embedded toolchain/10 2021.10/bin/../lib/gcc/arm-none-eabi/10.3.1/thumb/v7e-m+fp/hard/crtbegin.o
                0x200004e8                PROVIDE (__fini_array_end = .)
 *(.jcr*)
                0x200004e8                . = ALIGN (0x4)
                0x200004e8                __data_end__ = .
                0x200004e8                _edata = __data_end__

.igot.plt       0x200004e8        0x0 load address 0x08006d24
 .igot.plt      0x200004e8        0x0 c:/program files (x86)/gnu arm embedded toolchain/10 2021.10/bin/../lib/gcc/arm-none-eabi/10.3.1/thumb/v7e-m+fp/hard/crtbegin.o

.bss            0x200004e8     0xc4f8 load address 0x08006d24
                0x200004e8                . = ALIGN (0x4)
                0x200004e8                __bss_start__ = .
                0x200004e8                _sbss = __bss_start__
 *(.bss*)
 .bss           0x200004e8       0x1c c:/program files (x86)/gnu arm embedded toolchain/10 2021.10/bin/../lib/gcc/arm-none-eabi/10.3.1/thumb/v7e-m+fp/hard/crtbegin.o
 .bss           0x20000504       0x22 ..\obj\mbfuncother.o
 *fill*         0x20000526        0x2 
 .bss           0x20000528     0x4000 ..\obj\svpwm.o
 .bss           0x20004528      0x10b ..\obj\mbrtu.o
                0x2000452c                ucRTUBuf
 *fill*         0x20004633        0x1 
 .bss           0x20004634       0x38 ..\obj\mb.o
                0x2000464c                pxMBFrameCBByteReceived
                0x20004650                pxMBFrameCBTransmitterEmpty
                0x20004654                pxMBPortCBTimerExpired
                0x20004664                pxMBFrameCBTransmitFSMCur
                0x20004668                pxMBFrameCBReceiveFSMCur
 .bss           0x2000466c        0x2 ..\obj\portevent.o
 *fill*         0x2000466e        0x2 
 .bss           0x20004670        0xd ..\obj\mbascii.o
 *fill*         0x2000467d        0x3 
 .bss           0x20004680     0x8014 ..\obj\encoder.o
                0x20004680                sanyo_uvw
                0x2000468c                uwTIM10PulseLength
                0x20004690                tim8_overflow
 .bss           0x2000c694      0x1ca ..\obj\foc.o
                0x2000c698                sp_pos
                0x2000c69c                pv_pos
                0x2000c6a0                sp_speed
                0x2000c6a4                pv_speed
                0x2000c6a8                sp_counter
                0x2000c6ac                pidSpeed
                0x2000c6e0                Ts
                0x2000c7d4                ai0
                0x2000c7d6                enc_delta
                0x2000c7e0                vel
                0x2000c810                ai0_filtered_value
                0x2000c818                pidPos
                0x2000c84c                ADC_values
                0x2000c85c                ai1
 *fill*         0x2000c85e        0x2 
 .bss           0x2000c860      0x17c ..\obj\main.o
                0x2000c8c4                stFoc
 .bss.__lock___atexit_recursive_mutex
                0x2000c9dc        0x1 c:/program files (x86)/gnu arm embedded toolchain/10 2021.10/bin/../lib/gcc/arm-none-eabi/10.3.1/../../../../arm-none-eabi/lib/thumb/v7e-m+fp/hard\libc.a(lib_a-lock.o)
                0x2000c9dc                __lock___atexit_recursive_mutex
 *(COMMON)
                0x2000c9e0                . = ALIGN (0x4)
 *fill*         0x2000c9dd        0x3 
                0x2000c9e0                __bss_end__ = .
                0x2000c9e0                _ebss = __bss_end__

.heap           0x2000c9e0        0x0
                0x2000c9e0                __end__ = .
                0x2000c9e0                _end = __end__
                0x2000c9e0                end = __end__
 *(.heap*)
                0x2000c9e0                __HeapLimit = .

.co_stack       0x2000c9e0      0x800 load address 0x0801321c
                0x2000c9e0                . = ALIGN (0x8)
 *(.co_stack .co_stack.*)
 .co_stack      0x2000c9e0      0x800 ..\obj\startup_stm32f4xx.o
                0x2000c9e0                pulStack
                0x20020000                __StackTop = (ORIGIN (ram) + LENGTH (ram))
                0x2001f800                __StackLimit = (__StackTop - SIZEOF (.co_stack))
                0x20020000                PROVIDE (__stack = __StackTop)
                0x00000001                ASSERT ((__StackLimit >= __HeapLimit), region ram  overflowed with stack)
LOAD ..\obj\stm32f4xx_gpio.o
LOAD ..\obj\pid.o
LOAD ..\obj\mbfuncother.o
LOAD ..\obj\stm32f4xx_usart.o
LOAD ..\obj\stm32f4xx_dma.o
LOAD ..\obj\stm32f4xx_can.o
LOAD ..\obj\port.o
LOAD ..\obj\svpwm.o
LOAD ..\obj\porttimer.o
LOAD ..\obj\mbfuncdisc.o
LOAD ..\obj\filter.o
LOAD ..\obj\mbrtu.o
LOAD ..\obj\mb.o
LOAD ..\obj\portevent.o
LOAD ..\obj\misc.o
LOAD ..\obj\stm32f4xx_adc.o
LOAD ..\obj\syscalls.o
LOAD ..\obj\mbfuncholding.o
LOAD ..\obj\stm32f4xx_dac.o
LOAD ..\obj\mbcrc.o
LOAD ..\obj\mbascii.o
LOAD ..\obj\stm32f4xx_syscfg.o
LOAD ..\obj\mbfunccoils.o
LOAD ..\obj\startup_stm32f4xx.o
LOAD ..\obj\stm32f4xx_rcc.o
LOAD ..\obj\mbutils.o
LOAD ..\obj\encoder.o
LOAD ..\obj\stm32f4xx_exti.o
LOAD ..\obj\system_stm32f4xx.o
LOAD ..\obj\mbfuncinput.o
LOAD ..\obj\mbfuncdiag.o
LOAD ..\obj\stm32f4xx_tim.o
LOAD ..\obj\mbtcp.o
LOAD ..\obj\portserial.o
LOAD ..\obj\foc.o
LOAD ..\obj\main.o
LOAD c:/program files (x86)/gnu arm embedded toolchain/10 2021.10/bin/../lib/gcc/arm-none-eabi/10.3.1/../../../../arm-none-eabi/lib/thumb/v7e-m+fp/hard\libm.a
LOAD c:/program files (x86)/gnu arm embedded toolchain/10 2021.10/bin/../lib/gcc/arm-none-eabi/10.3.1/thumb/v7e-m+fp/hard\libgcc.a
LOAD c:/program files (x86)/gnu arm embedded toolchain/10 2021.10/bin/../lib/gcc/arm-none-eabi/10.3.1/../../../../arm-none-eabi/lib/thumb/v7e-m+fp/hard\libc.a
START GROUP
LOAD c:/program files (x86)/gnu arm embedded toolchain/10 2021.10/bin/../lib/gcc/arm-none-eabi/10.3.1/thumb/v7e-m+fp/hard\libgcc.a
LOAD c:/program files (x86)/gnu arm embedded toolchain/10 2021.10/bin/../lib/gcc/arm-none-eabi/10.3.1/../../../../arm-none-eabi/lib/thumb/v7e-m+fp/hard\libg.a
LOAD c:/program files (x86)/gnu arm embedded toolchain/10 2021.10/bin/../lib/gcc/arm-none-eabi/10.3.1/../../../../arm-none-eabi/lib/thumb/v7e-m+fp/hard\libc.a
END GROUP
LOAD c:/program files (x86)/gnu arm embedded toolchain/10 2021.10/bin/../lib/gcc/arm-none-eabi/10.3.1/thumb/v7e-m+fp/hard/crtend.o
LOAD c:/program files (x86)/gnu arm embedded toolchain/10 2021.10/bin/../lib/gcc/arm-none-eabi/10.3.1/thumb/v7e-m+fp/hard/crtn.o
OUTPUT(main.elf elf32-littlearm)
LOAD linker stubs

.ARM.attributes
                0x00000000       0x30
 .ARM.attributes
                0x00000000       0x1e c:/program files (x86)/gnu arm embedded toolchain/10 2021.10/bin/../lib/gcc/arm-none-eabi/10.3.1/thumb/v7e-m+fp/hard/crti.o
 .ARM.attributes
                0x0000001e       0x34 c:/program files (x86)/gnu arm embedded toolchain/10 2021.10/bin/../lib/gcc/arm-none-eabi/10.3.1/thumb/v7e-m+fp/hard/crtbegin.o
 .ARM.attributes
                0x00000052       0x34 ..\obj\stm32f4xx_gpio.o
 .ARM.attributes
                0x00000086       0x34 ..\obj\pid.o
 .ARM.attributes
                0x000000ba       0x34 ..\obj\mbfuncother.o
 .ARM.attributes
                0x000000ee       0x34 ..\obj\stm32f4xx_usart.o
 .ARM.attributes
                0x00000122       0x34 ..\obj\stm32f4xx_dma.o
 .ARM.attributes
                0x00000156       0x34 ..\obj\svpwm.o
 .ARM.attributes
                0x0000018a       0x34 ..\obj\porttimer.o
 .ARM.attributes
                0x000001be       0x34 ..\obj\mbfuncdisc.o
 .ARM.attributes
                0x000001f2       0x34 ..\obj\filter.o
 .ARM.attributes
                0x00000226       0x34 ..\obj\mbrtu.o
 .ARM.attributes
                0x0000025a       0x34 ..\obj\mb.o
 .ARM.attributes
                0x0000028e       0x34 ..\obj\portevent.o
 .ARM.attributes
                0x000002c2       0x34 ..\obj\misc.o
 .ARM.attributes
                0x000002f6       0x34 ..\obj\stm32f4xx_adc.o
 .ARM.attributes
                0x0000032a       0x34 ..\obj\mbfuncholding.o
 .ARM.attributes
                0x0000035e       0x34 ..\obj\stm32f4xx_dac.o
 .ARM.attributes
                0x00000392       0x34 ..\obj\mbcrc.o
 .ARM.attributes
                0x000003c6       0x34 ..\obj\mbascii.o
 .ARM.attributes
                0x000003fa       0x34 ..\obj\stm32f4xx_syscfg.o
 .ARM.attributes
                0x0000042e       0x34 ..\obj\mbfunccoils.o
 .ARM.attributes
                0x00000462       0x34 ..\obj\startup_stm32f4xx.o
 .ARM.attributes
                0x00000496       0x34 ..\obj\stm32f4xx_rcc.o
 .ARM.attributes
                0x000004ca       0x34 ..\obj\mbutils.o
 .ARM.attributes
                0x000004fe       0x34 ..\obj\encoder.o
 .ARM.attributes
                0x00000532       0x34 ..\obj\stm32f4xx_exti.o
 .ARM.attributes
                0x00000566       0x34 ..\obj\system_stm32f4xx.o
 .ARM.attributes
                0x0000059a       0x34 ..\obj\mbfuncinput.o
 .ARM.attributes
                0x000005ce       0x34 ..\obj\stm32f4xx_tim.o
 .ARM.attributes
                0x00000602       0x34 ..\obj\portserial.o
 .ARM.attributes
                0x00000636       0x34 ..\obj\foc.o
 .ARM.attributes
                0x0000066a       0x34 ..\obj\main.o
 .ARM.attributes
                0x0000069e       0x34 c:/program files (x86)/gnu arm embedded toolchain/10 2021.10/bin/../lib/gcc/arm-none-eabi/10.3.1/../../../../arm-none-eabi/lib/thumb/v7e-m+fp/hard\libm.a(lib_a-sf_cos.o)
 .ARM.attributes
                0x000006d2       0x34 c:/program files (x86)/gnu arm embedded toolchain/10 2021.10/bin/../lib/gcc/arm-none-eabi/10.3.1/../../../../arm-none-eabi/lib/thumb/v7e-m+fp/hard\libm.a(lib_a-sf_sin.o)
 .ARM.attributes
                0x00000706       0x34 c:/program files (x86)/gnu arm embedded toolchain/10 2021.10/bin/../lib/gcc/arm-none-eabi/10.3.1/../../../../arm-none-eabi/lib/thumb/v7e-m+fp/hard\libm.a(lib_a-wf_sqrt.o)
 .ARM.attributes
                0x0000073a       0x34 c:/program files (x86)/gnu arm embedded toolchain/10 2021.10/bin/../lib/gcc/arm-none-eabi/10.3.1/../../../../arm-none-eabi/lib/thumb/v7e-m+fp/hard\libm.a(lib_a-ef_rem_pio2.o)
 .ARM.attributes
                0x0000076e       0x34 c:/program files (x86)/gnu arm embedded toolchain/10 2021.10/bin/../lib/gcc/arm-none-eabi/10.3.1/../../../../arm-none-eabi/lib/thumb/v7e-m+fp/hard\libm.a(lib_a-ef_sqrt.o)
 .ARM.attributes
                0x000007a2       0x34 c:/program files (x86)/gnu arm embedded toolchain/10 2021.10/bin/../lib/gcc/arm-none-eabi/10.3.1/../../../../arm-none-eabi/lib/thumb/v7e-m+fp/hard\libm.a(lib_a-kf_cos.o)
 .ARM.attributes
                0x000007d6       0x34 c:/program files (x86)/gnu arm embedded toolchain/10 2021.10/bin/../lib/gcc/arm-none-eabi/10.3.1/../../../../arm-none-eabi/lib/thumb/v7e-m+fp/hard\libm.a(lib_a-kf_rem_pio2.o)
 .ARM.attributes
                0x0000080a       0x34 c:/program files (x86)/gnu arm embedded toolchain/10 2021.10/bin/../lib/gcc/arm-none-eabi/10.3.1/../../../../arm-none-eabi/lib/thumb/v7e-m+fp/hard\libm.a(lib_a-kf_sin.o)
 .ARM.attributes
                0x0000083e       0x34 c:/program files (x86)/gnu arm embedded toolchain/10 2021.10/bin/../lib/gcc/arm-none-eabi/10.3.1/../../../../arm-none-eabi/lib/thumb/v7e-m+fp/hard\libm.a(lib_a-sf_fabs.o)
 .ARM.attributes
                0x00000872       0x34 c:/program files (x86)/gnu arm embedded toolchain/10 2021.10/bin/../lib/gcc/arm-none-eabi/10.3.1/../../../../arm-none-eabi/lib/thumb/v7e-m+fp/hard\libm.a(lib_a-sf_floor.o)
 .ARM.attributes
                0x000008a6       0x34 c:/program files (x86)/gnu arm embedded toolchain/10 2021.10/bin/../lib/gcc/arm-none-eabi/10.3.1/../../../../arm-none-eabi/lib/thumb/v7e-m+fp/hard\libm.a(lib_a-sf_scalbn.o)
 .ARM.attributes
                0x000008da       0x34 c:/program files (x86)/gnu arm embedded toolchain/10 2021.10/bin/../lib/gcc/arm-none-eabi/10.3.1/../../../../arm-none-eabi/lib/thumb/v7e-m+fp/hard\libc.a(lib_a-errno.o)
 .ARM.attributes
                0x0000090e       0x34 c:/program files (x86)/gnu arm embedded toolchain/10 2021.10/bin/../lib/gcc/arm-none-eabi/10.3.1/../../../../arm-none-eabi/lib/thumb/v7e-m+fp/hard\libc.a(lib_a-impure.o)
 .ARM.attributes
                0x00000942       0x1c c:/program files (x86)/gnu arm embedded toolchain/10 2021.10/bin/../lib/gcc/arm-none-eabi/10.3.1/../../../../arm-none-eabi/lib/thumb/v7e-m+fp/hard\libc.a(lib_a-memcpy.o)
 .ARM.attributes
                0x0000095e       0x34 c:/program files (x86)/gnu arm embedded toolchain/10 2021.10/bin/../lib/gcc/arm-none-eabi/10.3.1/../../../../arm-none-eabi/lib/thumb/v7e-m+fp/hard\libc.a(lib_a-memset.o)
 .ARM.attributes
                0x00000992       0x34 c:/program files (x86)/gnu arm embedded toolchain/10 2021.10/bin/../lib/gcc/arm-none-eabi/10.3.1/../../../../arm-none-eabi/lib/thumb/v7e-m+fp/hard\libc.a(lib_a-__call_atexit.o)
 .ARM.attributes
                0x000009c6       0x34 c:/program files (x86)/gnu arm embedded toolchain/10 2021.10/bin/../lib/gcc/arm-none-eabi/10.3.1/../../../../arm-none-eabi/lib/thumb/v7e-m+fp/hard\libc.a(lib_a-atexit.o)
 .ARM.attributes
                0x000009fa       0x34 c:/program files (x86)/gnu arm embedded toolchain/10 2021.10/bin/../lib/gcc/arm-none-eabi/10.3.1/../../../../arm-none-eabi/lib/thumb/v7e-m+fp/hard\libc.a(lib_a-fini.o)
 .ARM.attributes
                0x00000a2e       0x34 c:/program files (x86)/gnu arm embedded toolchain/10 2021.10/bin/../lib/gcc/arm-none-eabi/10.3.1/../../../../arm-none-eabi/lib/thumb/v7e-m+fp/hard\libc.a(lib_a-lock.o)
 .ARM.attributes
                0x00000a62       0x34 c:/program files (x86)/gnu arm embedded toolchain/10 2021.10/bin/../lib/gcc/arm-none-eabi/10.3.1/../../../../arm-none-eabi/lib/thumb/v7e-m+fp/hard\libc.a(lib_a-__atexit.o)
 .ARM.attributes
                0x00000a96       0x1e c:/program files (x86)/gnu arm embedded toolchain/10 2021.10/bin/../lib/gcc/arm-none-eabi/10.3.1/thumb/v7e-m+fp/hard/crtn.o

.comment        0x00000000       0x49
 .comment       0x00000000       0x49 ..\obj\stm32f4xx_gpio.o
                                 0x4a (size before relaxing)
 .comment       0x00000049       0x4a ..\obj\pid.o
 .comment       0x00000049       0x4a ..\obj\mbfuncother.o
 .comment       0x00000049       0x4a ..\obj\stm32f4xx_usart.o
 .comment       0x00000049       0x4a ..\obj\stm32f4xx_dma.o
 .comment       0x00000049       0x4a ..\obj\svpwm.o
 .comment       0x00000049       0x4a ..\obj\porttimer.o
 .comment       0x00000049       0x4a ..\obj\mbfuncdisc.o
 .comment       0x00000049       0x4a ..\obj\filter.o
 .comment       0x00000049       0x4a ..\obj\mbrtu.o
 .comment       0x00000049       0x4a ..\obj\mb.o
 .comment       0x00000049       0x4a ..\obj\portevent.o
 .comment       0x00000049       0x4a ..\obj\misc.o
 .comment       0x00000049       0x4a ..\obj\stm32f4xx_adc.o
 .comment       0x00000049       0x4a ..\obj\mbfuncholding.o
 .comment       0x00000049       0x4a ..\obj\stm32f4xx_dac.o
 .comment       0x00000049       0x4a ..\obj\mbcrc.o
 .comment       0x00000049       0x4a ..\obj\mbascii.o
 .comment       0x00000049       0x4a ..\obj\stm32f4xx_syscfg.o
 .comment       0x00000049       0x4a ..\obj\mbfunccoils.o
 .comment       0x00000049       0x4a ..\obj\startup_stm32f4xx.o
 .comment       0x00000049       0x4a ..\obj\stm32f4xx_rcc.o
 .comment       0x00000049       0x4a ..\obj\mbutils.o
 .comment       0x00000049       0x4a ..\obj\encoder.o
 .comment       0x00000049       0x4a ..\obj\stm32f4xx_exti.o
 .comment       0x00000049       0x4a ..\obj\system_stm32f4xx.o
 .comment       0x00000049       0x4a ..\obj\mbfuncinput.o
 .comment       0x00000049       0x4a ..\obj\stm32f4xx_tim.o
 .comment       0x00000049       0x4a ..\obj\portserial.o
 .comment       0x00000049       0x4a ..\obj\foc.o
 .comment       0x00000049       0x4a ..\obj\main.o

.debug_info     0x00000000    0x120ca
 .debug_info    0x00000000      0x778 ..\obj\stm32f4xx_gpio.o
 .debug_info    0x00000778      0x407 ..\obj\pid.o
 .debug_info    0x00000b7f      0x2d3 ..\obj\mbfuncother.o
 .debug_info    0x00000e52      0xba5 ..\obj\stm32f4xx_usart.o
 .debug_info    0x000019f7      0x7b8 ..\obj\stm32f4xx_dma.o
 .debug_info    0x000021af     0x2230 ..\obj\svpwm.o
 .debug_info    0x000043df      0x845 ..\obj\porttimer.o
 .debug_info    0x00004c24      0x24c ..\obj\mbfuncdisc.o
 .debug_info    0x00004e70      0x145 ..\obj\filter.o
 .debug_info    0x00004fb5      0x75b ..\obj\mbrtu.o
 .debug_info    0x00005710      0x789 ..\obj\mb.o
 .debug_info    0x00005e99      0x17c ..\obj\portevent.o
 .debug_info    0x00006015      0x57c ..\obj\misc.o
 .debug_info    0x00006591      0xdbd ..\obj\stm32f4xx_adc.o
 .debug_info    0x0000734e      0x4f8 ..\obj\mbfuncholding.o
 .debug_info    0x00007846      0x70c ..\obj\stm32f4xx_dac.o
 .debug_info    0x00007f52      0x166 ..\obj\mbcrc.o
 .debug_info    0x000080b8      0x9b4 ..\obj\mbascii.o
 .debug_info    0x00008a6c      0x2bb ..\obj\stm32f4xx_syscfg.o
 .debug_info    0x00008d27      0x417 ..\obj\mbfunccoils.o
 .debug_info    0x0000913e      0x122 ..\obj\startup_stm32f4xx.o
 .debug_info    0x00009260      0xe7e ..\obj\stm32f4xx_rcc.o
 .debug_info    0x0000a0de      0x2fd ..\obj\mbutils.o
 .debug_info    0x0000a3db     0x1857 ..\obj\encoder.o
 .debug_info    0x0000bc32      0x37c ..\obj\stm32f4xx_exti.o
 .debug_info    0x0000bfae      0x626 ..\obj\system_stm32f4xx.o
 .debug_info    0x0000c5d4      0x238 ..\obj\mbfuncinput.o
 .debug_info    0x0000c80c     0x2417 ..\obj\stm32f4xx_tim.o
 .debug_info    0x0000ec23      0xd06 ..\obj\portserial.o
 .debug_info    0x0000f929     0x16c9 ..\obj\foc.o
 .debug_info    0x00010ff2     0x10d8 ..\obj\main.o

.debug_abbrev   0x00000000     0x3967
 .debug_abbrev  0x00000000      0x21c ..\obj\stm32f4xx_gpio.o
 .debug_abbrev  0x0000021c      0x142 ..\obj\pid.o
 .debug_abbrev  0x0000035e       0xf6 ..\obj\mbfuncother.o
 .debug_abbrev  0x00000454      0x1db ..\obj\stm32f4xx_usart.o
 .debug_abbrev  0x0000062f      0x1b1 ..\obj\stm32f4xx_dma.o
 .debug_abbrev  0x000007e0      0x3eb ..\obj\svpwm.o
 .debug_abbrev  0x00000bcb      0x1d8 ..\obj\porttimer.o
 .debug_abbrev  0x00000da3       0xf1 ..\obj\mbfuncdisc.o
 .debug_abbrev  0x00000e94       0xc4 ..\obj\filter.o
 .debug_abbrev  0x00000f58      0x1c4 ..\obj\mbrtu.o
 .debug_abbrev  0x0000111c      0x247 ..\obj\mb.o
 .debug_abbrev  0x00001363       0xd1 ..\obj\portevent.o
 .debug_abbrev  0x00001434      0x187 ..\obj\misc.o
 .debug_abbrev  0x000015bb      0x21c ..\obj\stm32f4xx_adc.o
 .debug_abbrev  0x000017d7       0xf1 ..\obj\mbfuncholding.o
 .debug_abbrev  0x000018c8      0x253 ..\obj\stm32f4xx_dac.o
 .debug_abbrev  0x00001b1b       0xb2 ..\obj\mbcrc.o
 .debug_abbrev  0x00001bcd      0x28b ..\obj\mbascii.o
 .debug_abbrev  0x00001e58      0x178 ..\obj\stm32f4xx_syscfg.o
 .debug_abbrev  0x00001fd0      0x11f ..\obj\mbfunccoils.o
 .debug_abbrev  0x000020ef       0xf7 ..\obj\startup_stm32f4xx.o
 .debug_abbrev  0x000021e6      0x2ac ..\obj\stm32f4xx_rcc.o
 .debug_abbrev  0x00002492       0xcf ..\obj\mbutils.o
 .debug_abbrev  0x00002561      0x342 ..\obj\encoder.o
 .debug_abbrev  0x000028a3      0x227 ..\obj\stm32f4xx_exti.o
 .debug_abbrev  0x00002aca      0x192 ..\obj\system_stm32f4xx.o
 .debug_abbrev  0x00002c5c       0xf1 ..\obj\mbfuncinput.o
 .debug_abbrev  0x00002d4d      0x2f3 ..\obj\stm32f4xx_tim.o
 .debug_abbrev  0x00003040      0x249 ..\obj\portserial.o
 .debug_abbrev  0x00003289      0x3be ..\obj\foc.o
 .debug_abbrev  0x00003647      0x320 ..\obj\main.o

.debug_loc      0x00000000     0x87c3
 .debug_loc     0x00000000      0x36f ..\obj\stm32f4xx_gpio.o
 .debug_loc     0x0000036f      0x176 ..\obj\pid.o
 .debug_loc     0x000004e5      0x1ae ..\obj\mbfuncother.o
 .debug_loc     0x00000693      0x8cb ..\obj\stm32f4xx_usart.o
 .debug_loc     0x00000f5e      0x3eb ..\obj\stm32f4xx_dma.o
 .debug_loc     0x00001349      0x8f8 ..\obj\svpwm.o
 .debug_loc     0x00001c41       0x25 ..\obj\porttimer.o
 .debug_loc     0x00001c66      0x1e6 ..\obj\mbfuncdisc.o
 .debug_loc     0x00001e4c      0x12f ..\obj\filter.o
 .debug_loc     0x00001f7b      0x383 ..\obj\mbrtu.o
 .debug_loc     0x000022fe      0x34a ..\obj\mb.o
 .debug_loc     0x00002648       0x89 ..\obj\portevent.o
 .debug_loc     0x000026d1      0x176 ..\obj\misc.o
 .debug_loc     0x00002847      0xc1a ..\obj\stm32f4xx_adc.o
 .debug_loc     0x00003461      0x965 ..\obj\mbfuncholding.o
 .debug_loc     0x00003dc6      0x399 ..\obj\stm32f4xx_dac.o
 .debug_loc     0x0000415f       0xcd ..\obj\mbcrc.o
 .debug_loc     0x0000422c      0x506 ..\obj\mbascii.o
 .debug_loc     0x00004732       0xa9 ..\obj\stm32f4xx_syscfg.o
 .debug_loc     0x000047db      0x50d ..\obj\mbfunccoils.o
 .debug_loc     0x00004ce8      0xc13 ..\obj\stm32f4xx_rcc.o
 .debug_loc     0x000058fb      0x32b ..\obj\mbutils.o
 .debug_loc     0x00005c26      0x3e0 ..\obj\encoder.o
 .debug_loc     0x00006006      0x1e6 ..\obj\stm32f4xx_exti.o
 .debug_loc     0x000061ec      0x107 ..\obj\system_stm32f4xx.o
 .debug_loc     0x000062f3      0x1d1 ..\obj\mbfuncinput.o
 .debug_loc     0x000064c4     0x1c7f ..\obj\stm32f4xx_tim.o
 .debug_loc     0x00008143      0x132 ..\obj\portserial.o
 .debug_loc     0x00008275      0x1d5 ..\obj\foc.o
 .debug_loc     0x0000844a      0x379 ..\obj\main.o

.debug_aranges  0x00000000      0x3e8
 .debug_aranges
                0x00000000       0x20 ..\obj\stm32f4xx_gpio.o
 .debug_aranges
                0x00000020       0x20 ..\obj\pid.o
 .debug_aranges
                0x00000040       0x20 ..\obj\mbfuncother.o
 .debug_aranges
                0x00000060       0x20 ..\obj\stm32f4xx_usart.o
 .debug_aranges
                0x00000080       0x20 ..\obj\stm32f4xx_dma.o
 .debug_aranges
                0x000000a0       0x20 ..\obj\svpwm.o
 .debug_aranges
                0x000000c0       0x20 ..\obj\porttimer.o
 .debug_aranges
                0x000000e0       0x20 ..\obj\mbfuncdisc.o
 .debug_aranges
                0x00000100       0x20 ..\obj\filter.o
 .debug_aranges
                0x00000120       0x20 ..\obj\mbrtu.o
 .debug_aranges
                0x00000140       0x20 ..\obj\mb.o
 .debug_aranges
                0x00000160       0x20 ..\obj\portevent.o
 .debug_aranges
                0x00000180       0x20 ..\obj\misc.o
 .debug_aranges
                0x000001a0       0x20 ..\obj\stm32f4xx_adc.o
 .debug_aranges
                0x000001c0       0x20 ..\obj\mbfuncholding.o
 .debug_aranges
                0x000001e0       0x20 ..\obj\stm32f4xx_dac.o
 .debug_aranges
                0x00000200       0x20 ..\obj\mbcrc.o
 .debug_aranges
                0x00000220       0x20 ..\obj\mbascii.o
 .debug_aranges
                0x00000240       0x20 ..\obj\stm32f4xx_syscfg.o
 .debug_aranges
                0x00000260       0x20 ..\obj\mbfunccoils.o
 .debug_aranges
                0x00000280       0x20 ..\obj\startup_stm32f4xx.o
 .debug_aranges
                0x000002a0       0x20 ..\obj\stm32f4xx_rcc.o
 .debug_aranges
                0x000002c0       0x20 ..\obj\mbutils.o
 .debug_aranges
                0x000002e0       0x20 ..\obj\encoder.o
 .debug_aranges
                0x00000300       0x20 ..\obj\stm32f4xx_exti.o
 .debug_aranges
                0x00000320       0x20 ..\obj\system_stm32f4xx.o
 .debug_aranges
                0x00000340       0x20 ..\obj\mbfuncinput.o
 .debug_aranges
                0x00000360       0x20 ..\obj\stm32f4xx_tim.o
 .debug_aranges
                0x00000380       0x20 ..\obj\portserial.o
 .debug_aranges
                0x000003a0       0x20 ..\obj\foc.o
 .debug_aranges
                0x000003c0       0x28 ..\obj\main.o

.debug_line     0x00000000     0xb317
 .debug_line    0x00000000      0x52e ..\obj\stm32f4xx_gpio.o
 .debug_line    0x0000052e      0x245 ..\obj\pid.o
 .debug_line    0x00000773      0x33b ..\obj\mbfuncother.o
 .debug_line    0x00000aae      0x850 ..\obj\stm32f4xx_usart.o
 .debug_line    0x000012fe      0x704 ..\obj\stm32f4xx_dma.o
 .debug_line    0x00001a02      0xc40 ..\obj\svpwm.o
 .debug_line    0x00002642      0x36f ..\obj\porttimer.o
 .debug_line    0x000029b1      0x2d6 ..\obj\mbfuncdisc.o
 .debug_line    0x00002c87      0x205 ..\obj\filter.o
 .debug_line    0x00002e8c      0x60a ..\obj\mbrtu.o
 .debug_line    0x00003496      0x6e4 ..\obj\mb.o
 .debug_line    0x00003b7a      0x22c ..\obj\portevent.o
 .debug_line    0x00003da6      0x387 ..\obj\misc.o
 .debug_line    0x0000412d      0x98f ..\obj\stm32f4xx_adc.o
 .debug_line    0x00004abc      0x483 ..\obj\mbfuncholding.o
 .debug_line    0x00004f3f      0x4d3 ..\obj\stm32f4xx_dac.o
 .debug_line    0x00005412      0x1f8 ..\obj\mbcrc.o
 .debug_line    0x0000560a      0x7f0 ..\obj\mbascii.o
 .debug_line    0x00005dfa      0x2ce ..\obj\stm32f4xx_syscfg.o
 .debug_line    0x000060c8      0x3ed ..\obj\mbfunccoils.o
 .debug_line    0x000064b5       0xea ..\obj\startup_stm32f4xx.o
 .debug_line    0x0000659f      0xa40 ..\obj\stm32f4xx_rcc.o
 .debug_line    0x00006fdf      0x2f8 ..\obj\mbutils.o
 .debug_line    0x000072d7      0x972 ..\obj\encoder.o
 .debug_line    0x00007c49      0x387 ..\obj\stm32f4xx_exti.o
 .debug_line    0x00007fd0      0x3b5 ..\obj\system_stm32f4xx.o
 .debug_line    0x00008385      0x2c0 ..\obj\mbfuncinput.o
 .debug_line    0x00008645     0x1546 ..\obj\stm32f4xx_tim.o
 .debug_line    0x00009b8b      0x474 ..\obj\portserial.o
 .debug_line    0x00009fff      0xb85 ..\obj\foc.o
 .debug_line    0x0000ab84      0x793 ..\obj\main.o

.debug_str      0x00000000     0x510f
 .debug_str     0x00000000      0x4a4 ..\obj\stm32f4xx_gpio.o
                                0x4fd (size before relaxing)
 .debug_str     0x000004a4      0x14f ..\obj\pid.o
                                0x2aa (size before relaxing)
 .debug_str     0x000005f3      0x265 ..\obj\mbfuncother.o
                                0x3f2 (size before relaxing)
 .debug_str     0x00000858      0x54b ..\obj\stm32f4xx_usart.o
                                0x712 (size before relaxing)
 .debug_str     0x00000da3      0x3ad ..\obj\stm32f4xx_dma.o
                                0x585 (size before relaxing)
 .debug_str     0x00001150     0x1020 ..\obj\svpwm.o
                               0x1578 (size before relaxing)
 .debug_str     0x00002170      0x112 ..\obj\porttimer.o
                                0x9fd (size before relaxing)
 .debug_str     0x00002282       0xde ..\obj\mbfuncdisc.o
                                0x3c6 (size before relaxing)
 .debug_str     0x00002360       0x8b ..\obj\filter.o
                                0x203 (size before relaxing)
 .debug_str     0x000023eb      0x2f3 ..\obj\mbrtu.o
                                0x562 (size before relaxing)
 .debug_str     0x000026de      0x299 ..\obj\mb.o
                                0x6b1 (size before relaxing)
 .debug_str     0x00002977       0x86 ..\obj\portevent.o
                                0x26b (size before relaxing)
 .debug_str     0x000029fd      0x176 ..\obj\misc.o
                                0x411 (size before relaxing)
 .debug_str     0x00002b73      0x3a3 ..\obj\stm32f4xx_adc.o
                                0x85e (size before relaxing)
 .debug_str     0x00002f16      0x181 ..\obj\mbfuncholding.o
                                0x4a3 (size before relaxing)
 .debug_str     0x00003097      0x283 ..\obj\stm32f4xx_dac.o
                                0x4ad (size before relaxing)
 .debug_str     0x0000331a       0x70 ..\obj\mbcrc.o
                                0x20e (size before relaxing)
 .debug_str     0x0000338a      0x1ba ..\obj\mbascii.o
                                0x5f8 (size before relaxing)
 .debug_str     0x00003544      0x17f ..\obj\stm32f4xx_syscfg.o
                                0x34e (size before relaxing)
 .debug_str     0x000036c3       0xe7 ..\obj\mbfunccoils.o
                                0x42b (size before relaxing)
 .debug_str     0x000037aa       0xd1 ..\obj\startup_stm32f4xx.o
                                0x1d3 (size before relaxing)
 .debug_str     0x0000387b      0x55d ..\obj\stm32f4xx_rcc.o
                                0x893 (size before relaxing)
 .debug_str     0x00003dd8       0xdf ..\obj\mbutils.o
                                0x3ce (size before relaxing)
 .debug_str     0x00003eb7      0x413 ..\obj\encoder.o
                                0xf8e (size before relaxing)
 .debug_str     0x000042ca       0xda ..\obj\stm32f4xx_exti.o
                                0x39c (size before relaxing)
 .debug_str     0x000043a4       0xe0 ..\obj\system_stm32f4xx.o
                                0x3ed (size before relaxing)
 .debug_str     0x00004484       0x8a ..\obj\mbfuncinput.o
                                0x3b7 (size before relaxing)
 .debug_str     0x0000450e      0x79f ..\obj\stm32f4xx_tim.o
                                0xe41 (size before relaxing)
 .debug_str     0x00004cad       0xca ..\obj\portserial.o
                                0xcb0 (size before relaxing)
 .debug_str     0x00004d77      0x1ff ..\obj\foc.o
                                0xb00 (size before relaxing)
 .debug_str     0x00004f76      0x199 ..\obj\main.o
                                0x9d2 (size before relaxing)

.debug_frame    0x00000000     0x25f8
 .debug_frame   0x00000000      0x120 ..\obj\stm32f4xx_gpio.o
 .debug_frame   0x00000120       0xa0 ..\obj\pid.o
 .debug_frame   0x000001c0       0x48 ..\obj\mbfuncother.o
 .debug_frame   0x00000208      0x224 ..\obj\stm32f4xx_usart.o
 .debug_frame   0x0000042c      0x160 ..\obj\stm32f4xx_dma.o
 .debug_frame   0x0000058c      0x21c ..\obj\svpwm.o
 .debug_frame   0x000007a8       0x7c ..\obj\porttimer.o
 .debug_frame   0x00000824       0x38 ..\obj\mbfuncdisc.o
 .debug_frame   0x0000085c       0x3c ..\obj\filter.o
 .debug_frame   0x00000898       0xe8 ..\obj\mbrtu.o
 .debug_frame   0x00000980       0xb8 ..\obj\mb.o
 .debug_frame   0x00000a38       0x40 ..\obj\portevent.o
 .debug_frame   0x00000a78       0x6c ..\obj\misc.o
 .debug_frame   0x00000ae4      0x2b4 ..\obj\stm32f4xx_adc.o
 .debug_frame   0x00000d98       0xac ..\obj\mbfuncholding.o
 .debug_frame   0x00000e44      0x150 ..\obj\stm32f4xx_dac.o
 .debug_frame   0x00000f94       0x2c ..\obj\mbcrc.o
 .debug_frame   0x00000fc0       0xec ..\obj\mbascii.o
 .debug_frame   0x000010ac       0x84 ..\obj\stm32f4xx_syscfg.o
 .debug_frame   0x00001130       0x80 ..\obj\mbfunccoils.o
 .debug_frame   0x000011b0       0x3c ..\obj\startup_stm32f4xx.o
 .debug_frame   0x000011ec      0x2e8 ..\obj\stm32f4xx_rcc.o
 .debug_frame   0x000014d4       0x58 ..\obj\mbutils.o
 .debug_frame   0x0000152c      0x228 ..\obj\encoder.o
 .debug_frame   0x00001754       0x9c ..\obj\stm32f4xx_exti.o
 .debug_frame   0x000017f0       0x38 ..\obj\system_stm32f4xx.o
 .debug_frame   0x00001828       0x38 ..\obj\mbfuncinput.o
 .debug_frame   0x00001860      0x6bc ..\obj\stm32f4xx_tim.o
 .debug_frame   0x00001f1c       0xac ..\obj\portserial.o
 .debug_frame   0x00001fc8      0x174 ..\obj\foc.o
 .debug_frame   0x0000213c       0xb0 ..\obj\main.o
 .debug_frame   0x000021ec       0x34 c:/program files (x86)/gnu arm embedded toolchain/10 2021.10/bin/../lib/gcc/arm-none-eabi/10.3.1/../../../../arm-none-eabi/lib/thumb/v7e-m+fp/hard\libm.a(lib_a-sf_cos.o)
 .debug_frame   0x00002220       0x34 c:/program files (x86)/gnu arm embedded toolchain/10 2021.10/bin/../lib/gcc/arm-none-eabi/10.3.1/../../../../arm-none-eabi/lib/thumb/v7e-m+fp/hard\libm.a(lib_a-sf_sin.o)
 .debug_frame   0x00002254       0x44 c:/program files (x86)/gnu arm embedded toolchain/10 2021.10/bin/../lib/gcc/arm-none-eabi/10.3.1/../../../../arm-none-eabi/lib/thumb/v7e-m+fp/hard\libm.a(lib_a-wf_sqrt.o)
 .debug_frame   0x00002298       0x3c c:/program files (x86)/gnu arm embedded toolchain/10 2021.10/bin/../lib/gcc/arm-none-eabi/10.3.1/../../../../arm-none-eabi/lib/thumb/v7e-m+fp/hard\libm.a(lib_a-ef_rem_pio2.o)
 .debug_frame   0x000022d4       0x20 c:/program files (x86)/gnu arm embedded toolchain/10 2021.10/bin/../lib/gcc/arm-none-eabi/10.3.1/../../../../arm-none-eabi/lib/thumb/v7e-m+fp/hard\libm.a(lib_a-ef_sqrt.o)
 .debug_frame   0x000022f4       0x20 c:/program files (x86)/gnu arm embedded toolchain/10 2021.10/bin/../lib/gcc/arm-none-eabi/10.3.1/../../../../arm-none-eabi/lib/thumb/v7e-m+fp/hard\libm.a(lib_a-kf_cos.o)
 .debug_frame   0x00002314       0x5c c:/program files (x86)/gnu arm embedded toolchain/10 2021.10/bin/../lib/gcc/arm-none-eabi/10.3.1/../../../../arm-none-eabi/lib/thumb/v7e-m+fp/hard\libm.a(lib_a-kf_rem_pio2.o)
 .debug_frame   0x00002370       0x20 c:/program files (x86)/gnu arm embedded toolchain/10 2021.10/bin/../lib/gcc/arm-none-eabi/10.3.1/../../../../arm-none-eabi/lib/thumb/v7e-m+fp/hard\libm.a(lib_a-kf_sin.o)
 .debug_frame   0x00002390       0x20 c:/program files (x86)/gnu arm embedded toolchain/10 2021.10/bin/../lib/gcc/arm-none-eabi/10.3.1/../../../../arm-none-eabi/lib/thumb/v7e-m+fp/hard\libm.a(lib_a-sf_fabs.o)
 .debug_frame   0x000023b0       0x20 c:/program files (x86)/gnu arm embedded toolchain/10 2021.10/bin/../lib/gcc/arm-none-eabi/10.3.1/../../../../arm-none-eabi/lib/thumb/v7e-m+fp/hard\libm.a(lib_a-sf_floor.o)
 .debug_frame   0x000023d0       0x3c c:/program files (x86)/gnu arm embedded toolchain/10 2021.10/bin/../lib/gcc/arm-none-eabi/10.3.1/../../../../arm-none-eabi/lib/thumb/v7e-m+fp/hard\libm.a(lib_a-sf_scalbn.o)
 .debug_frame   0x0000240c       0x20 c:/program files (x86)/gnu arm embedded toolchain/10 2021.10/bin/../lib/gcc/arm-none-eabi/10.3.1/../../../../arm-none-eabi/lib/thumb/v7e-m+fp/hard\libc.a(lib_a-errno.o)
 .debug_frame   0x0000242c       0x2c c:/program files (x86)/gnu arm embedded toolchain/10 2021.10/bin/../lib/gcc/arm-none-eabi/10.3.1/../../../../arm-none-eabi/lib/thumb/v7e-m+fp/hard\libc.a(lib_a-memset.o)
 .debug_frame   0x00002458       0x68 c:/program files (x86)/gnu arm embedded toolchain/10 2021.10/bin/../lib/gcc/arm-none-eabi/10.3.1/../../../../arm-none-eabi/lib/thumb/v7e-m+fp/hard\libc.a(lib_a-__call_atexit.o)
 .debug_frame   0x000024c0       0x20 c:/program files (x86)/gnu arm embedded toolchain/10 2021.10/bin/../lib/gcc/arm-none-eabi/10.3.1/../../../../arm-none-eabi/lib/thumb/v7e-m+fp/hard\libc.a(lib_a-atexit.o)
 .debug_frame   0x000024e0       0x34 c:/program files (x86)/gnu arm embedded toolchain/10 2021.10/bin/../lib/gcc/arm-none-eabi/10.3.1/../../../../arm-none-eabi/lib/thumb/v7e-m+fp/hard\libc.a(lib_a-fini.o)
 .debug_frame   0x00002514       0xb0 c:/program files (x86)/gnu arm embedded toolchain/10 2021.10/bin/../lib/gcc/arm-none-eabi/10.3.1/../../../../arm-none-eabi/lib/thumb/v7e-m+fp/hard\libc.a(lib_a-lock.o)
 .debug_frame   0x000025c4       0x34 c:/program files (x86)/gnu arm embedded toolchain/10 2021.10/bin/../lib/gcc/arm-none-eabi/10.3.1/../../../../arm-none-eabi/lib/thumb/v7e-m+fp/hard\libc.a(lib_a-__atexit.o)

.debug_ranges   0x00000000      0x2d8
 .debug_ranges  0x00000000       0x40 ..\obj\svpwm.o
 .debug_ranges  0x00000040       0x78 ..\obj\mbrtu.o
 .debug_ranges  0x000000b8       0xc8 ..\obj\mbascii.o
 .debug_ranges  0x00000180       0x20 ..\obj\stm32f4xx_rcc.o
 .debug_ranges  0x000001a0       0x40 ..\obj\encoder.o
 .debug_ranges  0x000001e0       0x18 ..\obj\stm32f4xx_tim.o
 .debug_ranges  0x000001f8       0x18 ..\obj\portserial.o
 .debug_ranges  0x00000210       0x40 ..\obj\foc.o
 .debug_ranges  0x00000250       0x88 ..\obj\main.o
