Archive member included to satisfy reference by file (symbol)

c:/program files (x86)/gnu tools arm embedded/6 2017-q1-update/bin/../lib/gcc/arm-none-eabi/6.3.1/../../../../arm-none-eabi/lib/thumb/v7e-m/fpv4-sp/hard\libm.a(lib_a-sf_cos.o)
                              ..\obj\encoder.o (cosf)
c:/program files (x86)/gnu tools arm embedded/6 2017-q1-update/bin/../lib/gcc/arm-none-eabi/6.3.1/../../../../arm-none-eabi/lib/thumb/v7e-m/fpv4-sp/hard\libm.a(lib_a-sf_sin.o)
                              ..\obj\encoder.o (sinf)
c:/program files (x86)/gnu tools arm embedded/6 2017-q1-update/bin/../lib/gcc/arm-none-eabi/6.3.1/../../../../arm-none-eabi/lib/thumb/v7e-m/fpv4-sp/hard\libm.a(lib_a-wf_sqrt.o)
                              ..\obj\main.o (sqrtf)
c:/program files (x86)/gnu tools arm embedded/6 2017-q1-update/bin/../lib/gcc/arm-none-eabi/6.3.1/../../../../arm-none-eabi/lib/thumb/v7e-m/fpv4-sp/hard\libm.a(lib_a-ef_rem_pio2.o)
                              c:/program files (x86)/gnu tools arm embedded/6 2017-q1-update/bin/../lib/gcc/arm-none-eabi/6.3.1/../../../../arm-none-eabi/lib/thumb/v7e-m/fpv4-sp/hard\libm.a(lib_a-sf_cos.o) (__ieee754_rem_pio2f)
c:/program files (x86)/gnu tools arm embedded/6 2017-q1-update/bin/../lib/gcc/arm-none-eabi/6.3.1/../../../../arm-none-eabi/lib/thumb/v7e-m/fpv4-sp/hard\libm.a(lib_a-ef_sqrt.o)
                              c:/program files (x86)/gnu tools arm embedded/6 2017-q1-update/bin/../lib/gcc/arm-none-eabi/6.3.1/../../../../arm-none-eabi/lib/thumb/v7e-m/fpv4-sp/hard\libm.a(lib_a-wf_sqrt.o) (__ieee754_sqrtf)
c:/program files (x86)/gnu tools arm embedded/6 2017-q1-update/bin/../lib/gcc/arm-none-eabi/6.3.1/../../../../arm-none-eabi/lib/thumb/v7e-m/fpv4-sp/hard\libm.a(lib_a-kf_cos.o)
                              c:/program files (x86)/gnu tools arm embedded/6 2017-q1-update/bin/../lib/gcc/arm-none-eabi/6.3.1/../../../../arm-none-eabi/lib/thumb/v7e-m/fpv4-sp/hard\libm.a(lib_a-sf_cos.o) (__kernel_cosf)
c:/program files (x86)/gnu tools arm embedded/6 2017-q1-update/bin/../lib/gcc/arm-none-eabi/6.3.1/../../../../arm-none-eabi/lib/thumb/v7e-m/fpv4-sp/hard\libm.a(lib_a-kf_rem_pio2.o)
                              c:/program files (x86)/gnu tools arm embedded/6 2017-q1-update/bin/../lib/gcc/arm-none-eabi/6.3.1/../../../../arm-none-eabi/lib/thumb/v7e-m/fpv4-sp/hard\libm.a(lib_a-ef_rem_pio2.o) (__kernel_rem_pio2f)
c:/program files (x86)/gnu tools arm embedded/6 2017-q1-update/bin/../lib/gcc/arm-none-eabi/6.3.1/../../../../arm-none-eabi/lib/thumb/v7e-m/fpv4-sp/hard\libm.a(lib_a-kf_sin.o)
                              c:/program files (x86)/gnu tools arm embedded/6 2017-q1-update/bin/../lib/gcc/arm-none-eabi/6.3.1/../../../../arm-none-eabi/lib/thumb/v7e-m/fpv4-sp/hard\libm.a(lib_a-sf_cos.o) (__kernel_sinf)
c:/program files (x86)/gnu tools arm embedded/6 2017-q1-update/bin/../lib/gcc/arm-none-eabi/6.3.1/../../../../arm-none-eabi/lib/thumb/v7e-m/fpv4-sp/hard\libm.a(lib_a-s_lib_ver.o)
                              c:/program files (x86)/gnu tools arm embedded/6 2017-q1-update/bin/../lib/gcc/arm-none-eabi/6.3.1/../../../../arm-none-eabi/lib/thumb/v7e-m/fpv4-sp/hard\libm.a(lib_a-wf_sqrt.o) (__fdlib_version)
c:/program files (x86)/gnu tools arm embedded/6 2017-q1-update/bin/../lib/gcc/arm-none-eabi/6.3.1/../../../../arm-none-eabi/lib/thumb/v7e-m/fpv4-sp/hard\libm.a(lib_a-s_matherr.o)
                              c:/program files (x86)/gnu tools arm embedded/6 2017-q1-update/bin/../lib/gcc/arm-none-eabi/6.3.1/../../../../arm-none-eabi/lib/thumb/v7e-m/fpv4-sp/hard\libm.a(lib_a-wf_sqrt.o) (matherr)
c:/program files (x86)/gnu tools arm embedded/6 2017-q1-update/bin/../lib/gcc/arm-none-eabi/6.3.1/../../../../arm-none-eabi/lib/thumb/v7e-m/fpv4-sp/hard\libm.a(lib_a-sf_fabs.o)
                              c:/program files (x86)/gnu tools arm embedded/6 2017-q1-update/bin/../lib/gcc/arm-none-eabi/6.3.1/../../../../arm-none-eabi/lib/thumb/v7e-m/fpv4-sp/hard\libm.a(lib_a-ef_rem_pio2.o) (fabsf)
c:/program files (x86)/gnu tools arm embedded/6 2017-q1-update/bin/../lib/gcc/arm-none-eabi/6.3.1/../../../../arm-none-eabi/lib/thumb/v7e-m/fpv4-sp/hard\libm.a(lib_a-sf_floor.o)
                              c:/program files (x86)/gnu tools arm embedded/6 2017-q1-update/bin/../lib/gcc/arm-none-eabi/6.3.1/../../../../arm-none-eabi/lib/thumb/v7e-m/fpv4-sp/hard\libm.a(lib_a-kf_rem_pio2.o) (floorf)
c:/program files (x86)/gnu tools arm embedded/6 2017-q1-update/bin/../lib/gcc/arm-none-eabi/6.3.1/../../../../arm-none-eabi/lib/thumb/v7e-m/fpv4-sp/hard\libm.a(lib_a-sf_scalbn.o)
                              c:/program files (x86)/gnu tools arm embedded/6 2017-q1-update/bin/../lib/gcc/arm-none-eabi/6.3.1/../../../../arm-none-eabi/lib/thumb/v7e-m/fpv4-sp/hard\libm.a(lib_a-kf_rem_pio2.o) (scalbnf)
c:/program files (x86)/gnu tools arm embedded/6 2017-q1-update/bin/../lib/gcc/arm-none-eabi/6.3.1/../../../../arm-none-eabi/lib/thumb/v7e-m/fpv4-sp/hard\libm.a(lib_a-sf_copysign.o)
[...]
Memory Configuration

Name             Origin             Length             Attributes
rom              0x08000000         0x00100000         xr
ram              0x20000000         0x00020000         xrw
ram1             0x10000000         0x00010000         xrw
*default*        0x00000000         0xffffffff

Linker script and memory map

LOAD c:/program files (x86)/gnu tools arm embedded/6 2017-q1-update/bin/../lib/gcc/arm-none-eabi/6.3.1/thumb/v7e-m/fpv4-sp/hard/crti.o
LOAD c:/program files (x86)/gnu tools arm embedded/6 2017-q1-update/bin/../lib/gcc/arm-none-eabi/6.3.1/thumb/v7e-m/fpv4-sp/hard/crtbegin.o
LOAD c:/program files (x86)/gnu tools arm embedded/6 2017-q1-update/bin/../lib/gcc/arm-none-eabi/6.3.1/../../../../arm-none-eabi/lib/thumb/v7e-m/fpv4-sp/hard/crt0.o
                0x20020000                _eram = 0x20020000

.text           0x08000000     0x5c74
 *(.isr_vector)
 .isr_vector    0x08000000      0x188 ..\obj\startup_stm32f4xx.o
                0x08000000                g_pfnVectors
 *(.text*)
 .text          0x08000188       0x6c c:/program files (x86)/gnu tools arm embedded/6 2017-q1-update/bin/../lib/gcc/arm-none-eabi/6.3.1/thumb/v7e-m/fpv4-sp/hard/crtbegin.o
 .text.SYSCFG_EXTILineConfig
                0x080001f4       0x2a ..\obj\stm32f4xx_syscfg.o
                0x080001f4                SYSCFG_EXTILineConfig
 *fill*         0x0800021e        0x2 
 .text.eMBInit  0x08000220       0xdc ..\obj\mb.o
                0x08000220                eMBInit
 .text.eMBEnable
                0x080002fc       0x24 ..\obj\mb.o
                0x080002fc                eMBEnable
 .text.eMBPoll  0x08000320       0xd4 ..\obj\mb.o
                0x08000320                eMBPoll
 .text.eMBFuncReadDiscreteInputs
                0x080003f4       0x6a ..\obj\mbfuncdisc.o
                0x080003f4                eMBFuncReadDiscreteInputs
 *fill*         0x0800045e        0x2 
 .text.xMBPortEventInit
                0x08000460       0x10 ..\obj\portevent.o
                0x08000460                xMBPortEventInit
 .text.xMBPortEventPost
                0x08000470       0x10 ..\obj\portevent.o
                0x08000470                xMBPortEventPost
 .text.xMBPortEventGet
                0x08000480       0x18 ..\obj\portevent.o
                0x08000480                xMBPortEventGet
 .text.eMBFuncReportSlaveID
                0x08000498       0x1c ..\obj\mbfuncother.o
                0x08000498                eMBFuncReportSlaveID
 .text.USART_DeInit
                0x080004b4       0xb0 ..\obj\stm32f4xx_usart.o
                0x080004b4                USART_DeInit
 .text.USART_Init
                0x08000564       0xb4 ..\obj\stm32f4xx_usart.o
                0x08000564                USART_Init
 .text.USART_ClockInit
                0x08000618       0x20 ..\obj\stm32f4xx_usart.o
                0x08000618                USART_ClockInit
 .text.USART_ClockStructInit
                0x08000638        0xc ..\obj\stm32f4xx_usart.o
                0x08000638                USART_ClockStructInit
 .text.USART_Cmd
                0x08000644       0x18 ..\obj\stm32f4xx_usart.o
                0x08000644                USART_Cmd
 .text.USART_SendData
                0x0800065c        0x8 ..\obj\stm32f4xx_usart.o
                0x0800065c                USART_SendData
 .text.USART_ReceiveData
                0x08000664        0x8 ..\obj\stm32f4xx_usart.o
                0x08000664                USART_ReceiveData
 .text.USART_ITConfig
                0x0800066c       0x32 ..\obj\stm32f4xx_usart.o
                0x0800066c                USART_ITConfig
 .text.USART_GetITStatus
                0x0800069e       0x40 ..\obj\stm32f4xx_usart.o
                0x0800069e                USART_GetITStatus
 .text.USART_ClearITPendingBit
                0x080006de        0xe ..\obj\stm32f4xx_usart.o
                0x080006de                USART_ClearITPendingBit
 .text.prveMBError2Exception
                0x080006ec       0x10 ..\obj\mbutils.o
                0x080006ec                prveMBError2Exception
 .text.DAC_Init
                0x080006fc       0x2c ..\obj\stm32f4xx_dac.o
                0x080006fc                DAC_Init
 .text.DAC_StructInit
                0x08000728        0xc ..\obj\stm32f4xx_dac.o
                0x08000728                DAC_StructInit
 .text.DAC_Cmd  0x08000734       0x20 ..\obj\stm32f4xx_dac.o
                0x08000734                DAC_Cmd
 .text.DAC_SetDualChannelData
                0x08000754       0x18 ..\obj\stm32f4xx_dac.o
                0x08000754                DAC_SetDualChannelData
 .text.Default_Handler
                0x0800076c        0x2 ..\obj\startup_stm32f4xx.o
                0x0800076c                RTC_Alarm_IRQHandler
                0x0800076c                HASH_RNG_IRQHandler
                0x0800076c                EXTI2_IRQHandler
                0x0800076c                TIM8_CC_IRQHandler
                0x0800076c                DebugMon_Handler
                0x0800076c                TIM1_CC_IRQHandler
                0x0800076c                DMA2_Stream5_IRQHandler
                0x0800076c                HardFault_Handler
                0x0800076c                DMA1_Stream5_IRQHandler
                0x0800076c                SysTick_Handler
                0x0800076c                PVD_IRQHandler
                0x0800076c                SDIO_IRQHandler
                0x0800076c                TAMP_STAMP_IRQHandler
                0x0800076c                PendSV_Handler
                0x0800076c                NMI_Handler
                0x0800076c                CAN2_RX1_IRQHandler
                0x0800076c                EXTI3_IRQHandler
                0x0800076c                TIM8_TRG_COM_TIM14_IRQHandler
                0x0800076c                I2C3_ER_IRQHandler
                0x0800076c                EXTI0_IRQHandler
                0x0800076c                I2C2_EV_IRQHandler
                0x0800076c                DMA1_Stream2_IRQHandler
                0x0800076c                CAN1_RX0_IRQHandler
                0x0800076c                FPU_IRQHandler
                0x0800076c                OTG_HS_WKUP_IRQHandler
                0x0800076c                UsageFault_Handler
                0x0800076c                CAN2_SCE_IRQHandler
                0x0800076c                DMA2_Stream2_IRQHandler
                0x0800076c                SPI1_IRQHandler
                0x0800076c                TIM6_DAC_IRQHandler
                0x0800076c                TIM1_BRK_TIM9_IRQHandler
                0x0800076c                DCMI_IRQHandler
                0x0800076c                CAN2_RX0_IRQHandler
                0x0800076c                DMA2_Stream3_IRQHandler
                0x0800076c                USART6_IRQHandler
                0x0800076c                CRYP_IRQHandler
                0x0800076c                CAN1_RX1_IRQHandler
                0x0800076c                UART5_IRQHandler
                0x0800076c                DMA2_Stream0_IRQHandler
                0x0800076c                TIM4_IRQHandler
                0x0800076c                I2C1_EV_IRQHandler
                0x0800076c                DMA1_Stream6_IRQHandler
                0x0800076c                UART4_IRQHandler
                0x0800076c                TIM3_IRQHandler
                0x0800076c                RCC_IRQHandler
                0x0800076c                TIM8_BRK_TIM12_IRQHandler
                0x0800076c                DMA1_Stream7_IRQHandler
                0x0800076c                CAN2_TX_IRQHandler
                0x0800076c                TIM5_IRQHandler
                0x0800076c                DMA2_Stream7_IRQHandler
                0x0800076c                I2C3_EV_IRQHandler
                0x0800076c                EXTI9_5_IRQHandler
                0x0800076c                RTC_WKUP_IRQHandler
                0x0800076c                ETH_WKUP_IRQHandler
                0x0800076c                SPI2_IRQHandler
                0x0800076c                OTG_HS_EP1_IN_IRQHandler
                0x0800076c                MemManage_Handler
                0x0800076c                DMA1_Stream0_IRQHandler
                0x0800076c                CAN1_TX_IRQHandler
                0x0800076c                SVC_Handler
                0x0800076c                EXTI4_IRQHandler
                0x0800076c                FSMC_IRQHandler
                0x0800076c                ETH_IRQHandler
                0x0800076c                OTG_HS_EP1_OUT_IRQHandler
                0x0800076c                WWDG_IRQHandler
                0x0800076c                TIM2_IRQHandler
                0x0800076c                OTG_FS_WKUP_IRQHandler
                0x0800076c                TIM1_TRG_COM_TIM11_IRQHandler
                0x0800076c                OTG_HS_IRQHandler
                0x0800076c                EXTI1_IRQHandler
                0x0800076c                USART2_IRQHandler
                0x0800076c                I2C2_ER_IRQHandler
                0x0800076c                DMA2_Stream1_IRQHandler
                0x0800076c                CAN1_SCE_IRQHandler
                0x0800076c                FLASH_IRQHandler
                0x0800076c                DMA2_Stream4_IRQHandler
                0x0800076c                BusFault_Handler
                0x0800076c                USART1_IRQHandler
                0x0800076c                OTG_FS_IRQHandler
                0x0800076c                SPI3_IRQHandler
                0x0800076c                DMA1_Stream4_IRQHandler
                0x0800076c                I2C1_ER_IRQHandler
                0x0800076c                DMA2_Stream6_IRQHandler
                0x0800076c                DMA1_Stream3_IRQHandler
 *fill*         0x0800076e        0x2 
 .text.Default_Reset_Handler
                0x08000770       0x50 ..\obj\startup_stm32f4xx.o
                0x08000770                Default_Reset_Handler
                0x08000770                Reset_Handler
 .text.eMBFuncWriteHoldingRegister
                0x080007c0       0x2e ..\obj\mbfuncholding.o
                0x080007c0                eMBFuncWriteHoldingRegister
 .text.eMBFuncWriteMultipleHoldingRegister
                0x080007ee       0x4a ..\obj\mbfuncholding.o
                0x080007ee                eMBFuncWriteMultipleHoldingRegister
 .text.eMBFuncReadHoldingRegister
                0x08000838       0x58 ..\obj\mbfuncholding.o
                0x08000838                eMBFuncReadHoldingRegister
 .text.eMBFuncReadWriteMultipleHoldingRegister
                0x08000890       0x9c ..\obj\mbfuncholding.o
                0x08000890                eMBFuncReadWriteMultipleHoldingRegister
 .text.eMBRegHoldingCB
                0x0800092c       0x70 ..\obj\main.o
                0x0800092c                eMBRegHoldingCB
 .text.eMBRegCoilsCB
                0x0800099c        0x4 ..\obj\main.o
                0x0800099c                eMBRegCoilsCB
 .text.eMBRegDiscreteCB
                0x080009a0        0x4 ..\obj\main.o
                0x080009a0                eMBRegDiscreteCB
 .text.eMBRegInputCB
                0x080009a4        0x4 ..\obj\main.o
                0x080009a4                eMBRegInputCB
 .text.boardInit
                0x080009a8       0xc8 ..\obj\main.o
                0x080009a8                boardInit
 .text.startup.main
                0x08000a70      0x354 ..\obj\main.o
                0x08000a70                main
 .text.usMBCRC16
                0x08000dc4       0x2c ..\obj\mbcrc.o
                0x08000dc4                usMBCRC16
 .text.RCC_GetClocksFreq
                0x08000df0       0x88 ..\obj\stm32f4xx_rcc.o
                0x08000df0                RCC_GetClocksFreq
 .text.RCC_AHB1PeriphClockCmd
                0x08000e78       0x18 ..\obj\stm32f4xx_rcc.o
                0x08000e78                RCC_AHB1PeriphClockCmd
 .text.RCC_APB1PeriphClockCmd
                0x08000e90       0x18 ..\obj\stm32f4xx_rcc.o
                0x08000e90                RCC_APB1PeriphClockCmd
 .text.RCC_APB2PeriphClockCmd
                0x08000ea8       0x18 ..\obj\stm32f4xx_rcc.o
                0x08000ea8                RCC_APB2PeriphClockCmd
 .text.RCC_APB1PeriphResetCmd
                0x08000ec0       0x18 ..\obj\stm32f4xx_rcc.o
                0x08000ec0                RCC_APB1PeriphResetCmd
 .text.RCC_APB2PeriphResetCmd
                0x08000ed8       0x18 ..\obj\stm32f4xx_rcc.o
                0x08000ed8                RCC_APB2PeriphResetCmd
 .text.initDAC  0x08000ef0       0x5c ..\obj\foc.o
                0x08000ef0                initDAC
 .text.focInit  0x08000f4c      0x208 ..\obj\foc.o
                0x08000f4c                focInit
 .text.mcFocSetAngle
                0x08001154       0x2a ..\obj\foc.o
                0x08001154                mcFocSetAngle
 .text.mcFocCalcCurrent
                0x0800117e       0x36 ..\obj\foc.o
                0x0800117e                mcFocCalcCurrent
 .text.mcClark  0x080011b4       0x28 ..\obj\foc.o
                0x080011b4                mcClark
 .text.mcPark   0x080011dc       0x2a ..\obj\foc.o
                0x080011dc                mcPark
 .text.mcInvPark
                0x08001206       0x2a ..\obj\foc.o
                0x08001206                mcInvPark
 .text.mcInvClark
                0x08001230       0x3c ..\obj\foc.o
                0x08001230                mcInvClark
 .text.mcPMSM_QD_PID
                0x0800126c       0xa0 ..\obj\foc.o
                0x0800126c                mcPMSM_QD_PID
 .text.mcUsrefLimit
                0x0800130c       0x4c ..\obj\foc.o
                0x0800130c                mcUsrefLimit
 .text.adc_current_filter
                0x08001358       0x9c ..\obj\foc.o
                0x08001358                adc_current_filter
 .text.ADC_IRQHandler
                0x080013f4      0x4b4 ..\obj\foc.o
                0x080013f4                ADC_IRQHandler
 .text.ADC_Init
                0x080018a8       0x4c ..\obj\stm32f4xx_adc.o
                0x080018a8                ADC_Init
 .text.ADC_StructInit
                0x080018f4       0x14 ..\obj\stm32f4xx_adc.o
                0x080018f4                ADC_StructInit
 .text.ADC_CommonInit
                0x08001908       0x28 ..\obj\stm32f4xx_adc.o
                0x08001908                ADC_CommonInit
 .text.ADC_CommonStructInit
                0x08001930        0xc ..\obj\stm32f4xx_adc.o
                0x08001930                ADC_CommonStructInit
 .text.ADC_Cmd  0x0800193c       0x12 ..\obj\stm32f4xx_adc.o
                0x0800193c                ADC_Cmd
 .text.ADC_RegularChannelConfig
                0x0800194e       0x8c ..\obj\stm32f4xx_adc.o
                0x0800194e                ADC_RegularChannelConfig
 .text.ADC_DMACmd
                0x080019da       0x12 ..\obj\stm32f4xx_adc.o
                0x080019da                ADC_DMACmd
 .text.ADC_DMARequestAfterLastTransferCmd
                0x080019ec       0x12 ..\obj\stm32f4xx_adc.o
                0x080019ec                ADC_DMARequestAfterLastTransferCmd
 .text.ADC_InjectedChannelConfig
                0x080019fe       0x58 ..\obj\stm32f4xx_adc.o
                0x080019fe                ADC_InjectedChannelConfig
 .text.ADC_InjectedSequencerLengthConfig
                0x08001a56       0x10 ..\obj\stm32f4xx_adc.o
                0x08001a56                ADC_InjectedSequencerLengthConfig
 .text.ADC_ExternalTrigInjectedConvConfig
                0x08001a66        0xc ..\obj\stm32f4xx_adc.o
                0x08001a66                ADC_ExternalTrigInjectedConvConfig
 .text.ADC_ExternalTrigInjectedConvEdgeConfig
                0x08001a72        0xc ..\obj\stm32f4xx_adc.o
                0x08001a72                ADC_ExternalTrigInjectedConvEdgeConfig
 .text.ADC_AutoInjectedConvCmd
                0x08001a7e       0x12 ..\obj\stm32f4xx_adc.o
                0x08001a7e                ADC_AutoInjectedConvCmd
 .text.ADC_InjectedDiscModeCmd
                0x08001a90       0x12 ..\obj\stm32f4xx_adc.o
                0x08001a90                ADC_InjectedDiscModeCmd
 .text.ADC_GetInjectedConversionValue
                0x08001aa2       0x1a ..\obj\stm32f4xx_adc.o
                0x08001aa2                ADC_GetInjectedConversionValue
 .text.ADC_ITConfig
                0x08001abc       0x18 ..\obj\stm32f4xx_adc.o
                0x08001abc                ADC_ITConfig
 .text.ADC_ClearITPendingBit
                0x08001ad4        0x8 ..\obj\stm32f4xx_adc.o
                0x08001ad4                ADC_ClearITPendingBit
 .text.eMBFuncReadInputRegister
                0x08001adc       0x58 ..\obj\mbfuncinput.o
                0x08001adc                eMBFuncReadInputRegister
 .text.encoderInitZ
                0x08001b34       0x80 ..\obj\encoder.o
                0x08001b34                encoderInitZ
 .text.initHall
                0x08001bb4       0x3c ..\obj\encoder.o
                0x08001bb4                initHall
 .text.iEncoderGetAbsPos
                0x08001bf0        0x8 ..\obj\encoder.o
                0x08001bf0                iEncoderGetAbsPos
 .text.encoderAddOffset
                0x08001bf8       0x20 ..\obj\encoder.o
                0x08001bf8                encoderAddOffset
 .text.EXTI15_10_IRQHandler
                0x08001c18       0x28 ..\obj\encoder.o
                0x08001c18                EXTI15_10_IRQHandler
 .text.readRawHallInput
                0x08001c40       0x2c ..\obj\encoder.o
                0x08001c40                readRawHallInput
 .text.readHallMap
                0x08001c6c       0x14 ..\obj\encoder.o
                0x08001c6c                readHallMap
 .text.readRawEncoderWithUVW
                0x08001c80       0xa4 ..\obj\encoder.o
                0x08001c80                readRawEncoderWithUVW
 .text.createSinCosTable
                0x08001d24       0x5c ..\obj\encoder.o
                0x08001d24                createSinCosTable
 .text.fSinAngle
                0x08001d80       0x10 ..\obj\encoder.o
                0x08001d80                fSinAngle
 .text.fCosAngle
                0x08001d90       0x10 ..\obj\encoder.o
                0x08001d90                fCosAngle
 .text.initTim10
                0x08001da0       0xc0 ..\obj\encoder.o
                0x08001da0                initTim10
 .text.TIM1_UP_TIM10_IRQHandler
                0x08001e60       0x34 ..\obj\encoder.o
                0x08001e60                TIM1_UP_TIM10_IRQHandler
 .text.initTim8_IRQ
                0x08001e94       0x3c ..\obj\encoder.o
                0x08001e94                initTim8_IRQ
 .text.initEncoder
                0x08001ed0      0x224 ..\obj\encoder.o
                0x08001ed0                initEncoder
 .text.TIM8_UP_TIM13_IRQHandler
                0x080020f4       0x3c ..\obj\encoder.o
                0x080020f4                TIM8_UP_TIM13_IRQHandler
 .text.GPIO_Init
                0x08002130       0x9c ..\obj\stm32f4xx_gpio.o
                0x08002130                GPIO_Init
 .text.GPIO_StructInit
                0x080021cc       0x12 ..\obj\stm32f4xx_gpio.o
                0x080021cc                GPIO_StructInit
 .text.GPIO_ReadInputData
                0x080021de        0x6 ..\obj\stm32f4xx_gpio.o
                0x080021de                GPIO_ReadInputData
 .text.GPIO_SetBits
                0x080021e4        0x4 ..\obj\stm32f4xx_gpio.o
                0x080021e4                GPIO_SetBits
 .text.GPIO_ResetBits
                0x080021e8        0x4 ..\obj\stm32f4xx_gpio.o
                0x080021e8                GPIO_ResetBits
 .text.GPIO_ToggleBits
                0x080021ec        0x8 ..\obj\stm32f4xx_gpio.o
                0x080021ec                GPIO_ToggleBits
 .text.GPIO_PinAFConfig
                0x080021f4       0x24 ..\obj\stm32f4xx_gpio.o
                0x080021f4                GPIO_PinAFConfig
 .text.xMBPortTimersInit
                0x08002218       0x74 ..\obj\porttimer.o
                0x08002218                xMBPortTimersInit
 .text.vMBPortTimersEnable
                0x0800228c       0x1c ..\obj\porttimer.o
                0x0800228c                vMBPortTimersEnable
 .text.vMBPortTimersDisable
                0x080022a8        0xc ..\obj\porttimer.o
                0x080022a8                vMBPortTimersDisable
 .text.TIM7_IRQHandler
                0x080022b4       0x28 ..\obj\porttimer.o
                0x080022b4                TIM7_IRQHandler
 .text.eMBRTUInit
                0x080022dc       0x3c ..\obj\mbrtu.o
                0x080022dc                eMBRTUInit
 .text.eMBRTUStart
                0x08002318       0x1c ..\obj\mbrtu.o
                0x08002318                eMBRTUStart
 .text.eMBRTUStop
                0x08002334       0x14 ..\obj\mbrtu.o
                0x08002334                eMBRTUStop
 .text.eMBRTUReceive
                0x08002348       0x48 ..\obj\mbrtu.o
                0x08002348                eMBRTUReceive
 .text.eMBRTUSend
                0x08002390       0x68 ..\obj\mbrtu.o
                0x08002390                eMBRTUSend
 .text.xMBRTUReceiveFSM
                0x080023f8       0x68 ..\obj\mbrtu.o
                0x080023f8                xMBRTUReceiveFSM
 .text.xMBRTUTransmitFSM
                0x08002460       0x58 ..\obj\mbrtu.o
                0x08002460                xMBRTUTransmitFSM
 .text.xMBRTUTimerT35Expired
                0x080024b8       0x2c ..\obj\mbrtu.o
                0x080024b8                xMBRTUTimerT35Expired
 .text.SystemInit
                0x080024e4       0xf8 ..\obj\system_stm32f4xx.o
                0x080024e4                SystemInit
 .text.SystemCoreClockUpdate
                0x080025dc       0x70 ..\obj\system_stm32f4xx.o
                0x080025dc                SystemCoreClockUpdate
 .text.DMA_Init
                0x0800264c       0x54 ..\obj\stm32f4xx_dma.o
                0x0800264c                DMA_Init
 .text.DMA_StructInit
                0x080026a0       0x22 ..\obj\stm32f4xx_dma.o
                0x080026a0                DMA_StructInit
 .text.DMA_Cmd  0x080026c2       0x12 ..\obj\stm32f4xx_dma.o
                0x080026c2                DMA_Cmd
 .text.vMBPortSerialEnable
                0x080026d4       0x54 ..\obj\portserial.o
                0x080026d4                vMBPortSerialEnable
 .text.xMBPortSerialInit
                0x08002728      0x128 ..\obj\portserial.o
                0x08002728                xMBPortSerialInit
 .text.USART3_IRQHandler
                0x08002850       0x70 ..\obj\portserial.o
                0x08002850                USART3_IRQHandler
 .text.xMBPortSerialPutByte
                0x080028c0       0x14 ..\obj\portserial.o
                0x080028c0                xMBPortSerialPutByte
 .text.xMBPortSerialGetByte
                0x080028d4       0x14 ..\obj\portserial.o
                0x080028d4                xMBPortSerialGetByte
 .text.eMBFuncReadCoils
                0x080028e8       0x6c ..\obj\mbfunccoils.o
                0x080028e8                eMBFuncReadCoils
 .text.eMBFuncWriteCoil
                0x08002954       0x4a ..\obj\mbfunccoils.o
                0x08002954                eMBFuncWriteCoil
 .text.eMBFuncWriteMultipleCoils
                0x0800299e       0x58 ..\obj\mbfunccoils.o
                0x0800299e                eMBFuncWriteMultipleCoils
 *fill*         0x080029f6        0x2 
 .text.EXTI_Init
                0x080029f8       0x74 ..\obj\stm32f4xx_exti.o
                0x080029f8                EXTI_Init
 .text.EXTI_GetITStatus
                0x08002a6c       0x1c ..\obj\stm32f4xx_exti.o
                0x08002a6c                EXTI_GetITStatus
 .text.EXTI_ClearITPendingBit
                0x08002a88        0xc ..\obj\stm32f4xx_exti.o
                0x08002a88                EXTI_ClearITPendingBit
 .text.NVIC_PriorityGroupConfig
                0x08002a94       0x14 ..\obj\misc.o
                0x08002a94                NVIC_PriorityGroupConfig
 .text.NVIC_Init
                0x08002aa8       0x68 ..\obj\misc.o
                0x08002aa8                NVIC_Init
 .text.svpwmGetFrq
                0x08002b10        0x6 ..\obj\svpwm.o
                0x08002b10                svpwmGetFrq
 *fill*         0x08002b16        0x2 
 .text.svpwmInitGPIO
                0x08002b18       0x94 ..\obj\svpwm.o
                0x08002b18                svpwmInitGPIO
 .text.RCC_Configuration_Adc1
                0x08002bac       0x20 ..\obj\svpwm.o
                0x08002bac                RCC_Configuration_Adc1
 .text.RCC_Configuration_Adc2
                0x08002bcc       0x18 ..\obj\svpwm.o
                0x08002bcc                RCC_Configuration_Adc2
 .text.GPIO_Configuration_Adc1
                0x08002be4       0x60 ..\obj\svpwm.o
                0x08002be4                GPIO_Configuration_Adc1
 .text.GPIO_Configuration_Adc2
                0x08002c44       0x3c ..\obj\svpwm.o
                0x08002c44                GPIO_Configuration_Adc2
 .text.DMAInit  0x08002c80       0x74 ..\obj\svpwm.o
                0x08002c80                DMAInit
 .text.svpwmInitADC
                0x08002cf4      0x160 ..\obj\svpwm.o
                0x08002cf4                svpwmInitADC
 .text.DMA1_Stream1_IRQHandler
                0x08002e54        0x2 ..\obj\svpwm.o
                0x08002e54                DMA1_Stream1_IRQHandler
 *fill*         0x08002e56        0x2 
 .text.mcFocSVPWM_TTHI
                0x08002e58       0xe4 ..\obj\svpwm.o
                0x08002e58                mcFocSVPWM_TTHI
 .text.svpwmInitSinTable
                0x08002f3c       0x58 ..\obj\svpwm.o
                0x08002f3c                svpwmInitSinTable
 .text.svpwmInitTIM
                0x08002f94      0x138 ..\obj\svpwm.o
                0x08002f94                svpwmInitTIM
 .text.svpwmInit
                0x080030cc        0xe ..\obj\svpwm.o
                0x080030cc                svpwmInit
 .text.FirstOrderLagFilter
                0x080030da       0x1a ..\obj\filter.o
                0x080030da                FirstOrderLagFilter
 .text.ffilter  0x080030f4       0x44 ..\obj\filter.o
                0x080030f4                ffilter
 .text.eMBASCIIInit
                0x08003138       0x34 ..\obj\mbascii.o
                0x08003138                eMBASCIIInit
 .text.eMBASCIIStart
                0x0800316c       0x20 ..\obj\mbascii.o
                0x0800316c                eMBASCIIStart
 .text.eMBASCIIStop
                0x0800318c       0x14 ..\obj\mbascii.o
                0x0800318c                eMBASCIIStop
 .text.eMBASCIIReceive
                0x080031a0       0x5c ..\obj\mbascii.o
                0x080031a0                eMBASCIIReceive
 .text.eMBASCIISend
                0x080031fc       0x6c ..\obj\mbascii.o
                0x080031fc                eMBASCIISend
 .text.xMBASCIIReceiveFSM
                0x08003268       0xf4 ..\obj\mbascii.o
                0x08003268                xMBASCIIReceiveFSM
 .text.xMBASCIITransmitFSM
                0x0800335c       0xbc ..\obj\mbascii.o
                0x0800335c                xMBASCIITransmitFSM
 .text.xMBASCIITimerT1SExpired
                0x08003418       0x1c ..\obj\mbascii.o
                0x08003418                xMBASCIITimerT1SExpired
 .text.pidInit  0x08003434       0x18 ..\obj\pid.o
                0x08003434                pidInit
 .text.pidSetOutLimit
                0x0800344c        0xa ..\obj\pid.o
                0x0800344c                pidSetOutLimit
 .text.pidSetIntegralLimit
                0x08003456        0xe ..\obj\pid.o
                0x08003456                pidSetIntegralLimit
 .text.pidSetInputRange
                0x08003464        0xe ..\obj\pid.o
                0x08003464                pidSetInputRange
 *fill*         0x08003472        0x2 
 .text.pidTask  0x08003474       0xcc ..\obj\pid.o
                0x08003474                pidTask
 .text.TI1_Config
                0x08003540       0x36 ..\obj\stm32f4xx_tim.o
 .text.TI2_Config
                0x08003576       0x3c ..\obj\stm32f4xx_tim.o
 *fill*         0x080035b2        0x2 
 .text.TIM_DeInit
                0x080035b4      0x16c ..\obj\stm32f4xx_tim.o
                0x080035b4                TIM_DeInit
 .text.TIM_TimeBaseInit
                0x08003720       0x7c ..\obj\stm32f4xx_tim.o
                0x08003720                TIM_TimeBaseInit
 .text.TIM_TimeBaseStructInit
                0x0800379c       0x12 ..\obj\stm32f4xx_tim.o
                0x0800379c                TIM_TimeBaseStructInit
 .text.TIM_SetCounter
                0x080037ae        0x4 ..\obj\stm32f4xx_tim.o
                0x080037ae                TIM_SetCounter
 .text.TIM_ARRPreloadConfig
                0x080037b2       0x18 ..\obj\stm32f4xx_tim.o
                0x080037b2                TIM_ARRPreloadConfig
 .text.TIM_Cmd  0x080037ca       0x18 ..\obj\stm32f4xx_tim.o
                0x080037ca                TIM_Cmd
 *fill*         0x080037e2        0x2 
 .text.TIM_OC1Init
                0x080037e4       0x70 ..\obj\stm32f4xx_tim.o
                0x080037e4                TIM_OC1Init
 .text.TIM_OC2Init
                0x08003854       0x80 ..\obj\stm32f4xx_tim.o
                0x08003854                TIM_OC2Init
 .text.TIM_OC3Init
                0x080038d4       0x7c ..\obj\stm32f4xx_tim.o
                0x080038d4                TIM_OC3Init
 .text.TIM_OC4Init
                0x08003950       0x64 ..\obj\stm32f4xx_tim.o
                0x08003950                TIM_OC4Init
 .text.TIM_OCStructInit
                0x080039b4       0x14 ..\obj\stm32f4xx_tim.o
                0x080039b4                TIM_OCStructInit
 .text.TIM_SetCompare1
                0x080039c8        0x4 ..\obj\stm32f4xx_tim.o
                0x080039c8                TIM_SetCompare1
 .text.TIM_SetCompare2
                0x080039cc        0x4 ..\obj\stm32f4xx_tim.o
                0x080039cc                TIM_SetCompare2
 .text.TIM_SetCompare3
                0x080039d0        0x4 ..\obj\stm32f4xx_tim.o
                0x080039d0                TIM_SetCompare3
 .text.TIM_OC1PreloadConfig
                0x080039d4       0x10 ..\obj\stm32f4xx_tim.o
                0x080039d4                TIM_OC1PreloadConfig
 .text.TIM_OC2PreloadConfig
                0x080039e4       0x14 ..\obj\stm32f4xx_tim.o
                0x080039e4                TIM_OC2PreloadConfig
 .text.TIM_OC3PreloadConfig
                0x080039f8       0x10 ..\obj\stm32f4xx_tim.o
                0x080039f8                TIM_OC3PreloadConfig
 .text.TIM_OC4PreloadConfig
                0x08003a08       0x14 ..\obj\stm32f4xx_tim.o
                0x08003a08                TIM_OC4PreloadConfig
 .text.TIM_ICStructInit
                0x08003a1c       0x10 ..\obj\stm32f4xx_tim.o
                0x08003a1c                TIM_ICStructInit
 .text.TIM_GetCapture1
                0x08003a2c        0x4 ..\obj\stm32f4xx_tim.o
                0x08003a2c                TIM_GetCapture1
 .text.TIM_SetIC1Prescaler
                0x08003a30       0x16 ..\obj\stm32f4xx_tim.o
                0x08003a30                TIM_SetIC1Prescaler
 .text.TIM_SetIC2Prescaler
                0x08003a46       0x1a ..\obj\stm32f4xx_tim.o
                0x08003a46                TIM_SetIC2Prescaler
 .text.TIM_SetIC3Prescaler
                0x08003a60       0x16 ..\obj\stm32f4xx_tim.o
                0x08003a60                TIM_SetIC3Prescaler
 .text.TIM_SetIC4Prescaler
                0x08003a76       0x1a ..\obj\stm32f4xx_tim.o
                0x08003a76                TIM_SetIC4Prescaler
 .text.TIM_ICInit
                0x08003a90       0xae ..\obj\stm32f4xx_tim.o
                0x08003a90                TIM_ICInit
 .text.TIM_BDTRConfig
                0x08003b3e       0x22 ..\obj\stm32f4xx_tim.o
                0x08003b3e                TIM_BDTRConfig
 .text.TIM_GetITStatus
                0x08003b60       0x16 ..\obj\stm32f4xx_tim.o
                0x08003b60                TIM_GetITStatus
 .text.TIM_ClearITPendingBit
                0x08003b76        0x8 ..\obj\stm32f4xx_tim.o
                0x08003b76                TIM_ClearITPendingBit
 .text.TIM_DMACmd
                0x08003b7e       0x12 ..\obj\stm32f4xx_tim.o
                0x08003b7e                TIM_DMACmd
 .text.TIM_ITConfig
                0x08003b90        0x4 ..\obj\stm32f4xx_tim.o
                0x08003b90                TIM_ITConfig
 .text.TIM_SelectOutputTrigger
                0x08003b94       0x16 ..\obj\stm32f4xx_tim.o
                0x08003b94                TIM_SelectOutputTrigger
 .text.TIM_EncoderInterfaceConfig
                0x08003baa       0x3e ..\obj\stm32f4xx_tim.o
                0x08003baa                TIM_EncoderInterfaceConfig
 .text.cosf     0x08003be8       0x90 c:/program files (x86)/gnu tools arm embedded/6 2017-q1-update/bin/../lib/gcc/arm-none-eabi/6.3.1/../../../../arm-none-eabi/lib/thumb/v7e-m/fpv4-sp/hard\libm.a(lib_a-sf_cos.o)
                0x08003be8                cosf
 .text.sinf     0x08003c78       0x94 c:/program files (x86)/gnu tools arm embedded/6 2017-q1-update/bin/../lib/gcc/arm-none-eabi/6.3.1/../../../../arm-none-eabi/lib/thumb/v7e-m/fpv4-sp/hard\libm.a(lib_a-sf_sin.o)
                0x08003c78                sinf
 .text.sqrtf    0x08003d0c       0xac c:/program files (x86)/gnu tools arm embedded/6 2017-q1-update/bin/../lib/gcc/arm-none-eabi/6.3.1/../../../../arm-none-eabi/lib/thumb/v7e-m/fpv4-sp/hard\libm.a(lib_a-wf_sqrt.o)
                0x08003d0c                sqrtf
 .text.__ieee754_rem_pio2f
                0x08003db8      0x290 c:/program files (x86)/gnu tools arm embedded/6 2017-q1-update/bin/../lib/gcc/arm-none-eabi/6.3.1/../../../../arm-none-eabi/lib/thumb/v7e-m/fpv4-sp/hard\libm.a(lib_a-ef_rem_pio2.o)
                0x08003db8                __ieee754_rem_pio2f
 .text.__ieee754_sqrtf
                0x08004048       0xa0 c:/program files (x86)/gnu tools arm embedded/6 2017-q1-update/bin/../lib/gcc/arm-none-eabi/6.3.1/../../../../arm-none-eabi/lib/thumb/v7e-m/fpv4-sp/hard\libm.a(lib_a-ef_sqrt.o)
                0x08004048                __ieee754_sqrtf
 .text.__kernel_cosf
                0x080040e8      0x104 c:/program files (x86)/gnu tools arm embedded/6 2017-q1-update/bin/../lib/gcc/arm-none-eabi/6.3.1/../../../../arm-none-eabi/lib/thumb/v7e-m/fpv4-sp/hard\libm.a(lib_a-kf_cos.o)
                0x080040e8                __kernel_cosf
 .text.__kernel_rem_pio2f
                0x080041ec      0x690 c:/program files (x86)/gnu tools arm embedded/6 2017-q1-update/bin/../lib/gcc/arm-none-eabi/6.3.1/../../../../arm-none-eabi/lib/thumb/v7e-m/fpv4-sp/hard\libm.a(lib_a-kf_rem_pio2.o)
                0x080041ec                __kernel_rem_pio2f
 .text.__kernel_sinf
                0x0800487c       0x90 c:/program files (x86)/gnu tools arm embedded/6 2017-q1-update/bin/../lib/gcc/arm-none-eabi/6.3.1/../../../../arm-none-eabi/lib/thumb/v7e-m/fpv4-sp/hard\libm.a(lib_a-kf_sin.o)
                0x0800487c                __kernel_sinf
 .text.matherr  0x0800490c        0x4 c:/program files (x86)/gnu tools arm embedded/6 2017-q1-update/bin/../lib/gcc/arm-none-eabi/6.3.1/../../../../arm-none-eabi/lib/thumb/v7e-m/fpv4-sp/hard\libm.a(lib_a-s_matherr.o)
                0x0800490c                matherr
 .text.fabsf    0x08004910       0x10 c:/program files (x86)/gnu tools arm embedded/6 2017-q1-update/bin/../lib/gcc/arm-none-eabi/6.3.1/../../../../arm-none-eabi/lib/thumb/v7e-m/fpv4-sp/hard\libm.a(lib_a-sf_fabs.o)
                0x08004910                fabsf
 .text.floorf   0x08004920       0x90 c:/program files (x86)/gnu tools arm embedded/6 2017-q1-update/bin/../lib/gcc/arm-none-eabi/6.3.1/../../../../arm-none-eabi/lib/thumb/v7e-m/fpv4-sp/hard\libm.a(lib_a-sf_floor.o)
                0x08004920                floorf
 .text.scalbnf  0x080049b0       0xd0 c:/program files (x86)/gnu tools arm embedded/6 2017-q1-update/bin/../lib/gcc/arm-none-eabi/6.3.1/../../../../arm-none-eabi/lib/thumb/v7e-m/fpv4-sp/hard\libm.a(lib_a-sf_scalbn.o)
                0x080049b0                scalbnf
 .text.copysignf
                0x08004a80       0x18 c:/program files (x86)/gnu tools arm embedded/6 2017-q1-update/bin/../lib/gcc/arm-none-eabi/6.3.1/../../../../arm-none-eabi/lib/thumb/v7e-m/fpv4-sp/hard\libm.a(lib_a-sf_copysign.o)
                0x08004a80                copysignf
 .text          0x08004a98      0x370 c:/program files (x86)/gnu tools arm embedded/6 2017-q1-update/bin/../lib/gcc/arm-none-eabi/6.3.1/thumb/v7e-m/fpv4-sp/hard\libgcc.a(_arm_addsubdf3.o)
                0x08004a98                __aeabi_drsub
                0x08004aa0                __aeabi_dsub
                0x08004aa0                __subdf3
                0x08004aa4                __aeabi_dadd
                0x08004aa4                __adddf3
                0x08004d1c                __floatunsidf
                0x08004d1c                __aeabi_ui2d
                0x08004d3c                __floatsidf
                0x08004d3c                __aeabi_i2d
                0x08004d60                __aeabi_f2d
                0x08004d60                __extendsfdf2
                0x08004d9c                __floatundidf
                0x08004d9c                __aeabi_ul2d
                0x08004dac                __floatdidf
                0x08004dac                __aeabi_l2d
 .text          0x08004e08      0x424 c:/program files (x86)/gnu tools arm embedded/6 2017-q1-update/bin/../lib/gcc/arm-none-eabi/6.3.1/thumb/v7e-m/fpv4-sp/hard\libgcc.a(_arm_muldivdf3.o)
                0x08004e08                __aeabi_dmul
                0x08004e08                __muldf3
                0x0800505c                __divdf3
                0x0800505c                __aeabi_ddiv
 .text          0x0800522c       0xa0 c:/program files (x86)/gnu tools arm embedded/6 2017-q1-update/bin/../lib/gcc/arm-none-eabi/6.3.1/thumb/v7e-m/fpv4-sp/hard\libgcc.a(_arm_truncdfsf2.o)
                0x0800522c                __truncdfsf2
                0x0800522c                __aeabi_d2f
 .text.__errno  0x080052cc        0xc c:/program files (x86)/gnu tools arm embedded/6 2017-q1-update/bin/../lib/gcc/arm-none-eabi/6.3.1/../../../../arm-none-eabi/lib/thumb/v7e-m/fpv4-sp/hard\libc.a(lib_a-errno.o)
                0x080052cc                __errno
 .text          0x080052d8      0x134 c:/program files (x86)/gnu tools arm embedded/6 2017-q1-update/bin/../lib/gcc/arm-none-eabi/6.3.1/../../../../arm-none-eabi/lib/thumb/v7e-m/fpv4-sp/hard\libc.a(lib_a-memcpy.o)
                0x080052d8                memcpy
 .text.memset   0x0800540c       0x9c c:/program files (x86)/gnu tools arm embedded/6 2017-q1-update/bin/../lib/gcc/arm-none-eabi/6.3.1/../../../../arm-none-eabi/lib/thumb/v7e-m/fpv4-sp/hard\libc.a(lib_a-memset.o)
                0x0800540c                memset
 .text.startup.register_fini
                0x080054a8       0x14 c:/program files (x86)/gnu tools arm embedded/6 2017-q1-update/bin/../lib/gcc/arm-none-eabi/6.3.1/../../../../arm-none-eabi/lib/thumb/v7e-m/fpv4-sp/hard\libc.a(lib_a-__call_atexit.o)
 .text.atexit   0x080054bc        0xc c:/program files (x86)/gnu tools arm embedded/6 2017-q1-update/bin/../lib/gcc/arm-none-eabi/6.3.1/../../../../arm-none-eabi/lib/thumb/v7e-m/fpv4-sp/hard\libc.a(lib_a-atexit.o)
                0x080054bc                atexit
 .text.__libc_fini_array
                0x080054c8       0x34 c:/program files (x86)/gnu tools arm embedded/6 2017-q1-update/bin/../lib/gcc/arm-none-eabi/6.3.1/../../../../arm-none-eabi/lib/thumb/v7e-m/fpv4-sp/hard\libc.a(lib_a-fini.o)
                0x080054c8                __libc_fini_array
 .text.__retarget_lock_acquire_recursive
                0x080054fc        0x4 c:/program files (x86)/gnu tools arm embedded/6 2017-q1-update/bin/../lib/gcc/arm-none-eabi/6.3.1/../../../../arm-none-eabi/lib/thumb/v7e-m/fpv4-sp/hard\libc.a(lib_a-lock.o)
                0x080054fc                __retarget_lock_acquire_recursive
 .text.__retarget_lock_release_recursive
                0x08005500        0x4 c:/program files (x86)/gnu tools arm embedded/6 2017-q1-update/bin/../lib/gcc/arm-none-eabi/6.3.1/../../../../arm-none-eabi/lib/thumb/v7e-m/fpv4-sp/hard\libc.a(lib_a-lock.o)
                0x08005500                __retarget_lock_release_recursive
 .text.__register_exitproc
                0x08005504       0xc4 c:/program files (x86)/gnu tools arm embedded/6 2017-q1-update/bin/../lib/gcc/arm-none-eabi/6.3.1/../../../../arm-none-eabi/lib/thumb/v7e-m/fpv4-sp/hard\libc.a(lib_a-__atexit.o)
                0x08005504                __register_exitproc
 *(.init)
 .init          0x080055c8        0x4 c:/program files (x86)/gnu tools arm embedded/6 2017-q1-update/bin/../lib/gcc/arm-none-eabi/6.3.1/thumb/v7e-m/fpv4-sp/hard/crti.o
                0x080055c8                _init
 .init          0x080055cc        0x8 c:/program files (x86)/gnu tools arm embedded/6 2017-q1-update/bin/../lib/gcc/arm-none-eabi/6.3.1/thumb/v7e-m/fpv4-sp/hard/crtn.o
 *(.fini)
 .fini          0x080055d4        0x4 c:/program files (x86)/gnu tools arm embedded/6 2017-q1-update/bin/../lib/gcc/arm-none-eabi/6.3.1/thumb/v7e-m/fpv4-sp/hard/crti.o
                0x080055d4                _fini
 .fini          0x080055d8        0x8 c:/program files (x86)/gnu tools arm embedded/6 2017-q1-update/bin/../lib/gcc/arm-none-eabi/6.3.1/thumb/v7e-m/fpv4-sp/hard/crtn.o
 *crtbegin.o(.ctors)
 *crtbegin?.o(.ctors)
 *(EXCLUDE_FILE(*crtend.o *crtend?.o) .ctors)
 *(SORT(.ctors.*))
 *(.ctors)
 *crtbegin.o(.dtors)
 *crtbegin?.o(.dtors)
 *(EXCLUDE_FILE(*crtend.o *crtend?.o) .dtors)
 *(SORT(.dtors.*))
 *(.dtors)
 *(.rodata*)
 .rodata        0x080055e0        0x8 ..\obj\mbutils.o
 .rodata        0x080055e8      0x200 ..\obj\mbcrc.o
 .rodata        0x080057e8       0xb0 ..\obj\encoder.o
 .rodata.sqrtf.str1.4
                0x08005898        0x8 c:/program files (x86)/gnu tools arm embedded/6 2017-q1-update/bin/../lib/gcc/arm-none-eabi/6.3.1/../../../../arm-none-eabi/lib/thumb/v7e-m/fpv4-sp/hard\libm.a(lib_a-wf_sqrt.o)
                                  0x6 (size before relaxing)
 .rodata.npio2_hw
                0x080058a0       0x80 c:/program files (x86)/gnu tools arm embedded/6 2017-q1-update/bin/../lib/gcc/arm-none-eabi/6.3.1/../../../../arm-none-eabi/lib/thumb/v7e-m/fpv4-sp/hard\libm.a(lib_a-ef_rem_pio2.o)
 .rodata.two_over_pi
                0x08005920      0x318 c:/program files (x86)/gnu tools arm embedded/6 2017-q1-update/bin/../lib/gcc/arm-none-eabi/6.3.1/../../../../arm-none-eabi/lib/thumb/v7e-m/fpv4-sp/hard\libm.a(lib_a-ef_rem_pio2.o)
 .rodata.PIo2   0x08005c38       0x2c c:/program files (x86)/gnu tools arm embedded/6 2017-q1-update/bin/../lib/gcc/arm-none-eabi/6.3.1/../../../../arm-none-eabi/lib/thumb/v7e-m/fpv4-sp/hard\libm.a(lib_a-kf_rem_pio2.o)
 .rodata.init_jk
                0x08005c64        0xc c:/program files (x86)/gnu tools arm embedded/6 2017-q1-update/bin/../lib/gcc/arm-none-eabi/6.3.1/../../../../arm-none-eabi/lib/thumb/v7e-m/fpv4-sp/hard\libm.a(lib_a-kf_rem_pio2.o)
 .rodata._global_impure_ptr
                0x08005c70        0x4 c:/program files (x86)/gnu tools arm embedded/6 2017-q1-update/bin/../lib/gcc/arm-none-eabi/6.3.1/../../../../arm-none-eabi/lib/thumb/v7e-m/fpv4-sp/hard\libc.a(lib_a-impure.o)
                0x08005c70                _global_impure_ptr
 *(.eh_fram e*)

.eh_frame       0x08005c74        0x0
 .eh_frame      0x08005c74        0x0 c:/program files (x86)/gnu tools arm embedded/6 2017-q1-update/bin/../lib/gcc/arm-none-eabi/6.3.1/thumb/v7e-m/fpv4-sp/hard/crtbegin.o

.glue_7         0x08005c74        0x0
 .glue_7        0x08005c74        0x0 linker stubs

.glue_7t        0x08005c74        0x0
 .glue_7t       0x08005c74        0x0 linker stubs

.vfp11_veneer   0x08005c74        0x0
 .vfp11_veneer  0x08005c74        0x0 linker stubs

.v4_bx          0x08005c74        0x0
 .v4_bx         0x08005c74        0x0 linker stubs

.iplt           0x08005c74        0x0
 .iplt          0x08005c74        0x0 c:/program files (x86)/gnu tools arm embedded/6 2017-q1-update/bin/../lib/gcc/arm-none-eabi/6.3.1/thumb/v7e-m/fpv4-sp/hard/crtbegin.o

.rel.dyn        0x08005c74        0x0
 .rel.iplt      0x08005c74        0x0 c:/program files (x86)/gnu tools arm embedded/6 2017-q1-update/bin/../lib/gcc/arm-none-eabi/6.3.1/thumb/v7e-m/fpv4-sp/hard/crtbegin.o

.ARM.extab
 *(.ARM.extab* .gnu.linkonce.armextab.*)
                0x08005c74                __exidx_start = .

.ARM.exidx
 *(.ARM.exidx* .gnu.linkonce.armexidx.*)
                0x08005c74                __exidx_end = .
                0x08005c74                __etext = .
                0x08005c74                _sidata = __etext

.data           0x20000000      0x4f4 load address 0x08005c74
                0x20000000                __data_start__ = .
                0x20000000                _sdata = __data_start__
 *(vtable)
 *(.data*)
 .data          0x20000000       0x84 ..\obj\mb.o
 .data          0x20000084       0x10 ..\obj\stm32f4xx_rcc.o
 .data          0x20000094        0x4 ..\obj\encoder.o
 .data          0x20000098       0x14 ..\obj\system_stm32f4xx.o
                0x20000098                SystemCoreClock
                0x2000009c                AHBPrescTable
 .data.__fdlib_version
                0x200000ac        0x1 c:/program files (x86)/gnu tools arm embedded/6 2017-q1-update/bin/../lib/gcc/arm-none-eabi/6.3.1/../../../../arm-none-eabi/lib/thumb/v7e-m/fpv4-sp/hard\libm.a(lib_a-s_lib_ver.o)
                0x200000ac                __fdlib_version
 *fill*         0x200000ad        0x3 
 .data._impure_ptr
                0x200000b0        0x4 c:/program files (x86)/gnu tools arm embedded/6 2017-q1-update/bin/../lib/gcc/arm-none-eabi/6.3.1/../../../../arm-none-eabi/lib/thumb/v7e-m/fpv4-sp/hard\libc.a(lib_a-impure.o)
                0x200000b0                _impure_ptr
 *fill*         0x200000b4        0x4 
 .data.impure_data
                0x200000b8      0x428 c:/program files (x86)/gnu tools arm embedded/6 2017-q1-update/bin/../lib/gcc/arm-none-eabi/6.3.1/../../../../arm-none-eabi/lib/thumb/v7e-m/fpv4-sp/hard\libc.a(lib_a-impure.o)
 .data.__atexit_recursive_mutex
                0x200004e0        0x4 c:/program files (x86)/gnu tools arm embedded/6 2017-q1-update/bin/../lib/gcc/arm-none-eabi/6.3.1/../../../../arm-none-eabi/lib/thumb/v7e-m/fpv4-sp/hard\libc.a(lib_a-__call_atexit.o)
                0x200004e0                __atexit_recursive_mutex
                0x200004e4                . = ALIGN (0x4)
                0x200004e4                PROVIDE (__preinit_array_start, .)
 *(.preinit_array)
                0x200004e4                PROVIDE (__preinit_array_end, .)
                0x200004e4                . = ALIGN (0x4)
                0x200004e4                PROVIDE (__init_array_start, .)
 *(SORT(.init_array.*))
 .init_array.00000
                0x200004e4        0x4 c:/program files (x86)/gnu tools arm embedded/6 2017-q1-update/bin/../lib/gcc/arm-none-eabi/6.3.1/../../../../arm-none-eabi/lib/thumb/v7e-m/fpv4-sp/hard\libc.a(lib_a-__call_atexit.o)
 *(.init_array)
 .init_array    0x200004e8        0x4 c:/program files (x86)/gnu tools arm embedded/6 2017-q1-update/bin/../lib/gcc/arm-none-eabi/6.3.1/thumb/v7e-m/fpv4-sp/hard/crtbegin.o
                0x200004ec                PROVIDE (__init_array_end, .)
                0x200004ec                . = ALIGN (0x4)
                0x200004ec                PROVIDE (__fini_array_start, .)
 *(SORT(.fini_array.*))
 *(.fini_array)
 .fini_array    0x200004ec        0x4 c:/program files (x86)/gnu tools arm embedded/6 2017-q1-update/bin/../lib/gcc/arm-none-eabi/6.3.1/thumb/v7e-m/fpv4-sp/hard/crtbegin.o
                0x200004f0                PROVIDE (__fini_array_end, .)
 *(.jcr*)
 .jcr           0x200004f0        0x0 c:/program files (x86)/gnu tools arm embedded/6 2017-q1-update/bin/../lib/gcc/arm-none-eabi/6.3.1/thumb/v7e-m/fpv4-sp/hard/crtbegin.o
 .jcr           0x200004f0        0x4 c:/program files (x86)/gnu tools arm embedded/6 2017-q1-update/bin/../lib/gcc/arm-none-eabi/6.3.1/thumb/v7e-m/fpv4-sp/hard/crtend.o
                0x200004f4                . = ALIGN (0x4)
                0x200004f4                __data_end__ = .
                0x200004f4                _edata = __data_end__

.igot.plt       0x200004f4        0x0 load address 0x08006168
 .igot.plt      0x200004f4        0x0 c:/program files (x86)/gnu tools arm embedded/6 2017-q1-update/bin/../lib/gcc/arm-none-eabi/6.3.1/thumb/v7e-m/fpv4-sp/hard/crtbegin.o

.bss            0x200004f4     0xc514 load address 0x08006168
                0x200004f4                . = ALIGN (0x4)
                0x200004f4                __bss_start__ = .
                0x200004f4                _sbss = __bss_start__
 *(.bss*)
 .bss           0x200004f4       0x1c c:/program files (x86)/gnu tools arm embedded/6 2017-q1-update/bin/../lib/gcc/arm-none-eabi/6.3.1/thumb/v7e-m/fpv4-sp/hard/crtbegin.o
 .bss           0x20000510       0x23 ..\obj\mb.o
 .bss           0x20000533        0x2 ..\obj\portevent.o
 *fill*         0x20000535        0x1 
 .bss           0x20000536       0x22 ..\obj\mbfuncother.o
 .bss           0x20000558       0x64 ..\obj\main.o
 .bss           0x200005bc      0x12c ..\obj\foc.o
 .bss           0x200006e8     0x8012 ..\obj\encoder.o
                0x200006e8                sanyo_uvw
                0x200086f4                uwTIM10PulseLength
                0x200086f8                tim8_overflow
 *fill*         0x200086fa        0x2 
 .bss           0x200086fc        0xb ..\obj\mbrtu.o
 *fill*         0x20008707        0x1 
 .bss           0x20008708     0x4000 ..\obj\svpwm.o
 .bss           0x2000c708        0xd ..\obj\mbascii.o
 *(COMMON)
 *fill*         0x2000c715        0x3 
 COMMON         0x2000c718       0x14 ..\obj\mb.o
                0x2000c718                pxMBFrameCBTransmitterEmpty
                0x2000c71c                pxMBPortCBTimerExpired
                0x2000c720                pxMBFrameCBByteReceived
                0x2000c724                pxMBFrameCBTransmitFSMCur
                0x2000c728                pxMBFrameCBReceiveFSMCur
 COMMON         0x2000c72c      0x118 ..\obj\main.o
                0x2000c72c                stFoc
 COMMON         0x2000c844       0xa0 ..\obj\foc.o
                0x2000c844                pidPos
                0x2000c878                sp_speed
                0x2000c87c                pv_speed
                0x2000c880                vel
                0x2000c884                sp_pos
                0x2000c888                Ts
                0x2000c88c                pidSpeed
                0x2000c8c0                ADC_values
                0x2000c8d0                enc_delta
                0x2000c8d2                ai1
                0x2000c8d4                pv_pos
                0x2000c8d8                ai0
                0x2000c8dc                ai0_filtered_value
                0x2000c8e0                sp_counter
 COMMON         0x2000c8e4      0x100 ..\obj\mbrtu.o
                0x2000c8e4                ucRTUBuf
 COMMON         0x2000c9e4       0x21 c:/program files (x86)/gnu tools arm embedded/6 2017-q1-update/bin/../lib/gcc/arm-none-eabi/6.3.1/../../../../arm-none-eabi/lib/thumb/v7e-m/fpv4-sp/hard\libc.a(lib_a-lock.o)
                0x2000c9e4                __lock___atexit_recursive_mutex
                0x2000c9e8                __lock___arc4random_mutex
                0x2000c9ec                __lock___env_recursive_mutex
                0x2000c9f0                __lock___sinit_recursive_mutex
                0x2000c9f4                __lock___malloc_recursive_mutex
                0x2000c9f8                __lock___at_quick_exit_mutex
                0x2000c9fc                __lock___dd_hash_mutex
                0x2000ca00                __lock___tz_mutex
                0x2000ca04                __lock___sfp_recursive_mutex
                0x2000ca08                . = ALIGN (0x4)
 *fill*         0x2000ca05        0x3 
                0x2000ca08                __bss_end__ = .
                0x2000ca08                _ebss = __bss_end__

.heap           0x2000ca08        0x0
                0x2000ca08                __end__ = .
                0x2000ca08                _end = __end__
                0x2000ca08                end = __end__
 *(.heap*)
                0x2000ca08                __HeapLimit = .

.co_stack       0x2000ca08      0x800 load address 0x0801267c
                0x2000ca08                . = ALIGN (0x8)
 *(.co_stack .co_stack.*)
 .co_stack      0x2000ca08      0x800 ..\obj\startup_stm32f4xx.o
                0x2000ca08                pulStack
                0x20020000                __StackTop = (ORIGIN (ram) + LENGTH (ram))
                0x2001f800                __StackLimit = (__StackTop - SIZEOF (.co_stack))
                0x20020000                PROVIDE (__stack, __StackTop)
                0x00000001                ASSERT ((__StackLimit >= __HeapLimit), region ram  overflowed with stack)
LOAD ..\obj\stm32f4xx_syscfg.o
LOAD ..\obj\mb.o
LOAD ..\obj\mbfuncdisc.o
LOAD ..\obj\portevent.o
LOAD ..\obj\mbfuncother.o
LOAD ..\obj\stm32f4xx_usart.o
LOAD ..\obj\stm32f4xx_can.o
LOAD ..\obj\mbutils.o
LOAD ..\obj\stm32f4xx_dac.o
LOAD ..\obj\startup_stm32f4xx.o
LOAD ..\obj\mbfuncholding.o
LOAD ..\obj\main.o
LOAD ..\obj\mbcrc.o
LOAD ..\obj\stm32f4xx_rcc.o
LOAD ..\obj\foc.o
LOAD ..\obj\stm32f4xx_adc.o
LOAD ..\obj\mbfuncinput.o
LOAD ..\obj\encoder.o
LOAD ..\obj\mbfuncdiag.o
LOAD ..\obj\stm32f4xx_gpio.o
LOAD ..\obj\porttimer.o
LOAD ..\obj\mbrtu.o
LOAD ..\obj\system_stm32f4xx.o
LOAD ..\obj\syscalls.o
LOAD ..\obj\stm32f4xx_dma.o
LOAD ..\obj\port.o
LOAD ..\obj\portserial.o
LOAD ..\obj\mbfunccoils.o
LOAD ..\obj\stm32f4xx_exti.o
LOAD ..\obj\misc.o
LOAD ..\obj\svpwm.o
LOAD ..\obj\mbtcp.o
LOAD ..\obj\filter.o
LOAD ..\obj\mbascii.o
LOAD ..\obj\pid.o
LOAD ..\obj\stm32f4xx_tim.o
LOAD c:/program files (x86)/gnu tools arm embedded/6 2017-q1-update/bin/../lib/gcc/arm-none-eabi/6.3.1/../../../../arm-none-eabi/lib/thumb/v7e-m/fpv4-sp/hard\libm.a
LOAD c:/program files (x86)/gnu tools arm embedded/6 2017-q1-update/bin/../lib/gcc/arm-none-eabi/6.3.1/thumb/v7e-m/fpv4-sp/hard\libgcc.a
LOAD c:/program files (x86)/gnu tools arm embedded/6 2017-q1-update/bin/../lib/gcc/arm-none-eabi/6.3.1/../../../../arm-none-eabi/lib/thumb/v7e-m/fpv4-sp/hard\libc.a
START GROUP
LOAD c:/program files (x86)/gnu tools arm embedded/6 2017-q1-update/bin/../lib/gcc/arm-none-eabi/6.3.1/thumb/v7e-m/fpv4-sp/hard\libgcc.a
LOAD c:/program files (x86)/gnu tools arm embedded/6 2017-q1-update/bin/../lib/gcc/arm-none-eabi/6.3.1/../../../../arm-none-eabi/lib/thumb/v7e-m/fpv4-sp/hard\libg.a
LOAD c:/program files (x86)/gnu tools arm embedded/6 2017-q1-update/bin/../lib/gcc/arm-none-eabi/6.3.1/../../../../arm-none-eabi/lib/thumb/v7e-m/fpv4-sp/hard\libc.a
END GROUP
LOAD c:/program files (x86)/gnu tools arm embedded/6 2017-q1-update/bin/../lib/gcc/arm-none-eabi/6.3.1/thumb/v7e-m/fpv4-sp/hard/crtend.o
LOAD c:/program files (x86)/gnu tools arm embedded/6 2017-q1-update/bin/../lib/gcc/arm-none-eabi/6.3.1/thumb/v7e-m/fpv4-sp/hard/crtn.o
OUTPUT(main.elf elf32-littlearm)

.ARM.attributes
                0x00000000       0x30
 .ARM.attributes
                0x00000000       0x22 c:/program files (x86)/gnu tools arm embedded/6 2017-q1-update/bin/../lib/gcc/arm-none-eabi/6.3.1/thumb/v7e-m/fpv4-sp/hard/crti.o
 .ARM.attributes
                0x00000022       0x34 c:/program files (x86)/gnu tools arm embedded/6 2017-q1-update/bin/../lib/gcc/arm-none-eabi/6.3.1/thumb/v7e-m/fpv4-sp/hard/crtbegin.o
 .ARM.attributes
                0x00000056       0x39 ..\obj\stm32f4xx_syscfg.o
 .ARM.attributes
                0x0000008f       0x39 ..\obj\mb.o
 .ARM.attributes
                0x000000c8       0x39 ..\obj\mbfuncdisc.o
 .ARM.attributes
                0x00000101       0x39 ..\obj\portevent.o
 .ARM.attributes
                0x0000013a       0x39 ..\obj\mbfuncother.o
 .ARM.attributes
                0x00000173       0x39 ..\obj\stm32f4xx_usart.o
 .ARM.attributes
                0x000001ac       0x39 ..\obj\mbutils.o
 .ARM.attributes
                0x000001e5       0x39 ..\obj\stm32f4xx_dac.o
 .ARM.attributes
                0x0000021e       0x39 ..\obj\startup_stm32f4xx.o
 .ARM.attributes
                0x00000257       0x39 ..\obj\mbfuncholding.o
 .ARM.attributes
                0x00000290       0x39 ..\obj\main.o
 .ARM.attributes
                0x000002c9       0x39 ..\obj\mbcrc.o
 .ARM.attributes
                0x00000302       0x39 ..\obj\stm32f4xx_rcc.o
 .ARM.attributes
                0x0000033b       0x39 ..\obj\foc.o
 .ARM.attributes
                0x00000374       0x39 ..\obj\stm32f4xx_adc.o
 .ARM.attributes
                0x000003ad       0x39 ..\obj\mbfuncinput.o
 .ARM.attributes
                0x000003e6       0x39 ..\obj\encoder.o
 .ARM.attributes
                0x0000041f       0x39 ..\obj\stm32f4xx_gpio.o
 .ARM.attributes
                0x00000458       0x39 ..\obj\porttimer.o
 .ARM.attributes
                0x00000491       0x39 ..\obj\mbrtu.o
 .ARM.attributes
                0x000004ca       0x39 ..\obj\system_stm32f4xx.o
 .ARM.attributes
                0x00000503       0x39 ..\obj\stm32f4xx_dma.o
 .ARM.attributes
                0x0000053c       0x39 ..\obj\portserial.o
 .ARM.attributes
                0x00000575       0x39 ..\obj\mbfunccoils.o
 .ARM.attributes
                0x000005ae       0x39 ..\obj\stm32f4xx_exti.o
 .ARM.attributes
                0x000005e7       0x39 ..\obj\misc.o
 .ARM.attributes
                0x00000620       0x39 ..\obj\svpwm.o
 .ARM.attributes
                0x00000659       0x39 ..\obj\filter.o
 .ARM.attributes
                0x00000692       0x39 ..\obj\mbascii.o
 .ARM.attributes
                0x000006cb       0x39 ..\obj\pid.o
 .ARM.attributes
                0x00000704       0x39 ..\obj\stm32f4xx_tim.o
 .ARM.attributes
                0x0000073d       0x34 c:/program files (x86)/gnu tools arm embedded/6 2017-q1-update/bin/../lib/gcc/arm-none-eabi/6.3.1/../../../../arm-none-eabi/lib/thumb/v7e-m/fpv4-sp/hard\libm.a(lib_a-sf_cos.o)
 .ARM.attributes
                0x00000771       0x34 c:/program files (x86)/gnu tools arm embedded/6 2017-q1-update/bin/../lib/gcc/arm-none-eabi/6.3.1/../../../../arm-none-eabi/lib/thumb/v7e-m/fpv4-sp/hard\libm.a(lib_a-sf_sin.o)
 .ARM.attributes
                0x000007a5       0x34 c:/program files (x86)/gnu tools arm embedded/6 2017-q1-update/bin/../lib/gcc/arm-none-eabi/6.3.1/../../../../arm-none-eabi/lib/thumb/v7e-m/fpv4-sp/hard\libm.a(lib_a-wf_sqrt.o)
 .ARM.attributes
                0x000007d9       0x34 c:/program files (x86)/gnu tools arm embedded/6 2017-q1-update/bin/../lib/gcc/arm-none-eabi/6.3.1/../../../../arm-none-eabi/lib/thumb/v7e-m/fpv4-sp/hard\libm.a(lib_a-ef_rem_pio2.o)
 .ARM.attributes
                0x0000080d       0x34 c:/program files (x86)/gnu tools arm embedded/6 2017-q1-update/bin/../lib/gcc/arm-none-eabi/6.3.1/../../../../arm-none-eabi/lib/thumb/v7e-m/fpv4-sp/hard\libm.a(lib_a-ef_sqrt.o)
 .ARM.attributes
                0x00000841       0x34 c:/program files (x86)/gnu tools arm embedded/6 2017-q1-update/bin/../lib/gcc/arm-none-eabi/6.3.1/../../../../arm-none-eabi/lib/thumb/v7e-m/fpv4-sp/hard\libm.a(lib_a-kf_cos.o)
 .ARM.attributes
                0x00000875       0x34 c:/program files (x86)/gnu tools arm embedded/6 2017-q1-update/bin/../lib/gcc/arm-none-eabi/6.3.1/../../../../arm-none-eabi/lib/thumb/v7e-m/fpv4-sp/hard\libm.a(lib_a-kf_rem_pio2.o)
 .ARM.attributes
                0x000008a9       0x34 c:/program files (x86)/gnu tools arm embedded/6 2017-q1-update/bin/../lib/gcc/arm-none-eabi/6.3.1/../../../../arm-none-eabi/lib/thumb/v7e-m/fpv4-sp/hard\libm.a(lib_a-kf_sin.o)
 .ARM.attributes
                0x000008dd       0x34 c:/program files (x86)/gnu tools arm embedded/6 2017-q1-update/bin/../lib/gcc/arm-none-eabi/6.3.1/../../../../arm-none-eabi/lib/thumb/v7e-m/fpv4-sp/hard\libm.a(lib_a-s_lib_ver.o)
 .ARM.attributes
                0x00000911       0x34 c:/program files (x86)/gnu tools arm embedded/6 2017-q1-update/bin/../lib/gcc/arm-none-eabi/6.3.1/../../../../arm-none-eabi/lib/thumb/v7e-m/fpv4-sp/hard\libm.a(lib_a-s_matherr.o)
 .ARM.attributes
                0x00000945       0x34 c:/program files (x86)/gnu tools arm embedded/6 2017-q1-update/bin/../lib/gcc/arm-none-eabi/6.3.1/../../../../arm-none-eabi/lib/thumb/v7e-m/fpv4-sp/hard\libm.a(lib_a-sf_fabs.o)
 .ARM.attributes
                0x00000979       0x34 c:/program files (x86)/gnu tools arm embedded/6 2017-q1-update/bin/../lib/gcc/arm-none-eabi/6.3.1/../../../../arm-none-eabi/lib/thumb/v7e-m/fpv4-sp/hard\libm.a(lib_a-sf_floor.o)
 .ARM.attributes
                0x000009ad       0x34 c:/program files (x86)/gnu tools arm embedded/6 2017-q1-update/bin/../lib/gcc/arm-none-eabi/6.3.1/../../../../arm-none-eabi/lib/thumb/v7e-m/fpv4-sp/hard\libm.a(lib_a-sf_scalbn.o)
 .ARM.attributes
                0x000009e1       0x34 c:/program files (x86)/gnu tools arm embedded/6 2017-q1-update/bin/../lib/gcc/arm-none-eabi/6.3.1/../../../../arm-none-eabi/lib/thumb/v7e-m/fpv4-sp/hard\libm.a(lib_a-sf_copysign.o)
 .ARM.attributes
                0x00000a15       0x22 c:/program files (x86)/gnu tools arm embedded/6 2017-q1-update/bin/../lib/gcc/arm-none-eabi/6.3.1/thumb/v7e-m/fpv4-sp/hard\libgcc.a(_arm_addsubdf3.o)
 .ARM.attributes
                0x00000a37       0x22 c:/program files (x86)/gnu tools arm embedded/6 2017-q1-update/bin/../lib/gcc/arm-none-eabi/6.3.1/thumb/v7e-m/fpv4-sp/hard\libgcc.a(_arm_muldivdf3.o)
 .ARM.attributes
                0x00000a59       0x22 c:/program files (x86)/gnu tools arm embedded/6 2017-q1-update/bin/../lib/gcc/arm-none-eabi/6.3.1/thumb/v7e-m/fpv4-sp/hard\libgcc.a(_arm_truncdfsf2.o)
 .ARM.attributes
                0x00000a7b       0x34 c:/program files (x86)/gnu tools arm embedded/6 2017-q1-update/bin/../lib/gcc/arm-none-eabi/6.3.1/../../../../arm-none-eabi/lib/thumb/v7e-m/fpv4-sp/hard\libc.a(lib_a-errno.o)
 .ARM.attributes
                0x00000aaf       0x34 c:/program files (x86)/gnu tools arm embedded/6 2017-q1-update/bin/../lib/gcc/arm-none-eabi/6.3.1/../../../../arm-none-eabi/lib/thumb/v7e-m/fpv4-sp/hard\libc.a(lib_a-impure.o)
 .ARM.attributes
                0x00000ae3       0x20 c:/program files (x86)/gnu tools arm embedded/6 2017-q1-update/bin/../lib/gcc/arm-none-eabi/6.3.1/../../../../arm-none-eabi/lib/thumb/v7e-m/fpv4-sp/hard\libc.a(lib_a-memcpy.o)
 .ARM.attributes
                0x00000b03       0x34 c:/program files (x86)/gnu tools arm embedded/6 2017-q1-update/bin/../lib/gcc/arm-none-eabi/6.3.1/../../../../arm-none-eabi/lib/thumb/v7e-m/fpv4-sp/hard\libc.a(lib_a-memset.o)
 .ARM.attributes
                0x00000b37       0x34 c:/program files (x86)/gnu tools arm embedded/6 2017-q1-update/bin/../lib/gcc/arm-none-eabi/6.3.1/../../../../arm-none-eabi/lib/thumb/v7e-m/fpv4-sp/hard\libc.a(lib_a-__call_atexit.o)
 .ARM.attributes
                0x00000b6b       0x34 c:/program files (x86)/gnu tools arm embedded/6 2017-q1-update/bin/../lib/gcc/arm-none-eabi/6.3.1/../../../../arm-none-eabi/lib/thumb/v7e-m/fpv4-sp/hard\libc.a(lib_a-atexit.o)
 .ARM.attributes
                0x00000b9f       0x34 c:/program files (x86)/gnu tools arm embedded/6 2017-q1-update/bin/../lib/gcc/arm-none-eabi/6.3.1/../../../../arm-none-eabi/lib/thumb/v7e-m/fpv4-sp/hard\libc.a(lib_a-fini.o)
 .ARM.attributes
                0x00000bd3       0x34 c:/program files (x86)/gnu tools arm embedded/6 2017-q1-update/bin/../lib/gcc/arm-none-eabi/6.3.1/../../../../arm-none-eabi/lib/thumb/v7e-m/fpv4-sp/hard\libc.a(lib_a-lock.o)
 .ARM.attributes
                0x00000c07       0x34 c:/program files (x86)/gnu tools arm embedded/6 2017-q1-update/bin/../lib/gcc/arm-none-eabi/6.3.1/../../../../arm-none-eabi/lib/thumb/v7e-m/fpv4-sp/hard\libc.a(lib_a-__atexit.o)
 .ARM.attributes
                0x00000c3b       0x34 c:/program files (x86)/gnu tools arm embedded/6 2017-q1-update/bin/../lib/gcc/arm-none-eabi/6.3.1/thumb/v7e-m/fpv4-sp/hard/crtend.o
 .ARM.attributes
                0x00000c6f       0x22 c:/program files (x86)/gnu tools arm embedded/6 2017-q1-update/bin/../lib/gcc/arm-none-eabi/6.3.1/thumb/v7e-m/fpv4-sp/hard/crtn.o

.comment        0x00000000       0x7f
 .comment       0x00000000       0x7f ..\obj\stm32f4xx_syscfg.o
                                 0x80 (size before relaxing)
 .comment       0x0000007f       0x80 ..\obj\mb.o
 .comment       0x0000007f       0x80 ..\obj\mbfuncdisc.o
 .comment       0x0000007f       0x80 ..\obj\portevent.o
 .comment       0x0000007f       0x80 ..\obj\mbfuncother.o
 .comment       0x0000007f       0x80 ..\obj\stm32f4xx_usart.o
 .comment       0x0000007f       0x80 ..\obj\mbutils.o
 .comment       0x0000007f       0x80 ..\obj\stm32f4xx_dac.o
 .comment       0x0000007f       0x80 ..\obj\startup_stm32f4xx.o
 .comment       0x0000007f       0x80 ..\obj\mbfuncholding.o
 .comment       0x0000007f       0x80 ..\obj\main.o
 .comment       0x0000007f       0x80 ..\obj\mbcrc.o
 .comment       0x0000007f       0x80 ..\obj\stm32f4xx_rcc.o
 .comment       0x0000007f       0x80 ..\obj\foc.o
 .comment       0x0000007f       0x80 ..\obj\stm32f4xx_adc.o
 .comment       0x0000007f       0x80 ..\obj\mbfuncinput.o
 .comment       0x0000007f       0x80 ..\obj\encoder.o
 .comment       0x0000007f       0x80 ..\obj\stm32f4xx_gpio.o
 .comment       0x0000007f       0x80 ..\obj\porttimer.o
 .comment       0x0000007f       0x80 ..\obj\mbrtu.o
 .comment       0x0000007f       0x80 ..\obj\system_stm32f4xx.o
 .comment       0x0000007f       0x80 ..\obj\stm32f4xx_dma.o
 .comment       0x0000007f       0x80 ..\obj\portserial.o
 .comment       0x0000007f       0x80 ..\obj\mbfunccoils.o
 .comment       0x0000007f       0x80 ..\obj\stm32f4xx_exti.o
 .comment       0x0000007f       0x80 ..\obj\misc.o
 .comment       0x0000007f       0x80 ..\obj\svpwm.o
 .comment       0x0000007f       0x80 ..\obj\filter.o
 .comment       0x0000007f       0x80 ..\obj\mbascii.o
 .comment       0x0000007f       0x80 ..\obj\pid.o
 .comment       0x0000007f       0x80 ..\obj\stm32f4xx_tim.o

.debug_info     0x00000000    0x16b9c
 .debug_info    0x00000000      0x2c1 ..\obj\stm32f4xx_syscfg.o
 .debug_info    0x000002c1      0xf3d ..\obj\mb.o
 .debug_info    0x000011fe      0xad5 ..\obj\mbfuncdisc.o
 .debug_info    0x00001cd3      0x1d9 ..\obj\portevent.o
 .debug_info    0x00001eac      0xb35 ..\obj\mbfuncother.o
 .debug_info    0x000029e1      0xaaf ..\obj\stm32f4xx_usart.o
 .debug_info    0x00003490      0xb56 ..\obj\mbutils.o
 .debug_info    0x00003fe6      0x68e ..\obj\stm32f4xx_dac.o
 .debug_info    0x00004674      0x121 ..\obj\startup_stm32f4xx.o
 .debug_info    0x00004795      0xd1a ..\obj\mbfuncholding.o
 .debug_info    0x000054af     0x105f ..\obj\main.o
 .debug_info    0x0000650e      0x191 ..\obj\mbcrc.o
 .debug_info    0x0000669f      0xca3 ..\obj\stm32f4xx_rcc.o
 .debug_info    0x00007342     0x1db4 ..\obj\foc.o
 .debug_info    0x000090f6      0xc7e ..\obj\stm32f4xx_adc.o
 .debug_info    0x00009d74      0xac6 ..\obj\mbfuncinput.o
 .debug_info    0x0000a83a     0x173c ..\obj\encoder.o
 .debug_info    0x0000bf76      0x712 ..\obj\stm32f4xx_gpio.o
 .debug_info    0x0000c688      0x836 ..\obj\porttimer.o
 .debug_info    0x0000cebe      0xf30 ..\obj\mbrtu.o
 .debug_info    0x0000ddee      0x5e9 ..\obj\system_stm32f4xx.o
 .debug_info    0x0000e3d7      0x732 ..\obj\stm32f4xx_dma.o
 .debug_info    0x0000eb09      0xca1 ..\obj\portserial.o
 .debug_info    0x0000f7aa      0xc54 ..\obj\mbfunccoils.o
 .debug_info    0x000103fe      0x365 ..\obj\stm32f4xx_exti.o
 .debug_info    0x00010763      0x54d ..\obj\misc.o
 .debug_info    0x00010cb0     0x2037 ..\obj\svpwm.o
 .debug_info    0x00012ce7      0x15e ..\obj\filter.o
 .debug_info    0x00012e45     0x111e ..\obj\mbascii.o
 .debug_info    0x00013f63      0xc2c ..\obj\pid.o
 .debug_info    0x00014b8f     0x200d ..\obj\stm32f4xx_tim.o

.debug_abbrev   0x00000000     0x42a5
 .debug_abbrev  0x00000000      0x173 ..\obj\stm32f4xx_syscfg.o
 .debug_abbrev  0x00000173      0x2f7 ..\obj\mb.o
 .debug_abbrev  0x0000046a      0x238 ..\obj\mbfuncdisc.o
 .debug_abbrev  0x000006a2       0xeb ..\obj\portevent.o
 .debug_abbrev  0x0000078d      0x222 ..\obj\mbfuncother.o
 .debug_abbrev  0x000009af      0x1d8 ..\obj\stm32f4xx_usart.o
 .debug_abbrev  0x00000b87      0x225 ..\obj\mbutils.o
 .debug_abbrev  0x00000dac      0x231 ..\obj\stm32f4xx_dac.o
 .debug_abbrev  0x00000fdd       0xeb ..\obj\startup_stm32f4xx.o
 .debug_abbrev  0x000010c8      0x238 ..\obj\mbfuncholding.o
 .debug_abbrev  0x00001300      0x2db ..\obj\main.o
 .debug_abbrev  0x000015db       0xc9 ..\obj\mbcrc.o
 .debug_abbrev  0x000016a4      0x21c ..\obj\stm32f4xx_rcc.o
 .debug_abbrev  0x000018c0      0x3fc ..\obj\foc.o
 .debug_abbrev  0x00001cbc      0x205 ..\obj\stm32f4xx_adc.o
 .debug_abbrev  0x00001ec1      0x238 ..\obj\mbfuncinput.o
 .debug_abbrev  0x000020f9      0x315 ..\obj\encoder.o
 .debug_abbrev  0x0000240e      0x1ff ..\obj\stm32f4xx_gpio.o
 .debug_abbrev  0x0000260d      0x1be ..\obj\porttimer.o
 .debug_abbrev  0x000027cb      0x2c1 ..\obj\mbrtu.o
 .debug_abbrev  0x00002a8c      0x17b ..\obj\system_stm32f4xx.o
 .debug_abbrev  0x00002c07      0x1af ..\obj\stm32f4xx_dma.o
 .debug_abbrev  0x00002db6      0x210 ..\obj\portserial.o
 .debug_abbrev  0x00002fc6      0x252 ..\obj\mbfunccoils.o
 .debug_abbrev  0x00003218      0x206 ..\obj\stm32f4xx_exti.o
 .debug_abbrev  0x0000341e      0x17f ..\obj\misc.o
 .debug_abbrev  0x0000359d      0x388 ..\obj\svpwm.o
 .debug_abbrev  0x00003925       0xd7 ..\obj\filter.o
 .debug_abbrev  0x000039fc      0x352 ..\obj\mbascii.o
 .debug_abbrev  0x00003d4e      0x292 ..\obj\pid.o
 .debug_abbrev  0x00003fe0      0x2c5 ..\obj\stm32f4xx_tim.o

.debug_loc      0x00000000     0x7544
 .debug_loc     0x00000000       0x97 ..\obj\stm32f4xx_syscfg.o
 .debug_loc     0x00000097      0x299 ..\obj\mb.o
 .debug_loc     0x00000330      0x183 ..\obj\mbfuncdisc.o
 .debug_loc     0x000004b3       0x6e ..\obj\portevent.o
 .debug_loc     0x00000521      0x124 ..\obj\mbfuncother.o
 .debug_loc     0x00000645      0x7d5 ..\obj\stm32f4xx_usart.o
 .debug_loc     0x00000e1a      0x3d2 ..\obj\mbutils.o
 .debug_loc     0x000011ec      0x3cd ..\obj\stm32f4xx_dac.o
 .debug_loc     0x000015b9       0x2b ..\obj\startup_stm32f4xx.o
 .debug_loc     0x000015e4      0x73d ..\obj\mbfuncholding.o
 .debug_loc     0x00001d21      0x2f2 ..\obj\main.o
 .debug_loc     0x00002013       0xb5 ..\obj\mbcrc.o
 .debug_loc     0x000020c8      0x9c7 ..\obj\stm32f4xx_rcc.o
 .debug_loc     0x00002a8f      0x183 ..\obj\foc.o
 .debug_loc     0x00002c12      0x9fe ..\obj\stm32f4xx_adc.o
 .debug_loc     0x00003610      0x170 ..\obj\mbfuncinput.o
 .debug_loc     0x00003780      0x30e ..\obj\encoder.o
 .debug_loc     0x00003a8e      0x30c ..\obj\stm32f4xx_gpio.o
 .debug_loc     0x00003d9a       0x21 ..\obj\porttimer.o
 .debug_loc     0x00003dbb      0x2e7 ..\obj\mbrtu.o
 .debug_loc     0x000040a2      0x10b ..\obj\system_stm32f4xx.o
 .debug_loc     0x000041ad      0x415 ..\obj\stm32f4xx_dma.o
 .debug_loc     0x000045c2      0x123 ..\obj\portserial.o
 .debug_loc     0x000046e5      0x400 ..\obj\mbfunccoils.o
 .debug_loc     0x00004ae5      0x188 ..\obj\stm32f4xx_exti.o
 .debug_loc     0x00004c6d      0x15c ..\obj\misc.o
 .debug_loc     0x00004dc9      0x7b1 ..\obj\svpwm.o
 .debug_loc     0x0000557a      0x10b ..\obj\filter.o
 .debug_loc     0x00005685      0x411 ..\obj\mbascii.o
 .debug_loc     0x00005a96      0x1be ..\obj\pid.o
 .debug_loc     0x00005c54     0x18f0 ..\obj\stm32f4xx_tim.o

.debug_aranges  0x00000000      0xed8
 .debug_aranges
                0x00000000       0x48 ..\obj\stm32f4xx_syscfg.o
 .debug_aranges
                0x00000048       0x48 ..\obj\mb.o
 .debug_aranges
                0x00000090       0x20 ..\obj\mbfuncdisc.o
 .debug_aranges
                0x000000b0       0x30 ..\obj\portevent.o
 .debug_aranges
                0x000000e0       0x28 ..\obj\mbfuncother.o
 .debug_aranges
                0x00000108      0x100 ..\obj\stm32f4xx_usart.o
 .debug_aranges
                0x00000208       0x30 ..\obj\mbutils.o
 .debug_aranges
                0x00000238       0x90 ..\obj\stm32f4xx_dac.o
 .debug_aranges
                0x000002c8       0x28 ..\obj\startup_stm32f4xx.o
 .debug_aranges
                0x000002f0       0x38 ..\obj\mbfuncholding.o
 .debug_aranges
                0x00000328       0x40 ..\obj\main.o
 .debug_aranges
                0x00000368       0x20 ..\obj\mbcrc.o
 .debug_aranges
                0x00000388      0x178 ..\obj\stm32f4xx_rcc.o
 .debug_aranges
                0x00000500       0x80 ..\obj\foc.o
 .debug_aranges
                0x00000580      0x140 ..\obj\stm32f4xx_adc.o
 .debug_aranges
                0x000006c0       0x20 ..\obj\mbfuncinput.o
 .debug_aranges
                0x000006e0       0xc0 ..\obj\encoder.o
 .debug_aranges
                0x000007a0       0x88 ..\obj\stm32f4xx_gpio.o
 .debug_aranges
                0x00000828       0x38 ..\obj\porttimer.o
 .debug_aranges
                0x00000860       0x58 ..\obj\mbrtu.o
 .debug_aranges
                0x000008b8       0x28 ..\obj\system_stm32f4xx.o
 .debug_aranges
                0x000008e0       0xa8 ..\obj\stm32f4xx_dma.o
 .debug_aranges
                0x00000988       0x40 ..\obj\portserial.o
 .debug_aranges
                0x000009c8       0x30 ..\obj\mbfunccoils.o
 .debug_aranges
                0x000009f8       0x50 ..\obj\stm32f4xx_exti.o
 .debug_aranges
                0x00000a48       0x40 ..\obj\misc.o
 .debug_aranges
                0x00000a88       0xa8 ..\obj\svpwm.o
 .debug_aranges
                0x00000b30       0x28 ..\obj\filter.o
 .debug_aranges
                0x00000b58       0x58 ..\obj\mbascii.o
 .debug_aranges
                0x00000bb0       0x50 ..\obj\pid.o
 .debug_aranges
                0x00000c00      0x2d8 ..\obj\stm32f4xx_tim.o

.debug_ranges   0x00000000      0xe60
 .debug_ranges  0x00000000       0x38 ..\obj\stm32f4xx_syscfg.o
 .debug_ranges  0x00000038       0x38 ..\obj\mb.o
 .debug_ranges  0x00000070       0x10 ..\obj\mbfuncdisc.o
 .debug_ranges  0x00000080       0x20 ..\obj\portevent.o
 .debug_ranges  0x000000a0       0x18 ..\obj\mbfuncother.o
 .debug_ranges  0x000000b8       0xf0 ..\obj\stm32f4xx_usart.o
 .debug_ranges  0x000001a8       0x20 ..\obj\mbutils.o
 .debug_ranges  0x000001c8       0x80 ..\obj\stm32f4xx_dac.o
 .debug_ranges  0x00000248       0x18 ..\obj\startup_stm32f4xx.o
 .debug_ranges  0x00000260       0x28 ..\obj\mbfuncholding.o
 .debug_ranges  0x00000288       0x98 ..\obj\main.o
 .debug_ranges  0x00000320       0x10 ..\obj\mbcrc.o
 .debug_ranges  0x00000330      0x168 ..\obj\stm32f4xx_rcc.o
 .debug_ranges  0x00000498       0x88 ..\obj\foc.o
 .debug_ranges  0x00000520      0x130 ..\obj\stm32f4xx_adc.o
 .debug_ranges  0x00000650       0x10 ..\obj\mbfuncinput.o
 .debug_ranges  0x00000660       0xd8 ..\obj\encoder.o
 .debug_ranges  0x00000738       0x78 ..\obj\stm32f4xx_gpio.o
 .debug_ranges  0x000007b0       0x28 ..\obj\porttimer.o
 .debug_ranges  0x000007d8       0x48 ..\obj\mbrtu.o
 .debug_ranges  0x00000820       0x30 ..\obj\system_stm32f4xx.o
 .debug_ranges  0x00000850       0x98 ..\obj\stm32f4xx_dma.o
 .debug_ranges  0x000008e8       0x48 ..\obj\portserial.o
 .debug_ranges  0x00000930       0x20 ..\obj\mbfunccoils.o
 .debug_ranges  0x00000950       0x40 ..\obj\stm32f4xx_exti.o
 .debug_ranges  0x00000990       0x30 ..\obj\misc.o
 .debug_ranges  0x000009c0       0xc0 ..\obj\svpwm.o
 .debug_ranges  0x00000a80       0x18 ..\obj\filter.o
 .debug_ranges  0x00000a98       0x88 ..\obj\mbascii.o
 .debug_ranges  0x00000b20       0x40 ..\obj\pid.o
 .debug_ranges  0x00000b60      0x300 ..\obj\stm32f4xx_tim.o

.debug_line     0x00000000     0x8926
 .debug_line    0x00000000      0x307 ..\obj\stm32f4xx_syscfg.o
 .debug_line    0x00000307      0x5ac ..\obj\mb.o
 .debug_line    0x000008b3      0x423 ..\obj\mbfuncdisc.o
 .debug_line    0x00000cd6      0x2b1 ..\obj\portevent.o
 .debug_line    0x00000f87      0x410 ..\obj\mbfuncother.o
 .debug_line    0x00001397      0x580 ..\obj\stm32f4xx_usart.o
 .debug_line    0x00001917      0x42e ..\obj\mbutils.o
 .debug_line    0x00001d45      0x3e5 ..\obj\stm32f4xx_dac.o
 .debug_line    0x0000212a       0xbb ..\obj\startup_stm32f4xx.o
 .debug_line    0x000021e5      0x4cb ..\obj\mbfuncholding.o
 .debug_line    0x000026b0      0x548 ..\obj\main.o
 .debug_line    0x00002bf8      0x281 ..\obj\mbcrc.o
 .debug_line    0x00002e79      0x62e ..\obj\stm32f4xx_rcc.o
 .debug_line    0x000034a7      0x62b ..\obj\foc.o
 .debug_line    0x00003ad2      0x603 ..\obj\stm32f4xx_adc.o
 .debug_line    0x000040d5      0x415 ..\obj\mbfuncinput.o
 .debug_line    0x000044ea      0x5ce ..\obj\encoder.o
 .debug_line    0x00004ab8      0x3f7 ..\obj\stm32f4xx_gpio.o
 .debug_line    0x00004eaf      0x377 ..\obj\porttimer.o
 .debug_line    0x00005226      0x528 ..\obj\mbrtu.o
 .debug_line    0x0000574e      0x23f ..\obj\system_stm32f4xx.o
 .debug_line    0x0000598d      0x494 ..\obj\stm32f4xx_dma.o
 .debug_line    0x00005e21      0x3e2 ..\obj\portserial.o
 .debug_line    0x00006203      0x497 ..\obj\mbfunccoils.o
 .debug_line    0x0000669a      0x337 ..\obj\stm32f4xx_exti.o
 .debug_line    0x000069d1      0x2ef ..\obj\misc.o
 .debug_line    0x00006cc0      0x68a ..\obj\svpwm.o
 .debug_line    0x0000734a      0x246 ..\obj\filter.o
 .debug_line    0x00007590      0x59d ..\obj\mbascii.o
 .debug_line    0x00007b2d      0x278 ..\obj\pid.o
 .debug_line    0x00007da5      0xb81 ..\obj\stm32f4xx_tim.o

.debug_str      0x00000000     0x555f
 .debug_str     0x00000000      0x2fc ..\obj\stm32f4xx_syscfg.o
                                0x35a (size before relaxing)
 .debug_str     0x000002fc      0x8b7 ..\obj\mb.o
                                0xaa3 (size before relaxing)
 .debug_str     0x00000bb3       0xed ..\obj\mbfuncdisc.o
                                0x82e (size before relaxing)
 .debug_str     0x00000ca0       0x86 ..\obj\portevent.o
                                0x2d6 (size before relaxing)
 .debug_str     0x00000d26       0xe2 ..\obj\mbfuncother.o
                                0x832 (size before relaxing)
 .debug_str     0x00000e08      0x51b ..\obj\stm32f4xx_usart.o
                                0x71e (size before relaxing)
 .debug_str     0x00001323       0xdf ..\obj\mbutils.o
                                0x836 (size before relaxing)
 .debug_str     0x00001402      0x2b7 ..\obj\stm32f4xx_dac.o
                                0x4b9 (size before relaxing)
 .debug_str     0x000016b9       0xe3 ..\obj\startup_stm32f4xx.o
                                0x19d (size before relaxing)
 .debug_str     0x0000179c      0x181 ..\obj\mbfuncholding.o
                                0x90b (size before relaxing)
 .debug_str     0x0000191d      0x73b ..\obj\main.o
                                0xaab (size before relaxing)
 .debug_str     0x00002058       0x7a ..\obj\mbcrc.o
                                0x22e (size before relaxing)
 .debug_str     0x000020d2      0x5a2 ..\obj\stm32f4xx_rcc.o
                                0x89f (size before relaxing)
 .debug_str     0x00002674      0x33a ..\obj\foc.o
                                0xf18 (size before relaxing)
 .debug_str     0x000029ae      0x5ac ..\obj\stm32f4xx_adc.o
                                0x86a (size before relaxing)
 .debug_str     0x00002f5a       0x7c ..\obj\mbfuncinput.o
                                0x81f (size before relaxing)
 .debug_str     0x00002fd6      0xa07 ..\obj\encoder.o
                                0xfdb (size before relaxing)
 .debug_str     0x000039dd      0x14a ..\obj\stm32f4xx_gpio.o
                                0x509 (size before relaxing)
 .debug_str     0x00003b27       0xd4 ..\obj\porttimer.o
                                0xa3d (size before relaxing)
 .debug_str     0x00003bfb      0x222 ..\obj\mbrtu.o
                                0x99f (size before relaxing)
 .debug_str     0x00003e1d      0x103 ..\obj\system_stm32f4xx.o
                                0x3e9 (size before relaxing)
 .debug_str     0x00003f20      0x3a0 ..\obj\stm32f4xx_dma.o
                                0x591 (size before relaxing)
 .debug_str     0x000042c0       0xca ..\obj\portserial.o
                                0xcd3 (size before relaxing)
 .debug_str     0x0000438a       0xd9 ..\obj\mbfunccoils.o
                                0x893 (size before relaxing)
 .debug_str     0x00004463       0xda ..\obj\stm32f4xx_exti.o
                                0x3a8 (size before relaxing)
 .debug_str     0x0000453d      0x15c ..\obj\misc.o
                                0x41d (size before relaxing)
 .debug_str     0x00004699      0x424 ..\obj\svpwm.o
                               0x15c5 (size before relaxing)
 .debug_str     0x00004abd       0x6a ..\obj\filter.o
                                0x20f (size before relaxing)
 .debug_str     0x00004b27      0x1ba ..\obj\mbascii.o
                                0xa35 (size before relaxing)
 .debug_str     0x00004ce1      0x10f ..\obj\pid.o
                                0x6be (size before relaxing)
 .debug_str     0x00004df0      0x76f ..\obj\stm32f4xx_tim.o
                                0xe4d (size before relaxing)

.debug_frame    0x00000000     0x27a8
 .debug_frame   0x00000000       0x84 ..\obj\stm32f4xx_syscfg.o
 .debug_frame   0x00000084       0xb8 ..\obj\mb.o
 .debug_frame   0x0000013c       0x38 ..\obj\mbfuncdisc.o
 .debug_frame   0x00000174       0x40 ..\obj\portevent.o
 .debug_frame   0x000001b4       0x48 ..\obj\mbfuncother.o
 .debug_frame   0x000001fc      0x224 ..\obj\stm32f4xx_usart.o
 .debug_frame   0x00000420       0x58 ..\obj\mbutils.o
 .debug_frame   0x00000478      0x150 ..\obj\stm32f4xx_dac.o
 .debug_frame   0x000005c8       0x30 ..\obj\startup_stm32f4xx.o
 .debug_frame   0x000005f8       0xac ..\obj\mbfuncholding.o
 .debug_frame   0x000006a4       0xb4 ..\obj\main.o
 .debug_frame   0x00000758       0x2c ..\obj\mbcrc.o
 .debug_frame   0x00000784      0x2e8 ..\obj\stm32f4xx_rcc.o
 .debug_frame   0x00000a6c      0x15c ..\obj\foc.o
 .debug_frame   0x00000bc8      0x2b4 ..\obj\stm32f4xx_adc.o
 .debug_frame   0x00000e7c       0x38 ..\obj\mbfuncinput.o
 .debug_frame   0x00000eb4      0x244 ..\obj\encoder.o
 .debug_frame   0x000010f8      0x124 ..\obj\stm32f4xx_gpio.o
 .debug_frame   0x0000121c       0x7c ..\obj\porttimer.o
 .debug_frame   0x00001298       0xec ..\obj\mbrtu.o
 .debug_frame   0x00001384       0x44 ..\obj\system_stm32f4xx.o
 .debug_frame   0x000013c8      0x160 ..\obj\stm32f4xx_dma.o
 .debug_frame   0x00001528       0xac ..\obj\portserial.o
 .debug_frame   0x000015d4       0x78 ..\obj\mbfunccoils.o
 .debug_frame   0x0000164c       0x9c ..\obj\stm32f4xx_exti.o
 .debug_frame   0x000016e8       0x68 ..\obj\misc.o
 .debug_frame   0x00001750      0x22c ..\obj\svpwm.o
 .debug_frame   0x0000197c       0x3c ..\obj\filter.o
 .debug_frame   0x000019b8       0xf0 ..\obj\mbascii.o
 .debug_frame   0x00001aa8       0xa0 ..\obj\pid.o
 .debug_frame   0x00001b48      0x6bc ..\obj\stm32f4xx_tim.o
 .debug_frame   0x00002204       0x34 c:/program files (x86)/gnu tools arm embedded/6 2017-q1-update/bin/../lib/gcc/arm-none-eabi/6.3.1/../../../../arm-none-eabi/lib/thumb/v7e-m/fpv4-sp/hard\libm.a(lib_a-sf_cos.o)
 .debug_frame   0x00002238       0x34 c:/program files (x86)/gnu tools arm embedded/6 2017-q1-update/bin/../lib/gcc/arm-none-eabi/6.3.1/../../../../arm-none-eabi/lib/thumb/v7e-m/fpv4-sp/hard\libm.a(lib_a-sf_sin.o)
 .debug_frame   0x0000226c       0x50 c:/program files (x86)/gnu tools arm embedded/6 2017-q1-update/bin/../lib/gcc/arm-none-eabi/6.3.1/../../../../arm-none-eabi/lib/thumb/v7e-m/fpv4-sp/hard\libm.a(lib_a-wf_sqrt.o)
 .debug_frame   0x000022bc       0x3c c:/program files (x86)/gnu tools arm embedded/6 2017-q1-update/bin/../lib/gcc/arm-none-eabi/6.3.1/../../../../arm-none-eabi/lib/thumb/v7e-m/fpv4-sp/hard\libm.a(lib_a-ef_rem_pio2.o)
 .debug_frame   0x000022f8       0x48 c:/program files (x86)/gnu tools arm embedded/6 2017-q1-update/bin/../lib/gcc/arm-none-eabi/6.3.1/../../../../arm-none-eabi/lib/thumb/v7e-m/fpv4-sp/hard\libm.a(lib_a-ef_sqrt.o)
 .debug_frame   0x00002340       0x20 c:/program files (x86)/gnu tools arm embedded/6 2017-q1-update/bin/../lib/gcc/arm-none-eabi/6.3.1/../../../../arm-none-eabi/lib/thumb/v7e-m/fpv4-sp/hard\libm.a(lib_a-kf_cos.o)
 .debug_frame   0x00002360       0x5c c:/program files (x86)/gnu tools arm embedded/6 2017-q1-update/bin/../lib/gcc/arm-none-eabi/6.3.1/../../../../arm-none-eabi/lib/thumb/v7e-m/fpv4-sp/hard\libm.a(lib_a-kf_rem_pio2.o)
 .debug_frame   0x000023bc       0x20 c:/program files (x86)/gnu tools arm embedded/6 2017-q1-update/bin/../lib/gcc/arm-none-eabi/6.3.1/../../../../arm-none-eabi/lib/thumb/v7e-m/fpv4-sp/hard\libm.a(lib_a-kf_sin.o)
 .debug_frame   0x000023dc       0x20 c:/program files (x86)/gnu tools arm embedded/6 2017-q1-update/bin/../lib/gcc/arm-none-eabi/6.3.1/../../../../arm-none-eabi/lib/thumb/v7e-m/fpv4-sp/hard\libm.a(lib_a-s_matherr.o)
 .debug_frame   0x000023fc       0x20 c:/program files (x86)/gnu tools arm embedded/6 2017-q1-update/bin/../lib/gcc/arm-none-eabi/6.3.1/../../../../arm-none-eabi/lib/thumb/v7e-m/fpv4-sp/hard\libm.a(lib_a-sf_fabs.o)
 .debug_frame   0x0000241c       0x20 c:/program files (x86)/gnu tools arm embedded/6 2017-q1-update/bin/../lib/gcc/arm-none-eabi/6.3.1/../../../../arm-none-eabi/lib/thumb/v7e-m/fpv4-sp/hard\libm.a(lib_a-sf_floor.o)
 .debug_frame   0x0000243c       0x44 c:/program files (x86)/gnu tools arm embedded/6 2017-q1-update/bin/../lib/gcc/arm-none-eabi/6.3.1/../../../../arm-none-eabi/lib/thumb/v7e-m/fpv4-sp/hard\libm.a(lib_a-sf_scalbn.o)
 .debug_frame   0x00002480       0x20 c:/program files (x86)/gnu tools arm embedded/6 2017-q1-update/bin/../lib/gcc/arm-none-eabi/6.3.1/../../../../arm-none-eabi/lib/thumb/v7e-m/fpv4-sp/hard\libm.a(lib_a-sf_copysign.o)
 .debug_frame   0x000024a0       0xac c:/program files (x86)/gnu tools arm embedded/6 2017-q1-update/bin/../lib/gcc/arm-none-eabi/6.3.1/thumb/v7e-m/fpv4-sp/hard\libgcc.a(_arm_addsubdf3.o)
 .debug_frame   0x0000254c       0x50 c:/program files (x86)/gnu tools arm embedded/6 2017-q1-update/bin/../lib/gcc/arm-none-eabi/6.3.1/thumb/v7e-m/fpv4-sp/hard\libgcc.a(_arm_muldivdf3.o)
 .debug_frame   0x0000259c       0x24 c:/program files (x86)/gnu tools arm embedded/6 2017-q1-update/bin/../lib/gcc/arm-none-eabi/6.3.1/thumb/v7e-m/fpv4-sp/hard\libgcc.a(_arm_truncdfsf2.o)
 .debug_frame   0x000025c0       0x20 c:/program files (x86)/gnu tools arm embedded/6 2017-q1-update/bin/../lib/gcc/arm-none-eabi/6.3.1/../../../../arm-none-eabi/lib/thumb/v7e-m/fpv4-sp/hard\libc.a(lib_a-errno.o)
 .debug_frame   0x000025e0       0x34 c:/program files (x86)/gnu tools arm embedded/6 2017-q1-update/bin/../lib/gcc/arm-none-eabi/6.3.1/../../../../arm-none-eabi/lib/thumb/v7e-m/fpv4-sp/hard\libc.a(lib_a-memset.o)
 .debug_frame   0x00002614       0x5c c:/program files (x86)/gnu tools arm embedded/6 2017-q1-update/bin/../lib/gcc/arm-none-eabi/6.3.1/../../../../arm-none-eabi/lib/thumb/v7e-m/fpv4-sp/hard\libc.a(lib_a-__call_atexit.o)
 .debug_frame   0x00002670       0x20 c:/program files (x86)/gnu tools arm embedded/6 2017-q1-update/bin/../lib/gcc/arm-none-eabi/6.3.1/../../../../arm-none-eabi/lib/thumb/v7e-m/fpv4-sp/hard\libc.a(lib_a-atexit.o)
 .debug_frame   0x00002690       0x34 c:/program files (x86)/gnu tools arm embedded/6 2017-q1-update/bin/../lib/gcc/arm-none-eabi/6.3.1/../../../../arm-none-eabi/lib/thumb/v7e-m/fpv4-sp/hard\libc.a(lib_a-fini.o)
 .debug_frame   0x000026c4       0xb0 c:/program files (x86)/gnu tools arm embedded/6 2017-q1-update/bin/../lib/gcc/arm-none-eabi/6.3.1/../../../../arm-none-eabi/lib/thumb/v7e-m/fpv4-sp/hard\libc.a(lib_a-lock.o)
 .debug_frame   0x00002774       0x34 c:/program files (x86)/gnu tools arm embedded/6 2017-q1-update/bin/../lib/gcc/arm-none-eabi/6.3.1/../../../../arm-none-eabi/lib/thumb/v7e-m/fpv4-sp/hard\libc.a(lib_a-__atexit.o)
